Archive member included to satisfy reference by file (symbol)

c:/program files (x86)/atmel/studio/7.0/toolchain/avr8/avr8-gnu-toolchain/bin/../lib/gcc/avr/4.9.2/../../../../avr/lib/avr35\libm.a(addsf3.o)
                              light_setting_alg.o (__subsf3)
c:/program files (x86)/atmel/studio/7.0/toolchain/avr8/avr8-gnu-toolchain/bin/../lib/gcc/avr/4.9.2/../../../../avr/lib/avr35\libm.a(addsf3x.o)
                              c:/program files (x86)/atmel/studio/7.0/toolchain/avr8/avr8-gnu-toolchain/bin/../lib/gcc/avr/4.9.2/../../../../avr/lib/avr35\libm.a(addsf3.o) (__addsf3x)
c:/program files (x86)/atmel/studio/7.0/toolchain/avr8/avr8-gnu-toolchain/bin/../lib/gcc/avr/4.9.2/../../../../avr/lib/avr35\libm.a(cmpsf2.o)
                              light_setting_alg.o (__ltsf2)
c:/program files (x86)/atmel/studio/7.0/toolchain/avr8/avr8-gnu-toolchain/bin/../lib/gcc/avr/4.9.2/../../../../avr/lib/avr35\libm.a(fixunssfsi.o)
                              light_setting_alg.o (__fixunssfsi)
c:/program files (x86)/atmel/studio/7.0/toolchain/avr8/avr8-gnu-toolchain/bin/../lib/gcc/avr/4.9.2/../../../../avr/lib/avr35\libm.a(floatsisf.o)
                              light_setting_alg.o (__floatunsisf)
c:/program files (x86)/atmel/studio/7.0/toolchain/avr8/avr8-gnu-toolchain/bin/../lib/gcc/avr/4.9.2/../../../../avr/lib/avr35\libm.a(fp_cmp.o)
                              c:/program files (x86)/atmel/studio/7.0/toolchain/avr8/avr8-gnu-toolchain/bin/../lib/gcc/avr/4.9.2/../../../../avr/lib/avr35\libm.a(cmpsf2.o) (__fp_cmp)
c:/program files (x86)/atmel/studio/7.0/toolchain/avr8/avr8-gnu-toolchain/bin/../lib/gcc/avr/4.9.2/../../../../avr/lib/avr35\libm.a(fp_inf.o)
                              c:/program files (x86)/atmel/studio/7.0/toolchain/avr8/avr8-gnu-toolchain/bin/../lib/gcc/avr/4.9.2/../../../../avr/lib/avr35\libm.a(addsf3x.o) (__fp_inf)
c:/program files (x86)/atmel/studio/7.0/toolchain/avr8/avr8-gnu-toolchain/bin/../lib/gcc/avr/4.9.2/../../../../avr/lib/avr35\libm.a(fp_nan.o)
                              c:/program files (x86)/atmel/studio/7.0/toolchain/avr8/avr8-gnu-toolchain/bin/../lib/gcc/avr/4.9.2/../../../../avr/lib/avr35\libm.a(addsf3x.o) (__fp_nan)
c:/program files (x86)/atmel/studio/7.0/toolchain/avr8/avr8-gnu-toolchain/bin/../lib/gcc/avr/4.9.2/../../../../avr/lib/avr35\libm.a(fp_pscA.o)
                              c:/program files (x86)/atmel/studio/7.0/toolchain/avr8/avr8-gnu-toolchain/bin/../lib/gcc/avr/4.9.2/../../../../avr/lib/avr35\libm.a(addsf3x.o) (__fp_pscA)
c:/program files (x86)/atmel/studio/7.0/toolchain/avr8/avr8-gnu-toolchain/bin/../lib/gcc/avr/4.9.2/../../../../avr/lib/avr35\libm.a(fp_pscB.o)
                              c:/program files (x86)/atmel/studio/7.0/toolchain/avr8/avr8-gnu-toolchain/bin/../lib/gcc/avr/4.9.2/../../../../avr/lib/avr35\libm.a(addsf3x.o) (__fp_pscB)
c:/program files (x86)/atmel/studio/7.0/toolchain/avr8/avr8-gnu-toolchain/bin/../lib/gcc/avr/4.9.2/../../../../avr/lib/avr35\libm.a(fp_round.o)
                              c:/program files (x86)/atmel/studio/7.0/toolchain/avr8/avr8-gnu-toolchain/bin/../lib/gcc/avr/4.9.2/../../../../avr/lib/avr35\libm.a(addsf3.o) (__fp_round)
c:/program files (x86)/atmel/studio/7.0/toolchain/avr8/avr8-gnu-toolchain/bin/../lib/gcc/avr/4.9.2/../../../../avr/lib/avr35\libm.a(fp_split3.o)
                              c:/program files (x86)/atmel/studio/7.0/toolchain/avr8/avr8-gnu-toolchain/bin/../lib/gcc/avr/4.9.2/../../../../avr/lib/avr35\libm.a(addsf3x.o) (__fp_split3)
c:/program files (x86)/atmel/studio/7.0/toolchain/avr8/avr8-gnu-toolchain/bin/../lib/gcc/avr/4.9.2/../../../../avr/lib/avr35\libm.a(fp_zero.o)
                              c:/program files (x86)/atmel/studio/7.0/toolchain/avr8/avr8-gnu-toolchain/bin/../lib/gcc/avr/4.9.2/../../../../avr/lib/avr35\libm.a(addsf3x.o) (__fp_zero)
c:/program files (x86)/atmel/studio/7.0/toolchain/avr8/avr8-gnu-toolchain/bin/../lib/gcc/avr/4.9.2/../../../../avr/lib/avr35\libm.a(gesf2.o)
                              light_setting_alg.o (__gtsf2)
c:/program files (x86)/atmel/studio/7.0/toolchain/avr8/avr8-gnu-toolchain/bin/../lib/gcc/avr/4.9.2/../../../../avr/lib/avr35\libm.a(mulsf3.o)
                              light_setting_alg.o (__mulsf3)
c:/program files (x86)/atmel/studio/7.0/toolchain/avr8/avr8-gnu-toolchain/bin/../lib/gcc/avr/4.9.2/../../../../avr/lib/avr35\libm.a(mulsf3x.o)
                              c:/program files (x86)/atmel/studio/7.0/toolchain/avr8/avr8-gnu-toolchain/bin/../lib/gcc/avr/4.9.2/../../../../avr/lib/avr35\libm.a(mulsf3.o) (__mulsf3x)
c:/program files (x86)/atmel/studio/7.0/toolchain/avr8/avr8-gnu-toolchain/bin/../lib/gcc/avr/4.9.2/avr35\libgcc.a(_mulhi3.o)
                              light_setting_alg.o (__mulhi3)
c:/program files (x86)/atmel/studio/7.0/toolchain/avr8/avr8-gnu-toolchain/bin/../lib/gcc/avr/4.9.2/avr35\libgcc.a(_udivmodhi4.o)
                              light_setting_alg.o (__udivmodhi4)
c:/program files (x86)/atmel/studio/7.0/toolchain/avr8/avr8-gnu-toolchain/bin/../lib/gcc/avr/4.9.2/avr35\libgcc.a(_udivmodsi4.o)
                              analog_servo_drv.o (__udivmodsi4)
c:/program files (x86)/atmel/studio/7.0/toolchain/avr8/avr8-gnu-toolchain/bin/../lib/gcc/avr/4.9.2/avr35\libgcc.a(_exit.o)
                              C:/Program Files (x86)/Atmel/Studio/7.0/Packs/atmel/ATautomotive_DFP/1.1.96/gcc/dev/ata6617c/avr35/crtata6617c.o (exit)
c:/program files (x86)/atmel/studio/7.0/toolchain/avr8/avr8-gnu-toolchain/bin/../lib/gcc/avr/4.9.2/avr35\libgcc.a(_copy_data.o)
                              ADC.o (__do_copy_data)
c:/program files (x86)/atmel/studio/7.0/toolchain/avr8/avr8-gnu-toolchain/bin/../lib/gcc/avr/4.9.2/avr35\libgcc.a(_clear_bss.o)
                              analog_servo_drv.o (__do_clear_bss)
c:/program files (x86)/atmel/studio/7.0/toolchain/avr8/avr8-gnu-toolchain/bin/../lib/gcc/avr/4.9.2/avr35\libgcc.a(_mulsidi3.o)
                              light_setting_alg.o (__umulsidi3)
c:/program files (x86)/atmel/studio/7.0/toolchain/avr8/avr8-gnu-toolchain/bin/../lib/gcc/avr/4.9.2/avr35\libgcc.a(_prologue.o)
                              c:/program files (x86)/atmel/studio/7.0/toolchain/avr8/avr8-gnu-toolchain/bin/../lib/gcc/avr/4.9.2/avr35\libgcc.a(_mulsidi3.o) (__prologue_saves__)
c:/program files (x86)/atmel/studio/7.0/toolchain/avr8/avr8-gnu-toolchain/bin/../lib/gcc/avr/4.9.2/avr35\libgcc.a(_epilogue.o)
                              c:/program files (x86)/atmel/studio/7.0/toolchain/avr8/avr8-gnu-toolchain/bin/../lib/gcc/avr/4.9.2/avr35\libgcc.a(_mulsidi3.o) (__epilogue_restores__)
c:/program files (x86)/atmel/studio/7.0/toolchain/avr8/avr8-gnu-toolchain/bin/../lib/gcc/avr/4.9.2/avr35\libgcc.a(_muldi3.o)
                              c:/program files (x86)/atmel/studio/7.0/toolchain/avr8/avr8-gnu-toolchain/bin/../lib/gcc/avr/4.9.2/avr35\libgcc.a(_mulsidi3.o) (__muldi3)

Allocating common symbols
Common symbol       size              file

theta_light_min     0x2               light_setting_alg.o
desired_theta       0x2               light_setting_alg.o
light_range         0x2               light_setting_alg.o
norm2_desired_relative
                    0x2               light_setting_alg.o
theta_light_max     0x2               light_setting_alg.o
v_desired_relative  0x4               light_setting_alg.o
result_settings     0x3               light_setting_alg.o

Discarded input sections

 .data          0x00000000        0x0 C:/Program Files (x86)/Atmel/Studio/7.0/Packs/atmel/ATautomotive_DFP/1.1.96/gcc/dev/ata6617c/avr35/crtata6617c.o
 .bss           0x00000000        0x0 C:/Program Files (x86)/Atmel/Studio/7.0/Packs/atmel/ATautomotive_DFP/1.1.96/gcc/dev/ata6617c/avr35/crtata6617c.o
 .text          0x00000000        0x0 ADC.o
 .data          0x00000000        0x0 ADC.o
 .bss           0x00000000        0x0 ADC.o
 .text.Init_ADC_Module
                0x00000000       0x32 ADC.o
 .text.Get_ADC_Result
                0x00000000        0xa ADC.o
 .text.Start_ADC_Measurement
                0x00000000        0xc ADC.o
 .text          0x00000000        0x0 analog_servo_drv.o
 .data          0x00000000        0x0 analog_servo_drv.o
 .bss           0x00000000        0x0 analog_servo_drv.o
 .text.stop_signal
                0x00000000        0xa analog_servo_drv.o
 .text.Init_Analog_Servo_Driver
                0x00000000       0x32 analog_servo_drv.o
 .text.Move_Analog_Servo_To_Position
                0x00000000       0xe0 analog_servo_drv.o
 .text.Hold_Analog_Servo_Position
                0x00000000       0xe4 analog_servo_drv.o
 .text.Release_Analog_Servo
                0x00000000        0xc analog_servo_drv.o
 .text.Is_Servo_Position_Valid
                0x00000000       0x40 analog_servo_drv.o
 .bss.Move_Timer
                0x00000000        0x4 analog_servo_drv.o
 .text          0x00000000        0x0 CAN.o
 .data          0x00000000        0x0 CAN.o
 .bss           0x00000000        0x0 CAN.o
 .text.CAN_Reset
                0x00000000       0x28 CAN.o
 .text.CAN_Read_RX_Buffer
                0x00000000       0x30 CAN.o
 .text.CAN_Write
                0x00000000       0x36 CAN.o
 .text.CAN_Load_TX_Buffer
                0x00000000       0x44 CAN.o
 .text.CAN_RTS  0x00000000       0x3c CAN.o
 .text.CAN_Read_Status
                0x00000000       0x26 CAN.o
 .text.CAN_RX_Status
                0x00000000       0x26 CAN.o
 .text.MS_CAN_Initialize_1
                0x00000000       0x92 CAN.o
 .text.MS_CAN_Initialize_2
                0x00000000       0x9a CAN.o
 .text.CAN_Send_Message
                0x00000000       0x66 CAN.o
 .bss.TX_Data   0x00000000        0x1 CAN.o
 .text          0x00000000        0x0 cmd_sts_helpers.o
 .data          0x00000000        0x0 cmd_sts_helpers.o
 .bss           0x00000000        0x0 cmd_sts_helpers.o
 .text.Get_Intensity_Data
                0x00000000        0x6 cmd_sts_helpers.o
 .text.Get_Position_Data
                0x00000000        0x8 cmd_sts_helpers.o
 .text.Write_Intensity_Data
                0x00000000        0x6 cmd_sts_helpers.o
 .text.Write_Position_Data
                0x00000000        0x8 cmd_sts_helpers.o
 .text.Get_Pointer_To_Slave_Data
                0x00000000       0x16 cmd_sts_helpers.o
 .debug_info    0x00000000      0x1e6 cmd_sts_helpers.o
 .debug_abbrev  0x00000000       0xce cmd_sts_helpers.o
 .debug_loc     0x00000000       0xda cmd_sts_helpers.o
 .debug_aranges
                0x00000000       0x40 cmd_sts_helpers.o
 .debug_ranges  0x00000000       0x30 cmd_sts_helpers.o
 .debug_line    0x00000000      0x11b cmd_sts_helpers.o
 .debug_str     0x00000000      0x244 cmd_sts_helpers.o
 .comment       0x00000000       0x31 cmd_sts_helpers.o
 .debug_frame   0x00000000       0x64 cmd_sts_helpers.o
 .text          0x00000000        0x0 events.o
 .data          0x00000000        0x0 events.o
 .bss           0x00000000        0x0 events.o
 .text          0x00000000        0x0 framework.o
 .data          0x00000000        0x0 framework.o
 .bss           0x00000000        0x0 framework.o
 .text          0x00000000        0x0 IOC.o
 .data          0x00000000        0x0 IOC.o
 .bss           0x00000000        0x0 IOC.o
 .text          0x00000000        0x0 light_drv.o
 .data          0x00000000        0x0 light_drv.o
 .bss           0x00000000        0x0 light_drv.o
 .text.Set_Light_Intensity
                0x00000000       0x36 light_drv.o
 .debug_info    0x00000000      0x134 light_drv.o
 .debug_abbrev  0x00000000       0xb4 light_drv.o
 .debug_loc     0x00000000       0x77 light_drv.o
 .debug_aranges
                0x00000000       0x20 light_drv.o
 .debug_ranges  0x00000000       0x10 light_drv.o
 .debug_line    0x00000000       0xd4 light_drv.o
 .debug_str     0x00000000      0x1d1 light_drv.o
 .comment       0x00000000       0x31 light_drv.o
 .debug_frame   0x00000000       0x24 light_drv.o
 .text          0x00000000        0x0 light_setting_alg.o
 .data          0x00000000        0x0 light_setting_alg.o
 .bss           0x00000000        0x0 light_setting_alg.o
 .text.compute_cw_angular_distance
                0x00000000       0x28 light_setting_alg.o
 .text.Compute_Individual_Light_Settings
                0x00000000      0x40c light_setting_alg.o
 .debug_info    0x00000000      0x61e light_setting_alg.o
 .debug_abbrev  0x00000000      0x217 light_setting_alg.o
 .debug_loc     0x00000000      0x533 light_setting_alg.o
 .debug_aranges
                0x00000000       0x28 light_setting_alg.o
 .debug_ranges  0x00000000       0x30 light_setting_alg.o
 .debug_line    0x00000000      0x27f light_setting_alg.o
 .debug_str     0x00000000      0x425 light_setting_alg.o
 .comment       0x00000000       0x31 light_setting_alg.o
 .debug_frame   0x00000000       0x84 light_setting_alg.o
 COMMON         0x00000000       0x11 light_setting_alg.o
 .text          0x00000000        0x0 lin_drv.o
 .data          0x00000000        0x0 lin_drv.o
 .bss           0x00000000        0x0 lin_drv.o
 .text.lin_init
                0x00000000       0x54 lin_drv.o
 .text.lin_tx_header
                0x00000000       0x6c lin_drv.o
 .text.lin_rx_response
                0x00000000       0x3a lin_drv.o
 .text.lin_tx_response
                0x00000000       0x62 lin_drv.o
 .text.lin_get_response
                0x00000000       0x2c lin_drv.o
 .debug_info    0x00000000      0x1e4 lin_drv.o
 .debug_abbrev  0x00000000       0xb2 lin_drv.o
 .debug_loc     0x00000000      0x362 lin_drv.o
 .debug_aranges
                0x00000000       0x40 lin_drv.o
 .debug_ranges  0x00000000       0x30 lin_drv.o
 .debug_line    0x00000000      0x23a lin_drv.o
 .debug_str     0x00000000      0x1d2 lin_drv.o
 .comment       0x00000000       0x31 lin_drv.o
 .debug_frame   0x00000000       0x64 lin_drv.o
 .text          0x00000000        0x0 LIN_XCVR_WD_Kicker.o
 .data          0x00000000        0x0 LIN_XCVR_WD_Kicker.o
 .bss           0x00000000        0x0 LIN_XCVR_WD_Kicker.o
 .text          0x00000000        0x0 main.o
 .data          0x00000000        0x0 main.o
 .bss           0x00000000        0x0 main.o
 .text          0x00000000        0x0 master_service.o
 .data          0x00000000        0x0 master_service.o
 .bss           0x00000000        0x0 master_service.o
 .text.ID_schedule_handler
                0x00000000       0x30 master_service.o
 .text.Init_Master_Service
                0x00000000       0x8c master_service.o
 .text.Run_Master_Service
                0x00000000       0x5e master_service.o
 .data.Continue_Init
                0x00000000        0x1 master_service.o
 .data.TX_Data  0x00000000        0x3 master_service.o
 .bss.parity    0x00000000        0x1 master_service.o
 .data.Testing_Timer
                0x00000000        0x4 master_service.o
 .data.Curr_Schedule_ID
                0x00000000        0x1 master_service.o
 .bss.Scheduling_Timer
                0x00000000        0x4 master_service.o
 .bss.My_Status_Data
                0x00000000        0x6 master_service.o
 .bss.My_Command_Data
                0x00000000        0x6 master_service.o
 .bss.My_Node_ID
                0x00000000        0x1 master_service.o
 .text          0x00000000        0x0 ModemService.o
 .data          0x00000000        0x0 ModemService.o
 .bss           0x00000000        0x0 ModemService.o
 .text          0x00000000        0x0 PWM.o
 .data          0x00000000        0x0 PWM.o
 .bss           0x00000000        0x0 PWM.o
 .text.Init_PWM_Module
                0x00000000       0x50 PWM.o
 .text.Set_PWM_Duty_Cycle
                0x00000000       0xaa PWM.o
 .debug_info    0x00000000      0x1c4 PWM.o
 .debug_abbrev  0x00000000      0x157 PWM.o
 .debug_loc     0x00000000      0x16c PWM.o
 .debug_aranges
                0x00000000       0x28 PWM.o
 .debug_ranges  0x00000000       0x18 PWM.o
 .debug_line    0x00000000      0x1ca PWM.o
 .debug_str     0x00000000      0x21b PWM.o
 .comment       0x00000000       0x31 PWM.o
 .debug_frame   0x00000000       0x34 PWM.o
 .text          0x00000000        0x0 slave_parameters.o
 .data          0x00000000        0x0 slave_parameters.o
 .bss           0x00000000        0x0 slave_parameters.o
 .text.Get_Pointer_To_Slave_Parameters
                0x00000000       0x2a slave_parameters.o
 .progmem.data.Slave_Parameters
                0x00000000       0x1e slave_parameters.o
 .debug_info    0x00000000      0x19d slave_parameters.o
 .debug_abbrev  0x00000000       0xc0 slave_parameters.o
 .debug_loc     0x00000000       0x37 slave_parameters.o
 .debug_aranges
                0x00000000       0x20 slave_parameters.o
 .debug_ranges  0x00000000       0x10 slave_parameters.o
 .debug_line    0x00000000       0xd2 slave_parameters.o
 .debug_str     0x00000000      0x241 slave_parameters.o
 .comment       0x00000000       0x31 slave_parameters.o
 .debug_frame   0x00000000       0x24 slave_parameters.o
 .text          0x00000000        0x0 slave_service.o
 .data          0x00000000        0x0 slave_service.o
 .bss           0x00000000        0x0 slave_service.o
 .text.Init_Slave_Service
                0x00000000       0x4e slave_service.o
 .text.Run_Slave_Service
                0x00000000       0xa8 slave_service.o
 .bss.My_Status_Data
                0x00000000        0x3 slave_service.o
 .bss.My_Command_Data
                0x00000000        0x3 slave_service.o
 .bss.My_Node_ID
                0x00000000        0x1 slave_service.o
 .debug_info    0x00000000      0x58a slave_service.o
 .debug_abbrev  0x00000000      0x1f6 slave_service.o
 .debug_loc     0x00000000       0xe6 slave_service.o
 .debug_aranges
                0x00000000       0x28 slave_service.o
 .debug_ranges  0x00000000       0x18 slave_service.o
 .debug_line    0x00000000      0x22e slave_service.o
 .debug_str     0x00000000      0x324 slave_service.o
 .comment       0x00000000       0x31 slave_service.o
 .debug_frame   0x00000000       0x44 slave_service.o
 .text          0x00000000        0x0 SPI.o
 .data          0x00000000        0x0 SPI.o
 .bss           0x00000000        0x0 SPI.o
 .text.Reset_Command_Receive_Buffer
                0x00000000       0x3c SPI.o
 .text.MS_SPI_Initialize
                0x00000000       0x42 SPI.o
 .text.SPI_Start_Command
                0x00000000       0x3a SPI.o
 .text.SPI_End_Command
                0x00000000        0x4 SPI.o
 .text.SPI_Transmit
                0x00000000       0x46 SPI.o
 .text          0x00000000        0x0 SPI_Service.o
 .data          0x00000000        0x0 SPI_Service.o
 .bss           0x00000000        0x0 SPI_Service.o
 .text.Init_SPI_Service
                0x00000000        0x6 SPI_Service.o
 .text.Run_SPI_Service
                0x00000000       0x96 SPI_Service.o
 .text          0x00000000        0x0 timer.o
 .data          0x00000000        0x0 timer.o
 .bss           0x00000000        0x0 timer.o
 .text.Get_Time_Timer
                0x00000000       0x48 timer.o
 .text.Stop_Timer
                0x00000000       0x54 timer.o
 .text.Start_Short_Timer
                0x00000000       0x66 timer.o
 .text          0x00000000        0x0 UART.o
 .data          0x00000000        0x0 UART.o
 .bss           0x00000000        0x0 UART.o
 .text          0x00000000        0x0 UART_Service.o
 .data          0x00000000        0x0 UART_Service.o
 .bss           0x00000000        0x0 UART_Service.o
 .text          0x00000000        0x0 __template.o
 .data          0x00000000        0x0 __template.o
 .bss           0x00000000        0x0 __template.o
 .text.Template_Public_Function
                0x00000000        0x6 __template.o
 .bss.template_var
                0x00000000        0x1 __template.o
 .debug_info    0x00000000       0xb8 __template.o
 .debug_abbrev  0x00000000       0x80 __template.o
 .debug_aranges
                0x00000000       0x20 __template.o
 .debug_ranges  0x00000000       0x10 __template.o
 .debug_line    0x00000000       0xa8 __template.o
 .debug_str     0x00000000      0x1ad __template.o
 .comment       0x00000000       0x31 __template.o
 .debug_frame   0x00000000       0x24 __template.o
 .text          0x00000000        0x0 c:/program files (x86)/atmel/studio/7.0/toolchain/avr8/avr8-gnu-toolchain/bin/../lib/gcc/avr/4.9.2/../../../../avr/lib/avr35\libm.a(addsf3.o)
 .data          0x00000000        0x0 c:/program files (x86)/atmel/studio/7.0/toolchain/avr8/avr8-gnu-toolchain/bin/../lib/gcc/avr/4.9.2/../../../../avr/lib/avr35\libm.a(addsf3.o)
 .bss           0x00000000        0x0 c:/program files (x86)/atmel/studio/7.0/toolchain/avr8/avr8-gnu-toolchain/bin/../lib/gcc/avr/4.9.2/../../../../avr/lib/avr35\libm.a(addsf3.o)
 .text.avr-libc.fplib
                0x00000000        0xe c:/program files (x86)/atmel/studio/7.0/toolchain/avr8/avr8-gnu-toolchain/bin/../lib/gcc/avr/4.9.2/../../../../avr/lib/avr35\libm.a(addsf3.o)
 .text          0x00000000        0x0 c:/program files (x86)/atmel/studio/7.0/toolchain/avr8/avr8-gnu-toolchain/bin/../lib/gcc/avr/4.9.2/../../../../avr/lib/avr35\libm.a(addsf3x.o)
 .data          0x00000000        0x0 c:/program files (x86)/atmel/studio/7.0/toolchain/avr8/avr8-gnu-toolchain/bin/../lib/gcc/avr/4.9.2/../../../../avr/lib/avr35\libm.a(addsf3x.o)
 .bss           0x00000000        0x0 c:/program files (x86)/atmel/studio/7.0/toolchain/avr8/avr8-gnu-toolchain/bin/../lib/gcc/avr/4.9.2/../../../../avr/lib/avr35\libm.a(addsf3x.o)
 .text.avr-libc.fplib
                0x00000000       0xcc c:/program files (x86)/atmel/studio/7.0/toolchain/avr8/avr8-gnu-toolchain/bin/../lib/gcc/avr/4.9.2/../../../../avr/lib/avr35\libm.a(addsf3x.o)
 .text          0x00000000        0x0 c:/program files (x86)/atmel/studio/7.0/toolchain/avr8/avr8-gnu-toolchain/bin/../lib/gcc/avr/4.9.2/../../../../avr/lib/avr35\libm.a(cmpsf2.o)
 .data          0x00000000        0x0 c:/program files (x86)/atmel/studio/7.0/toolchain/avr8/avr8-gnu-toolchain/bin/../lib/gcc/avr/4.9.2/../../../../avr/lib/avr35\libm.a(cmpsf2.o)
 .bss           0x00000000        0x0 c:/program files (x86)/atmel/studio/7.0/toolchain/avr8/avr8-gnu-toolchain/bin/../lib/gcc/avr/4.9.2/../../../../avr/lib/avr35\libm.a(cmpsf2.o)
 .text.avr-libc.fplib
                0x00000000        0xa c:/program files (x86)/atmel/studio/7.0/toolchain/avr8/avr8-gnu-toolchain/bin/../lib/gcc/avr/4.9.2/../../../../avr/lib/avr35\libm.a(cmpsf2.o)
 .text          0x00000000        0x0 c:/program files (x86)/atmel/studio/7.0/toolchain/avr8/avr8-gnu-toolchain/bin/../lib/gcc/avr/4.9.2/../../../../avr/lib/avr35\libm.a(fixunssfsi.o)
 .data          0x00000000        0x0 c:/program files (x86)/atmel/studio/7.0/toolchain/avr8/avr8-gnu-toolchain/bin/../lib/gcc/avr/4.9.2/../../../../avr/lib/avr35\libm.a(fixunssfsi.o)
 .bss           0x00000000        0x0 c:/program files (x86)/atmel/studio/7.0/toolchain/avr8/avr8-gnu-toolchain/bin/../lib/gcc/avr/4.9.2/../../../../avr/lib/avr35\libm.a(fixunssfsi.o)
 .text.avr-libc.fplib
                0x00000000       0x5e c:/program files (x86)/atmel/studio/7.0/toolchain/avr8/avr8-gnu-toolchain/bin/../lib/gcc/avr/4.9.2/../../../../avr/lib/avr35\libm.a(fixunssfsi.o)
 .text          0x00000000        0x0 c:/program files (x86)/atmel/studio/7.0/toolchain/avr8/avr8-gnu-toolchain/bin/../lib/gcc/avr/4.9.2/../../../../avr/lib/avr35\libm.a(floatsisf.o)
 .data          0x00000000        0x0 c:/program files (x86)/atmel/studio/7.0/toolchain/avr8/avr8-gnu-toolchain/bin/../lib/gcc/avr/4.9.2/../../../../avr/lib/avr35\libm.a(floatsisf.o)
 .bss           0x00000000        0x0 c:/program files (x86)/atmel/studio/7.0/toolchain/avr8/avr8-gnu-toolchain/bin/../lib/gcc/avr/4.9.2/../../../../avr/lib/avr35\libm.a(floatsisf.o)
 .text.avr-libc.fplib
                0x00000000       0x7a c:/program files (x86)/atmel/studio/7.0/toolchain/avr8/avr8-gnu-toolchain/bin/../lib/gcc/avr/4.9.2/../../../../avr/lib/avr35\libm.a(floatsisf.o)
 .text          0x00000000        0x0 c:/program files (x86)/atmel/studio/7.0/toolchain/avr8/avr8-gnu-toolchain/bin/../lib/gcc/avr/4.9.2/../../../../avr/lib/avr35\libm.a(fp_cmp.o)
 .data          0x00000000        0x0 c:/program files (x86)/atmel/studio/7.0/toolchain/avr8/avr8-gnu-toolchain/bin/../lib/gcc/avr/4.9.2/../../../../avr/lib/avr35\libm.a(fp_cmp.o)
 .bss           0x00000000        0x0 c:/program files (x86)/atmel/studio/7.0/toolchain/avr8/avr8-gnu-toolchain/bin/../lib/gcc/avr/4.9.2/../../../../avr/lib/avr35\libm.a(fp_cmp.o)
 .text.avr-libc.fplib
                0x00000000       0x48 c:/program files (x86)/atmel/studio/7.0/toolchain/avr8/avr8-gnu-toolchain/bin/../lib/gcc/avr/4.9.2/../../../../avr/lib/avr35\libm.a(fp_cmp.o)
 .text          0x00000000        0x0 c:/program files (x86)/atmel/studio/7.0/toolchain/avr8/avr8-gnu-toolchain/bin/../lib/gcc/avr/4.9.2/../../../../avr/lib/avr35\libm.a(fp_inf.o)
 .data          0x00000000        0x0 c:/program files (x86)/atmel/studio/7.0/toolchain/avr8/avr8-gnu-toolchain/bin/../lib/gcc/avr/4.9.2/../../../../avr/lib/avr35\libm.a(fp_inf.o)
 .bss           0x00000000        0x0 c:/program files (x86)/atmel/studio/7.0/toolchain/avr8/avr8-gnu-toolchain/bin/../lib/gcc/avr/4.9.2/../../../../avr/lib/avr35\libm.a(fp_inf.o)
 .text.avr-libc.fplib
                0x00000000        0xc c:/program files (x86)/atmel/studio/7.0/toolchain/avr8/avr8-gnu-toolchain/bin/../lib/gcc/avr/4.9.2/../../../../avr/lib/avr35\libm.a(fp_inf.o)
 .text          0x00000000        0x0 c:/program files (x86)/atmel/studio/7.0/toolchain/avr8/avr8-gnu-toolchain/bin/../lib/gcc/avr/4.9.2/../../../../avr/lib/avr35\libm.a(fp_nan.o)
 .data          0x00000000        0x0 c:/program files (x86)/atmel/studio/7.0/toolchain/avr8/avr8-gnu-toolchain/bin/../lib/gcc/avr/4.9.2/../../../../avr/lib/avr35\libm.a(fp_nan.o)
 .bss           0x00000000        0x0 c:/program files (x86)/atmel/studio/7.0/toolchain/avr8/avr8-gnu-toolchain/bin/../lib/gcc/avr/4.9.2/../../../../avr/lib/avr35\libm.a(fp_nan.o)
 .text.avr-libc.fplib
                0x00000000        0x6 c:/program files (x86)/atmel/studio/7.0/toolchain/avr8/avr8-gnu-toolchain/bin/../lib/gcc/avr/4.9.2/../../../../avr/lib/avr35\libm.a(fp_nan.o)
 .text          0x00000000        0x0 c:/program files (x86)/atmel/studio/7.0/toolchain/avr8/avr8-gnu-toolchain/bin/../lib/gcc/avr/4.9.2/../../../../avr/lib/avr35\libm.a(fp_pscA.o)
 .data          0x00000000        0x0 c:/program files (x86)/atmel/studio/7.0/toolchain/avr8/avr8-gnu-toolchain/bin/../lib/gcc/avr/4.9.2/../../../../avr/lib/avr35\libm.a(fp_pscA.o)
 .bss           0x00000000        0x0 c:/program files (x86)/atmel/studio/7.0/toolchain/avr8/avr8-gnu-toolchain/bin/../lib/gcc/avr/4.9.2/../../../../avr/lib/avr35\libm.a(fp_pscA.o)
 .text.avr-libc.fplib
                0x00000000        0xe c:/program files (x86)/atmel/studio/7.0/toolchain/avr8/avr8-gnu-toolchain/bin/../lib/gcc/avr/4.9.2/../../../../avr/lib/avr35\libm.a(fp_pscA.o)
 .text          0x00000000        0x0 c:/program files (x86)/atmel/studio/7.0/toolchain/avr8/avr8-gnu-toolchain/bin/../lib/gcc/avr/4.9.2/../../../../avr/lib/avr35\libm.a(fp_pscB.o)
 .data          0x00000000        0x0 c:/program files (x86)/atmel/studio/7.0/toolchain/avr8/avr8-gnu-toolchain/bin/../lib/gcc/avr/4.9.2/../../../../avr/lib/avr35\libm.a(fp_pscB.o)
 .bss           0x00000000        0x0 c:/program files (x86)/atmel/studio/7.0/toolchain/avr8/avr8-gnu-toolchain/bin/../lib/gcc/avr/4.9.2/../../../../avr/lib/avr35\libm.a(fp_pscB.o)
 .text.avr-libc.fplib
                0x00000000        0xe c:/program files (x86)/atmel/studio/7.0/toolchain/avr8/avr8-gnu-toolchain/bin/../lib/gcc/avr/4.9.2/../../../../avr/lib/avr35\libm.a(fp_pscB.o)
 .text          0x00000000        0x0 c:/program files (x86)/atmel/studio/7.0/toolchain/avr8/avr8-gnu-toolchain/bin/../lib/gcc/avr/4.9.2/../../../../avr/lib/avr35\libm.a(fp_round.o)
 .data          0x00000000        0x0 c:/program files (x86)/atmel/studio/7.0/toolchain/avr8/avr8-gnu-toolchain/bin/../lib/gcc/avr/4.9.2/../../../../avr/lib/avr35\libm.a(fp_round.o)
 .bss           0x00000000        0x0 c:/program files (x86)/atmel/studio/7.0/toolchain/avr8/avr8-gnu-toolchain/bin/../lib/gcc/avr/4.9.2/../../../../avr/lib/avr35\libm.a(fp_round.o)
 .text.avr-libc.fplib
                0x00000000       0x22 c:/program files (x86)/atmel/studio/7.0/toolchain/avr8/avr8-gnu-toolchain/bin/../lib/gcc/avr/4.9.2/../../../../avr/lib/avr35\libm.a(fp_round.o)
 .text          0x00000000        0x0 c:/program files (x86)/atmel/studio/7.0/toolchain/avr8/avr8-gnu-toolchain/bin/../lib/gcc/avr/4.9.2/../../../../avr/lib/avr35\libm.a(fp_split3.o)
 .data          0x00000000        0x0 c:/program files (x86)/atmel/studio/7.0/toolchain/avr8/avr8-gnu-toolchain/bin/../lib/gcc/avr/4.9.2/../../../../avr/lib/avr35\libm.a(fp_split3.o)
 .bss           0x00000000        0x0 c:/program files (x86)/atmel/studio/7.0/toolchain/avr8/avr8-gnu-toolchain/bin/../lib/gcc/avr/4.9.2/../../../../avr/lib/avr35\libm.a(fp_split3.o)
 .text.avr-libc.fplib
                0x00000000       0x44 c:/program files (x86)/atmel/studio/7.0/toolchain/avr8/avr8-gnu-toolchain/bin/../lib/gcc/avr/4.9.2/../../../../avr/lib/avr35\libm.a(fp_split3.o)
 .text          0x00000000        0x0 c:/program files (x86)/atmel/studio/7.0/toolchain/avr8/avr8-gnu-toolchain/bin/../lib/gcc/avr/4.9.2/../../../../avr/lib/avr35\libm.a(fp_zero.o)
 .data          0x00000000        0x0 c:/program files (x86)/atmel/studio/7.0/toolchain/avr8/avr8-gnu-toolchain/bin/../lib/gcc/avr/4.9.2/../../../../avr/lib/avr35\libm.a(fp_zero.o)
 .bss           0x00000000        0x0 c:/program files (x86)/atmel/studio/7.0/toolchain/avr8/avr8-gnu-toolchain/bin/../lib/gcc/avr/4.9.2/../../../../avr/lib/avr35\libm.a(fp_zero.o)
 .text.avr-libc.fplib
                0x00000000        0xe c:/program files (x86)/atmel/studio/7.0/toolchain/avr8/avr8-gnu-toolchain/bin/../lib/gcc/avr/4.9.2/../../../../avr/lib/avr35\libm.a(fp_zero.o)
 .text          0x00000000        0x0 c:/program files (x86)/atmel/studio/7.0/toolchain/avr8/avr8-gnu-toolchain/bin/../lib/gcc/avr/4.9.2/../../../../avr/lib/avr35\libm.a(gesf2.o)
 .data          0x00000000        0x0 c:/program files (x86)/atmel/studio/7.0/toolchain/avr8/avr8-gnu-toolchain/bin/../lib/gcc/avr/4.9.2/../../../../avr/lib/avr35\libm.a(gesf2.o)
 .bss           0x00000000        0x0 c:/program files (x86)/atmel/studio/7.0/toolchain/avr8/avr8-gnu-toolchain/bin/../lib/gcc/avr/4.9.2/../../../../avr/lib/avr35\libm.a(gesf2.o)
 .text.avr-libc.fplib
                0x00000000        0xa c:/program files (x86)/atmel/studio/7.0/toolchain/avr8/avr8-gnu-toolchain/bin/../lib/gcc/avr/4.9.2/../../../../avr/lib/avr35\libm.a(gesf2.o)
 .text          0x00000000        0x0 c:/program files (x86)/atmel/studio/7.0/toolchain/avr8/avr8-gnu-toolchain/bin/../lib/gcc/avr/4.9.2/../../../../avr/lib/avr35\libm.a(mulsf3.o)
 .data          0x00000000        0x0 c:/program files (x86)/atmel/studio/7.0/toolchain/avr8/avr8-gnu-toolchain/bin/../lib/gcc/avr/4.9.2/../../../../avr/lib/avr35\libm.a(mulsf3.o)
 .bss           0x00000000        0x0 c:/program files (x86)/atmel/studio/7.0/toolchain/avr8/avr8-gnu-toolchain/bin/../lib/gcc/avr/4.9.2/../../../../avr/lib/avr35\libm.a(mulsf3.o)
 .text.avr-libc.fplib
                0x00000000        0x8 c:/program files (x86)/atmel/studio/7.0/toolchain/avr8/avr8-gnu-toolchain/bin/../lib/gcc/avr/4.9.2/../../../../avr/lib/avr35\libm.a(mulsf3.o)
 .text          0x00000000        0x0 c:/program files (x86)/atmel/studio/7.0/toolchain/avr8/avr8-gnu-toolchain/bin/../lib/gcc/avr/4.9.2/../../../../avr/lib/avr35\libm.a(mulsf3x.o)
 .data          0x00000000        0x0 c:/program files (x86)/atmel/studio/7.0/toolchain/avr8/avr8-gnu-toolchain/bin/../lib/gcc/avr/4.9.2/../../../../avr/lib/avr35\libm.a(mulsf3x.o)
 .bss           0x00000000        0x0 c:/program files (x86)/atmel/studio/7.0/toolchain/avr8/avr8-gnu-toolchain/bin/../lib/gcc/avr/4.9.2/../../../../avr/lib/avr35\libm.a(mulsf3x.o)
 .text.avr-libc.fplib
                0x00000000       0xe2 c:/program files (x86)/atmel/studio/7.0/toolchain/avr8/avr8-gnu-toolchain/bin/../lib/gcc/avr/4.9.2/../../../../avr/lib/avr35\libm.a(mulsf3x.o)
 .text          0x00000000        0x0 c:/program files (x86)/atmel/studio/7.0/toolchain/avr8/avr8-gnu-toolchain/bin/../lib/gcc/avr/4.9.2/avr35\libgcc.a(_mulhi3.o)
 .data          0x00000000        0x0 c:/program files (x86)/atmel/studio/7.0/toolchain/avr8/avr8-gnu-toolchain/bin/../lib/gcc/avr/4.9.2/avr35\libgcc.a(_mulhi3.o)
 .bss           0x00000000        0x0 c:/program files (x86)/atmel/studio/7.0/toolchain/avr8/avr8-gnu-toolchain/bin/../lib/gcc/avr/4.9.2/avr35\libgcc.a(_mulhi3.o)
 .text.libgcc.mul
                0x00000000       0x22 c:/program files (x86)/atmel/studio/7.0/toolchain/avr8/avr8-gnu-toolchain/bin/../lib/gcc/avr/4.9.2/avr35\libgcc.a(_mulhi3.o)
 .text.libgcc.div
                0x00000000        0x0 c:/program files (x86)/atmel/studio/7.0/toolchain/avr8/avr8-gnu-toolchain/bin/../lib/gcc/avr/4.9.2/avr35\libgcc.a(_mulhi3.o)
 .text.libgcc   0x00000000        0x0 c:/program files (x86)/atmel/studio/7.0/toolchain/avr8/avr8-gnu-toolchain/bin/../lib/gcc/avr/4.9.2/avr35\libgcc.a(_mulhi3.o)
 .text.libgcc.prologue
                0x00000000        0x0 c:/program files (x86)/atmel/studio/7.0/toolchain/avr8/avr8-gnu-toolchain/bin/../lib/gcc/avr/4.9.2/avr35\libgcc.a(_mulhi3.o)
 .text.libgcc.builtins
                0x00000000        0x0 c:/program files (x86)/atmel/studio/7.0/toolchain/avr8/avr8-gnu-toolchain/bin/../lib/gcc/avr/4.9.2/avr35\libgcc.a(_mulhi3.o)
 .text.libgcc.fmul
                0x00000000        0x0 c:/program files (x86)/atmel/studio/7.0/toolchain/avr8/avr8-gnu-toolchain/bin/../lib/gcc/avr/4.9.2/avr35\libgcc.a(_mulhi3.o)
 .text.libgcc.fixed
                0x00000000        0x0 c:/program files (x86)/atmel/studio/7.0/toolchain/avr8/avr8-gnu-toolchain/bin/../lib/gcc/avr/4.9.2/avr35\libgcc.a(_mulhi3.o)
 .text          0x00000000        0x0 c:/program files (x86)/atmel/studio/7.0/toolchain/avr8/avr8-gnu-toolchain/bin/../lib/gcc/avr/4.9.2/avr35\libgcc.a(_udivmodhi4.o)
 .data          0x00000000        0x0 c:/program files (x86)/atmel/studio/7.0/toolchain/avr8/avr8-gnu-toolchain/bin/../lib/gcc/avr/4.9.2/avr35\libgcc.a(_udivmodhi4.o)
 .bss           0x00000000        0x0 c:/program files (x86)/atmel/studio/7.0/toolchain/avr8/avr8-gnu-toolchain/bin/../lib/gcc/avr/4.9.2/avr35\libgcc.a(_udivmodhi4.o)
 .text.libgcc.mul
                0x00000000        0x0 c:/program files (x86)/atmel/studio/7.0/toolchain/avr8/avr8-gnu-toolchain/bin/../lib/gcc/avr/4.9.2/avr35\libgcc.a(_udivmodhi4.o)
 .text.libgcc.div
                0x00000000       0x28 c:/program files (x86)/atmel/studio/7.0/toolchain/avr8/avr8-gnu-toolchain/bin/../lib/gcc/avr/4.9.2/avr35\libgcc.a(_udivmodhi4.o)
 .text.libgcc   0x00000000        0x0 c:/program files (x86)/atmel/studio/7.0/toolchain/avr8/avr8-gnu-toolchain/bin/../lib/gcc/avr/4.9.2/avr35\libgcc.a(_udivmodhi4.o)
 .text.libgcc.prologue
                0x00000000        0x0 c:/program files (x86)/atmel/studio/7.0/toolchain/avr8/avr8-gnu-toolchain/bin/../lib/gcc/avr/4.9.2/avr35\libgcc.a(_udivmodhi4.o)
 .text.libgcc.builtins
                0x00000000        0x0 c:/program files (x86)/atmel/studio/7.0/toolchain/avr8/avr8-gnu-toolchain/bin/../lib/gcc/avr/4.9.2/avr35\libgcc.a(_udivmodhi4.o)
 .text.libgcc.fmul
                0x00000000        0x0 c:/program files (x86)/atmel/studio/7.0/toolchain/avr8/avr8-gnu-toolchain/bin/../lib/gcc/avr/4.9.2/avr35\libgcc.a(_udivmodhi4.o)
 .text.libgcc.fixed
                0x00000000        0x0 c:/program files (x86)/atmel/studio/7.0/toolchain/avr8/avr8-gnu-toolchain/bin/../lib/gcc/avr/4.9.2/avr35\libgcc.a(_udivmodhi4.o)
 .text          0x00000000        0x0 c:/program files (x86)/atmel/studio/7.0/toolchain/avr8/avr8-gnu-toolchain/bin/../lib/gcc/avr/4.9.2/avr35\libgcc.a(_udivmodsi4.o)
 .data          0x00000000        0x0 c:/program files (x86)/atmel/studio/7.0/toolchain/avr8/avr8-gnu-toolchain/bin/../lib/gcc/avr/4.9.2/avr35\libgcc.a(_udivmodsi4.o)
 .bss           0x00000000        0x0 c:/program files (x86)/atmel/studio/7.0/toolchain/avr8/avr8-gnu-toolchain/bin/../lib/gcc/avr/4.9.2/avr35\libgcc.a(_udivmodsi4.o)
 .text.libgcc.mul
                0x00000000        0x0 c:/program files (x86)/atmel/studio/7.0/toolchain/avr8/avr8-gnu-toolchain/bin/../lib/gcc/avr/4.9.2/avr35\libgcc.a(_udivmodsi4.o)
 .text.libgcc.div
                0x00000000       0x44 c:/program files (x86)/atmel/studio/7.0/toolchain/avr8/avr8-gnu-toolchain/bin/../lib/gcc/avr/4.9.2/avr35\libgcc.a(_udivmodsi4.o)
 .text.libgcc   0x00000000        0x0 c:/program files (x86)/atmel/studio/7.0/toolchain/avr8/avr8-gnu-toolchain/bin/../lib/gcc/avr/4.9.2/avr35\libgcc.a(_udivmodsi4.o)
 .text.libgcc.prologue
                0x00000000        0x0 c:/program files (x86)/atmel/studio/7.0/toolchain/avr8/avr8-gnu-toolchain/bin/../lib/gcc/avr/4.9.2/avr35\libgcc.a(_udivmodsi4.o)
 .text.libgcc.builtins
                0x00000000        0x0 c:/program files (x86)/atmel/studio/7.0/toolchain/avr8/avr8-gnu-toolchain/bin/../lib/gcc/avr/4.9.2/avr35\libgcc.a(_udivmodsi4.o)
 .text.libgcc.fmul
                0x00000000        0x0 c:/program files (x86)/atmel/studio/7.0/toolchain/avr8/avr8-gnu-toolchain/bin/../lib/gcc/avr/4.9.2/avr35\libgcc.a(_udivmodsi4.o)
 .text.libgcc.fixed
                0x00000000        0x0 c:/program files (x86)/atmel/studio/7.0/toolchain/avr8/avr8-gnu-toolchain/bin/../lib/gcc/avr/4.9.2/avr35\libgcc.a(_udivmodsi4.o)
 .text          0x00000000        0x0 c:/program files (x86)/atmel/studio/7.0/toolchain/avr8/avr8-gnu-toolchain/bin/../lib/gcc/avr/4.9.2/avr35\libgcc.a(_exit.o)
 .data          0x00000000        0x0 c:/program files (x86)/atmel/studio/7.0/toolchain/avr8/avr8-gnu-toolchain/bin/../lib/gcc/avr/4.9.2/avr35\libgcc.a(_exit.o)
 .bss           0x00000000        0x0 c:/program files (x86)/atmel/studio/7.0/toolchain/avr8/avr8-gnu-toolchain/bin/../lib/gcc/avr/4.9.2/avr35\libgcc.a(_exit.o)
 .text.libgcc.mul
                0x00000000        0x0 c:/program files (x86)/atmel/studio/7.0/toolchain/avr8/avr8-gnu-toolchain/bin/../lib/gcc/avr/4.9.2/avr35\libgcc.a(_exit.o)
 .text.libgcc.div
                0x00000000        0x0 c:/program files (x86)/atmel/studio/7.0/toolchain/avr8/avr8-gnu-toolchain/bin/../lib/gcc/avr/4.9.2/avr35\libgcc.a(_exit.o)
 .text.libgcc   0x00000000        0x0 c:/program files (x86)/atmel/studio/7.0/toolchain/avr8/avr8-gnu-toolchain/bin/../lib/gcc/avr/4.9.2/avr35\libgcc.a(_exit.o)
 .text.libgcc.prologue
                0x00000000        0x0 c:/program files (x86)/atmel/studio/7.0/toolchain/avr8/avr8-gnu-toolchain/bin/../lib/gcc/avr/4.9.2/avr35\libgcc.a(_exit.o)
 .text.libgcc.builtins
                0x00000000        0x0 c:/program files (x86)/atmel/studio/7.0/toolchain/avr8/avr8-gnu-toolchain/bin/../lib/gcc/avr/4.9.2/avr35\libgcc.a(_exit.o)
 .text.libgcc.fmul
                0x00000000        0x0 c:/program files (x86)/atmel/studio/7.0/toolchain/avr8/avr8-gnu-toolchain/bin/../lib/gcc/avr/4.9.2/avr35\libgcc.a(_exit.o)
 .text.libgcc.fixed
                0x00000000        0x0 c:/program files (x86)/atmel/studio/7.0/toolchain/avr8/avr8-gnu-toolchain/bin/../lib/gcc/avr/4.9.2/avr35\libgcc.a(_exit.o)
 .text          0x00000000        0x0 c:/program files (x86)/atmel/studio/7.0/toolchain/avr8/avr8-gnu-toolchain/bin/../lib/gcc/avr/4.9.2/avr35\libgcc.a(_copy_data.o)
 .data          0x00000000        0x0 c:/program files (x86)/atmel/studio/7.0/toolchain/avr8/avr8-gnu-toolchain/bin/../lib/gcc/avr/4.9.2/avr35\libgcc.a(_copy_data.o)
 .bss           0x00000000        0x0 c:/program files (x86)/atmel/studio/7.0/toolchain/avr8/avr8-gnu-toolchain/bin/../lib/gcc/avr/4.9.2/avr35\libgcc.a(_copy_data.o)
 .text.libgcc.mul
                0x00000000        0x0 c:/program files (x86)/atmel/studio/7.0/toolchain/avr8/avr8-gnu-toolchain/bin/../lib/gcc/avr/4.9.2/avr35\libgcc.a(_copy_data.o)
 .text.libgcc.div
                0x00000000        0x0 c:/program files (x86)/atmel/studio/7.0/toolchain/avr8/avr8-gnu-toolchain/bin/../lib/gcc/avr/4.9.2/avr35\libgcc.a(_copy_data.o)
 .text.libgcc   0x00000000        0x0 c:/program files (x86)/atmel/studio/7.0/toolchain/avr8/avr8-gnu-toolchain/bin/../lib/gcc/avr/4.9.2/avr35\libgcc.a(_copy_data.o)
 .text.libgcc.prologue
                0x00000000        0x0 c:/program files (x86)/atmel/studio/7.0/toolchain/avr8/avr8-gnu-toolchain/bin/../lib/gcc/avr/4.9.2/avr35\libgcc.a(_copy_data.o)
 .text.libgcc.builtins
                0x00000000        0x0 c:/program files (x86)/atmel/studio/7.0/toolchain/avr8/avr8-gnu-toolchain/bin/../lib/gcc/avr/4.9.2/avr35\libgcc.a(_copy_data.o)
 .text.libgcc.fmul
                0x00000000        0x0 c:/program files (x86)/atmel/studio/7.0/toolchain/avr8/avr8-gnu-toolchain/bin/../lib/gcc/avr/4.9.2/avr35\libgcc.a(_copy_data.o)
 .text.libgcc.fixed
                0x00000000        0x0 c:/program files (x86)/atmel/studio/7.0/toolchain/avr8/avr8-gnu-toolchain/bin/../lib/gcc/avr/4.9.2/avr35\libgcc.a(_copy_data.o)
 .text          0x00000000        0x0 c:/program files (x86)/atmel/studio/7.0/toolchain/avr8/avr8-gnu-toolchain/bin/../lib/gcc/avr/4.9.2/avr35\libgcc.a(_clear_bss.o)
 .data          0x00000000        0x0 c:/program files (x86)/atmel/studio/7.0/toolchain/avr8/avr8-gnu-toolchain/bin/../lib/gcc/avr/4.9.2/avr35\libgcc.a(_clear_bss.o)
 .bss           0x00000000        0x0 c:/program files (x86)/atmel/studio/7.0/toolchain/avr8/avr8-gnu-toolchain/bin/../lib/gcc/avr/4.9.2/avr35\libgcc.a(_clear_bss.o)
 .text.libgcc.mul
                0x00000000        0x0 c:/program files (x86)/atmel/studio/7.0/toolchain/avr8/avr8-gnu-toolchain/bin/../lib/gcc/avr/4.9.2/avr35\libgcc.a(_clear_bss.o)
 .text.libgcc.div
                0x00000000        0x0 c:/program files (x86)/atmel/studio/7.0/toolchain/avr8/avr8-gnu-toolchain/bin/../lib/gcc/avr/4.9.2/avr35\libgcc.a(_clear_bss.o)
 .text.libgcc   0x00000000        0x0 c:/program files (x86)/atmel/studio/7.0/toolchain/avr8/avr8-gnu-toolchain/bin/../lib/gcc/avr/4.9.2/avr35\libgcc.a(_clear_bss.o)
 .text.libgcc.prologue
                0x00000000        0x0 c:/program files (x86)/atmel/studio/7.0/toolchain/avr8/avr8-gnu-toolchain/bin/../lib/gcc/avr/4.9.2/avr35\libgcc.a(_clear_bss.o)
 .text.libgcc.builtins
                0x00000000        0x0 c:/program files (x86)/atmel/studio/7.0/toolchain/avr8/avr8-gnu-toolchain/bin/../lib/gcc/avr/4.9.2/avr35\libgcc.a(_clear_bss.o)
 .text.libgcc.fmul
                0x00000000        0x0 c:/program files (x86)/atmel/studio/7.0/toolchain/avr8/avr8-gnu-toolchain/bin/../lib/gcc/avr/4.9.2/avr35\libgcc.a(_clear_bss.o)
 .text.libgcc.fixed
                0x00000000        0x0 c:/program files (x86)/atmel/studio/7.0/toolchain/avr8/avr8-gnu-toolchain/bin/../lib/gcc/avr/4.9.2/avr35\libgcc.a(_clear_bss.o)
 .text          0x00000000        0x0 c:/program files (x86)/atmel/studio/7.0/toolchain/avr8/avr8-gnu-toolchain/bin/../lib/gcc/avr/4.9.2/avr35\libgcc.a(_mulsidi3.o)
 .data          0x00000000        0x0 c:/program files (x86)/atmel/studio/7.0/toolchain/avr8/avr8-gnu-toolchain/bin/../lib/gcc/avr/4.9.2/avr35\libgcc.a(_mulsidi3.o)
 .bss           0x00000000        0x0 c:/program files (x86)/atmel/studio/7.0/toolchain/avr8/avr8-gnu-toolchain/bin/../lib/gcc/avr/4.9.2/avr35\libgcc.a(_mulsidi3.o)
 .text.libgcc.mul
                0x00000000       0x40 c:/program files (x86)/atmel/studio/7.0/toolchain/avr8/avr8-gnu-toolchain/bin/../lib/gcc/avr/4.9.2/avr35\libgcc.a(_mulsidi3.o)
 .text.libgcc.div
                0x00000000        0x0 c:/program files (x86)/atmel/studio/7.0/toolchain/avr8/avr8-gnu-toolchain/bin/../lib/gcc/avr/4.9.2/avr35\libgcc.a(_mulsidi3.o)
 .text.libgcc   0x00000000        0x0 c:/program files (x86)/atmel/studio/7.0/toolchain/avr8/avr8-gnu-toolchain/bin/../lib/gcc/avr/4.9.2/avr35\libgcc.a(_mulsidi3.o)
 .text.libgcc.prologue
                0x00000000        0x0 c:/program files (x86)/atmel/studio/7.0/toolchain/avr8/avr8-gnu-toolchain/bin/../lib/gcc/avr/4.9.2/avr35\libgcc.a(_mulsidi3.o)
 .text.libgcc.builtins
                0x00000000        0x0 c:/program files (x86)/atmel/studio/7.0/toolchain/avr8/avr8-gnu-toolchain/bin/../lib/gcc/avr/4.9.2/avr35\libgcc.a(_mulsidi3.o)
 .text.libgcc.fmul
                0x00000000        0x0 c:/program files (x86)/atmel/studio/7.0/toolchain/avr8/avr8-gnu-toolchain/bin/../lib/gcc/avr/4.9.2/avr35\libgcc.a(_mulsidi3.o)
 .text.libgcc.fixed
                0x00000000        0x0 c:/program files (x86)/atmel/studio/7.0/toolchain/avr8/avr8-gnu-toolchain/bin/../lib/gcc/avr/4.9.2/avr35\libgcc.a(_mulsidi3.o)
 .text          0x00000000        0x0 c:/program files (x86)/atmel/studio/7.0/toolchain/avr8/avr8-gnu-toolchain/bin/../lib/gcc/avr/4.9.2/avr35\libgcc.a(_prologue.o)
 .data          0x00000000        0x0 c:/program files (x86)/atmel/studio/7.0/toolchain/avr8/avr8-gnu-toolchain/bin/../lib/gcc/avr/4.9.2/avr35\libgcc.a(_prologue.o)
 .bss           0x00000000        0x0 c:/program files (x86)/atmel/studio/7.0/toolchain/avr8/avr8-gnu-toolchain/bin/../lib/gcc/avr/4.9.2/avr35\libgcc.a(_prologue.o)
 .text.libgcc.mul
                0x00000000        0x0 c:/program files (x86)/atmel/studio/7.0/toolchain/avr8/avr8-gnu-toolchain/bin/../lib/gcc/avr/4.9.2/avr35\libgcc.a(_prologue.o)
 .text.libgcc.div
                0x00000000        0x0 c:/program files (x86)/atmel/studio/7.0/toolchain/avr8/avr8-gnu-toolchain/bin/../lib/gcc/avr/4.9.2/avr35\libgcc.a(_prologue.o)
 .text.libgcc   0x00000000        0x0 c:/program files (x86)/atmel/studio/7.0/toolchain/avr8/avr8-gnu-toolchain/bin/../lib/gcc/avr/4.9.2/avr35\libgcc.a(_prologue.o)
 .text.libgcc.prologue
                0x00000000       0x38 c:/program files (x86)/atmel/studio/7.0/toolchain/avr8/avr8-gnu-toolchain/bin/../lib/gcc/avr/4.9.2/avr35\libgcc.a(_prologue.o)
 .text.libgcc.builtins
                0x00000000        0x0 c:/program files (x86)/atmel/studio/7.0/toolchain/avr8/avr8-gnu-toolchain/bin/../lib/gcc/avr/4.9.2/avr35\libgcc.a(_prologue.o)
 .text.libgcc.fmul
                0x00000000        0x0 c:/program files (x86)/atmel/studio/7.0/toolchain/avr8/avr8-gnu-toolchain/bin/../lib/gcc/avr/4.9.2/avr35\libgcc.a(_prologue.o)
 .text.libgcc.fixed
                0x00000000        0x0 c:/program files (x86)/atmel/studio/7.0/toolchain/avr8/avr8-gnu-toolchain/bin/../lib/gcc/avr/4.9.2/avr35\libgcc.a(_prologue.o)
 .text          0x00000000        0x0 c:/program files (x86)/atmel/studio/7.0/toolchain/avr8/avr8-gnu-toolchain/bin/../lib/gcc/avr/4.9.2/avr35\libgcc.a(_epilogue.o)
 .data          0x00000000        0x0 c:/program files (x86)/atmel/studio/7.0/toolchain/avr8/avr8-gnu-toolchain/bin/../lib/gcc/avr/4.9.2/avr35\libgcc.a(_epilogue.o)
 .bss           0x00000000        0x0 c:/program files (x86)/atmel/studio/7.0/toolchain/avr8/avr8-gnu-toolchain/bin/../lib/gcc/avr/4.9.2/avr35\libgcc.a(_epilogue.o)
 .text.libgcc.mul
                0x00000000        0x0 c:/program files (x86)/atmel/studio/7.0/toolchain/avr8/avr8-gnu-toolchain/bin/../lib/gcc/avr/4.9.2/avr35\libgcc.a(_epilogue.o)
 .text.libgcc.div
                0x00000000        0x0 c:/program files (x86)/atmel/studio/7.0/toolchain/avr8/avr8-gnu-toolchain/bin/../lib/gcc/avr/4.9.2/avr35\libgcc.a(_epilogue.o)
 .text.libgcc   0x00000000        0x0 c:/program files (x86)/atmel/studio/7.0/toolchain/avr8/avr8-gnu-toolchain/bin/../lib/gcc/avr/4.9.2/avr35\libgcc.a(_epilogue.o)
 .text.libgcc.prologue
                0x00000000       0x36 c:/program files (x86)/atmel/studio/7.0/toolchain/avr8/avr8-gnu-toolchain/bin/../lib/gcc/avr/4.9.2/avr35\libgcc.a(_epilogue.o)
 .text.libgcc.builtins
                0x00000000        0x0 c:/program files (x86)/atmel/studio/7.0/toolchain/avr8/avr8-gnu-toolchain/bin/../lib/gcc/avr/4.9.2/avr35\libgcc.a(_epilogue.o)
 .text.libgcc.fmul
                0x00000000        0x0 c:/program files (x86)/atmel/studio/7.0/toolchain/avr8/avr8-gnu-toolchain/bin/../lib/gcc/avr/4.9.2/avr35\libgcc.a(_epilogue.o)
 .text.libgcc.fixed
                0x00000000        0x0 c:/program files (x86)/atmel/studio/7.0/toolchain/avr8/avr8-gnu-toolchain/bin/../lib/gcc/avr/4.9.2/avr35\libgcc.a(_epilogue.o)
 .text          0x00000000        0x0 c:/program files (x86)/atmel/studio/7.0/toolchain/avr8/avr8-gnu-toolchain/bin/../lib/gcc/avr/4.9.2/avr35\libgcc.a(_muldi3.o)
 .data          0x00000000        0x0 c:/program files (x86)/atmel/studio/7.0/toolchain/avr8/avr8-gnu-toolchain/bin/../lib/gcc/avr/4.9.2/avr35\libgcc.a(_muldi3.o)
 .bss           0x00000000        0x0 c:/program files (x86)/atmel/studio/7.0/toolchain/avr8/avr8-gnu-toolchain/bin/../lib/gcc/avr/4.9.2/avr35\libgcc.a(_muldi3.o)
 .text.libgcc.mul
                0x00000000       0x5c c:/program files (x86)/atmel/studio/7.0/toolchain/avr8/avr8-gnu-toolchain/bin/../lib/gcc/avr/4.9.2/avr35\libgcc.a(_muldi3.o)
 .text.libgcc.div
                0x00000000        0x0 c:/program files (x86)/atmel/studio/7.0/toolchain/avr8/avr8-gnu-toolchain/bin/../lib/gcc/avr/4.9.2/avr35\libgcc.a(_muldi3.o)
 .text.libgcc   0x00000000        0x0 c:/program files (x86)/atmel/studio/7.0/toolchain/avr8/avr8-gnu-toolchain/bin/../lib/gcc/avr/4.9.2/avr35\libgcc.a(_muldi3.o)
 .text.libgcc.prologue
                0x00000000        0x0 c:/program files (x86)/atmel/studio/7.0/toolchain/avr8/avr8-gnu-toolchain/bin/../lib/gcc/avr/4.9.2/avr35\libgcc.a(_muldi3.o)
 .text.libgcc.builtins
                0x00000000        0x0 c:/program files (x86)/atmel/studio/7.0/toolchain/avr8/avr8-gnu-toolchain/bin/../lib/gcc/avr/4.9.2/avr35\libgcc.a(_muldi3.o)
 .text.libgcc.fmul
                0x00000000        0x0 c:/program files (x86)/atmel/studio/7.0/toolchain/avr8/avr8-gnu-toolchain/bin/../lib/gcc/avr/4.9.2/avr35\libgcc.a(_muldi3.o)
 .text.libgcc.fixed
                0x00000000        0x0 c:/program files (x86)/atmel/studio/7.0/toolchain/avr8/avr8-gnu-toolchain/bin/../lib/gcc/avr/4.9.2/avr35\libgcc.a(_muldi3.o)

Memory Configuration

Name             Origin             Length             Attributes
text             0x00000000         0x00010000         xr
data             0x00800060         0x0000ffa0         rw !x
eeprom           0x00810000         0x00010000         rw !x
fuse             0x00820000         0x00000003         rw !x
lock             0x00830000         0x00000400         rw !x
signature        0x00840000         0x00000400         rw !x
user_signatures  0x00850000         0x00000400         rw !x
*default*        0x00000000         0xffffffff

Linker script and memory map

Address of section .data set to 0x800100
LOAD C:/Program Files (x86)/Atmel/Studio/7.0/Packs/atmel/ATautomotive_DFP/1.1.96/gcc/dev/ata6617c/avr35/crtata6617c.o
LOAD ADC.o
LOAD analog_servo_drv.o
LOAD CAN.o
LOAD cmd_sts_helpers.o
LOAD events.o
LOAD framework.o
LOAD IOC.o
LOAD light_drv.o
LOAD light_setting_alg.o
LOAD lin_drv.o
LOAD LIN_XCVR_WD_Kicker.o
LOAD main.o
LOAD master_service.o
LOAD ModemService.o
LOAD PWM.o
LOAD slave_parameters.o
LOAD slave_service.o
LOAD SPI.o
LOAD SPI_Service.o
LOAD timer.o
LOAD UART.o
LOAD UART_Service.o
LOAD __template.o
START GROUP
LOAD c:/program files (x86)/atmel/studio/7.0/toolchain/avr8/avr8-gnu-toolchain/bin/../lib/gcc/avr/4.9.2/../../../../avr/lib/avr35\libm.a
END GROUP
START GROUP
LOAD c:/program files (x86)/atmel/studio/7.0/toolchain/avr8/avr8-gnu-toolchain/bin/../lib/gcc/avr/4.9.2/avr35\libgcc.a
LOAD c:/program files (x86)/atmel/studio/7.0/toolchain/avr8/avr8-gnu-toolchain/bin/../lib/gcc/avr/4.9.2/../../../../avr/lib/avr35\libm.a
LOAD c:/program files (x86)/atmel/studio/7.0/toolchain/avr8/avr8-gnu-toolchain/bin/../lib/gcc/avr/4.9.2/../../../../avr/lib/avr35\libc.a
LOAD C:/Program Files (x86)/Atmel/Studio/7.0/Packs/atmel/ATautomotive_DFP/1.1.96/gcc/dev/ata6617c/avr35\libata6617c.a
END GROUP
                0x00010000                __TEXT_REGION_LENGTH__ = DEFINED (__TEXT_REGION_LENGTH__)?__TEXT_REGION_LENGTH__:0x10000
                0x0000ffa0                __DATA_REGION_LENGTH__ = DEFINED (__DATA_REGION_LENGTH__)?__DATA_REGION_LENGTH__:0xffa0
                0x00010000                __EEPROM_REGION_LENGTH__ = DEFINED (__EEPROM_REGION_LENGTH__)?__EEPROM_REGION_LENGTH__:0x10000
                [0x00000003]                __FUSE_REGION_LENGTH__ = DEFINED (__FUSE_REGION_LENGTH__)?__FUSE_REGION_LENGTH__:0x400
                0x00000400                __LOCK_REGION_LENGTH__ = DEFINED (__LOCK_REGION_LENGTH__)?__LOCK_REGION_LENGTH__:0x400
                0x00000400                __SIGNATURE_REGION_LENGTH__ = DEFINED (__SIGNATURE_REGION_LENGTH__)?__SIGNATURE_REGION_LENGTH__:0x400
                0x00000400                __USER_SIGNATURE_REGION_LENGTH__ = DEFINED (__USER_SIGNATURE_REGION_LENGTH__)?__USER_SIGNATURE_REGION_LENGTH__:0x400

.hash
 *(.hash)

.dynsym
 *(.dynsym)

.dynstr
 *(.dynstr)

.gnu.version
 *(.gnu.version)

.gnu.version_d
 *(.gnu.version_d)

.gnu.version_r
 *(.gnu.version_r)

.rel.init
 *(.rel.init)

.rela.init
 *(.rela.init)

.rel.text
 *(.rel.text)
 *(.rel.text.*)
 *(.rel.gnu.linkonce.t*)

.rela.text
 *(.rela.text)
 *(.rela.text.*)
 *(.rela.gnu.linkonce.t*)

.rel.fini
 *(.rel.fini)

.rela.fini
 *(.rela.fini)

.rel.rodata
 *(.rel.rodata)
 *(.rel.rodata.*)
 *(.rel.gnu.linkonce.r*)

.rela.rodata
 *(.rela.rodata)
 *(.rela.rodata.*)
 *(.rela.gnu.linkonce.r*)

.rel.data
 *(.rel.data)
 *(.rel.data.*)
 *(.rel.gnu.linkonce.d*)

.rela.data
 *(.rela.data)
 *(.rela.data.*)
 *(.rela.gnu.linkonce.d*)

.rel.ctors
 *(.rel.ctors)

.rela.ctors
 *(.rela.ctors)

.rel.dtors
 *(.rel.dtors)

.rela.dtors
 *(.rela.dtors)

.rel.got
 *(.rel.got)

.rela.got
 *(.rela.got)

.rel.bss
 *(.rel.bss)

.rela.bss
 *(.rela.bss)

.rel.plt
 *(.rel.plt)

.rela.plt
 *(.rela.plt)

.text           0x00000000      0xf74
 *(.vectors)
 .vectors       0x00000000       0x50 C:/Program Files (x86)/Atmel/Studio/7.0/Packs/atmel/ATautomotive_DFP/1.1.96/gcc/dev/ata6617c/avr35/crtata6617c.o
                0x00000000                __vector_default
                0x00000000                __vectors
 *(.vectors)
 *(.progmem.gcc*)
                0x00000050                . = ALIGN (0x2)
                0x00000050                __trampolines_start = .
 *(.trampolines)
 .trampolines   0x00000050        0x0 linker stubs
 *(.trampolines*)
                0x00000050                __trampolines_end = .
 *libprintf_flt.a:*(.progmem.data)
 *libc.a:*(.progmem.data)
 *(.progmem*)
 .progmem.data.Init_Text
                0x00000050       0x8f UART.o
                0x000000e0                . = ALIGN (0x2)
 *fill*         0x000000df        0x1 
 *(.jumptables)
 *(.jumptables*)
 *(.lowtext)
 *(.lowtext*)
                0x000000e0                __ctors_start = .
 *(.ctors)
                0x000000e0                __ctors_end = .
                0x000000e0                __dtors_start = .
 *(.dtors)
                0x000000e0                __dtors_end = .
 SORT(*)(.ctors)
 SORT(*)(.dtors)
 *(.init0)
 .init0         0x000000e0        0x0 C:/Program Files (x86)/Atmel/Studio/7.0/Packs/atmel/ATautomotive_DFP/1.1.96/gcc/dev/ata6617c/avr35/crtata6617c.o
                0x000000e0                __init
 *(.init0)
 *(.init1)
 *(.init1)
 *(.init2)
 .init2         0x000000e0        0xc C:/Program Files (x86)/Atmel/Studio/7.0/Packs/atmel/ATautomotive_DFP/1.1.96/gcc/dev/ata6617c/avr35/crtata6617c.o
 *(.init2)
 *(.init3)
 *(.init3)
 *(.init4)
 .init4         0x000000ec       0x16 c:/program files (x86)/atmel/studio/7.0/toolchain/avr8/avr8-gnu-toolchain/bin/../lib/gcc/avr/4.9.2/avr35\libgcc.a(_copy_data.o)
                0x000000ec                __do_copy_data
 .init4         0x00000102       0x10 c:/program files (x86)/atmel/studio/7.0/toolchain/avr8/avr8-gnu-toolchain/bin/../lib/gcc/avr/4.9.2/avr35\libgcc.a(_clear_bss.o)
                0x00000102                __do_clear_bss
 *(.init4)
 *(.init5)
 *(.init5)
 *(.init6)
 *(.init6)
 *(.init7)
 *(.init7)
 *(.init8)
 *(.init8)
 *(.init9)
 .init9         0x00000112        0x8 C:/Program Files (x86)/Atmel/Studio/7.0/Packs/atmel/ATautomotive_DFP/1.1.96/gcc/dev/ata6617c/avr35/crtata6617c.o
 *(.init9)
 *(.text)
 .text          0x0000011a        0x4 C:/Program Files (x86)/Atmel/Studio/7.0/Packs/atmel/ATautomotive_DFP/1.1.96/gcc/dev/ata6617c/avr35/crtata6617c.o
                0x0000011a                __bad_interrupt
                0x0000011a                __vector_6
                0x0000011a                __vector_3
                0x0000011a                __vector_11
                0x0000011a                __vector_13
                0x0000011a                __vector_17
                0x0000011a                __vector_19
                0x0000011a                __vector_7
                0x0000011a                __vector_5
                0x0000011a                __vector_4
                0x0000011a                __vector_2
                0x0000011a                __vector_8
                0x0000011a                __vector_16
                0x0000011a                __vector_18
                0x0000011e                . = ALIGN (0x2)
 *(.text.*)
 .text.__vector_15
                0x0000011e       0x3e ADC.o
                0x0000011e                __vector_15
 .text.__vector_9
                0x0000015c       0x52 analog_servo_drv.o
                0x0000015c                __vector_9
 .text.CAN_Read
                0x000001ae       0x2a CAN.o
                0x000001ae                CAN_Read
 .text.CAN_Bit_Modify
                0x000001d8       0x3a CAN.o
                0x000001d8                CAN_Bit_Modify
 .text.CAN_Read_Message
                0x00000212       0x6c CAN.o
                0x00000212                CAN_Read_Message
 .text.process_event_if_pending
                0x0000027e       0x68 events.o
 .text.Post_Event
                0x000002e6       0x36 events.o
                0x000002e6                Post_Event
 .text.Run_Events
                0x0000031c       0xb6 events.o
                0x0000031c                Run_Events
 .text.Initialize_Framework
                0x000003d2       0x16 framework.o
                0x000003d2                Initialize_Framework
 .text.Run_Services
                0x000003e8       0x22 framework.o
                0x000003e8                Run_Services
 .text.Init_IOC_Module
                0x0000040a       0x18 IOC.o
                0x0000040a                Init_IOC_Module
 .text.query_counter
                0x00000422       0x12 IOC.o
                0x00000422                query_counter
 .text.__vector_1
                0x00000434       0xbc IOC.o
                0x00000434                __vector_1
 .text.kick_LIN_XCVR_WD
                0x000004f0       0x38 LIN_XCVR_WD_Kicker.o
 .text.Init_LIN_XCVR_WD_Kicker
                0x00000528       0x22 LIN_XCVR_WD_Kicker.o
                0x00000528                Init_LIN_XCVR_WD_Kicker
 .text.main     0x0000054a       0x1c main.o
                0x0000054a                main
 .text.Fill_Variable_List
                0x00000566       0x44 master_service.o
                0x00000566                Fill_Variable_List
 .text.Init_Modem_Service
                0x000005aa       0x26 ModemService.o
                0x000005aa                Init_Modem_Service
 .text.Run_Modem_Service
                0x000005d0       0x56 ModemService.o
                0x000005d0                Run_Modem_Service
 .text.Write_SPI
                0x00000626       0xf4 SPI.o
                0x00000626                Write_SPI
 .text.__vector_14
                0x0000071a      0x15a SPI.o
                0x0000071a                __vector_14
 .text.Query_SPI_State
                0x00000874        0x6 SPI_Service.o
                0x00000874                Query_SPI_State
 .text.Init_Timer_Module
                0x0000087a       0x4c timer.o
                0x0000087a                Init_Timer_Module
 .text.Register_Timer
                0x000008c6       0x9a timer.o
                0x000008c6                Register_Timer
 .text.Start_Timer
                0x00000960       0x82 timer.o
                0x00000960                Start_Timer
 .text.__vector_10
                0x000009e2       0xea timer.o
                0x000009e2                __vector_10
 .text.UART_Initialize
                0x00000acc       0x60 UART.o
                0x00000acc                UART_Initialize
 .text.UART_Start_Command
                0x00000b2c       0x2e UART.o
                0x00000b2c                UART_Start_Command
 .text.UART_End_Command
                0x00000b5a        0x2 UART.o
                0x00000b5a                UART_End_Command
 .text.UART_Transmit
                0x00000b5c       0x76 UART.o
                0x00000b5c                UART_Transmit
 .text.Write_UART
                0x00000bd2       0xfc UART.o
                0x00000bd2                Write_UART
 .text.__vector_12
                0x00000cce      0x200 UART.o
                0x00000cce                __vector_12
 .text.Init_UART_Service
                0x00000ece        0x6 UART_Service.o
                0x00000ece                Init_UART_Service
 .text.Run_UART_Service
                0x00000ed4       0x96 UART_Service.o
                0x00000ed4                Run_UART_Service
 .text.Query_UART_State
                0x00000f6a        0x6 UART_Service.o
                0x00000f6a                Query_UART_State
                0x00000f70                . = ALIGN (0x2)
 *(.fini9)
 .fini9         0x00000f70        0x0 c:/program files (x86)/atmel/studio/7.0/toolchain/avr8/avr8-gnu-toolchain/bin/../lib/gcc/avr/4.9.2/avr35\libgcc.a(_exit.o)
                0x00000f70                _exit
                0x00000f70                exit
 *(.fini9)
 *(.fini8)
 *(.fini8)
 *(.fini7)
 *(.fini7)
 *(.fini6)
 *(.fini6)
 *(.fini5)
 *(.fini5)
 *(.fini4)
 *(.fini4)
 *(.fini3)
 *(.fini3)
 *(.fini2)
 *(.fini2)
 *(.fini1)
 *(.fini1)
 *(.fini0)
 .fini0         0x00000f70        0x4 c:/program files (x86)/atmel/studio/7.0/toolchain/avr8/avr8-gnu-toolchain/bin/../lib/gcc/avr/4.9.2/avr35\libgcc.a(_exit.o)
 *(.fini0)
                0x00000f74                _etext = .

.data           0x00800100        0xe load address 0x00000f74
                0x00800100                PROVIDE (__data_start, .)
 *(.data)
 *(.data*)
 .data.Last_ADC_Value
                0x00800100        0x2 ADC.o
 .data.flipper  0x00800102        0x1 ModemService.o
 .data.do_init_modem
                0x00800103        0x1 ModemService.o
 .data.TX_Data  0x00800104        0x2 ModemService.o
 .data.RX_Data  0x00800106        0x2 ModemService.o
 .data.Testing_Timer
                0x00800108        0x4 ModemService.o
 .data.modem_init
                0x0080010c        0x1 UART.o
 *(.rodata)
 *(.rodata*)
 *(.gnu.linkonce.d*)
                0x0080010e                . = ALIGN (0x2)
 *fill*         0x0080010d        0x1 
                0x0080010e                _edata = .
                0x0080010e                PROVIDE (__data_end, .)

.bss            0x0080010e      0x108
                0x0080010e                PROVIDE (__bss_start, .)
 *(.bss)
 *(.bss*)
 .bss.Step      0x0080010e        0x1 analog_servo_drv.o
 .bss.Recv_Byte
                0x0080010f        0x1 CAN.o
 .bss.RX_Data   0x00800110        0x2 CAN.o
 .bss.Pending_Events
                0x00800112        0x4 events.o
 .bss.counter   0x00800116        0x4 IOC.o
 .bss.Parity    0x0080011a        0x1 LIN_XCVR_WD_Kicker.o
 .bss.LIN_XCVR_Kick_Timer
                0x0080011b        0x4 LIN_XCVR_WD_Kicker.o
 .bss.Byte_8    0x0080011f        0x1 master_service.o
                0x0080011f                Byte_8
 .bss.Byte_7    0x00800120        0x1 master_service.o
                0x00800120                Byte_7
 .bss.Byte_6    0x00800121        0x1 master_service.o
                0x00800121                Byte_6
 .bss.Byte_5    0x00800122        0x1 master_service.o
                0x00800122                Byte_5
 .bss.Byte_4    0x00800123        0x1 master_service.o
                0x00800123                Byte_4
 .bss.Byte_3    0x00800124        0x1 master_service.o
                0x00800124                Byte_3
 .bss.Byte_2    0x00800125        0x1 master_service.o
                0x00800125                Byte_2
 .bss.Byte_1    0x00800126        0x1 master_service.o
                0x00800126                Byte_1
 .bss.Recv_Byte
                0x00800127        0x1 ModemService.o
 .bss.counter_value
                0x00800128        0x4 SPI.o
 .bss.In_Tx     0x0080012c        0x1 SPI.o
 .bss.Expected_RX_Length
                0x0080012d        0x1 SPI.o
 .bss.Expected_TX_Length
                0x0080012e        0x1 SPI.o
 .bss.TX_Index  0x0080012f        0x1 SPI.o
 .bss.RX_Index  0x00800130        0x1 SPI.o
 .bss.Next_Available_Row
                0x00800131        0x1 SPI.o
 .bss.Buffer_Index
                0x00800132        0x1 SPI.o
 .bss.Receive_List
                0x00800133       0x16 SPI.o
 .bss.Command_Buffer
                0x00800149       0x42 SPI.o
 .bss.Master_Slave_Identifier
                0x0080018b        0x1 SPI.o
 .bss.Current_State
                0x0080018c        0x1 SPI_Service.o
 .bss.Timers    0x0080018d       0x68 timer.o
 .bss.Modem_Recv_Data
                0x008001f5        0x4 UART.o
 .bss.byte_space_counter
                0x008001f9        0x1 UART.o
 .bss.third_slash_r
                0x008001fa        0x1 UART.o
 .bss.second_byte_slash_n
                0x008001fb        0x1 UART.o
 .bss.first_byte_T
                0x008001fc        0x1 UART.o
 .bss.counter_value
                0x008001fd        0x4 UART.o
 .bss.In_Tx     0x00800201        0x1 UART.o
 .bss.Text_Index
                0x00800202        0x1 UART.o
 .bss.Expected_RX_Length
                0x00800203        0x1 UART.o
 .bss.Expected_TX_Length
                0x00800204        0x1 UART.o
 .bss.TX_Index  0x00800205        0x1 UART.o
 .bss.RX_Index  0x00800206        0x1 UART.o
 .bss.Next_Available_Row
                0x00800207        0x1 UART.o
 .bss.Buffer_Index
                0x00800208        0x1 UART.o
 .bss.Receive_List
                0x00800209        0x4 UART.o
 .bss.Command_Buffer
                0x0080020d        0x8 UART.o
 .bss.Current_State
                0x00800215        0x1 UART_Service.o
 *(COMMON)
                0x00800216                PROVIDE (__bss_end, .)
                0x00000f74                __data_load_start = LOADADDR (.data)
                0x00000f82                __data_load_end = (__data_load_start + SIZEOF (.data))

.noinit         0x00800216        0x0
                [!provide]                PROVIDE (__noinit_start, .)
 *(.noinit*)
                [!provide]                PROVIDE (__noinit_end, .)
                0x00800216                _end = .
                [!provide]                PROVIDE (__heap_start, .)

.eeprom         0x00810000        0x0
 *(.eeprom*)
                0x00810000                __eeprom_end = .

.fuse
 *(.fuse)
 *(.lfuse)
 *(.hfuse)
 *(.efuse)

.lock
 *(.lock*)

.signature
 *(.signature*)

.user_signatures
 *(.user_signatures*)

.stab
 *(.stab)

.stabstr
 *(.stabstr)

.stab.excl
 *(.stab.excl)

.stab.exclstr
 *(.stab.exclstr)

.stab.index
 *(.stab.index)

.stab.indexstr
 *(.stab.indexstr)

.comment        0x00000000       0x30
 *(.comment)
 .comment       0x00000000       0x30 ADC.o
                                 0x31 (size before relaxing)
 .comment       0x00000030       0x31 analog_servo_drv.o
 .comment       0x00000030       0x31 CAN.o
 .comment       0x00000030       0x31 events.o
 .comment       0x00000030       0x31 framework.o
 .comment       0x00000030       0x31 IOC.o
 .comment       0x00000030       0x31 LIN_XCVR_WD_Kicker.o
 .comment       0x00000030       0x31 main.o
 .comment       0x00000030       0x31 master_service.o
 .comment       0x00000030       0x31 ModemService.o
 .comment       0x00000030       0x31 SPI.o
 .comment       0x00000030       0x31 SPI_Service.o
 .comment       0x00000030       0x31 timer.o
 .comment       0x00000030       0x31 UART.o
 .comment       0x00000030       0x31 UART_Service.o

.note.gnu.avr.deviceinfo
                0x00000000       0x3c
 .note.gnu.avr.deviceinfo
                0x00000000       0x3c C:/Program Files (x86)/Atmel/Studio/7.0/Packs/atmel/ATautomotive_DFP/1.1.96/gcc/dev/ata6617c/avr35/crtata6617c.o

.note.gnu.build-id
 *(.note.gnu.build-id)

.debug
 *(.debug)

.line
 *(.line)

.debug_srcinfo
 *(.debug_srcinfo)

.debug_sfnames
 *(.debug_sfnames)

.debug_aranges  0x00000000      0x380
 *(.debug_aranges)
 .debug_aranges
                0x00000000       0x38 ADC.o
 .debug_aranges
                0x00000038       0x50 analog_servo_drv.o
 .debug_aranges
                0x00000088       0x80 CAN.o
 .debug_aranges
                0x00000108       0x30 events.o
 .debug_aranges
                0x00000138       0x28 framework.o
 .debug_aranges
                0x00000160       0x30 IOC.o
 .debug_aranges
                0x00000190       0x28 LIN_XCVR_WD_Kicker.o
 .debug_aranges
                0x000001b8       0x20 main.o
 .debug_aranges
                0x000001d8       0x38 master_service.o
 .debug_aranges
                0x00000210       0x28 ModemService.o
 .debug_aranges
                0x00000238       0x50 SPI.o
 .debug_aranges
                0x00000288       0x30 SPI_Service.o
 .debug_aranges
                0x000002b8       0x50 timer.o
 .debug_aranges
                0x00000308       0x48 UART.o
 .debug_aranges
                0x00000350       0x30 UART_Service.o

.debug_pubnames
 *(.debug_pubnames)

.debug_info     0x00000000     0x3774
 *(.debug_info .gnu.linkonce.wi.*)
 .debug_info    0x00000000      0x5f4 C:/Program Files (x86)/Atmel/Studio/7.0/Packs/atmel/ATautomotive_DFP/1.1.96/gcc/dev/ata6617c/avr35/crtata6617c.o
 .debug_info    0x000005f4       0xec ADC.o
 .debug_info    0x000006e0      0x451 analog_servo_drv.o
 .debug_info    0x00000b31      0x8f9 CAN.o
 .debug_info    0x0000142a      0x331 events.o
 .debug_info    0x0000175b      0x176 framework.o
 .debug_info    0x000018d1      0x1c6 IOC.o
 .debug_info    0x00001a97      0x1de LIN_XCVR_WD_Kicker.o
 .debug_info    0x00001c75       0xb9 main.o
 .debug_info    0x00001d2e      0x6f1 master_service.o
 .debug_info    0x0000241f      0x296 ModemService.o
 .debug_info    0x000026b5      0x48c SPI.o
 .debug_info    0x00002b41      0x18d SPI_Service.o
 .debug_info    0x00002cce      0x35b timer.o
 .debug_info    0x00003029      0x5a3 UART.o
 .debug_info    0x000035cc      0x1a8 UART_Service.o

.debug_abbrev   0x00000000     0x18be
 *(.debug_abbrev)
 .debug_abbrev  0x00000000      0x5a2 C:/Program Files (x86)/Atmel/Studio/7.0/Packs/atmel/ATautomotive_DFP/1.1.96/gcc/dev/ata6617c/avr35/crtata6617c.o
 .debug_abbrev  0x000005a2       0x92 ADC.o
 .debug_abbrev  0x00000634      0x1f5 analog_servo_drv.o
 .debug_abbrev  0x00000829      0x14e CAN.o
 .debug_abbrev  0x00000977      0x128 events.o
 .debug_abbrev  0x00000a9f       0xe7 framework.o
 .debug_abbrev  0x00000b86       0xfe IOC.o
 .debug_abbrev  0x00000c84       0xea LIN_XCVR_WD_Kicker.o
 .debug_abbrev  0x00000d6e       0x71 main.o
 .debug_abbrev  0x00000ddf      0x233 master_service.o
 .debug_abbrev  0x00001012      0x109 ModemService.o
 .debug_abbrev  0x0000111b      0x1e5 SPI.o
 .debug_abbrev  0x00001300      0x108 SPI_Service.o
 .debug_abbrev  0x00001408      0x19f timer.o
 .debug_abbrev  0x000015a7      0x20f UART.o
 .debug_abbrev  0x000017b6      0x108 UART_Service.o

.debug_line     0x00000000     0x1d44
 *(.debug_line .debug_line.* .debug_line_end)
 .debug_line    0x00000000      0x10f C:/Program Files (x86)/Atmel/Studio/7.0/Packs/atmel/ATautomotive_DFP/1.1.96/gcc/dev/ata6617c/avr35/crtata6617c.o
 .debug_line    0x0000010f      0x110 ADC.o
 .debug_line    0x0000021f      0x1f8 analog_servo_drv.o
 .debug_line    0x00000417      0x3b6 CAN.o
 .debug_line    0x000007cd      0x193 events.o
 .debug_line    0x00000960      0x131 framework.o
 .debug_line    0x00000a91      0x12e IOC.o
 .debug_line    0x00000bbf      0x102 LIN_XCVR_WD_Kicker.o
 .debug_line    0x00000cc1       0xe0 main.o
 .debug_line    0x00000da1      0x213 master_service.o
 .debug_line    0x00000fb4      0x12a ModemService.o
 .debug_line    0x000010de      0x2f7 SPI.o
 .debug_line    0x000013d5      0x163 SPI_Service.o
 .debug_line    0x00001538      0x2da timer.o
 .debug_line    0x00001812      0x3bb UART.o
 .debug_line    0x00001bcd      0x177 UART_Service.o

.debug_frame    0x00000000      0x8d0
 *(.debug_frame)
 .debug_frame   0x00000000       0x74 ADC.o
 .debug_frame   0x00000074       0xc0 analog_servo_drv.o
 .debug_frame   0x00000134      0x1bc CAN.o
 .debug_frame   0x000002f0       0x70 events.o
 .debug_frame   0x00000360       0x48 framework.o
 .debug_frame   0x000003a8       0xa4 IOC.o
 .debug_frame   0x0000044c       0x34 LIN_XCVR_WD_Kicker.o
 .debug_frame   0x00000480       0x24 main.o
 .debug_frame   0x000004a4       0x5c master_service.o
 .debug_frame   0x00000500       0x3c ModemService.o
 .debug_frame   0x0000053c      0x10c SPI.o
 .debug_frame   0x00000648       0x44 SPI_Service.o
 .debug_frame   0x0000068c      0x11c timer.o
 .debug_frame   0x000007a8       0xe4 UART.o
 .debug_frame   0x0000088c       0x44 UART_Service.o

.debug_str      0x00000000      0xf30
 *(.debug_str)
 .debug_str     0x00000000      0x21d C:/Program Files (x86)/Atmel/Studio/7.0/Packs/atmel/ATautomotive_DFP/1.1.96/gcc/dev/ata6617c/avr35/crtata6617c.o
 .debug_str     0x0000021d      0x18b ADC.o
                                0x1bf (size before relaxing)
 .debug_str     0x000003a8      0x1f5 analog_servo_drv.o
                                0x36d (size before relaxing)
 .debug_str     0x0000059d      0x17b CAN.o
                                0x2e0 (size before relaxing)
 .debug_str     0x00000718       0x75 events.o
                                0x1d1 (size before relaxing)
 .debug_str     0x0000078d       0xae framework.o
                                0x217 (size before relaxing)
 .debug_str     0x0000083b       0x37 IOC.o
                                0x1f7 (size before relaxing)
 .debug_str     0x00000872       0x46 LIN_XCVR_WD_Kicker.o
                                0x1ef (size before relaxing)
 .debug_str     0x000008b8       0x11 main.o
                                0x18c (size before relaxing)
 .debug_str     0x000008c9      0x214 master_service.o
                                0x467 (size before relaxing)
 .debug_str     0x00000add       0x45 ModemService.o
                                0x230 (size before relaxing)
 .debug_str     0x00000b22      0x184 SPI.o
                                0x347 (size before relaxing)
 .debug_str     0x00000ca6       0x42 SPI_Service.o
                                0x22a (size before relaxing)
 .debug_str     0x00000ce8       0xf1 timer.o
                                0x2af (size before relaxing)
 .debug_str     0x00000dd9      0x143 UART.o
                                0x3d7 (size before relaxing)
 .debug_str     0x00000f1c       0x14 UART_Service.o
                                0x26c (size before relaxing)

.debug_loc      0x00000000     0x1cba
 *(.debug_loc)
 .debug_loc     0x00000000       0x63 ADC.o
 .debug_loc     0x00000063      0x1bc analog_servo_drv.o
 .debug_loc     0x0000021f      0x785 CAN.o
 .debug_loc     0x000009a4      0x106 events.o
 .debug_loc     0x00000aaa       0x8b framework.o
 .debug_loc     0x00000b35      0x117 IOC.o
 .debug_loc     0x00000c4c       0x50 LIN_XCVR_WD_Kicker.o
 .debug_loc     0x00000c9c       0xda master_service.o
 .debug_loc     0x00000d76       0x4e ModemService.o
 .debug_loc     0x00000dc4      0x461 SPI.o
 .debug_loc     0x00001225       0xe0 SPI_Service.o
 .debug_loc     0x00001305      0x3e5 timer.o
 .debug_loc     0x000016ea      0x4f0 UART.o
 .debug_loc     0x00001bda       0xe0 UART_Service.o

.debug_macinfo
 *(.debug_macinfo)

.debug_weaknames
 *(.debug_weaknames)

.debug_funcnames
 *(.debug_funcnames)

.debug_typenames
 *(.debug_typenames)

.debug_varnames
 *(.debug_varnames)

.debug_pubtypes
 *(.debug_pubtypes)

.debug_ranges   0x00000000      0x2d8
 *(.debug_ranges)
 .debug_ranges  0x00000000       0x28 ADC.o
 .debug_ranges  0x00000028       0x40 analog_servo_drv.o
 .debug_ranges  0x00000068       0x70 CAN.o
 .debug_ranges  0x000000d8       0x20 events.o
 .debug_ranges  0x000000f8       0x18 framework.o
 .debug_ranges  0x00000110       0x20 IOC.o
 .debug_ranges  0x00000130       0x18 LIN_XCVR_WD_Kicker.o
 .debug_ranges  0x00000148       0x10 main.o
 .debug_ranges  0x00000158       0x28 master_service.o
 .debug_ranges  0x00000180       0x18 ModemService.o
 .debug_ranges  0x00000198       0x40 SPI.o
 .debug_ranges  0x000001d8       0x20 SPI_Service.o
 .debug_ranges  0x000001f8       0x40 timer.o
 .debug_ranges  0x00000238       0x80 UART.o
 .debug_ranges  0x000002b8       0x20 UART_Service.o

.debug_macro
 *(.debug_macro)
OUTPUT(Ford_360_Lighting_Project.elf elf32-avr)
LOAD linker stubs
