Archive member included to satisfy reference by file (symbol)

d:/additional programs/atmel/7.0/toolchain/avr8/avr8-gnu-toolchain/bin/../lib/gcc/avr/4.9.2/avr35\libgcc.a(_exit.o)
                              D:/Additional Programs/Atmel/7.0/Packs/atmel/ATautomotive_DFP/1.1.96/gcc/dev/ata6617c/avr35/crtata6617c.o (exit)
d:/additional programs/atmel/7.0/toolchain/avr8/avr8-gnu-toolchain/bin/../lib/gcc/avr/4.9.2/avr35\libgcc.a(_copy_data.o)
                              ADC.o (__do_copy_data)
d:/additional programs/atmel/7.0/toolchain/avr8/avr8-gnu-toolchain/bin/../lib/gcc/avr/4.9.2/avr35\libgcc.a(_clear_bss.o)
                              events.o (__do_clear_bss)

Discarded input sections

 .data          0x00000000        0x0 D:/Additional Programs/Atmel/7.0/Packs/atmel/ATautomotive_DFP/1.1.96/gcc/dev/ata6617c/avr35/crtata6617c.o
 .bss           0x00000000        0x0 D:/Additional Programs/Atmel/7.0/Packs/atmel/ATautomotive_DFP/1.1.96/gcc/dev/ata6617c/avr35/crtata6617c.o
 .text          0x00000000        0x0 ADC.o
 .data          0x00000000        0x0 ADC.o
 .bss           0x00000000        0x0 ADC.o
 .text.Get_ADC_Result
                0x00000000        0xa ADC.o
 .text.Start_ADC_Measurement
                0x00000000        0xc ADC.o
 .text          0x00000000        0x0 CAN.o
 .data          0x00000000        0x0 CAN.o
 .bss           0x00000000        0x0 CAN.o
 .debug_line    0x00000000        0x0 CAN.o
 .debug_str     0x00000000       0xf7 CAN.o
 .comment       0x00000000       0x31 CAN.o
 .text          0x00000000        0x0 CFile1.o
 .data          0x00000000        0x0 CFile1.o
 .bss           0x00000000        0x0 CFile1.o
 .debug_line    0x00000000        0x0 CFile1.o
 .debug_str     0x00000000       0xfa CFile1.o
 .comment       0x00000000       0x31 CFile1.o
 .text          0x00000000        0x0 events.o
 .data          0x00000000        0x0 events.o
 .bss           0x00000000        0x0 events.o
 .text          0x00000000        0x0 framework.o
 .data          0x00000000        0x0 framework.o
 .bss           0x00000000        0x0 framework.o
 .text          0x00000000        0x0 IOC.o
 .data          0x00000000        0x0 IOC.o
 .bss           0x00000000        0x0 IOC.o
 .text          0x00000000        0x0 lin_drv.o
 .data          0x00000000        0x0 lin_drv.o
 .bss           0x00000000        0x0 lin_drv.o
 .text          0x00000000        0x0 LIN_XCVR_WD_Kicker.o
 .data          0x00000000        0x0 LIN_XCVR_WD_Kicker.o
 .bss           0x00000000        0x0 LIN_XCVR_WD_Kicker.o
 .text          0x00000000        0x0 main.o
 .data          0x00000000        0x0 main.o
 .bss           0x00000000        0x0 main.o
 .text          0x00000000        0x0 master_service.o
 .data          0x00000000        0x0 master_service.o
 .bss           0x00000000        0x0 master_service.o
 .text          0x00000000        0x0 MS_LIN_top_layer.o
 .data          0x00000000        0x0 MS_LIN_top_layer.o
 .bss           0x00000000        0x0 MS_LIN_top_layer.o
 .text          0x00000000        0x0 PWM.o
 .data          0x00000000        0x0 PWM.o
 .bss           0x00000000        0x0 PWM.o
 .text          0x00000000        0x0 slave_service.o
 .data          0x00000000        0x0 slave_service.o
 .bss           0x00000000        0x0 slave_service.o
 .text.Init_Slave_Service
                0x00000000       0x2e slave_service.o
 .text.Run_Slave_Service
                0x00000000       0x5c slave_service.o
 .bss.Last_Command
                0x00000000        0x1 slave_service.o
 .bss.My_Status_Data
                0x00000000        0x2 slave_service.o
 .bss.My_Command_Data
                0x00000000        0x2 slave_service.o
 .bss.My_Node_ID
                0x00000000        0x1 slave_service.o
 .debug_info    0x00000000      0x264 slave_service.o
 .debug_abbrev  0x00000000      0x161 slave_service.o
 .debug_loc     0x00000000       0x63 slave_service.o
 .debug_aranges
                0x00000000       0x28 slave_service.o
 .debug_ranges  0x00000000       0x18 slave_service.o
 .debug_line    0x00000000      0x137 slave_service.o
 .debug_str     0x00000000      0x28d slave_service.o
 .comment       0x00000000       0x31 slave_service.o
 .debug_frame   0x00000000       0x34 slave_service.o
 .text          0x00000000        0x0 SPI.o
 .data          0x00000000        0x0 SPI.o
 .bss           0x00000000        0x0 SPI.o
 .text.SPI_Transmit
                0x00000000       0x1c SPI.o
 .text          0x00000000        0x0 timer.o
 .data          0x00000000        0x0 timer.o
 .bss           0x00000000        0x0 timer.o
 .text.Get_Time_Timer
                0x00000000       0x2c timer.o
 .text.Stop_Timer
                0x00000000       0x54 timer.o
 .text          0x00000000        0x0 __template.o
 .data          0x00000000        0x0 __template.o
 .bss           0x00000000        0x0 __template.o
 .text.Template_Public_Function
                0x00000000        0x6 __template.o
 .bss.template_var
                0x00000000        0x1 __template.o
 .debug_info    0x00000000       0xb1 __template.o
 .debug_abbrev  0x00000000       0x80 __template.o
 .debug_aranges
                0x00000000       0x20 __template.o
 .debug_ranges  0x00000000       0x10 __template.o
 .debug_line    0x00000000       0xa1 __template.o
 .debug_str     0x00000000      0x1ad __template.o
 .comment       0x00000000       0x31 __template.o
 .debug_frame   0x00000000       0x24 __template.o
 .text          0x00000000        0x0 d:/additional programs/atmel/7.0/toolchain/avr8/avr8-gnu-toolchain/bin/../lib/gcc/avr/4.9.2/avr35\libgcc.a(_exit.o)
 .data          0x00000000        0x0 d:/additional programs/atmel/7.0/toolchain/avr8/avr8-gnu-toolchain/bin/../lib/gcc/avr/4.9.2/avr35\libgcc.a(_exit.o)
 .bss           0x00000000        0x0 d:/additional programs/atmel/7.0/toolchain/avr8/avr8-gnu-toolchain/bin/../lib/gcc/avr/4.9.2/avr35\libgcc.a(_exit.o)
 .text.libgcc.mul
                0x00000000        0x0 d:/additional programs/atmel/7.0/toolchain/avr8/avr8-gnu-toolchain/bin/../lib/gcc/avr/4.9.2/avr35\libgcc.a(_exit.o)
 .text.libgcc.div
                0x00000000        0x0 d:/additional programs/atmel/7.0/toolchain/avr8/avr8-gnu-toolchain/bin/../lib/gcc/avr/4.9.2/avr35\libgcc.a(_exit.o)
 .text.libgcc   0x00000000        0x0 d:/additional programs/atmel/7.0/toolchain/avr8/avr8-gnu-toolchain/bin/../lib/gcc/avr/4.9.2/avr35\libgcc.a(_exit.o)
 .text.libgcc.prologue
                0x00000000        0x0 d:/additional programs/atmel/7.0/toolchain/avr8/avr8-gnu-toolchain/bin/../lib/gcc/avr/4.9.2/avr35\libgcc.a(_exit.o)
 .text.libgcc.builtins
                0x00000000        0x0 d:/additional programs/atmel/7.0/toolchain/avr8/avr8-gnu-toolchain/bin/../lib/gcc/avr/4.9.2/avr35\libgcc.a(_exit.o)
 .text.libgcc.fmul
                0x00000000        0x0 d:/additional programs/atmel/7.0/toolchain/avr8/avr8-gnu-toolchain/bin/../lib/gcc/avr/4.9.2/avr35\libgcc.a(_exit.o)
 .text.libgcc.fixed
                0x00000000        0x0 d:/additional programs/atmel/7.0/toolchain/avr8/avr8-gnu-toolchain/bin/../lib/gcc/avr/4.9.2/avr35\libgcc.a(_exit.o)
 .text          0x00000000        0x0 d:/additional programs/atmel/7.0/toolchain/avr8/avr8-gnu-toolchain/bin/../lib/gcc/avr/4.9.2/avr35\libgcc.a(_copy_data.o)
 .data          0x00000000        0x0 d:/additional programs/atmel/7.0/toolchain/avr8/avr8-gnu-toolchain/bin/../lib/gcc/avr/4.9.2/avr35\libgcc.a(_copy_data.o)
 .bss           0x00000000        0x0 d:/additional programs/atmel/7.0/toolchain/avr8/avr8-gnu-toolchain/bin/../lib/gcc/avr/4.9.2/avr35\libgcc.a(_copy_data.o)
 .text.libgcc.mul
                0x00000000        0x0 d:/additional programs/atmel/7.0/toolchain/avr8/avr8-gnu-toolchain/bin/../lib/gcc/avr/4.9.2/avr35\libgcc.a(_copy_data.o)
 .text.libgcc.div
                0x00000000        0x0 d:/additional programs/atmel/7.0/toolchain/avr8/avr8-gnu-toolchain/bin/../lib/gcc/avr/4.9.2/avr35\libgcc.a(_copy_data.o)
 .text.libgcc   0x00000000        0x0 d:/additional programs/atmel/7.0/toolchain/avr8/avr8-gnu-toolchain/bin/../lib/gcc/avr/4.9.2/avr35\libgcc.a(_copy_data.o)
 .text.libgcc.prologue
                0x00000000        0x0 d:/additional programs/atmel/7.0/toolchain/avr8/avr8-gnu-toolchain/bin/../lib/gcc/avr/4.9.2/avr35\libgcc.a(_copy_data.o)
 .text.libgcc.builtins
                0x00000000        0x0 d:/additional programs/atmel/7.0/toolchain/avr8/avr8-gnu-toolchain/bin/../lib/gcc/avr/4.9.2/avr35\libgcc.a(_copy_data.o)
 .text.libgcc.fmul
                0x00000000        0x0 d:/additional programs/atmel/7.0/toolchain/avr8/avr8-gnu-toolchain/bin/../lib/gcc/avr/4.9.2/avr35\libgcc.a(_copy_data.o)
 .text.libgcc.fixed
                0x00000000        0x0 d:/additional programs/atmel/7.0/toolchain/avr8/avr8-gnu-toolchain/bin/../lib/gcc/avr/4.9.2/avr35\libgcc.a(_copy_data.o)
 .text          0x00000000        0x0 d:/additional programs/atmel/7.0/toolchain/avr8/avr8-gnu-toolchain/bin/../lib/gcc/avr/4.9.2/avr35\libgcc.a(_clear_bss.o)
 .data          0x00000000        0x0 d:/additional programs/atmel/7.0/toolchain/avr8/avr8-gnu-toolchain/bin/../lib/gcc/avr/4.9.2/avr35\libgcc.a(_clear_bss.o)
 .bss           0x00000000        0x0 d:/additional programs/atmel/7.0/toolchain/avr8/avr8-gnu-toolchain/bin/../lib/gcc/avr/4.9.2/avr35\libgcc.a(_clear_bss.o)
 .text.libgcc.mul
                0x00000000        0x0 d:/additional programs/atmel/7.0/toolchain/avr8/avr8-gnu-toolchain/bin/../lib/gcc/avr/4.9.2/avr35\libgcc.a(_clear_bss.o)
 .text.libgcc.div
                0x00000000        0x0 d:/additional programs/atmel/7.0/toolchain/avr8/avr8-gnu-toolchain/bin/../lib/gcc/avr/4.9.2/avr35\libgcc.a(_clear_bss.o)
 .text.libgcc   0x00000000        0x0 d:/additional programs/atmel/7.0/toolchain/avr8/avr8-gnu-toolchain/bin/../lib/gcc/avr/4.9.2/avr35\libgcc.a(_clear_bss.o)
 .text.libgcc.prologue
                0x00000000        0x0 d:/additional programs/atmel/7.0/toolchain/avr8/avr8-gnu-toolchain/bin/../lib/gcc/avr/4.9.2/avr35\libgcc.a(_clear_bss.o)
 .text.libgcc.builtins
                0x00000000        0x0 d:/additional programs/atmel/7.0/toolchain/avr8/avr8-gnu-toolchain/bin/../lib/gcc/avr/4.9.2/avr35\libgcc.a(_clear_bss.o)
 .text.libgcc.fmul
                0x00000000        0x0 d:/additional programs/atmel/7.0/toolchain/avr8/avr8-gnu-toolchain/bin/../lib/gcc/avr/4.9.2/avr35\libgcc.a(_clear_bss.o)
 .text.libgcc.fixed
                0x00000000        0x0 d:/additional programs/atmel/7.0/toolchain/avr8/avr8-gnu-toolchain/bin/../lib/gcc/avr/4.9.2/avr35\libgcc.a(_clear_bss.o)

Memory Configuration

Name             Origin             Length             Attributes
text             0x00000000         0x00010000         xr
data             0x00800060         0x0000ffa0         rw !x
eeprom           0x00810000         0x00010000         rw !x
fuse             0x00820000         0x00000003         rw !x
lock             0x00830000         0x00000400         rw !x
signature        0x00840000         0x00000400         rw !x
user_signatures  0x00850000         0x00000400         rw !x
*default*        0x00000000         0xffffffff

Linker script and memory map

Address of section .data set to 0x800100
LOAD D:/Additional Programs/Atmel/7.0/Packs/atmel/ATautomotive_DFP/1.1.96/gcc/dev/ata6617c/avr35/crtata6617c.o
LOAD ADC.o
LOAD CAN.o
LOAD CFile1.o
LOAD events.o
LOAD framework.o
LOAD IOC.o
LOAD lin_drv.o
LOAD LIN_XCVR_WD_Kicker.o
LOAD main.o
LOAD master_service.o
LOAD MS_LIN_top_layer.o
LOAD PWM.o
LOAD slave_service.o
LOAD SPI.o
LOAD timer.o
LOAD __template.o
START GROUP
LOAD d:/additional programs/atmel/7.0/toolchain/avr8/avr8-gnu-toolchain/bin/../lib/gcc/avr/4.9.2/../../../../avr/lib/avr35\libm.a
END GROUP
START GROUP
LOAD d:/additional programs/atmel/7.0/toolchain/avr8/avr8-gnu-toolchain/bin/../lib/gcc/avr/4.9.2/avr35\libgcc.a
LOAD d:/additional programs/atmel/7.0/toolchain/avr8/avr8-gnu-toolchain/bin/../lib/gcc/avr/4.9.2/../../../../avr/lib/avr35\libm.a
LOAD d:/additional programs/atmel/7.0/toolchain/avr8/avr8-gnu-toolchain/bin/../lib/gcc/avr/4.9.2/../../../../avr/lib/avr35\libc.a
LOAD D:/Additional Programs/Atmel/7.0/Packs/atmel/ATautomotive_DFP/1.1.96/gcc/dev/ata6617c/avr35\libata6617c.a
END GROUP
                0x00010000                __TEXT_REGION_LENGTH__ = DEFINED (__TEXT_REGION_LENGTH__)?__TEXT_REGION_LENGTH__:0x10000
                0x0000ffa0                __DATA_REGION_LENGTH__ = DEFINED (__DATA_REGION_LENGTH__)?__DATA_REGION_LENGTH__:0xffa0
                0x00010000                __EEPROM_REGION_LENGTH__ = DEFINED (__EEPROM_REGION_LENGTH__)?__EEPROM_REGION_LENGTH__:0x10000
                [0x00000003]                __FUSE_REGION_LENGTH__ = DEFINED (__FUSE_REGION_LENGTH__)?__FUSE_REGION_LENGTH__:0x400
                0x00000400                __LOCK_REGION_LENGTH__ = DEFINED (__LOCK_REGION_LENGTH__)?__LOCK_REGION_LENGTH__:0x400
                0x00000400                __SIGNATURE_REGION_LENGTH__ = DEFINED (__SIGNATURE_REGION_LENGTH__)?__SIGNATURE_REGION_LENGTH__:0x400
                0x00000400                __USER_SIGNATURE_REGION_LENGTH__ = DEFINED (__USER_SIGNATURE_REGION_LENGTH__)?__USER_SIGNATURE_REGION_LENGTH__:0x400

.hash
 *(.hash)

.dynsym
 *(.dynsym)

.dynstr
 *(.dynstr)

.gnu.version
 *(.gnu.version)

.gnu.version_d
 *(.gnu.version_d)

.gnu.version_r
 *(.gnu.version_r)

.rel.init
 *(.rel.init)

.rela.init
 *(.rela.init)

.rel.text
 *(.rel.text)
 *(.rel.text.*)
 *(.rel.gnu.linkonce.t*)

.rela.text
 *(.rela.text)
 *(.rela.text.*)
 *(.rela.gnu.linkonce.t*)

.rel.fini
 *(.rel.fini)

.rela.fini
 *(.rela.fini)

.rel.rodata
 *(.rel.rodata)
 *(.rel.rodata.*)
 *(.rel.gnu.linkonce.r*)

.rela.rodata
 *(.rela.rodata)
 *(.rela.rodata.*)
 *(.rela.gnu.linkonce.r*)

.rel.data
 *(.rel.data)
 *(.rel.data.*)
 *(.rel.gnu.linkonce.d*)

.rela.data
 *(.rela.data)
 *(.rela.data.*)
 *(.rela.gnu.linkonce.d*)

.rel.ctors
 *(.rel.ctors)

.rela.ctors
 *(.rela.ctors)

.rel.dtors
 *(.rel.dtors)

.rela.dtors
 *(.rela.dtors)

.rel.got
 *(.rel.got)

.rela.got
 *(.rela.got)

.rel.bss
 *(.rel.bss)

.rela.bss
 *(.rela.bss)

.rel.plt
 *(.rel.plt)

.rela.plt
 *(.rela.plt)

.text           0x00000000      0x9ea
 *(.vectors)
 .vectors       0x00000000       0x50 D:/Additional Programs/Atmel/7.0/Packs/atmel/ATautomotive_DFP/1.1.96/gcc/dev/ata6617c/avr35/crtata6617c.o
                0x00000000                __vector_default
                0x00000000                __vectors
 *(.vectors)
 *(.progmem.gcc*)
                0x00000050                . = ALIGN (0x2)
                0x00000050                __trampolines_start = .
 *(.trampolines)
 .trampolines   0x00000050        0x0 linker stubs
 *(.trampolines*)
                0x00000050                __trampolines_end = .
 *libprintf_flt.a:*(.progmem.data)
 *libc.a:*(.progmem.data)
 *(.progmem*)
                0x00000050                . = ALIGN (0x2)
 *(.jumptables)
 *(.jumptables*)
 *(.lowtext)
 *(.lowtext*)
                0x00000050                __ctors_start = .
 *(.ctors)
                0x00000050                __ctors_end = .
                0x00000050                __dtors_start = .
 *(.dtors)
                0x00000050                __dtors_end = .
 SORT(*)(.ctors)
 SORT(*)(.dtors)
 *(.init0)
 .init0         0x00000050        0x0 D:/Additional Programs/Atmel/7.0/Packs/atmel/ATautomotive_DFP/1.1.96/gcc/dev/ata6617c/avr35/crtata6617c.o
                0x00000050                __init
 *(.init0)
 *(.init1)
 *(.init1)
 *(.init2)
 .init2         0x00000050        0xc D:/Additional Programs/Atmel/7.0/Packs/atmel/ATautomotive_DFP/1.1.96/gcc/dev/ata6617c/avr35/crtata6617c.o
 *(.init2)
 *(.init3)
 *(.init3)
 *(.init4)
 .init4         0x0000005c       0x16 d:/additional programs/atmel/7.0/toolchain/avr8/avr8-gnu-toolchain/bin/../lib/gcc/avr/4.9.2/avr35\libgcc.a(_copy_data.o)
                0x0000005c                __do_copy_data
 .init4         0x00000072       0x10 d:/additional programs/atmel/7.0/toolchain/avr8/avr8-gnu-toolchain/bin/../lib/gcc/avr/4.9.2/avr35\libgcc.a(_clear_bss.o)
                0x00000072                __do_clear_bss
 *(.init4)
 *(.init5)
 *(.init5)
 *(.init6)
 *(.init6)
 *(.init7)
 *(.init7)
 *(.init8)
 *(.init8)
 *(.init9)
 .init9         0x00000082        0x8 D:/Additional Programs/Atmel/7.0/Packs/atmel/ATautomotive_DFP/1.1.96/gcc/dev/ata6617c/avr35/crtata6617c.o
 *(.init9)
 *(.text)
 .text          0x0000008a        0x4 D:/Additional Programs/Atmel/7.0/Packs/atmel/ATautomotive_DFP/1.1.96/gcc/dev/ata6617c/avr35/crtata6617c.o
                0x0000008a                __bad_interrupt
                0x0000008a                __vector_6
                0x0000008a                __vector_3
                0x0000008a                __vector_11
                0x0000008a                __vector_17
                0x0000008a                __vector_19
                0x0000008a                __vector_7
                0x0000008a                __vector_5
                0x0000008a                __vector_4
                0x0000008a                __vector_9
                0x0000008a                __vector_2
                0x0000008a                __vector_8
                0x0000008a                __vector_16
                0x0000008a                __vector_18
                0x0000008e                . = ALIGN (0x2)
 *(.text.*)
 .text.Init_ADC_Module
                0x0000008e       0x32 ADC.o
                0x0000008e                Init_ADC_Module
 .text.__vector_15
                0x000000c0       0x5a ADC.o
                0x000000c0                __vector_15
 .text.Post_Event
                0x0000011a       0x36 events.o
                0x0000011a                Post_Event
 .text.Run_Events
                0x00000150       0x7a events.o
                0x00000150                Run_Events
 .text.Initialize_Framework
                0x000001ca       0x1a framework.o
                0x000001ca                Initialize_Framework
 .text.Run_Services
                0x000001e4        0x6 framework.o
                0x000001e4                Run_Services
 .text.Init_IOC_Module
                0x000001ea       0x18 IOC.o
                0x000001ea                Init_IOC_Module
 .text.__vector_1
                0x00000202       0x16 IOC.o
                0x00000202                __vector_1
 .text.lin_init
                0x00000218       0x4a lin_drv.o
                0x00000218                lin_init
 .text.lin_tx_header
                0x00000262       0x6c lin_drv.o
                0x00000262                lin_tx_header
 .text.lin_rx_response
                0x000002ce       0x3a lin_drv.o
                0x000002ce                lin_rx_response
 .text.lin_tx_response
                0x00000308       0x62 lin_drv.o
                0x00000308                lin_tx_response
 .text.lin_get_response
                0x0000036a       0x2c lin_drv.o
                0x0000036a                lin_get_response
 .text.kick_LIN_XCVR_WD
                0x00000396       0x38 LIN_XCVR_WD_Kicker.o
 .text.Init_LIN_XCVR_WD_Kicker
                0x000003ce       0x22 LIN_XCVR_WD_Kicker.o
                0x000003ce                Init_LIN_XCVR_WD_Kicker
 .text.main     0x000003f0       0x1c main.o
                0x000003f0                main
 .text.Init_Master_Service
                0x0000040c       0x3a master_service.o
                0x0000040c                Init_Master_Service
 .text.Run_Master_Service
                0x00000446       0x88 master_service.o
                0x00000446                Run_Master_Service
 .text.MS_LIN_Initialize
                0x000004ce       0x4a MS_LIN_top_layer.o
                0x000004ce                MS_LIN_Initialize
 .text.Master_LIN_Broadcast_ID
                0x00000518        0xc MS_LIN_top_layer.o
                0x00000518                Master_LIN_Broadcast_ID
 .text.__vector_12
                0x00000524      0x126 MS_LIN_top_layer.o
                0x00000524                __vector_12
 .text.__vector_13
                0x0000064a       0x2c MS_LIN_top_layer.o
                0x0000064a                __vector_13
 .text.Init_PWM_Module
                0x00000676       0x50 PWM.o
                0x00000676                Init_PWM_Module
 .text.Set_PWM_Duty_Cycle
                0x000006c6       0x66 PWM.o
                0x000006c6                Set_PWM_Duty_Cycle
 .text.MS_SPI_Initialize
                0x0000072c       0x32 SPI.o
                0x0000072c                MS_SPI_Initialize
 .text.__vector_14
                0x0000075e       0x68 SPI.o
                0x0000075e                __vector_14
 .text.Init_Timer_Module
                0x000007c6       0x48 timer.o
                0x000007c6                Init_Timer_Module
 .text.Register_Timer
                0x0000080e       0x9a timer.o
                0x0000080e                Register_Timer
 .text.Start_Timer
                0x000008a8       0x66 timer.o
                0x000008a8                Start_Timer
 .text.__vector_10
                0x0000090e       0xd8 timer.o
                0x0000090e                __vector_10
                0x000009e6                . = ALIGN (0x2)
 *(.fini9)
 .fini9         0x000009e6        0x0 d:/additional programs/atmel/7.0/toolchain/avr8/avr8-gnu-toolchain/bin/../lib/gcc/avr/4.9.2/avr35\libgcc.a(_exit.o)
                0x000009e6                _exit
                0x000009e6                exit
 *(.fini9)
 *(.fini8)
 *(.fini8)
 *(.fini7)
 *(.fini7)
 *(.fini6)
 *(.fini6)
 *(.fini5)
 *(.fini5)
 *(.fini4)
 *(.fini4)
 *(.fini3)
 *(.fini3)
 *(.fini2)
 *(.fini2)
 *(.fini1)
 *(.fini1)
 *(.fini0)
 .fini0         0x000009e6        0x4 d:/additional programs/atmel/7.0/toolchain/avr8/avr8-gnu-toolchain/bin/../lib/gcc/avr/4.9.2/avr35\libgcc.a(_exit.o)
 *(.fini0)
                0x000009ea                _etext = .

.data           0x00800100        0xc load address 0x000009ea
                0x00800100                PROVIDE (__data_start, .)
 *(.data)
 *(.data*)
 .data.Last_ADC_Value
                0x00800100        0x2 ADC.o
 .data.Testing_Timer
                0x00800102        0x4 master_service.o
 .data.Curr_Schedule_ID
                0x00800106        0x1 master_service.o
 .data.Scheduling_Timer
                0x00800107        0x4 master_service.o
 *(.rodata)
 *(.rodata*)
 *(.gnu.linkonce.d*)
                0x0080010c                . = ALIGN (0x2)
 *fill*         0x0080010b        0x1 
                0x0080010c                _edata = .
                0x0080010c                PROVIDE (__data_end, .)

.bss            0x0080010c       0x8b
                0x0080010c                PROVIDE (__bss_start, .)
 *(.bss)
 *(.bss*)
 .bss.Pending_Events
                0x0080010c        0x4 events.o
 .bss.Parity    0x00800110        0x1 LIN_XCVR_WD_Kicker.o
 .bss.LIN_XCVR_Kick_Timer
                0x00800111        0x4 LIN_XCVR_WD_Kicker.o
 .bss.test_counter
                0x00800115        0x1 master_service.o
 .bss.My_SPI_Data
                0x00800116        0x1 master_service.o
 .bss.My_Status_Data
                0x00800117        0x6 master_service.o
 .bss.My_Command_Data
                0x0080011d        0x6 master_service.o
 .bss.My_Node_ID
                0x00800123        0x1 master_service.o
 .bss.My_LIN_Error_Count
                0x00800124        0x1 MS_LIN_top_layer.o
 .bss.p_My_Status_Data
                0x00800125        0x2 MS_LIN_top_layer.o
 .bss.p_My_Command_Data
                0x00800127        0x2 MS_LIN_top_layer.o
 .bss.p_My_Node_ID
                0x00800129        0x2 MS_LIN_top_layer.o
 .bss.data_index
                0x0080012b        0x1 SPI.o
 .bss.Master_Slave_Identifier
                0x0080012c        0x1 SPI.o
 .bss.p_My_SPI_Data
                0x0080012d        0x2 SPI.o
 .bss.Timers    0x0080012f       0x68 timer.o
 *(COMMON)
                0x00800197                PROVIDE (__bss_end, .)
                0x000009ea                __data_load_start = LOADADDR (.data)
                0x000009f6                __data_load_end = (__data_load_start + SIZEOF (.data))

.noinit         0x00800197        0x0
                [!provide]                PROVIDE (__noinit_start, .)
 *(.noinit*)
                [!provide]                PROVIDE (__noinit_end, .)
                0x00800197                _end = .
                [!provide]                PROVIDE (__heap_start, .)

.eeprom         0x00810000        0x0
 *(.eeprom*)
                0x00810000                __eeprom_end = .

.fuse
 *(.fuse)
 *(.lfuse)
 *(.hfuse)
 *(.efuse)

.lock
 *(.lock*)

.signature
 *(.signature*)

.user_signatures
 *(.user_signatures*)

.stab
 *(.stab)

.stabstr
 *(.stabstr)

.stab.excl
 *(.stab.excl)

.stab.exclstr
 *(.stab.exclstr)

.stab.index
 *(.stab.index)

.stab.indexstr
 *(.stab.indexstr)

.comment        0x00000000       0x30
 *(.comment)
 .comment       0x00000000       0x30 ADC.o
                                 0x31 (size before relaxing)
 .comment       0x00000030       0x31 events.o
 .comment       0x00000030       0x31 framework.o
 .comment       0x00000030       0x31 IOC.o
 .comment       0x00000030       0x31 lin_drv.o
 .comment       0x00000030       0x31 LIN_XCVR_WD_Kicker.o
 .comment       0x00000030       0x31 main.o
 .comment       0x00000030       0x31 master_service.o
 .comment       0x00000030       0x31 MS_LIN_top_layer.o
 .comment       0x00000030       0x31 PWM.o
 .comment       0x00000030       0x31 SPI.o
 .comment       0x00000030       0x31 timer.o

.note.gnu.avr.deviceinfo
                0x00000000       0x3c
 .note.gnu.avr.deviceinfo
                0x00000000       0x3c D:/Additional Programs/Atmel/7.0/Packs/atmel/ATautomotive_DFP/1.1.96/gcc/dev/ata6617c/avr35/crtata6617c.o

.note.gnu.build-id
 *(.note.gnu.build-id)

.debug
 *(.debug)

.line
 *(.line)

.debug_srcinfo
 *(.debug_srcinfo)

.debug_sfnames
 *(.debug_sfnames)

.debug_aranges  0x00000000      0x238
 *(.debug_aranges)
 .debug_aranges
                0x00000000       0x38 ADC.o
 .debug_aranges
                0x00000038       0x28 events.o
 .debug_aranges
                0x00000060       0x28 framework.o
 .debug_aranges
                0x00000088       0x28 IOC.o
 .debug_aranges
                0x000000b0       0x40 lin_drv.o
 .debug_aranges
                0x000000f0       0x28 LIN_XCVR_WD_Kicker.o
 .debug_aranges
                0x00000118       0x20 main.o
 .debug_aranges
                0x00000138       0x28 master_service.o
 .debug_aranges
                0x00000160       0x38 MS_LIN_top_layer.o
 .debug_aranges
                0x00000198       0x28 PWM.o
 .debug_aranges
                0x000001c0       0x30 SPI.o
 .debug_aranges
                0x000001f0       0x48 timer.o

.debug_pubnames
 *(.debug_pubnames)

.debug_info     0x00000000     0x1b7d
 *(.debug_info .gnu.linkonce.wi.*)
 .debug_info    0x00000000      0x5f4 D:/Additional Programs/Atmel/7.0/Packs/atmel/ATautomotive_DFP/1.1.96/gcc/dev/ata6617c/avr35/crtata6617c.o
 .debug_info    0x000005f4       0xe5 ADC.o
 .debug_info    0x000006d9      0x152 events.o
 .debug_info    0x0000082b      0x150 framework.o
 .debug_info    0x0000097b       0x99 IOC.o
 .debug_info    0x00000a14      0x1dd lin_drv.o
 .debug_info    0x00000bf1      0x1d7 LIN_XCVR_WD_Kicker.o
 .debug_info    0x00000dc8       0xb2 main.o
 .debug_info    0x00000e7a      0x39b master_service.o
 .debug_info    0x00001215      0x388 MS_LIN_top_layer.o
 .debug_info    0x0000159d      0x1bb PWM.o
 .debug_info    0x00001758      0x12a SPI.o
 .debug_info    0x00001882      0x2fb timer.o

.debug_abbrev   0x00000000     0x10d5
 *(.debug_abbrev)
 .debug_abbrev  0x00000000      0x5a2 D:/Additional Programs/Atmel/7.0/Packs/atmel/ATautomotive_DFP/1.1.96/gcc/dev/ata6617c/avr35/crtata6617c.o
 .debug_abbrev  0x000005a2       0x92 ADC.o
 .debug_abbrev  0x00000634      0x10c events.o
 .debug_abbrev  0x00000740       0xad framework.o
 .debug_abbrev  0x000007ed       0x69 IOC.o
 .debug_abbrev  0x00000856       0xb2 lin_drv.o
 .debug_abbrev  0x00000908       0xea LIN_XCVR_WD_Kicker.o
 .debug_abbrev  0x000009f2       0x71 main.o
 .debug_abbrev  0x00000a63      0x155 master_service.o
 .debug_abbrev  0x00000bb8      0x19b MS_LIN_top_layer.o
 .debug_abbrev  0x00000d53      0x157 PWM.o
 .debug_abbrev  0x00000eaa       0xc4 SPI.o
 .debug_abbrev  0x00000f6e      0x167 timer.o

.debug_line     0x00000000     0x1199
 *(.debug_line .debug_line.* .debug_line_end)
 .debug_line    0x00000000      0x10f D:/Additional Programs/Atmel/7.0/Packs/atmel/ATautomotive_DFP/1.1.96/gcc/dev/ata6617c/avr35/crtata6617c.o
 .debug_line    0x0000010f      0x115 ADC.o
 .debug_line    0x00000224       0xf7 events.o
 .debug_line    0x0000031b      0x126 framework.o
 .debug_line    0x00000441       0xcf IOC.o
 .debug_line    0x00000510      0x22d lin_drv.o
 .debug_line    0x0000073d       0xfb LIN_XCVR_WD_Kicker.o
 .debug_line    0x00000838       0xd9 main.o
 .debug_line    0x00000911      0x177 master_service.o
 .debug_line    0x00000a88      0x1bd MS_LIN_top_layer.o
 .debug_line    0x00000c45      0x1a4 PWM.o
 .debug_line    0x00000de9      0x13a SPI.o
 .debug_line    0x00000f23      0x276 timer.o

.debug_frame    0x00000000      0x46c
 *(.debug_frame)
 .debug_frame   0x00000000       0x78 ADC.o
 .debug_frame   0x00000078       0x40 events.o
 .debug_frame   0x000000b8       0x34 framework.o
 .debug_frame   0x000000ec       0x40 IOC.o
 .debug_frame   0x0000012c       0x64 lin_drv.o
 .debug_frame   0x00000190       0x34 LIN_XCVR_WD_Kicker.o
 .debug_frame   0x000001c4       0x24 main.o
 .debug_frame   0x000001e8       0x34 master_service.o
 .debug_frame   0x0000021c       0xcc MS_LIN_top_layer.o
 .debug_frame   0x000002e8       0x34 PWM.o
 .debug_frame   0x0000031c       0x6c SPI.o
 .debug_frame   0x00000388       0xe4 timer.o

.debug_str      0x00000000      0x939
 *(.debug_str)
 .debug_str     0x00000000      0x21d D:/Additional Programs/Atmel/7.0/Packs/atmel/ATautomotive_DFP/1.1.96/gcc/dev/ata6617c/avr35/crtata6617c.o
 .debug_str     0x0000021d      0x18b ADC.o
                                0x1bf (size before relaxing)
 .debug_str     0x000003a8       0x71 events.o
                                0x1c4 (size before relaxing)
 .debug_str     0x00000419       0x97 framework.o
                                0x216 (size before relaxing)
 .debug_str     0x000004b0       0x16 IOC.o
                                0x181 (size before relaxing)
 .debug_str     0x000004c6       0x77 lin_drv.o
                                0x1d2 (size before relaxing)
 .debug_str     0x0000053d       0x73 LIN_XCVR_WD_Kicker.o
                                0x1ef (size before relaxing)
 .debug_str     0x000005b0       0x11 main.o
                                0x18c (size before relaxing)
 .debug_str     0x000005c1       0xf8 master_service.o
                                0x2ea (size before relaxing)
 .debug_str     0x000006b9       0xe5 MS_LIN_top_layer.o
                                0x2c6 (size before relaxing)
 .debug_str     0x0000079e       0x5f PWM.o
                                0x21b (size before relaxing)
 .debug_str     0x000007fd       0x6c SPI.o
                                0x1e8 (size before relaxing)
 .debug_str     0x00000869       0xd0 timer.o
                                0x289 (size before relaxing)

.debug_loc      0x00000000      0xcec
 *(.debug_loc)
 .debug_loc     0x00000000       0x70 ADC.o
 .debug_loc     0x00000070       0x96 events.o
 .debug_loc     0x00000106       0x2c framework.o
 .debug_loc     0x00000132       0x2f IOC.o
 .debug_loc     0x00000161      0x362 lin_drv.o
 .debug_loc     0x000004c3       0x50 LIN_XCVR_WD_Kicker.o
 .debug_loc     0x00000513       0xb4 master_service.o
 .debug_loc     0x000005c7      0x2ee MS_LIN_top_layer.o
 .debug_loc     0x000008b5       0xd9 PWM.o
 .debug_loc     0x0000098e       0xa5 SPI.o
 .debug_loc     0x00000a33      0x2b9 timer.o

.debug_macinfo
 *(.debug_macinfo)

.debug_weaknames
 *(.debug_weaknames)

.debug_funcnames
 *(.debug_funcnames)

.debug_typenames
 *(.debug_typenames)

.debug_varnames
 *(.debug_varnames)

.debug_pubtypes
 *(.debug_pubtypes)

.debug_ranges   0x00000000      0x178
 *(.debug_ranges)
 .debug_ranges  0x00000000       0x28 ADC.o
 .debug_ranges  0x00000028       0x18 events.o
 .debug_ranges  0x00000040       0x18 framework.o
 .debug_ranges  0x00000058       0x18 IOC.o
 .debug_ranges  0x00000070       0x30 lin_drv.o
 .debug_ranges  0x000000a0       0x18 LIN_XCVR_WD_Kicker.o
 .debug_ranges  0x000000b8       0x10 main.o
 .debug_ranges  0x000000c8       0x18 master_service.o
 .debug_ranges  0x000000e0       0x28 MS_LIN_top_layer.o
 .debug_ranges  0x00000108       0x18 PWM.o
 .debug_ranges  0x00000120       0x20 SPI.o
 .debug_ranges  0x00000140       0x38 timer.o

.debug_macro
 *(.debug_macro)
OUTPUT(Ford_360_Lighting_Project.elf elf32-avr)
LOAD linker stubs
