Archive member included to satisfy reference by file (symbol)

c:/program files (x86)/atmel/studio/7.0/toolchain/avr8/avr8-gnu-toolchain/bin/../lib/gcc/avr/4.9.2/avr35\libgcc.a(_udivmodsi4.o)
                              timer.o (__udivmodsi4)
c:/program files (x86)/atmel/studio/7.0/toolchain/avr8/avr8-gnu-toolchain/bin/../lib/gcc/avr/4.9.2/avr35\libgcc.a(_exit.o)
                              C:/Program Files (x86)/Atmel/Studio/7.0/Packs/atmel/ATautomotive_DFP/1.1.96/gcc/dev/ata6617c/avr35/crtata6617c.o (exit)
c:/program files (x86)/atmel/studio/7.0/toolchain/avr8/avr8-gnu-toolchain/bin/../lib/gcc/avr/4.9.2/avr35\libgcc.a(_copy_data.o)
                              ADC.o (__do_copy_data)
c:/program files (x86)/atmel/studio/7.0/toolchain/avr8/avr8-gnu-toolchain/bin/../lib/gcc/avr/4.9.2/avr35\libgcc.a(_clear_bss.o)
                              analog_servo_drv.o (__do_clear_bss)

Discarded input sections

 .data          0x00000000        0x0 C:/Program Files (x86)/Atmel/Studio/7.0/Packs/atmel/ATautomotive_DFP/1.1.96/gcc/dev/ata6617c/avr35/crtata6617c.o
 .bss           0x00000000        0x0 C:/Program Files (x86)/Atmel/Studio/7.0/Packs/atmel/ATautomotive_DFP/1.1.96/gcc/dev/ata6617c/avr35/crtata6617c.o
 .text          0x00000000        0x0 ADC.o
 .data          0x00000000        0x0 ADC.o
 .bss           0x00000000        0x0 ADC.o
 .text.Get_ADC_Result
                0x00000000        0xa ADC.o
 .text.Start_ADC_Measurement
                0x00000000        0xc ADC.o
 .text          0x00000000        0x0 analog_servo_drv.o
 .data          0x00000000        0x0 analog_servo_drv.o
 .bss           0x00000000        0x0 analog_servo_drv.o
 .text.Release_Analog_Servo
                0x00000000        0x6 analog_servo_drv.o
 .text          0x00000000        0x0 events.o
 .data          0x00000000        0x0 events.o
 .bss           0x00000000        0x0 events.o
 .text          0x00000000        0x0 framework.o
 .data          0x00000000        0x0 framework.o
 .bss           0x00000000        0x0 framework.o
 .text          0x00000000        0x0 IOC.o
 .data          0x00000000        0x0 IOC.o
 .bss           0x00000000        0x0 IOC.o
 .text          0x00000000        0x0 lin_drv.o
 .data          0x00000000        0x0 lin_drv.o
 .bss           0x00000000        0x0 lin_drv.o
 .text          0x00000000        0x0 LIN_XCVR_WD_Kicker.o
 .data          0x00000000        0x0 LIN_XCVR_WD_Kicker.o
 .bss           0x00000000        0x0 LIN_XCVR_WD_Kicker.o
 .text          0x00000000        0x0 main.o
 .data          0x00000000        0x0 main.o
 .bss           0x00000000        0x0 main.o
 .text          0x00000000        0x0 master_service.o
 .data          0x00000000        0x0 master_service.o
 .bss           0x00000000        0x0 master_service.o
 .text          0x00000000        0x0 MS_LIN_top_layer.o
 .data          0x00000000        0x0 MS_LIN_top_layer.o
 .bss           0x00000000        0x0 MS_LIN_top_layer.o
 .text          0x00000000        0x0 PWM.o
 .data          0x00000000        0x0 PWM.o
 .bss           0x00000000        0x0 PWM.o
 .text          0x00000000        0x0 slave_service.o
 .data          0x00000000        0x0 slave_service.o
 .bss           0x00000000        0x0 slave_service.o
 .text.Init_Slave_Service
                0x00000000       0x2e slave_service.o
 .text.Run_Slave_Service
                0x00000000       0x5c slave_service.o
 .bss.Last_Command
                0x00000000        0x1 slave_service.o
 .bss.My_Status_Data
                0x00000000        0x2 slave_service.o
 .bss.My_Command_Data
                0x00000000        0x2 slave_service.o
 .bss.My_Node_ID
                0x00000000        0x1 slave_service.o
 .debug_info    0x00000000      0x264 slave_service.o
 .debug_abbrev  0x00000000      0x161 slave_service.o
 .debug_loc     0x00000000       0x63 slave_service.o
 .debug_aranges
                0x00000000       0x28 slave_service.o
 .debug_ranges  0x00000000       0x18 slave_service.o
 .debug_line    0x00000000      0x13e slave_service.o
 .debug_str     0x00000000      0x28c slave_service.o
 .comment       0x00000000       0x31 slave_service.o
 .debug_frame   0x00000000       0x34 slave_service.o
 .text          0x00000000        0x0 timer.o
 .data          0x00000000        0x0 timer.o
 .bss           0x00000000        0x0 timer.o
 .text.Get_Time_Timer
                0x00000000       0x6e timer.o
 .text          0x00000000        0x0 __template.o
 .data          0x00000000        0x0 __template.o
 .bss           0x00000000        0x0 __template.o
 .text.Template_Public_Function
                0x00000000        0x6 __template.o
 .bss.template_var
                0x00000000        0x1 __template.o
 .debug_info    0x00000000       0xb1 __template.o
 .debug_abbrev  0x00000000       0x80 __template.o
 .debug_aranges
                0x00000000       0x20 __template.o
 .debug_ranges  0x00000000       0x10 __template.o
 .debug_line    0x00000000       0xa8 __template.o
 .debug_str     0x00000000      0x1ac __template.o
 .comment       0x00000000       0x31 __template.o
 .debug_frame   0x00000000       0x24 __template.o
 .text          0x00000000        0x0 c:/program files (x86)/atmel/studio/7.0/toolchain/avr8/avr8-gnu-toolchain/bin/../lib/gcc/avr/4.9.2/avr35\libgcc.a(_udivmodsi4.o)
 .data          0x00000000        0x0 c:/program files (x86)/atmel/studio/7.0/toolchain/avr8/avr8-gnu-toolchain/bin/../lib/gcc/avr/4.9.2/avr35\libgcc.a(_udivmodsi4.o)
 .bss           0x00000000        0x0 c:/program files (x86)/atmel/studio/7.0/toolchain/avr8/avr8-gnu-toolchain/bin/../lib/gcc/avr/4.9.2/avr35\libgcc.a(_udivmodsi4.o)
 .text.libgcc.mul
                0x00000000        0x0 c:/program files (x86)/atmel/studio/7.0/toolchain/avr8/avr8-gnu-toolchain/bin/../lib/gcc/avr/4.9.2/avr35\libgcc.a(_udivmodsi4.o)
 .text.libgcc.div
                0x00000000       0x44 c:/program files (x86)/atmel/studio/7.0/toolchain/avr8/avr8-gnu-toolchain/bin/../lib/gcc/avr/4.9.2/avr35\libgcc.a(_udivmodsi4.o)
 .text.libgcc   0x00000000        0x0 c:/program files (x86)/atmel/studio/7.0/toolchain/avr8/avr8-gnu-toolchain/bin/../lib/gcc/avr/4.9.2/avr35\libgcc.a(_udivmodsi4.o)
 .text.libgcc.prologue
                0x00000000        0x0 c:/program files (x86)/atmel/studio/7.0/toolchain/avr8/avr8-gnu-toolchain/bin/../lib/gcc/avr/4.9.2/avr35\libgcc.a(_udivmodsi4.o)
 .text.libgcc.builtins
                0x00000000        0x0 c:/program files (x86)/atmel/studio/7.0/toolchain/avr8/avr8-gnu-toolchain/bin/../lib/gcc/avr/4.9.2/avr35\libgcc.a(_udivmodsi4.o)
 .text.libgcc.fmul
                0x00000000        0x0 c:/program files (x86)/atmel/studio/7.0/toolchain/avr8/avr8-gnu-toolchain/bin/../lib/gcc/avr/4.9.2/avr35\libgcc.a(_udivmodsi4.o)
 .text.libgcc.fixed
                0x00000000        0x0 c:/program files (x86)/atmel/studio/7.0/toolchain/avr8/avr8-gnu-toolchain/bin/../lib/gcc/avr/4.9.2/avr35\libgcc.a(_udivmodsi4.o)
 .text          0x00000000        0x0 c:/program files (x86)/atmel/studio/7.0/toolchain/avr8/avr8-gnu-toolchain/bin/../lib/gcc/avr/4.9.2/avr35\libgcc.a(_exit.o)
 .data          0x00000000        0x0 c:/program files (x86)/atmel/studio/7.0/toolchain/avr8/avr8-gnu-toolchain/bin/../lib/gcc/avr/4.9.2/avr35\libgcc.a(_exit.o)
 .bss           0x00000000        0x0 c:/program files (x86)/atmel/studio/7.0/toolchain/avr8/avr8-gnu-toolchain/bin/../lib/gcc/avr/4.9.2/avr35\libgcc.a(_exit.o)
 .text.libgcc.mul
                0x00000000        0x0 c:/program files (x86)/atmel/studio/7.0/toolchain/avr8/avr8-gnu-toolchain/bin/../lib/gcc/avr/4.9.2/avr35\libgcc.a(_exit.o)
 .text.libgcc.div
                0x00000000        0x0 c:/program files (x86)/atmel/studio/7.0/toolchain/avr8/avr8-gnu-toolchain/bin/../lib/gcc/avr/4.9.2/avr35\libgcc.a(_exit.o)
 .text.libgcc   0x00000000        0x0 c:/program files (x86)/atmel/studio/7.0/toolchain/avr8/avr8-gnu-toolchain/bin/../lib/gcc/avr/4.9.2/avr35\libgcc.a(_exit.o)
 .text.libgcc.prologue
                0x00000000        0x0 c:/program files (x86)/atmel/studio/7.0/toolchain/avr8/avr8-gnu-toolchain/bin/../lib/gcc/avr/4.9.2/avr35\libgcc.a(_exit.o)
 .text.libgcc.builtins
                0x00000000        0x0 c:/program files (x86)/atmel/studio/7.0/toolchain/avr8/avr8-gnu-toolchain/bin/../lib/gcc/avr/4.9.2/avr35\libgcc.a(_exit.o)
 .text.libgcc.fmul
                0x00000000        0x0 c:/program files (x86)/atmel/studio/7.0/toolchain/avr8/avr8-gnu-toolchain/bin/../lib/gcc/avr/4.9.2/avr35\libgcc.a(_exit.o)
 .text.libgcc.fixed
                0x00000000        0x0 c:/program files (x86)/atmel/studio/7.0/toolchain/avr8/avr8-gnu-toolchain/bin/../lib/gcc/avr/4.9.2/avr35\libgcc.a(_exit.o)
 .text          0x00000000        0x0 c:/program files (x86)/atmel/studio/7.0/toolchain/avr8/avr8-gnu-toolchain/bin/../lib/gcc/avr/4.9.2/avr35\libgcc.a(_copy_data.o)
 .data          0x00000000        0x0 c:/program files (x86)/atmel/studio/7.0/toolchain/avr8/avr8-gnu-toolchain/bin/../lib/gcc/avr/4.9.2/avr35\libgcc.a(_copy_data.o)
 .bss           0x00000000        0x0 c:/program files (x86)/atmel/studio/7.0/toolchain/avr8/avr8-gnu-toolchain/bin/../lib/gcc/avr/4.9.2/avr35\libgcc.a(_copy_data.o)
 .text.libgcc.mul
                0x00000000        0x0 c:/program files (x86)/atmel/studio/7.0/toolchain/avr8/avr8-gnu-toolchain/bin/../lib/gcc/avr/4.9.2/avr35\libgcc.a(_copy_data.o)
 .text.libgcc.div
                0x00000000        0x0 c:/program files (x86)/atmel/studio/7.0/toolchain/avr8/avr8-gnu-toolchain/bin/../lib/gcc/avr/4.9.2/avr35\libgcc.a(_copy_data.o)
 .text.libgcc   0x00000000        0x0 c:/program files (x86)/atmel/studio/7.0/toolchain/avr8/avr8-gnu-toolchain/bin/../lib/gcc/avr/4.9.2/avr35\libgcc.a(_copy_data.o)
 .text.libgcc.prologue
                0x00000000        0x0 c:/program files (x86)/atmel/studio/7.0/toolchain/avr8/avr8-gnu-toolchain/bin/../lib/gcc/avr/4.9.2/avr35\libgcc.a(_copy_data.o)
 .text.libgcc.builtins
                0x00000000        0x0 c:/program files (x86)/atmel/studio/7.0/toolchain/avr8/avr8-gnu-toolchain/bin/../lib/gcc/avr/4.9.2/avr35\libgcc.a(_copy_data.o)
 .text.libgcc.fmul
                0x00000000        0x0 c:/program files (x86)/atmel/studio/7.0/toolchain/avr8/avr8-gnu-toolchain/bin/../lib/gcc/avr/4.9.2/avr35\libgcc.a(_copy_data.o)
 .text.libgcc.fixed
                0x00000000        0x0 c:/program files (x86)/atmel/studio/7.0/toolchain/avr8/avr8-gnu-toolchain/bin/../lib/gcc/avr/4.9.2/avr35\libgcc.a(_copy_data.o)
 .text          0x00000000        0x0 c:/program files (x86)/atmel/studio/7.0/toolchain/avr8/avr8-gnu-toolchain/bin/../lib/gcc/avr/4.9.2/avr35\libgcc.a(_clear_bss.o)
 .data          0x00000000        0x0 c:/program files (x86)/atmel/studio/7.0/toolchain/avr8/avr8-gnu-toolchain/bin/../lib/gcc/avr/4.9.2/avr35\libgcc.a(_clear_bss.o)
 .bss           0x00000000        0x0 c:/program files (x86)/atmel/studio/7.0/toolchain/avr8/avr8-gnu-toolchain/bin/../lib/gcc/avr/4.9.2/avr35\libgcc.a(_clear_bss.o)
 .text.libgcc.mul
                0x00000000        0x0 c:/program files (x86)/atmel/studio/7.0/toolchain/avr8/avr8-gnu-toolchain/bin/../lib/gcc/avr/4.9.2/avr35\libgcc.a(_clear_bss.o)
 .text.libgcc.div
                0x00000000        0x0 c:/program files (x86)/atmel/studio/7.0/toolchain/avr8/avr8-gnu-toolchain/bin/../lib/gcc/avr/4.9.2/avr35\libgcc.a(_clear_bss.o)
 .text.libgcc   0x00000000        0x0 c:/program files (x86)/atmel/studio/7.0/toolchain/avr8/avr8-gnu-toolchain/bin/../lib/gcc/avr/4.9.2/avr35\libgcc.a(_clear_bss.o)
 .text.libgcc.prologue
                0x00000000        0x0 c:/program files (x86)/atmel/studio/7.0/toolchain/avr8/avr8-gnu-toolchain/bin/../lib/gcc/avr/4.9.2/avr35\libgcc.a(_clear_bss.o)
 .text.libgcc.builtins
                0x00000000        0x0 c:/program files (x86)/atmel/studio/7.0/toolchain/avr8/avr8-gnu-toolchain/bin/../lib/gcc/avr/4.9.2/avr35\libgcc.a(_clear_bss.o)
 .text.libgcc.fmul
                0x00000000        0x0 c:/program files (x86)/atmel/studio/7.0/toolchain/avr8/avr8-gnu-toolchain/bin/../lib/gcc/avr/4.9.2/avr35\libgcc.a(_clear_bss.o)
 .text.libgcc.fixed
                0x00000000        0x0 c:/program files (x86)/atmel/studio/7.0/toolchain/avr8/avr8-gnu-toolchain/bin/../lib/gcc/avr/4.9.2/avr35\libgcc.a(_clear_bss.o)

Memory Configuration

Name             Origin             Length             Attributes
text             0x00000000         0x00010000         xr
data             0x00800060         0x0000ffa0         rw !x
eeprom           0x00810000         0x00010000         rw !x
fuse             0x00820000         0x00000003         rw !x
lock             0x00830000         0x00000400         rw !x
signature        0x00840000         0x00000400         rw !x
user_signatures  0x00850000         0x00000400         rw !x
*default*        0x00000000         0xffffffff

Linker script and memory map

Address of section .data set to 0x800100
LOAD C:/Program Files (x86)/Atmel/Studio/7.0/Packs/atmel/ATautomotive_DFP/1.1.96/gcc/dev/ata6617c/avr35/crtata6617c.o
LOAD ADC.o
LOAD analog_servo_drv.o
LOAD events.o
LOAD framework.o
LOAD IOC.o
LOAD lin_drv.o
LOAD LIN_XCVR_WD_Kicker.o
LOAD main.o
LOAD master_service.o
LOAD MS_LIN_top_layer.o
LOAD PWM.o
LOAD slave_service.o
LOAD timer.o
LOAD __template.o
START GROUP
LOAD c:/program files (x86)/atmel/studio/7.0/toolchain/avr8/avr8-gnu-toolchain/bin/../lib/gcc/avr/4.9.2/../../../../avr/lib/avr35\libm.a
END GROUP
START GROUP
LOAD c:/program files (x86)/atmel/studio/7.0/toolchain/avr8/avr8-gnu-toolchain/bin/../lib/gcc/avr/4.9.2/avr35\libgcc.a
LOAD c:/program files (x86)/atmel/studio/7.0/toolchain/avr8/avr8-gnu-toolchain/bin/../lib/gcc/avr/4.9.2/../../../../avr/lib/avr35\libm.a
LOAD c:/program files (x86)/atmel/studio/7.0/toolchain/avr8/avr8-gnu-toolchain/bin/../lib/gcc/avr/4.9.2/../../../../avr/lib/avr35\libc.a
LOAD C:/Program Files (x86)/Atmel/Studio/7.0/Packs/atmel/ATautomotive_DFP/1.1.96/gcc/dev/ata6617c/avr35\libata6617c.a
END GROUP
                0x00010000                __TEXT_REGION_LENGTH__ = DEFINED (__TEXT_REGION_LENGTH__)?__TEXT_REGION_LENGTH__:0x10000
                0x0000ffa0                __DATA_REGION_LENGTH__ = DEFINED (__DATA_REGION_LENGTH__)?__DATA_REGION_LENGTH__:0xffa0
                0x00010000                __EEPROM_REGION_LENGTH__ = DEFINED (__EEPROM_REGION_LENGTH__)?__EEPROM_REGION_LENGTH__:0x10000
                [0x00000003]                __FUSE_REGION_LENGTH__ = DEFINED (__FUSE_REGION_LENGTH__)?__FUSE_REGION_LENGTH__:0x400
                0x00000400                __LOCK_REGION_LENGTH__ = DEFINED (__LOCK_REGION_LENGTH__)?__LOCK_REGION_LENGTH__:0x400
                0x00000400                __SIGNATURE_REGION_LENGTH__ = DEFINED (__SIGNATURE_REGION_LENGTH__)?__SIGNATURE_REGION_LENGTH__:0x400
                0x00000400                __USER_SIGNATURE_REGION_LENGTH__ = DEFINED (__USER_SIGNATURE_REGION_LENGTH__)?__USER_SIGNATURE_REGION_LENGTH__:0x400

.hash
 *(.hash)

.dynsym
 *(.dynsym)

.dynstr
 *(.dynstr)

.gnu.version
 *(.gnu.version)

.gnu.version_d
 *(.gnu.version_d)

.gnu.version_r
 *(.gnu.version_r)

.rel.init
 *(.rel.init)

.rela.init
 *(.rela.init)

.rel.text
 *(.rel.text)
 *(.rel.text.*)
 *(.rel.gnu.linkonce.t*)

.rela.text
 *(.rela.text)
 *(.rela.text.*)
 *(.rela.gnu.linkonce.t*)

.rel.fini
 *(.rel.fini)

.rela.fini
 *(.rela.fini)

.rel.rodata
 *(.rel.rodata)
 *(.rel.rodata.*)
 *(.rel.gnu.linkonce.r*)

.rela.rodata
 *(.rela.rodata)
 *(.rela.rodata.*)
 *(.rela.gnu.linkonce.r*)

.rel.data
 *(.rel.data)
 *(.rel.data.*)
 *(.rel.gnu.linkonce.d*)

.rela.data
 *(.rela.data)
 *(.rela.data.*)
 *(.rela.gnu.linkonce.d*)

.rel.ctors
 *(.rel.ctors)

.rela.ctors
 *(.rela.ctors)

.rel.dtors
 *(.rel.dtors)

.rela.dtors
 *(.rela.dtors)

.rel.got
 *(.rel.got)

.rela.got
 *(.rela.got)

.rel.bss
 *(.rel.bss)

.rela.bss
 *(.rela.bss)

.rel.plt
 *(.rel.plt)

.rela.plt
 *(.rela.plt)

.text           0x00000000      0xb8a
 *(.vectors)
 .vectors       0x00000000       0x50 C:/Program Files (x86)/Atmel/Studio/7.0/Packs/atmel/ATautomotive_DFP/1.1.96/gcc/dev/ata6617c/avr35/crtata6617c.o
                0x00000000                __vector_default
                0x00000000                __vectors
 *(.vectors)
 *(.progmem.gcc*)
                0x00000050                . = ALIGN (0x2)
                0x00000050                __trampolines_start = .
 *(.trampolines)
 .trampolines   0x00000050        0x0 linker stubs
 *(.trampolines*)
                0x00000050                __trampolines_end = .
 *libprintf_flt.a:*(.progmem.data)
 *libc.a:*(.progmem.data)
 *(.progmem*)
                0x00000050                . = ALIGN (0x2)
 *(.jumptables)
 *(.jumptables*)
 *(.lowtext)
 *(.lowtext*)
                0x00000050                __ctors_start = .
 *(.ctors)
                0x00000050                __ctors_end = .
                0x00000050                __dtors_start = .
 *(.dtors)
                0x00000050                __dtors_end = .
 SORT(*)(.ctors)
 SORT(*)(.dtors)
 *(.init0)
 .init0         0x00000050        0x0 C:/Program Files (x86)/Atmel/Studio/7.0/Packs/atmel/ATautomotive_DFP/1.1.96/gcc/dev/ata6617c/avr35/crtata6617c.o
                0x00000050                __init
 *(.init0)
 *(.init1)
 *(.init1)
 *(.init2)
 .init2         0x00000050        0xc C:/Program Files (x86)/Atmel/Studio/7.0/Packs/atmel/ATautomotive_DFP/1.1.96/gcc/dev/ata6617c/avr35/crtata6617c.o
 *(.init2)
 *(.init3)
 *(.init3)
 *(.init4)
 .init4         0x0000005c       0x16 c:/program files (x86)/atmel/studio/7.0/toolchain/avr8/avr8-gnu-toolchain/bin/../lib/gcc/avr/4.9.2/avr35\libgcc.a(_copy_data.o)
                0x0000005c                __do_copy_data
 .init4         0x00000072       0x10 c:/program files (x86)/atmel/studio/7.0/toolchain/avr8/avr8-gnu-toolchain/bin/../lib/gcc/avr/4.9.2/avr35\libgcc.a(_clear_bss.o)
                0x00000072                __do_clear_bss
 *(.init4)
 *(.init5)
 *(.init5)
 *(.init6)
 *(.init6)
 *(.init7)
 *(.init7)
 *(.init8)
 *(.init8)
 *(.init9)
 .init9         0x00000082        0x8 C:/Program Files (x86)/Atmel/Studio/7.0/Packs/atmel/ATautomotive_DFP/1.1.96/gcc/dev/ata6617c/avr35/crtata6617c.o
 *(.init9)
 *(.text)
 .text          0x0000008a        0x4 C:/Program Files (x86)/Atmel/Studio/7.0/Packs/atmel/ATautomotive_DFP/1.1.96/gcc/dev/ata6617c/avr35/crtata6617c.o
                0x0000008a                __bad_interrupt
                0x0000008a                __vector_6
                0x0000008a                __vector_3
                0x0000008a                __vector_11
                0x0000008a                __vector_17
                0x0000008a                __vector_19
                0x0000008a                __vector_7
                0x0000008a                __vector_5
                0x0000008a                __vector_4
                0x0000008a                __vector_9
                0x0000008a                __vector_2
                0x0000008a                __vector_8
                0x0000008a                __vector_14
                0x0000008a                __vector_16
                0x0000008a                __vector_18
                0x0000008e                . = ALIGN (0x2)
 *(.text.*)
 .text.Init_ADC_Module
                0x0000008e       0x32 ADC.o
                0x0000008e                Init_ADC_Module
 .text.__vector_15
                0x000000c0       0x5a ADC.o
                0x000000c0                __vector_15
 .text.stop_signal
                0x0000011a        0x6 analog_servo_drv.o
 .text.generate_signal
                0x00000120       0x5e analog_servo_drv.o
 .text.Init_Analog_Servo_Driver
                0x0000017e       0x36 analog_servo_drv.o
                0x0000017e                Init_Analog_Servo_Driver
 .text.Move_Analog_Servo_To_Position
                0x000001b4       0x26 analog_servo_drv.o
                0x000001b4                Move_Analog_Servo_To_Position
 .text.Hold_Analog_Servo_Position
                0x000001da       0x24 analog_servo_drv.o
                0x000001da                Hold_Analog_Servo_Position
 .text.Post_Event
                0x000001fe       0x36 events.o
                0x000001fe                Post_Event
 .text.Run_Events
                0x00000234       0x7a events.o
                0x00000234                Run_Events
 .text.Initialize_Framework
                0x000002ae       0x1e framework.o
                0x000002ae                Initialize_Framework
 .text.Run_Services
                0x000002cc        0x6 framework.o
                0x000002cc                Run_Services
 .text.Init_IOC_Module
                0x000002d2       0x18 IOC.o
                0x000002d2                Init_IOC_Module
 .text.__vector_1
                0x000002ea       0x16 IOC.o
                0x000002ea                __vector_1
 .text.lin_init
                0x00000300       0x54 lin_drv.o
                0x00000300                lin_init
 .text.lin_tx_header
                0x00000354       0x6c lin_drv.o
                0x00000354                lin_tx_header
 .text.lin_rx_response
                0x000003c0       0x3a lin_drv.o
                0x000003c0                lin_rx_response
 .text.lin_tx_response
                0x000003fa       0x62 lin_drv.o
                0x000003fa                lin_tx_response
 .text.lin_get_response
                0x0000045c       0x2c lin_drv.o
                0x0000045c                lin_get_response
 .text.kick_LIN_XCVR_WD
                0x00000488       0x38 LIN_XCVR_WD_Kicker.o
 .text.Init_LIN_XCVR_WD_Kicker
                0x000004c0       0x22 LIN_XCVR_WD_Kicker.o
                0x000004c0                Init_LIN_XCVR_WD_Kicker
 .text.main     0x000004e2       0x1c main.o
                0x000004e2                main
 .text.Init_Master_Service
                0x000004fe       0x46 master_service.o
                0x000004fe                Init_Master_Service
 .text.Run_Master_Service
                0x00000544       0xc2 master_service.o
                0x00000544                Run_Master_Service
 .text.MS_LIN_Initialize
                0x00000606       0x4a MS_LIN_top_layer.o
                0x00000606                MS_LIN_Initialize
 .text.Master_LIN_Broadcast_ID
                0x00000650        0xc MS_LIN_top_layer.o
                0x00000650                Master_LIN_Broadcast_ID
 .text.__vector_12
                0x0000065c      0x126 MS_LIN_top_layer.o
                0x0000065c                __vector_12
 .text.__vector_13
                0x00000782       0x2c MS_LIN_top_layer.o
                0x00000782                __vector_13
 .text.Init_PWM_Module
                0x000007ae       0x50 PWM.o
                0x000007ae                Init_PWM_Module
 .text.Set_PWM_Duty_Cycle
                0x000007fe       0x66 PWM.o
                0x000007fe                Set_PWM_Duty_Cycle
 .text.Init_Timer_Module
                0x00000864       0x46 timer.o
                0x00000864                Init_Timer_Module
 .text.Register_Timer
                0x000008aa       0x9a timer.o
                0x000008aa                Register_Timer
 .text.Start_Timer
                0x00000944       0x9e timer.o
                0x00000944                Start_Timer
 .text.Stop_Timer
                0x000009e2       0x54 timer.o
                0x000009e2                Stop_Timer
 .text.Start_Short_Timer
                0x00000a36       0x66 timer.o
                0x00000a36                Start_Short_Timer
 .text.__vector_10
                0x00000a9c       0xea timer.o
                0x00000a9c                __vector_10
                0x00000b86                . = ALIGN (0x2)
 *(.fini9)
 .fini9         0x00000b86        0x0 c:/program files (x86)/atmel/studio/7.0/toolchain/avr8/avr8-gnu-toolchain/bin/../lib/gcc/avr/4.9.2/avr35\libgcc.a(_exit.o)
                0x00000b86                _exit
                0x00000b86                exit
 *(.fini9)
 *(.fini8)
 *(.fini8)
 *(.fini7)
 *(.fini7)
 *(.fini6)
 *(.fini6)
 *(.fini5)
 *(.fini5)
 *(.fini4)
 *(.fini4)
 *(.fini3)
 *(.fini3)
 *(.fini2)
 *(.fini2)
 *(.fini1)
 *(.fini1)
 *(.fini0)
 .fini0         0x00000b86        0x4 c:/program files (x86)/atmel/studio/7.0/toolchain/avr8/avr8-gnu-toolchain/bin/../lib/gcc/avr/4.9.2/avr35\libgcc.a(_exit.o)
 *(.fini0)
                0x00000b8a                _etext = .

.data           0x00800100        0xe load address 0x00000b8a
                0x00800100                PROVIDE (__data_start, .)
 *(.data)
 *(.data*)
 .data.Last_ADC_Value
                0x00800100        0x2 ADC.o
 .data.Requested_Pulse_Width_TenthMS
                0x00800102        0x1 analog_servo_drv.o
 .data.Current_Pulse_Width_TenthMS
                0x00800103        0x1 analog_servo_drv.o
 .data.position_counter
                0x00800104        0x1 master_service.o
 .data.Testing_Timer
                0x00800105        0x4 master_service.o
 .data.Curr_Schedule_ID
                0x00800109        0x1 master_service.o
 .data.Scheduling_Timer
                0x0080010a        0x4 master_service.o
 *(.rodata)
 *(.rodata*)
 *(.gnu.linkonce.d*)
                0x0080010e                . = ALIGN (0x2)
                0x0080010e                _edata = .
                0x0080010e                PROVIDE (__data_end, .)

.bss            0x0080010e       0x91
                0x0080010e                PROVIDE (__bss_start, .)
 *(.bss)
 *(.bss*)
 .bss.Step      0x0080010e        0x1 analog_servo_drv.o
 .bss.Signal_Enable
                0x0080010f        0x1 analog_servo_drv.o
 .bss.Signal_Timer
                0x00800110        0x4 analog_servo_drv.o
 .bss.Move_Timer
                0x00800114        0x4 analog_servo_drv.o
 .bss.Pending_Events
                0x00800118        0x4 events.o
 .bss.Parity    0x0080011c        0x1 LIN_XCVR_WD_Kicker.o
 .bss.LIN_XCVR_Kick_Timer
                0x0080011d        0x4 LIN_XCVR_WD_Kicker.o
 .bss.parity    0x00800121        0x1 master_service.o
 .bss.test_counter
                0x00800122        0x1 master_service.o
 .bss.My_Status_Data
                0x00800123        0x6 master_service.o
 .bss.My_Command_Data
                0x00800129        0x6 master_service.o
 .bss.My_Node_ID
                0x0080012f        0x1 master_service.o
 .bss.My_LIN_Error_Count
                0x00800130        0x1 MS_LIN_top_layer.o
 .bss.p_My_Status_Data
                0x00800131        0x2 MS_LIN_top_layer.o
 .bss.p_My_Command_Data
                0x00800133        0x2 MS_LIN_top_layer.o
 .bss.p_My_Node_ID
                0x00800135        0x2 MS_LIN_top_layer.o
 .bss.Timers    0x00800137       0x68 timer.o
 *(COMMON)
                0x0080019f                PROVIDE (__bss_end, .)
                0x00000b8a                __data_load_start = LOADADDR (.data)
                0x00000b98                __data_load_end = (__data_load_start + SIZEOF (.data))

.noinit         0x0080019f        0x0
                [!provide]                PROVIDE (__noinit_start, .)
 *(.noinit*)
                [!provide]                PROVIDE (__noinit_end, .)
                0x0080019f                _end = .
                [!provide]                PROVIDE (__heap_start, .)

.eeprom         0x00810000        0x0
 *(.eeprom*)
                0x00810000                __eeprom_end = .

.fuse
 *(.fuse)
 *(.lfuse)
 *(.hfuse)
 *(.efuse)

.lock
 *(.lock*)

.signature
 *(.signature*)

.user_signatures
 *(.user_signatures*)

.stab
 *(.stab)

.stabstr
 *(.stabstr)

.stab.excl
 *(.stab.excl)

.stab.exclstr
 *(.stab.exclstr)

.stab.index
 *(.stab.index)

.stab.indexstr
 *(.stab.indexstr)

.comment        0x00000000       0x30
 *(.comment)
 .comment       0x00000000       0x30 ADC.o
                                 0x31 (size before relaxing)
 .comment       0x00000030       0x31 analog_servo_drv.o
 .comment       0x00000030       0x31 events.o
 .comment       0x00000030       0x31 framework.o
 .comment       0x00000030       0x31 IOC.o
 .comment       0x00000030       0x31 lin_drv.o
 .comment       0x00000030       0x31 LIN_XCVR_WD_Kicker.o
 .comment       0x00000030       0x31 main.o
 .comment       0x00000030       0x31 master_service.o
 .comment       0x00000030       0x31 MS_LIN_top_layer.o
 .comment       0x00000030       0x31 PWM.o
 .comment       0x00000030       0x31 timer.o

.note.gnu.avr.deviceinfo
                0x00000000       0x3c
 .note.gnu.avr.deviceinfo
                0x00000000       0x3c C:/Program Files (x86)/Atmel/Studio/7.0/Packs/atmel/ATautomotive_DFP/1.1.96/gcc/dev/ata6617c/avr35/crtata6617c.o

.note.gnu.build-id
 *(.note.gnu.build-id)

.debug
 *(.debug)

.line
 *(.line)

.debug_srcinfo
 *(.debug_srcinfo)

.debug_sfnames
 *(.debug_sfnames)

.debug_aranges  0x00000000      0x258
 *(.debug_aranges)
 .debug_aranges
                0x00000000       0x38 ADC.o
 .debug_aranges
                0x00000038       0x48 analog_servo_drv.o
 .debug_aranges
                0x00000080       0x28 events.o
 .debug_aranges
                0x000000a8       0x28 framework.o
 .debug_aranges
                0x000000d0       0x28 IOC.o
 .debug_aranges
                0x000000f8       0x40 lin_drv.o
 .debug_aranges
                0x00000138       0x28 LIN_XCVR_WD_Kicker.o
 .debug_aranges
                0x00000160       0x20 main.o
 .debug_aranges
                0x00000180       0x28 master_service.o
 .debug_aranges
                0x000001a8       0x38 MS_LIN_top_layer.o
 .debug_aranges
                0x000001e0       0x28 PWM.o
 .debug_aranges
                0x00000208       0x50 timer.o

.debug_pubnames
 *(.debug_pubnames)

.debug_info     0x00000000     0x1e90
 *(.debug_info .gnu.linkonce.wi.*)
 .debug_info    0x00000000      0x5f4 C:/Program Files (x86)/Atmel/Studio/7.0/Packs/atmel/ATautomotive_DFP/1.1.96/gcc/dev/ata6617c/avr35/crtata6617c.o
 .debug_info    0x000005f4       0xe5 ADC.o
 .debug_info    0x000006d9      0x3ab analog_servo_drv.o
 .debug_info    0x00000a84      0x152 events.o
 .debug_info    0x00000bd6      0x163 framework.o
 .debug_info    0x00000d39       0x99 IOC.o
 .debug_info    0x00000dd2      0x1dd lin_drv.o
 .debug_info    0x00000faf      0x1d7 LIN_XCVR_WD_Kicker.o
 .debug_info    0x00001186       0xb2 main.o
 .debug_info    0x00001238      0x3c5 master_service.o
 .debug_info    0x000015fd      0x388 MS_LIN_top_layer.o
 .debug_info    0x00001985      0x1bb PWM.o
 .debug_info    0x00001b40      0x350 timer.o

.debug_abbrev   0x00000000     0x11da
 *(.debug_abbrev)
 .debug_abbrev  0x00000000      0x5a2 C:/Program Files (x86)/Atmel/Studio/7.0/Packs/atmel/ATautomotive_DFP/1.1.96/gcc/dev/ata6617c/avr35/crtata6617c.o
 .debug_abbrev  0x000005a2       0x92 ADC.o
 .debug_abbrev  0x00000634      0x191 analog_servo_drv.o
 .debug_abbrev  0x000007c5      0x10c events.o
 .debug_abbrev  0x000008d1       0xad framework.o
 .debug_abbrev  0x0000097e       0x69 IOC.o
 .debug_abbrev  0x000009e7       0xb2 lin_drv.o
 .debug_abbrev  0x00000a99       0xea LIN_XCVR_WD_Kicker.o
 .debug_abbrev  0x00000b83       0x71 main.o
 .debug_abbrev  0x00000bf4      0x155 master_service.o
 .debug_abbrev  0x00000d49      0x19b MS_LIN_top_layer.o
 .debug_abbrev  0x00000ee4      0x157 PWM.o
 .debug_abbrev  0x0000103b      0x19f timer.o

.debug_line     0x00000000     0x134b
 *(.debug_line .debug_line.* .debug_line_end)
 .debug_line    0x00000000      0x10f C:/Program Files (x86)/Atmel/Studio/7.0/Packs/atmel/ATautomotive_DFP/1.1.96/gcc/dev/ata6617c/avr35/crtata6617c.o
 .debug_line    0x0000010f      0x11c ADC.o
 .debug_line    0x0000022b      0x1ca analog_servo_drv.o
 .debug_line    0x000003f5       0xfe events.o
 .debug_line    0x000004f3      0x149 framework.o
 .debug_line    0x0000063c       0xd6 IOC.o
 .debug_line    0x00000712      0x23a lin_drv.o
 .debug_line    0x0000094c      0x102 LIN_XCVR_WD_Kicker.o
 .debug_line    0x00000a4e       0xe0 main.o
 .debug_line    0x00000b2e      0x1cd master_service.o
 .debug_line    0x00000cfb      0x1c4 MS_LIN_top_layer.o
 .debug_line    0x00000ebf      0x1b2 PWM.o
 .debug_line    0x00001071      0x2da timer.o

.debug_frame    0x00000000      0x4d4
 *(.debug_frame)
 .debug_frame   0x00000000       0x78 ADC.o
 .debug_frame   0x00000078       0x7c analog_servo_drv.o
 .debug_frame   0x000000f4       0x40 events.o
 .debug_frame   0x00000134       0x34 framework.o
 .debug_frame   0x00000168       0x40 IOC.o
 .debug_frame   0x000001a8       0x64 lin_drv.o
 .debug_frame   0x0000020c       0x34 LIN_XCVR_WD_Kicker.o
 .debug_frame   0x00000240       0x24 main.o
 .debug_frame   0x00000264       0x34 master_service.o
 .debug_frame   0x00000298       0xcc MS_LIN_top_layer.o
 .debug_frame   0x00000364       0x34 PWM.o
 .debug_frame   0x00000398      0x13c timer.o

.debug_str      0x00000000      0xa28
 *(.debug_str)
 .debug_str     0x00000000      0x21d C:/Program Files (x86)/Atmel/Studio/7.0/Packs/atmel/ATautomotive_DFP/1.1.96/gcc/dev/ata6617c/avr35/crtata6617c.o
 .debug_str     0x0000021d      0x18a ADC.o
                                0x1be (size before relaxing)
 .debug_str     0x000003a7      0x18a analog_servo_drv.o
                                0x2ed (size before relaxing)
 .debug_str     0x00000531       0x62 events.o
                                0x1c3 (size before relaxing)
 .debug_str     0x00000593       0x97 framework.o
                                0x22e (size before relaxing)
 .debug_str     0x0000062a       0x16 IOC.o
                                0x180 (size before relaxing)
 .debug_str     0x00000640       0x77 lin_drv.o
                                0x1d1 (size before relaxing)
 .debug_str     0x000006b7       0x46 LIN_XCVR_WD_Kicker.o
                                0x1ee (size before relaxing)
 .debug_str     0x000006fd       0x11 main.o
                                0x18b (size before relaxing)
 .debug_str     0x0000070e       0xfe master_service.o
                                0x31c (size before relaxing)
 .debug_str     0x0000080c       0xe5 MS_LIN_top_layer.o
                                0x2c5 (size before relaxing)
 .debug_str     0x000008f1       0x5f PWM.o
                                0x21a (size before relaxing)
 .debug_str     0x00000950       0xd8 timer.o
                                0x2ad (size before relaxing)

.debug_loc      0x00000000      0xf51
 *(.debug_loc)
 .debug_loc     0x00000000       0x70 ADC.o
 .debug_loc     0x00000070      0x128 analog_servo_drv.o
 .debug_loc     0x00000198       0x96 events.o
 .debug_loc     0x0000022e       0x2c framework.o
 .debug_loc     0x0000025a       0x2f IOC.o
 .debug_loc     0x00000289      0x362 lin_drv.o
 .debug_loc     0x000005eb       0x50 LIN_XCVR_WD_Kicker.o
 .debug_loc     0x0000063b       0xcc master_service.o
 .debug_loc     0x00000707      0x2ee MS_LIN_top_layer.o
 .debug_loc     0x000009f5       0xd9 PWM.o
 .debug_loc     0x00000ace      0x483 timer.o

.debug_macinfo
 *(.debug_macinfo)

.debug_weaknames
 *(.debug_weaknames)

.debug_funcnames
 *(.debug_funcnames)

.debug_typenames
 *(.debug_typenames)

.debug_varnames
 *(.debug_varnames)

.debug_pubtypes
 *(.debug_pubtypes)

.debug_ranges   0x00000000      0x198
 *(.debug_ranges)
 .debug_ranges  0x00000000       0x28 ADC.o
 .debug_ranges  0x00000028       0x38 analog_servo_drv.o
 .debug_ranges  0x00000060       0x18 events.o
 .debug_ranges  0x00000078       0x18 framework.o
 .debug_ranges  0x00000090       0x18 IOC.o
 .debug_ranges  0x000000a8       0x30 lin_drv.o
 .debug_ranges  0x000000d8       0x18 LIN_XCVR_WD_Kicker.o
 .debug_ranges  0x000000f0       0x10 main.o
 .debug_ranges  0x00000100       0x18 master_service.o
 .debug_ranges  0x00000118       0x28 MS_LIN_top_layer.o
 .debug_ranges  0x00000140       0x18 PWM.o
 .debug_ranges  0x00000158       0x40 timer.o

.debug_macro
 *(.debug_macro)
OUTPUT(Ford_360_Lighting_Project.elf elf32-avr)
LOAD linker stubs
