Archive member included to satisfy reference by file (symbol)

c:/program files (x86)/atmel/studio/7.0/toolchain/avr8/avr8-gnu-toolchain/bin/../lib/gcc/avr/4.9.2/../../../../avr/lib/avr35\libm.a(addsf3.o)
                              light_setting_alg.o (__subsf3)
c:/program files (x86)/atmel/studio/7.0/toolchain/avr8/avr8-gnu-toolchain/bin/../lib/gcc/avr/4.9.2/../../../../avr/lib/avr35\libm.a(addsf3x.o)
                              c:/program files (x86)/atmel/studio/7.0/toolchain/avr8/avr8-gnu-toolchain/bin/../lib/gcc/avr/4.9.2/../../../../avr/lib/avr35\libm.a(addsf3.o) (__addsf3x)
c:/program files (x86)/atmel/studio/7.0/toolchain/avr8/avr8-gnu-toolchain/bin/../lib/gcc/avr/4.9.2/../../../../avr/lib/avr35\libm.a(cmpsf2.o)
                              light_setting_alg.o (__ltsf2)
c:/program files (x86)/atmel/studio/7.0/toolchain/avr8/avr8-gnu-toolchain/bin/../lib/gcc/avr/4.9.2/../../../../avr/lib/avr35\libm.a(fixunssfsi.o)
                              light_setting_alg.o (__fixunssfsi)
c:/program files (x86)/atmel/studio/7.0/toolchain/avr8/avr8-gnu-toolchain/bin/../lib/gcc/avr/4.9.2/../../../../avr/lib/avr35\libm.a(floatsisf.o)
                              light_setting_alg.o (__floatunsisf)
c:/program files (x86)/atmel/studio/7.0/toolchain/avr8/avr8-gnu-toolchain/bin/../lib/gcc/avr/4.9.2/../../../../avr/lib/avr35\libm.a(fp_cmp.o)
                              c:/program files (x86)/atmel/studio/7.0/toolchain/avr8/avr8-gnu-toolchain/bin/../lib/gcc/avr/4.9.2/../../../../avr/lib/avr35\libm.a(cmpsf2.o) (__fp_cmp)
c:/program files (x86)/atmel/studio/7.0/toolchain/avr8/avr8-gnu-toolchain/bin/../lib/gcc/avr/4.9.2/../../../../avr/lib/avr35\libm.a(fp_inf.o)
                              c:/program files (x86)/atmel/studio/7.0/toolchain/avr8/avr8-gnu-toolchain/bin/../lib/gcc/avr/4.9.2/../../../../avr/lib/avr35\libm.a(addsf3x.o) (__fp_inf)
c:/program files (x86)/atmel/studio/7.0/toolchain/avr8/avr8-gnu-toolchain/bin/../lib/gcc/avr/4.9.2/../../../../avr/lib/avr35\libm.a(fp_nan.o)
                              c:/program files (x86)/atmel/studio/7.0/toolchain/avr8/avr8-gnu-toolchain/bin/../lib/gcc/avr/4.9.2/../../../../avr/lib/avr35\libm.a(addsf3x.o) (__fp_nan)
c:/program files (x86)/atmel/studio/7.0/toolchain/avr8/avr8-gnu-toolchain/bin/../lib/gcc/avr/4.9.2/../../../../avr/lib/avr35\libm.a(fp_pscA.o)
                              c:/program files (x86)/atmel/studio/7.0/toolchain/avr8/avr8-gnu-toolchain/bin/../lib/gcc/avr/4.9.2/../../../../avr/lib/avr35\libm.a(addsf3x.o) (__fp_pscA)
c:/program files (x86)/atmel/studio/7.0/toolchain/avr8/avr8-gnu-toolchain/bin/../lib/gcc/avr/4.9.2/../../../../avr/lib/avr35\libm.a(fp_pscB.o)
                              c:/program files (x86)/atmel/studio/7.0/toolchain/avr8/avr8-gnu-toolchain/bin/../lib/gcc/avr/4.9.2/../../../../avr/lib/avr35\libm.a(addsf3x.o) (__fp_pscB)
c:/program files (x86)/atmel/studio/7.0/toolchain/avr8/avr8-gnu-toolchain/bin/../lib/gcc/avr/4.9.2/../../../../avr/lib/avr35\libm.a(fp_round.o)
                              c:/program files (x86)/atmel/studio/7.0/toolchain/avr8/avr8-gnu-toolchain/bin/../lib/gcc/avr/4.9.2/../../../../avr/lib/avr35\libm.a(addsf3.o) (__fp_round)
c:/program files (x86)/atmel/studio/7.0/toolchain/avr8/avr8-gnu-toolchain/bin/../lib/gcc/avr/4.9.2/../../../../avr/lib/avr35\libm.a(fp_split3.o)
                              c:/program files (x86)/atmel/studio/7.0/toolchain/avr8/avr8-gnu-toolchain/bin/../lib/gcc/avr/4.9.2/../../../../avr/lib/avr35\libm.a(addsf3x.o) (__fp_split3)
c:/program files (x86)/atmel/studio/7.0/toolchain/avr8/avr8-gnu-toolchain/bin/../lib/gcc/avr/4.9.2/../../../../avr/lib/avr35\libm.a(fp_zero.o)
                              c:/program files (x86)/atmel/studio/7.0/toolchain/avr8/avr8-gnu-toolchain/bin/../lib/gcc/avr/4.9.2/../../../../avr/lib/avr35\libm.a(addsf3x.o) (__fp_zero)
c:/program files (x86)/atmel/studio/7.0/toolchain/avr8/avr8-gnu-toolchain/bin/../lib/gcc/avr/4.9.2/../../../../avr/lib/avr35\libm.a(gesf2.o)
                              light_setting_alg.o (__gtsf2)
c:/program files (x86)/atmel/studio/7.0/toolchain/avr8/avr8-gnu-toolchain/bin/../lib/gcc/avr/4.9.2/../../../../avr/lib/avr35\libm.a(mulsf3.o)
                              light_setting_alg.o (__mulsf3)
c:/program files (x86)/atmel/studio/7.0/toolchain/avr8/avr8-gnu-toolchain/bin/../lib/gcc/avr/4.9.2/../../../../avr/lib/avr35\libm.a(mulsf3x.o)
                              c:/program files (x86)/atmel/studio/7.0/toolchain/avr8/avr8-gnu-toolchain/bin/../lib/gcc/avr/4.9.2/../../../../avr/lib/avr35\libm.a(mulsf3.o) (__mulsf3x)
c:/program files (x86)/atmel/studio/7.0/toolchain/avr8/avr8-gnu-toolchain/bin/../lib/gcc/avr/4.9.2/avr35\libgcc.a(_mulhi3.o)
                              light_setting_alg.o (__mulhi3)
c:/program files (x86)/atmel/studio/7.0/toolchain/avr8/avr8-gnu-toolchain/bin/../lib/gcc/avr/4.9.2/avr35\libgcc.a(_udivmodhi4.o)
                              light_setting_alg.o (__udivmodhi4)
c:/program files (x86)/atmel/studio/7.0/toolchain/avr8/avr8-gnu-toolchain/bin/../lib/gcc/avr/4.9.2/avr35\libgcc.a(_udivmodsi4.o)
                              analog_servo_drv.o (__udivmodsi4)
c:/program files (x86)/atmel/studio/7.0/toolchain/avr8/avr8-gnu-toolchain/bin/../lib/gcc/avr/4.9.2/avr35\libgcc.a(_exit.o)
                              C:/Program Files (x86)/Atmel/Studio/7.0/Packs/atmel/ATautomotive_DFP/1.1.96/gcc/dev/ata6617c/avr35/crtata6617c.o (exit)
c:/program files (x86)/atmel/studio/7.0/toolchain/avr8/avr8-gnu-toolchain/bin/../lib/gcc/avr/4.9.2/avr35\libgcc.a(_copy_data.o)
                              ADC.o (__do_copy_data)
c:/program files (x86)/atmel/studio/7.0/toolchain/avr8/avr8-gnu-toolchain/bin/../lib/gcc/avr/4.9.2/avr35\libgcc.a(_clear_bss.o)
                              analog_servo_drv.o (__do_clear_bss)
c:/program files (x86)/atmel/studio/7.0/toolchain/avr8/avr8-gnu-toolchain/bin/../lib/gcc/avr/4.9.2/avr35\libgcc.a(_mulsidi3.o)
                              light_setting_alg.o (__umulsidi3)
c:/program files (x86)/atmel/studio/7.0/toolchain/avr8/avr8-gnu-toolchain/bin/../lib/gcc/avr/4.9.2/avr35\libgcc.a(_prologue.o)
                              c:/program files (x86)/atmel/studio/7.0/toolchain/avr8/avr8-gnu-toolchain/bin/../lib/gcc/avr/4.9.2/avr35\libgcc.a(_mulsidi3.o) (__prologue_saves__)
c:/program files (x86)/atmel/studio/7.0/toolchain/avr8/avr8-gnu-toolchain/bin/../lib/gcc/avr/4.9.2/avr35\libgcc.a(_epilogue.o)
                              c:/program files (x86)/atmel/studio/7.0/toolchain/avr8/avr8-gnu-toolchain/bin/../lib/gcc/avr/4.9.2/avr35\libgcc.a(_mulsidi3.o) (__epilogue_restores__)
c:/program files (x86)/atmel/studio/7.0/toolchain/avr8/avr8-gnu-toolchain/bin/../lib/gcc/avr/4.9.2/avr35\libgcc.a(_muldi3.o)
                              c:/program files (x86)/atmel/studio/7.0/toolchain/avr8/avr8-gnu-toolchain/bin/../lib/gcc/avr/4.9.2/avr35\libgcc.a(_mulsidi3.o) (__muldi3)
c:/program files (x86)/atmel/studio/7.0/toolchain/avr8/avr8-gnu-toolchain/bin/../lib/gcc/avr/4.9.2/../../../../avr/lib/avr35\libc.a(memcpy_P.o)
                              light_setting_alg.o (memcpy_P)

Allocating common symbols
Common symbol       size              file

Slave_Parameters    0xf               light_setting_alg.o
Vect_Desired_Relative
                    0x4               light_setting_alg.o
Norm2_Desired_Relative
                    0x2               light_setting_alg.o
Desired_Theta       0x2               light_setting_alg.o
Light_Range         0x2               light_setting_alg.o
Result_Settings     0x3               light_setting_alg.o
Theta_Light_Min     0x2               light_setting_alg.o
Theta_Light_Max     0x2               light_setting_alg.o

Discarded input sections

 .data          0x00000000        0x0 C:/Program Files (x86)/Atmel/Studio/7.0/Packs/atmel/ATautomotive_DFP/1.1.96/gcc/dev/ata6617c/avr35/crtata6617c.o
 .bss           0x00000000        0x0 C:/Program Files (x86)/Atmel/Studio/7.0/Packs/atmel/ATautomotive_DFP/1.1.96/gcc/dev/ata6617c/avr35/crtata6617c.o
 .text          0x00000000        0x0 ADC.o
 .data          0x00000000        0x0 ADC.o
 .bss           0x00000000        0x0 ADC.o
 .text.Get_ADC_Result
                0x00000000        0xa ADC.o
 .text.Start_ADC_Measurement
                0x00000000        0xc ADC.o
 .text          0x00000000        0x0 analog_servo_drv.o
 .data          0x00000000        0x0 analog_servo_drv.o
 .bss           0x00000000        0x0 analog_servo_drv.o
 .text.Move_Analog_Servo_To_Position
                0x00000000       0xe0 analog_servo_drv.o
 .text.Hold_Analog_Servo_Position
                0x00000000       0xe4 analog_servo_drv.o
 .text.Release_Analog_Servo
                0x00000000        0xc analog_servo_drv.o
 .text.Is_Servo_Position_Valid
                0x00000000       0x40 analog_servo_drv.o
 .text          0x00000000        0x0 buttons.o
 .data          0x00000000        0x0 buttons.o
 .bss           0x00000000        0x0 buttons.o
 .text          0x00000000        0x0 CAN.o
 .data          0x00000000        0x0 CAN.o
 .bss           0x00000000        0x0 CAN.o
 .text.CAN_Read_RX_Buffer
                0x00000000       0x30 CAN.o
 .text.CAN_Load_TX_Buffer
                0x00000000       0x44 CAN.o
 .text.CAN_RTS  0x00000000       0x3c CAN.o
 .text.CAN_Read_Status
                0x00000000       0x26 CAN.o
 .text.CAN_RX_Status
                0x00000000       0x26 CAN.o
 .text          0x00000000        0x0 cmd_sts_helpers.o
 .data          0x00000000        0x0 cmd_sts_helpers.o
 .bss           0x00000000        0x0 cmd_sts_helpers.o
 .text.Get_Intensity_Data
                0x00000000        0x6 cmd_sts_helpers.o
 .text.Get_Position_Data
                0x00000000        0x8 cmd_sts_helpers.o
 .text          0x00000000        0x0 eeprom_storage.o
 .data          0x00000000        0x0 eeprom_storage.o
 .bss           0x00000000        0x0 eeprom_storage.o
 .text.Read_Data_From_EEPROM
                0x00000000       0x3c eeprom_storage.o
 .text.Write_Data_To_EEPROM
                0x00000000       0x30 eeprom_storage.o
 .text          0x00000000        0x0 events.o
 .data          0x00000000        0x0 events.o
 .bss           0x00000000        0x0 events.o
 .text          0x00000000        0x0 framework.o
 .data          0x00000000        0x0 framework.o
 .bss           0x00000000        0x0 framework.o
 .text          0x00000000        0x0 IOC.o
 .data          0x00000000        0x0 IOC.o
 .bss           0x00000000        0x0 IOC.o
 .text          0x00000000        0x0 light_drv.o
 .data          0x00000000        0x0 light_drv.o
 .bss           0x00000000        0x0 light_drv.o
 .text.Set_Light_Intensity
                0x00000000       0x24 light_drv.o
 .debug_info    0x00000000      0x11c light_drv.o
 .debug_abbrev  0x00000000       0xb4 light_drv.o
 .debug_loc     0x00000000       0x5e light_drv.o
 .debug_aranges
                0x00000000       0x20 light_drv.o
 .debug_ranges  0x00000000       0x10 light_drv.o
 .debug_line    0x00000000       0xc8 light_drv.o
 .debug_str     0x00000000      0x1c6 light_drv.o
 .comment       0x00000000       0x31 light_drv.o
 .debug_frame   0x00000000       0x24 light_drv.o
 .text          0x00000000        0x0 light_setting_alg.o
 .data          0x00000000        0x0 light_setting_alg.o
 .bss           0x00000000        0x0 light_setting_alg.o
 .text.compute_cw_angular_distance
                0x00000000       0x28 light_setting_alg.o
 .text.Compute_Individual_Light_Settings
                0x00000000      0x412 light_setting_alg.o
 .data.p_Slave_Parameters
                0x00000000        0x2 light_setting_alg.o
 .debug_info    0x00000000      0x68c light_setting_alg.o
 .debug_abbrev  0x00000000      0x234 light_setting_alg.o
 .debug_loc     0x00000000      0x4b5 light_setting_alg.o
 .debug_aranges
                0x00000000       0x28 light_setting_alg.o
 .debug_ranges  0x00000000       0x30 light_setting_alg.o
 .debug_line    0x00000000      0x345 light_setting_alg.o
 .debug_str     0x00000000      0x44a light_setting_alg.o
 .comment       0x00000000       0x31 light_setting_alg.o
 .debug_frame   0x00000000       0x84 light_setting_alg.o
 COMMON         0x00000000       0x20 light_setting_alg.o
 .text          0x00000000        0x0 lin_drv.o
 .data          0x00000000        0x0 lin_drv.o
 .bss           0x00000000        0x0 lin_drv.o
 .text          0x00000000        0x0 LIN_XCVR_WD_Kicker.o
 .data          0x00000000        0x0 LIN_XCVR_WD_Kicker.o
 .bss           0x00000000        0x0 LIN_XCVR_WD_Kicker.o
 .text          0x00000000        0x0 main.o
 .data          0x00000000        0x0 main.o
 .bss           0x00000000        0x0 main.o
 .text          0x00000000        0x0 master_service.o
 .data          0x00000000        0x0 master_service.o
 .bss           0x00000000        0x0 master_service.o
 .text          0x00000000        0x0 MS_LIN_top_layer.o
 .data          0x00000000        0x0 MS_LIN_top_layer.o
 .bss           0x00000000        0x0 MS_LIN_top_layer.o
 .text          0x00000000        0x0 PWM.o
 .data          0x00000000        0x0 PWM.o
 .bss           0x00000000        0x0 PWM.o
 .text          0x00000000        0x0 slave_number_setting_SM.o
 .data          0x00000000        0x0 slave_number_setting_SM.o
 .bss           0x00000000        0x0 slave_number_setting_SM.o
 .text.Init_Slave_Number_Setting_SM
                0x00000000       0x1a slave_number_setting_SM.o
 .text.Run_Slave_Number_Setting_SM
                0x00000000      0x124 slave_number_setting_SM.o
 .text.In_Slave_Number_Setting_Mode
                0x00000000        0xe slave_number_setting_SM.o
 .text.Get_Last_Set_Slave_Number
                0x00000000       0x10 slave_number_setting_SM.o
 .data.Auxiliary_Timer
                0x00000000        0x4 slave_number_setting_SM.o
 .data.Main_Timer
                0x00000000        0x4 slave_number_setting_SM.o
 .bss.Release_Counter
                0x00000000        0x1 slave_number_setting_SM.o
 .data.Last_Set_Slave_Number
                0x00000000        0x1 slave_number_setting_SM.o
 .bss.Current_State
                0x00000000        0x1 slave_number_setting_SM.o
 .debug_info    0x00000000      0x3ae slave_number_setting_SM.o
 .debug_abbrev  0x00000000      0x104 slave_number_setting_SM.o
 .debug_loc     0x00000000      0x104 slave_number_setting_SM.o
 .debug_aranges
                0x00000000       0x38 slave_number_setting_SM.o
 .debug_ranges  0x00000000       0x28 slave_number_setting_SM.o
 .debug_line    0x00000000      0x215 slave_number_setting_SM.o
 .debug_str     0x00000000      0x2e4 slave_number_setting_SM.o
 .comment       0x00000000       0x31 slave_number_setting_SM.o
 .debug_frame   0x00000000       0x54 slave_number_setting_SM.o
 .text          0x00000000        0x0 slave_parameters.o
 .data          0x00000000        0x0 slave_parameters.o
 .bss           0x00000000        0x0 slave_parameters.o
 .text.Get_Pointer_To_Slave_Parameters
                0x00000000       0x2a slave_parameters.o
 .progmem.data.Slave_Parameters
                0x00000000       0x87 slave_parameters.o
 .debug_info    0x00000000      0x19f slave_parameters.o
 .debug_abbrev  0x00000000       0xc0 slave_parameters.o
 .debug_loc     0x00000000       0x37 slave_parameters.o
 .debug_aranges
                0x00000000       0x20 slave_parameters.o
 .debug_ranges  0x00000000       0x10 slave_parameters.o
 .debug_line    0x00000000       0xd2 slave_parameters.o
 .debug_str     0x00000000      0x236 slave_parameters.o
 .comment       0x00000000       0x31 slave_parameters.o
 .debug_frame   0x00000000       0x24 slave_parameters.o
 .text          0x00000000        0x0 slave_service.o
 .data          0x00000000        0x0 slave_service.o
 .bss           0x00000000        0x0 slave_service.o
 .text.Init_Slave_Service
                0x00000000       0x56 slave_service.o
 .text.Run_Slave_Service
                0x00000000       0xee slave_service.o
 .bss.My_Status_Data
                0x00000000        0x3 slave_service.o
 .bss.My_Command_Data
                0x00000000        0x3 slave_service.o
 .bss.My_Node_ID
                0x00000000        0x1 slave_service.o
 .debug_info    0x00000000      0x65f slave_service.o
 .debug_abbrev  0x00000000      0x1ab slave_service.o
 .debug_loc     0x00000000      0x10a slave_service.o
 .debug_aranges
                0x00000000       0x28 slave_service.o
 .debug_ranges  0x00000000       0x18 slave_service.o
 .debug_line    0x00000000      0x282 slave_service.o
 .debug_str     0x00000000      0x37b slave_service.o
 .comment       0x00000000       0x31 slave_service.o
 .debug_frame   0x00000000       0x44 slave_service.o
 .text          0x00000000        0x0 SPI.o
 .data          0x00000000        0x0 SPI.o
 .bss           0x00000000        0x0 SPI.o
 .text          0x00000000        0x0 SPI_Service.o
 .data          0x00000000        0x0 SPI_Service.o
 .bss           0x00000000        0x0 SPI_Service.o
 .text          0x00000000        0x0 timer.o
 .data          0x00000000        0x0 timer.o
 .bss           0x00000000        0x0 timer.o
 .text.Get_Time_Timer
                0x00000000       0x48 timer.o
 .text.Stop_Timer
                0x00000000       0x54 timer.o
 .text.Start_Short_Timer
                0x00000000       0x66 timer.o
 .text          0x00000000        0x0 __template.o
 .data          0x00000000        0x0 __template.o
 .bss           0x00000000        0x0 __template.o
 .text.Template_Public_Function
                0x00000000        0x6 __template.o
 .bss.template_var
                0x00000000        0x1 __template.o
 .debug_info    0x00000000       0xb8 __template.o
 .debug_abbrev  0x00000000       0x80 __template.o
 .debug_aranges
                0x00000000       0x20 __template.o
 .debug_ranges  0x00000000       0x10 __template.o
 .debug_line    0x00000000       0xa8 __template.o
 .debug_str     0x00000000      0x1a2 __template.o
 .comment       0x00000000       0x31 __template.o
 .debug_frame   0x00000000       0x24 __template.o
 .text          0x00000000        0x0 c:/program files (x86)/atmel/studio/7.0/toolchain/avr8/avr8-gnu-toolchain/bin/../lib/gcc/avr/4.9.2/../../../../avr/lib/avr35\libm.a(addsf3.o)
 .data          0x00000000        0x0 c:/program files (x86)/atmel/studio/7.0/toolchain/avr8/avr8-gnu-toolchain/bin/../lib/gcc/avr/4.9.2/../../../../avr/lib/avr35\libm.a(addsf3.o)
 .bss           0x00000000        0x0 c:/program files (x86)/atmel/studio/7.0/toolchain/avr8/avr8-gnu-toolchain/bin/../lib/gcc/avr/4.9.2/../../../../avr/lib/avr35\libm.a(addsf3.o)
 .text.avr-libc.fplib
                0x00000000        0xe c:/program files (x86)/atmel/studio/7.0/toolchain/avr8/avr8-gnu-toolchain/bin/../lib/gcc/avr/4.9.2/../../../../avr/lib/avr35\libm.a(addsf3.o)
 .text          0x00000000        0x0 c:/program files (x86)/atmel/studio/7.0/toolchain/avr8/avr8-gnu-toolchain/bin/../lib/gcc/avr/4.9.2/../../../../avr/lib/avr35\libm.a(addsf3x.o)
 .data          0x00000000        0x0 c:/program files (x86)/atmel/studio/7.0/toolchain/avr8/avr8-gnu-toolchain/bin/../lib/gcc/avr/4.9.2/../../../../avr/lib/avr35\libm.a(addsf3x.o)
 .bss           0x00000000        0x0 c:/program files (x86)/atmel/studio/7.0/toolchain/avr8/avr8-gnu-toolchain/bin/../lib/gcc/avr/4.9.2/../../../../avr/lib/avr35\libm.a(addsf3x.o)
 .text.avr-libc.fplib
                0x00000000       0xcc c:/program files (x86)/atmel/studio/7.0/toolchain/avr8/avr8-gnu-toolchain/bin/../lib/gcc/avr/4.9.2/../../../../avr/lib/avr35\libm.a(addsf3x.o)
 .text          0x00000000        0x0 c:/program files (x86)/atmel/studio/7.0/toolchain/avr8/avr8-gnu-toolchain/bin/../lib/gcc/avr/4.9.2/../../../../avr/lib/avr35\libm.a(cmpsf2.o)
 .data          0x00000000        0x0 c:/program files (x86)/atmel/studio/7.0/toolchain/avr8/avr8-gnu-toolchain/bin/../lib/gcc/avr/4.9.2/../../../../avr/lib/avr35\libm.a(cmpsf2.o)
 .bss           0x00000000        0x0 c:/program files (x86)/atmel/studio/7.0/toolchain/avr8/avr8-gnu-toolchain/bin/../lib/gcc/avr/4.9.2/../../../../avr/lib/avr35\libm.a(cmpsf2.o)
 .text.avr-libc.fplib
                0x00000000        0xa c:/program files (x86)/atmel/studio/7.0/toolchain/avr8/avr8-gnu-toolchain/bin/../lib/gcc/avr/4.9.2/../../../../avr/lib/avr35\libm.a(cmpsf2.o)
 .text          0x00000000        0x0 c:/program files (x86)/atmel/studio/7.0/toolchain/avr8/avr8-gnu-toolchain/bin/../lib/gcc/avr/4.9.2/../../../../avr/lib/avr35\libm.a(fixunssfsi.o)
 .data          0x00000000        0x0 c:/program files (x86)/atmel/studio/7.0/toolchain/avr8/avr8-gnu-toolchain/bin/../lib/gcc/avr/4.9.2/../../../../avr/lib/avr35\libm.a(fixunssfsi.o)
 .bss           0x00000000        0x0 c:/program files (x86)/atmel/studio/7.0/toolchain/avr8/avr8-gnu-toolchain/bin/../lib/gcc/avr/4.9.2/../../../../avr/lib/avr35\libm.a(fixunssfsi.o)
 .text.avr-libc.fplib
                0x00000000       0x5e c:/program files (x86)/atmel/studio/7.0/toolchain/avr8/avr8-gnu-toolchain/bin/../lib/gcc/avr/4.9.2/../../../../avr/lib/avr35\libm.a(fixunssfsi.o)
 .text          0x00000000        0x0 c:/program files (x86)/atmel/studio/7.0/toolchain/avr8/avr8-gnu-toolchain/bin/../lib/gcc/avr/4.9.2/../../../../avr/lib/avr35\libm.a(floatsisf.o)
 .data          0x00000000        0x0 c:/program files (x86)/atmel/studio/7.0/toolchain/avr8/avr8-gnu-toolchain/bin/../lib/gcc/avr/4.9.2/../../../../avr/lib/avr35\libm.a(floatsisf.o)
 .bss           0x00000000        0x0 c:/program files (x86)/atmel/studio/7.0/toolchain/avr8/avr8-gnu-toolchain/bin/../lib/gcc/avr/4.9.2/../../../../avr/lib/avr35\libm.a(floatsisf.o)
 .text.avr-libc.fplib
                0x00000000       0x7a c:/program files (x86)/atmel/studio/7.0/toolchain/avr8/avr8-gnu-toolchain/bin/../lib/gcc/avr/4.9.2/../../../../avr/lib/avr35\libm.a(floatsisf.o)
 .text          0x00000000        0x0 c:/program files (x86)/atmel/studio/7.0/toolchain/avr8/avr8-gnu-toolchain/bin/../lib/gcc/avr/4.9.2/../../../../avr/lib/avr35\libm.a(fp_cmp.o)
 .data          0x00000000        0x0 c:/program files (x86)/atmel/studio/7.0/toolchain/avr8/avr8-gnu-toolchain/bin/../lib/gcc/avr/4.9.2/../../../../avr/lib/avr35\libm.a(fp_cmp.o)
 .bss           0x00000000        0x0 c:/program files (x86)/atmel/studio/7.0/toolchain/avr8/avr8-gnu-toolchain/bin/../lib/gcc/avr/4.9.2/../../../../avr/lib/avr35\libm.a(fp_cmp.o)
 .text.avr-libc.fplib
                0x00000000       0x48 c:/program files (x86)/atmel/studio/7.0/toolchain/avr8/avr8-gnu-toolchain/bin/../lib/gcc/avr/4.9.2/../../../../avr/lib/avr35\libm.a(fp_cmp.o)
 .text          0x00000000        0x0 c:/program files (x86)/atmel/studio/7.0/toolchain/avr8/avr8-gnu-toolchain/bin/../lib/gcc/avr/4.9.2/../../../../avr/lib/avr35\libm.a(fp_inf.o)
 .data          0x00000000        0x0 c:/program files (x86)/atmel/studio/7.0/toolchain/avr8/avr8-gnu-toolchain/bin/../lib/gcc/avr/4.9.2/../../../../avr/lib/avr35\libm.a(fp_inf.o)
 .bss           0x00000000        0x0 c:/program files (x86)/atmel/studio/7.0/toolchain/avr8/avr8-gnu-toolchain/bin/../lib/gcc/avr/4.9.2/../../../../avr/lib/avr35\libm.a(fp_inf.o)
 .text.avr-libc.fplib
                0x00000000        0xc c:/program files (x86)/atmel/studio/7.0/toolchain/avr8/avr8-gnu-toolchain/bin/../lib/gcc/avr/4.9.2/../../../../avr/lib/avr35\libm.a(fp_inf.o)
 .text          0x00000000        0x0 c:/program files (x86)/atmel/studio/7.0/toolchain/avr8/avr8-gnu-toolchain/bin/../lib/gcc/avr/4.9.2/../../../../avr/lib/avr35\libm.a(fp_nan.o)
 .data          0x00000000        0x0 c:/program files (x86)/atmel/studio/7.0/toolchain/avr8/avr8-gnu-toolchain/bin/../lib/gcc/avr/4.9.2/../../../../avr/lib/avr35\libm.a(fp_nan.o)
 .bss           0x00000000        0x0 c:/program files (x86)/atmel/studio/7.0/toolchain/avr8/avr8-gnu-toolchain/bin/../lib/gcc/avr/4.9.2/../../../../avr/lib/avr35\libm.a(fp_nan.o)
 .text.avr-libc.fplib
                0x00000000        0x6 c:/program files (x86)/atmel/studio/7.0/toolchain/avr8/avr8-gnu-toolchain/bin/../lib/gcc/avr/4.9.2/../../../../avr/lib/avr35\libm.a(fp_nan.o)
 .text          0x00000000        0x0 c:/program files (x86)/atmel/studio/7.0/toolchain/avr8/avr8-gnu-toolchain/bin/../lib/gcc/avr/4.9.2/../../../../avr/lib/avr35\libm.a(fp_pscA.o)
 .data          0x00000000        0x0 c:/program files (x86)/atmel/studio/7.0/toolchain/avr8/avr8-gnu-toolchain/bin/../lib/gcc/avr/4.9.2/../../../../avr/lib/avr35\libm.a(fp_pscA.o)
 .bss           0x00000000        0x0 c:/program files (x86)/atmel/studio/7.0/toolchain/avr8/avr8-gnu-toolchain/bin/../lib/gcc/avr/4.9.2/../../../../avr/lib/avr35\libm.a(fp_pscA.o)
 .text.avr-libc.fplib
                0x00000000        0xe c:/program files (x86)/atmel/studio/7.0/toolchain/avr8/avr8-gnu-toolchain/bin/../lib/gcc/avr/4.9.2/../../../../avr/lib/avr35\libm.a(fp_pscA.o)
 .text          0x00000000        0x0 c:/program files (x86)/atmel/studio/7.0/toolchain/avr8/avr8-gnu-toolchain/bin/../lib/gcc/avr/4.9.2/../../../../avr/lib/avr35\libm.a(fp_pscB.o)
 .data          0x00000000        0x0 c:/program files (x86)/atmel/studio/7.0/toolchain/avr8/avr8-gnu-toolchain/bin/../lib/gcc/avr/4.9.2/../../../../avr/lib/avr35\libm.a(fp_pscB.o)
 .bss           0x00000000        0x0 c:/program files (x86)/atmel/studio/7.0/toolchain/avr8/avr8-gnu-toolchain/bin/../lib/gcc/avr/4.9.2/../../../../avr/lib/avr35\libm.a(fp_pscB.o)
 .text.avr-libc.fplib
                0x00000000        0xe c:/program files (x86)/atmel/studio/7.0/toolchain/avr8/avr8-gnu-toolchain/bin/../lib/gcc/avr/4.9.2/../../../../avr/lib/avr35\libm.a(fp_pscB.o)
 .text          0x00000000        0x0 c:/program files (x86)/atmel/studio/7.0/toolchain/avr8/avr8-gnu-toolchain/bin/../lib/gcc/avr/4.9.2/../../../../avr/lib/avr35\libm.a(fp_round.o)
 .data          0x00000000        0x0 c:/program files (x86)/atmel/studio/7.0/toolchain/avr8/avr8-gnu-toolchain/bin/../lib/gcc/avr/4.9.2/../../../../avr/lib/avr35\libm.a(fp_round.o)
 .bss           0x00000000        0x0 c:/program files (x86)/atmel/studio/7.0/toolchain/avr8/avr8-gnu-toolchain/bin/../lib/gcc/avr/4.9.2/../../../../avr/lib/avr35\libm.a(fp_round.o)
 .text.avr-libc.fplib
                0x00000000       0x22 c:/program files (x86)/atmel/studio/7.0/toolchain/avr8/avr8-gnu-toolchain/bin/../lib/gcc/avr/4.9.2/../../../../avr/lib/avr35\libm.a(fp_round.o)
 .text          0x00000000        0x0 c:/program files (x86)/atmel/studio/7.0/toolchain/avr8/avr8-gnu-toolchain/bin/../lib/gcc/avr/4.9.2/../../../../avr/lib/avr35\libm.a(fp_split3.o)
 .data          0x00000000        0x0 c:/program files (x86)/atmel/studio/7.0/toolchain/avr8/avr8-gnu-toolchain/bin/../lib/gcc/avr/4.9.2/../../../../avr/lib/avr35\libm.a(fp_split3.o)
 .bss           0x00000000        0x0 c:/program files (x86)/atmel/studio/7.0/toolchain/avr8/avr8-gnu-toolchain/bin/../lib/gcc/avr/4.9.2/../../../../avr/lib/avr35\libm.a(fp_split3.o)
 .text.avr-libc.fplib
                0x00000000       0x44 c:/program files (x86)/atmel/studio/7.0/toolchain/avr8/avr8-gnu-toolchain/bin/../lib/gcc/avr/4.9.2/../../../../avr/lib/avr35\libm.a(fp_split3.o)
 .text          0x00000000        0x0 c:/program files (x86)/atmel/studio/7.0/toolchain/avr8/avr8-gnu-toolchain/bin/../lib/gcc/avr/4.9.2/../../../../avr/lib/avr35\libm.a(fp_zero.o)
 .data          0x00000000        0x0 c:/program files (x86)/atmel/studio/7.0/toolchain/avr8/avr8-gnu-toolchain/bin/../lib/gcc/avr/4.9.2/../../../../avr/lib/avr35\libm.a(fp_zero.o)
 .bss           0x00000000        0x0 c:/program files (x86)/atmel/studio/7.0/toolchain/avr8/avr8-gnu-toolchain/bin/../lib/gcc/avr/4.9.2/../../../../avr/lib/avr35\libm.a(fp_zero.o)
 .text.avr-libc.fplib
                0x00000000        0xe c:/program files (x86)/atmel/studio/7.0/toolchain/avr8/avr8-gnu-toolchain/bin/../lib/gcc/avr/4.9.2/../../../../avr/lib/avr35\libm.a(fp_zero.o)
 .text          0x00000000        0x0 c:/program files (x86)/atmel/studio/7.0/toolchain/avr8/avr8-gnu-toolchain/bin/../lib/gcc/avr/4.9.2/../../../../avr/lib/avr35\libm.a(gesf2.o)
 .data          0x00000000        0x0 c:/program files (x86)/atmel/studio/7.0/toolchain/avr8/avr8-gnu-toolchain/bin/../lib/gcc/avr/4.9.2/../../../../avr/lib/avr35\libm.a(gesf2.o)
 .bss           0x00000000        0x0 c:/program files (x86)/atmel/studio/7.0/toolchain/avr8/avr8-gnu-toolchain/bin/../lib/gcc/avr/4.9.2/../../../../avr/lib/avr35\libm.a(gesf2.o)
 .text.avr-libc.fplib
                0x00000000        0xa c:/program files (x86)/atmel/studio/7.0/toolchain/avr8/avr8-gnu-toolchain/bin/../lib/gcc/avr/4.9.2/../../../../avr/lib/avr35\libm.a(gesf2.o)
 .text          0x00000000        0x0 c:/program files (x86)/atmel/studio/7.0/toolchain/avr8/avr8-gnu-toolchain/bin/../lib/gcc/avr/4.9.2/../../../../avr/lib/avr35\libm.a(mulsf3.o)
 .data          0x00000000        0x0 c:/program files (x86)/atmel/studio/7.0/toolchain/avr8/avr8-gnu-toolchain/bin/../lib/gcc/avr/4.9.2/../../../../avr/lib/avr35\libm.a(mulsf3.o)
 .bss           0x00000000        0x0 c:/program files (x86)/atmel/studio/7.0/toolchain/avr8/avr8-gnu-toolchain/bin/../lib/gcc/avr/4.9.2/../../../../avr/lib/avr35\libm.a(mulsf3.o)
 .text.avr-libc.fplib
                0x00000000        0x8 c:/program files (x86)/atmel/studio/7.0/toolchain/avr8/avr8-gnu-toolchain/bin/../lib/gcc/avr/4.9.2/../../../../avr/lib/avr35\libm.a(mulsf3.o)
 .text          0x00000000        0x0 c:/program files (x86)/atmel/studio/7.0/toolchain/avr8/avr8-gnu-toolchain/bin/../lib/gcc/avr/4.9.2/../../../../avr/lib/avr35\libm.a(mulsf3x.o)
 .data          0x00000000        0x0 c:/program files (x86)/atmel/studio/7.0/toolchain/avr8/avr8-gnu-toolchain/bin/../lib/gcc/avr/4.9.2/../../../../avr/lib/avr35\libm.a(mulsf3x.o)
 .bss           0x00000000        0x0 c:/program files (x86)/atmel/studio/7.0/toolchain/avr8/avr8-gnu-toolchain/bin/../lib/gcc/avr/4.9.2/../../../../avr/lib/avr35\libm.a(mulsf3x.o)
 .text.avr-libc.fplib
                0x00000000       0xe2 c:/program files (x86)/atmel/studio/7.0/toolchain/avr8/avr8-gnu-toolchain/bin/../lib/gcc/avr/4.9.2/../../../../avr/lib/avr35\libm.a(mulsf3x.o)
 .text          0x00000000        0x0 c:/program files (x86)/atmel/studio/7.0/toolchain/avr8/avr8-gnu-toolchain/bin/../lib/gcc/avr/4.9.2/avr35\libgcc.a(_mulhi3.o)
 .data          0x00000000        0x0 c:/program files (x86)/atmel/studio/7.0/toolchain/avr8/avr8-gnu-toolchain/bin/../lib/gcc/avr/4.9.2/avr35\libgcc.a(_mulhi3.o)
 .bss           0x00000000        0x0 c:/program files (x86)/atmel/studio/7.0/toolchain/avr8/avr8-gnu-toolchain/bin/../lib/gcc/avr/4.9.2/avr35\libgcc.a(_mulhi3.o)
 .text.libgcc.mul
                0x00000000       0x22 c:/program files (x86)/atmel/studio/7.0/toolchain/avr8/avr8-gnu-toolchain/bin/../lib/gcc/avr/4.9.2/avr35\libgcc.a(_mulhi3.o)
 .text.libgcc.div
                0x00000000        0x0 c:/program files (x86)/atmel/studio/7.0/toolchain/avr8/avr8-gnu-toolchain/bin/../lib/gcc/avr/4.9.2/avr35\libgcc.a(_mulhi3.o)
 .text.libgcc   0x00000000        0x0 c:/program files (x86)/atmel/studio/7.0/toolchain/avr8/avr8-gnu-toolchain/bin/../lib/gcc/avr/4.9.2/avr35\libgcc.a(_mulhi3.o)
 .text.libgcc.prologue
                0x00000000        0x0 c:/program files (x86)/atmel/studio/7.0/toolchain/avr8/avr8-gnu-toolchain/bin/../lib/gcc/avr/4.9.2/avr35\libgcc.a(_mulhi3.o)
 .text.libgcc.builtins
                0x00000000        0x0 c:/program files (x86)/atmel/studio/7.0/toolchain/avr8/avr8-gnu-toolchain/bin/../lib/gcc/avr/4.9.2/avr35\libgcc.a(_mulhi3.o)
 .text.libgcc.fmul
                0x00000000        0x0 c:/program files (x86)/atmel/studio/7.0/toolchain/avr8/avr8-gnu-toolchain/bin/../lib/gcc/avr/4.9.2/avr35\libgcc.a(_mulhi3.o)
 .text.libgcc.fixed
                0x00000000        0x0 c:/program files (x86)/atmel/studio/7.0/toolchain/avr8/avr8-gnu-toolchain/bin/../lib/gcc/avr/4.9.2/avr35\libgcc.a(_mulhi3.o)
 .text          0x00000000        0x0 c:/program files (x86)/atmel/studio/7.0/toolchain/avr8/avr8-gnu-toolchain/bin/../lib/gcc/avr/4.9.2/avr35\libgcc.a(_udivmodhi4.o)
 .data          0x00000000        0x0 c:/program files (x86)/atmel/studio/7.0/toolchain/avr8/avr8-gnu-toolchain/bin/../lib/gcc/avr/4.9.2/avr35\libgcc.a(_udivmodhi4.o)
 .bss           0x00000000        0x0 c:/program files (x86)/atmel/studio/7.0/toolchain/avr8/avr8-gnu-toolchain/bin/../lib/gcc/avr/4.9.2/avr35\libgcc.a(_udivmodhi4.o)
 .text.libgcc.mul
                0x00000000        0x0 c:/program files (x86)/atmel/studio/7.0/toolchain/avr8/avr8-gnu-toolchain/bin/../lib/gcc/avr/4.9.2/avr35\libgcc.a(_udivmodhi4.o)
 .text.libgcc.div
                0x00000000       0x28 c:/program files (x86)/atmel/studio/7.0/toolchain/avr8/avr8-gnu-toolchain/bin/../lib/gcc/avr/4.9.2/avr35\libgcc.a(_udivmodhi4.o)
 .text.libgcc   0x00000000        0x0 c:/program files (x86)/atmel/studio/7.0/toolchain/avr8/avr8-gnu-toolchain/bin/../lib/gcc/avr/4.9.2/avr35\libgcc.a(_udivmodhi4.o)
 .text.libgcc.prologue
                0x00000000        0x0 c:/program files (x86)/atmel/studio/7.0/toolchain/avr8/avr8-gnu-toolchain/bin/../lib/gcc/avr/4.9.2/avr35\libgcc.a(_udivmodhi4.o)
 .text.libgcc.builtins
                0x00000000        0x0 c:/program files (x86)/atmel/studio/7.0/toolchain/avr8/avr8-gnu-toolchain/bin/../lib/gcc/avr/4.9.2/avr35\libgcc.a(_udivmodhi4.o)
 .text.libgcc.fmul
                0x00000000        0x0 c:/program files (x86)/atmel/studio/7.0/toolchain/avr8/avr8-gnu-toolchain/bin/../lib/gcc/avr/4.9.2/avr35\libgcc.a(_udivmodhi4.o)
 .text.libgcc.fixed
                0x00000000        0x0 c:/program files (x86)/atmel/studio/7.0/toolchain/avr8/avr8-gnu-toolchain/bin/../lib/gcc/avr/4.9.2/avr35\libgcc.a(_udivmodhi4.o)
 .text          0x00000000        0x0 c:/program files (x86)/atmel/studio/7.0/toolchain/avr8/avr8-gnu-toolchain/bin/../lib/gcc/avr/4.9.2/avr35\libgcc.a(_udivmodsi4.o)
 .data          0x00000000        0x0 c:/program files (x86)/atmel/studio/7.0/toolchain/avr8/avr8-gnu-toolchain/bin/../lib/gcc/avr/4.9.2/avr35\libgcc.a(_udivmodsi4.o)
 .bss           0x00000000        0x0 c:/program files (x86)/atmel/studio/7.0/toolchain/avr8/avr8-gnu-toolchain/bin/../lib/gcc/avr/4.9.2/avr35\libgcc.a(_udivmodsi4.o)
 .text.libgcc.mul
                0x00000000        0x0 c:/program files (x86)/atmel/studio/7.0/toolchain/avr8/avr8-gnu-toolchain/bin/../lib/gcc/avr/4.9.2/avr35\libgcc.a(_udivmodsi4.o)
 .text.libgcc.div
                0x00000000       0x44 c:/program files (x86)/atmel/studio/7.0/toolchain/avr8/avr8-gnu-toolchain/bin/../lib/gcc/avr/4.9.2/avr35\libgcc.a(_udivmodsi4.o)
 .text.libgcc   0x00000000        0x0 c:/program files (x86)/atmel/studio/7.0/toolchain/avr8/avr8-gnu-toolchain/bin/../lib/gcc/avr/4.9.2/avr35\libgcc.a(_udivmodsi4.o)
 .text.libgcc.prologue
                0x00000000        0x0 c:/program files (x86)/atmel/studio/7.0/toolchain/avr8/avr8-gnu-toolchain/bin/../lib/gcc/avr/4.9.2/avr35\libgcc.a(_udivmodsi4.o)
 .text.libgcc.builtins
                0x00000000        0x0 c:/program files (x86)/atmel/studio/7.0/toolchain/avr8/avr8-gnu-toolchain/bin/../lib/gcc/avr/4.9.2/avr35\libgcc.a(_udivmodsi4.o)
 .text.libgcc.fmul
                0x00000000        0x0 c:/program files (x86)/atmel/studio/7.0/toolchain/avr8/avr8-gnu-toolchain/bin/../lib/gcc/avr/4.9.2/avr35\libgcc.a(_udivmodsi4.o)
 .text.libgcc.fixed
                0x00000000        0x0 c:/program files (x86)/atmel/studio/7.0/toolchain/avr8/avr8-gnu-toolchain/bin/../lib/gcc/avr/4.9.2/avr35\libgcc.a(_udivmodsi4.o)
 .text          0x00000000        0x0 c:/program files (x86)/atmel/studio/7.0/toolchain/avr8/avr8-gnu-toolchain/bin/../lib/gcc/avr/4.9.2/avr35\libgcc.a(_exit.o)
 .data          0x00000000        0x0 c:/program files (x86)/atmel/studio/7.0/toolchain/avr8/avr8-gnu-toolchain/bin/../lib/gcc/avr/4.9.2/avr35\libgcc.a(_exit.o)
 .bss           0x00000000        0x0 c:/program files (x86)/atmel/studio/7.0/toolchain/avr8/avr8-gnu-toolchain/bin/../lib/gcc/avr/4.9.2/avr35\libgcc.a(_exit.o)
 .text.libgcc.mul
                0x00000000        0x0 c:/program files (x86)/atmel/studio/7.0/toolchain/avr8/avr8-gnu-toolchain/bin/../lib/gcc/avr/4.9.2/avr35\libgcc.a(_exit.o)
 .text.libgcc.div
                0x00000000        0x0 c:/program files (x86)/atmel/studio/7.0/toolchain/avr8/avr8-gnu-toolchain/bin/../lib/gcc/avr/4.9.2/avr35\libgcc.a(_exit.o)
 .text.libgcc   0x00000000        0x0 c:/program files (x86)/atmel/studio/7.0/toolchain/avr8/avr8-gnu-toolchain/bin/../lib/gcc/avr/4.9.2/avr35\libgcc.a(_exit.o)
 .text.libgcc.prologue
                0x00000000        0x0 c:/program files (x86)/atmel/studio/7.0/toolchain/avr8/avr8-gnu-toolchain/bin/../lib/gcc/avr/4.9.2/avr35\libgcc.a(_exit.o)
 .text.libgcc.builtins
                0x00000000        0x0 c:/program files (x86)/atmel/studio/7.0/toolchain/avr8/avr8-gnu-toolchain/bin/../lib/gcc/avr/4.9.2/avr35\libgcc.a(_exit.o)
 .text.libgcc.fmul
                0x00000000        0x0 c:/program files (x86)/atmel/studio/7.0/toolchain/avr8/avr8-gnu-toolchain/bin/../lib/gcc/avr/4.9.2/avr35\libgcc.a(_exit.o)
 .text.libgcc.fixed
                0x00000000        0x0 c:/program files (x86)/atmel/studio/7.0/toolchain/avr8/avr8-gnu-toolchain/bin/../lib/gcc/avr/4.9.2/avr35\libgcc.a(_exit.o)
 .text          0x00000000        0x0 c:/program files (x86)/atmel/studio/7.0/toolchain/avr8/avr8-gnu-toolchain/bin/../lib/gcc/avr/4.9.2/avr35\libgcc.a(_copy_data.o)
 .data          0x00000000        0x0 c:/program files (x86)/atmel/studio/7.0/toolchain/avr8/avr8-gnu-toolchain/bin/../lib/gcc/avr/4.9.2/avr35\libgcc.a(_copy_data.o)
 .bss           0x00000000        0x0 c:/program files (x86)/atmel/studio/7.0/toolchain/avr8/avr8-gnu-toolchain/bin/../lib/gcc/avr/4.9.2/avr35\libgcc.a(_copy_data.o)
 .text.libgcc.mul
                0x00000000        0x0 c:/program files (x86)/atmel/studio/7.0/toolchain/avr8/avr8-gnu-toolchain/bin/../lib/gcc/avr/4.9.2/avr35\libgcc.a(_copy_data.o)
 .text.libgcc.div
                0x00000000        0x0 c:/program files (x86)/atmel/studio/7.0/toolchain/avr8/avr8-gnu-toolchain/bin/../lib/gcc/avr/4.9.2/avr35\libgcc.a(_copy_data.o)
 .text.libgcc   0x00000000        0x0 c:/program files (x86)/atmel/studio/7.0/toolchain/avr8/avr8-gnu-toolchain/bin/../lib/gcc/avr/4.9.2/avr35\libgcc.a(_copy_data.o)
 .text.libgcc.prologue
                0x00000000        0x0 c:/program files (x86)/atmel/studio/7.0/toolchain/avr8/avr8-gnu-toolchain/bin/../lib/gcc/avr/4.9.2/avr35\libgcc.a(_copy_data.o)
 .text.libgcc.builtins
                0x00000000        0x0 c:/program files (x86)/atmel/studio/7.0/toolchain/avr8/avr8-gnu-toolchain/bin/../lib/gcc/avr/4.9.2/avr35\libgcc.a(_copy_data.o)
 .text.libgcc.fmul
                0x00000000        0x0 c:/program files (x86)/atmel/studio/7.0/toolchain/avr8/avr8-gnu-toolchain/bin/../lib/gcc/avr/4.9.2/avr35\libgcc.a(_copy_data.o)
 .text.libgcc.fixed
                0x00000000        0x0 c:/program files (x86)/atmel/studio/7.0/toolchain/avr8/avr8-gnu-toolchain/bin/../lib/gcc/avr/4.9.2/avr35\libgcc.a(_copy_data.o)
 .text          0x00000000        0x0 c:/program files (x86)/atmel/studio/7.0/toolchain/avr8/avr8-gnu-toolchain/bin/../lib/gcc/avr/4.9.2/avr35\libgcc.a(_clear_bss.o)
 .data          0x00000000        0x0 c:/program files (x86)/atmel/studio/7.0/toolchain/avr8/avr8-gnu-toolchain/bin/../lib/gcc/avr/4.9.2/avr35\libgcc.a(_clear_bss.o)
 .bss           0x00000000        0x0 c:/program files (x86)/atmel/studio/7.0/toolchain/avr8/avr8-gnu-toolchain/bin/../lib/gcc/avr/4.9.2/avr35\libgcc.a(_clear_bss.o)
 .text.libgcc.mul
                0x00000000        0x0 c:/program files (x86)/atmel/studio/7.0/toolchain/avr8/avr8-gnu-toolchain/bin/../lib/gcc/avr/4.9.2/avr35\libgcc.a(_clear_bss.o)
 .text.libgcc.div
                0x00000000        0x0 c:/program files (x86)/atmel/studio/7.0/toolchain/avr8/avr8-gnu-toolchain/bin/../lib/gcc/avr/4.9.2/avr35\libgcc.a(_clear_bss.o)
 .text.libgcc   0x00000000        0x0 c:/program files (x86)/atmel/studio/7.0/toolchain/avr8/avr8-gnu-toolchain/bin/../lib/gcc/avr/4.9.2/avr35\libgcc.a(_clear_bss.o)
 .text.libgcc.prologue
                0x00000000        0x0 c:/program files (x86)/atmel/studio/7.0/toolchain/avr8/avr8-gnu-toolchain/bin/../lib/gcc/avr/4.9.2/avr35\libgcc.a(_clear_bss.o)
 .text.libgcc.builtins
                0x00000000        0x0 c:/program files (x86)/atmel/studio/7.0/toolchain/avr8/avr8-gnu-toolchain/bin/../lib/gcc/avr/4.9.2/avr35\libgcc.a(_clear_bss.o)
 .text.libgcc.fmul
                0x00000000        0x0 c:/program files (x86)/atmel/studio/7.0/toolchain/avr8/avr8-gnu-toolchain/bin/../lib/gcc/avr/4.9.2/avr35\libgcc.a(_clear_bss.o)
 .text.libgcc.fixed
                0x00000000        0x0 c:/program files (x86)/atmel/studio/7.0/toolchain/avr8/avr8-gnu-toolchain/bin/../lib/gcc/avr/4.9.2/avr35\libgcc.a(_clear_bss.o)
 .text          0x00000000        0x0 c:/program files (x86)/atmel/studio/7.0/toolchain/avr8/avr8-gnu-toolchain/bin/../lib/gcc/avr/4.9.2/avr35\libgcc.a(_mulsidi3.o)
 .data          0x00000000        0x0 c:/program files (x86)/atmel/studio/7.0/toolchain/avr8/avr8-gnu-toolchain/bin/../lib/gcc/avr/4.9.2/avr35\libgcc.a(_mulsidi3.o)
 .bss           0x00000000        0x0 c:/program files (x86)/atmel/studio/7.0/toolchain/avr8/avr8-gnu-toolchain/bin/../lib/gcc/avr/4.9.2/avr35\libgcc.a(_mulsidi3.o)
 .text.libgcc.mul
                0x00000000       0x40 c:/program files (x86)/atmel/studio/7.0/toolchain/avr8/avr8-gnu-toolchain/bin/../lib/gcc/avr/4.9.2/avr35\libgcc.a(_mulsidi3.o)
 .text.libgcc.div
                0x00000000        0x0 c:/program files (x86)/atmel/studio/7.0/toolchain/avr8/avr8-gnu-toolchain/bin/../lib/gcc/avr/4.9.2/avr35\libgcc.a(_mulsidi3.o)
 .text.libgcc   0x00000000        0x0 c:/program files (x86)/atmel/studio/7.0/toolchain/avr8/avr8-gnu-toolchain/bin/../lib/gcc/avr/4.9.2/avr35\libgcc.a(_mulsidi3.o)
 .text.libgcc.prologue
                0x00000000        0x0 c:/program files (x86)/atmel/studio/7.0/toolchain/avr8/avr8-gnu-toolchain/bin/../lib/gcc/avr/4.9.2/avr35\libgcc.a(_mulsidi3.o)
 .text.libgcc.builtins
                0x00000000        0x0 c:/program files (x86)/atmel/studio/7.0/toolchain/avr8/avr8-gnu-toolchain/bin/../lib/gcc/avr/4.9.2/avr35\libgcc.a(_mulsidi3.o)
 .text.libgcc.fmul
                0x00000000        0x0 c:/program files (x86)/atmel/studio/7.0/toolchain/avr8/avr8-gnu-toolchain/bin/../lib/gcc/avr/4.9.2/avr35\libgcc.a(_mulsidi3.o)
 .text.libgcc.fixed
                0x00000000        0x0 c:/program files (x86)/atmel/studio/7.0/toolchain/avr8/avr8-gnu-toolchain/bin/../lib/gcc/avr/4.9.2/avr35\libgcc.a(_mulsidi3.o)
 .text          0x00000000        0x0 c:/program files (x86)/atmel/studio/7.0/toolchain/avr8/avr8-gnu-toolchain/bin/../lib/gcc/avr/4.9.2/avr35\libgcc.a(_prologue.o)
 .data          0x00000000        0x0 c:/program files (x86)/atmel/studio/7.0/toolchain/avr8/avr8-gnu-toolchain/bin/../lib/gcc/avr/4.9.2/avr35\libgcc.a(_prologue.o)
 .bss           0x00000000        0x0 c:/program files (x86)/atmel/studio/7.0/toolchain/avr8/avr8-gnu-toolchain/bin/../lib/gcc/avr/4.9.2/avr35\libgcc.a(_prologue.o)
 .text.libgcc.mul
                0x00000000        0x0 c:/program files (x86)/atmel/studio/7.0/toolchain/avr8/avr8-gnu-toolchain/bin/../lib/gcc/avr/4.9.2/avr35\libgcc.a(_prologue.o)
 .text.libgcc.div
                0x00000000        0x0 c:/program files (x86)/atmel/studio/7.0/toolchain/avr8/avr8-gnu-toolchain/bin/../lib/gcc/avr/4.9.2/avr35\libgcc.a(_prologue.o)
 .text.libgcc   0x00000000        0x0 c:/program files (x86)/atmel/studio/7.0/toolchain/avr8/avr8-gnu-toolchain/bin/../lib/gcc/avr/4.9.2/avr35\libgcc.a(_prologue.o)
 .text.libgcc.prologue
                0x00000000       0x38 c:/program files (x86)/atmel/studio/7.0/toolchain/avr8/avr8-gnu-toolchain/bin/../lib/gcc/avr/4.9.2/avr35\libgcc.a(_prologue.o)
 .text.libgcc.builtins
                0x00000000        0x0 c:/program files (x86)/atmel/studio/7.0/toolchain/avr8/avr8-gnu-toolchain/bin/../lib/gcc/avr/4.9.2/avr35\libgcc.a(_prologue.o)
 .text.libgcc.fmul
                0x00000000        0x0 c:/program files (x86)/atmel/studio/7.0/toolchain/avr8/avr8-gnu-toolchain/bin/../lib/gcc/avr/4.9.2/avr35\libgcc.a(_prologue.o)
 .text.libgcc.fixed
                0x00000000        0x0 c:/program files (x86)/atmel/studio/7.0/toolchain/avr8/avr8-gnu-toolchain/bin/../lib/gcc/avr/4.9.2/avr35\libgcc.a(_prologue.o)
 .text          0x00000000        0x0 c:/program files (x86)/atmel/studio/7.0/toolchain/avr8/avr8-gnu-toolchain/bin/../lib/gcc/avr/4.9.2/avr35\libgcc.a(_epilogue.o)
 .data          0x00000000        0x0 c:/program files (x86)/atmel/studio/7.0/toolchain/avr8/avr8-gnu-toolchain/bin/../lib/gcc/avr/4.9.2/avr35\libgcc.a(_epilogue.o)
 .bss           0x00000000        0x0 c:/program files (x86)/atmel/studio/7.0/toolchain/avr8/avr8-gnu-toolchain/bin/../lib/gcc/avr/4.9.2/avr35\libgcc.a(_epilogue.o)
 .text.libgcc.mul
                0x00000000        0x0 c:/program files (x86)/atmel/studio/7.0/toolchain/avr8/avr8-gnu-toolchain/bin/../lib/gcc/avr/4.9.2/avr35\libgcc.a(_epilogue.o)
 .text.libgcc.div
                0x00000000        0x0 c:/program files (x86)/atmel/studio/7.0/toolchain/avr8/avr8-gnu-toolchain/bin/../lib/gcc/avr/4.9.2/avr35\libgcc.a(_epilogue.o)
 .text.libgcc   0x00000000        0x0 c:/program files (x86)/atmel/studio/7.0/toolchain/avr8/avr8-gnu-toolchain/bin/../lib/gcc/avr/4.9.2/avr35\libgcc.a(_epilogue.o)
 .text.libgcc.prologue
                0x00000000       0x36 c:/program files (x86)/atmel/studio/7.0/toolchain/avr8/avr8-gnu-toolchain/bin/../lib/gcc/avr/4.9.2/avr35\libgcc.a(_epilogue.o)
 .text.libgcc.builtins
                0x00000000        0x0 c:/program files (x86)/atmel/studio/7.0/toolchain/avr8/avr8-gnu-toolchain/bin/../lib/gcc/avr/4.9.2/avr35\libgcc.a(_epilogue.o)
 .text.libgcc.fmul
                0x00000000        0x0 c:/program files (x86)/atmel/studio/7.0/toolchain/avr8/avr8-gnu-toolchain/bin/../lib/gcc/avr/4.9.2/avr35\libgcc.a(_epilogue.o)
 .text.libgcc.fixed
                0x00000000        0x0 c:/program files (x86)/atmel/studio/7.0/toolchain/avr8/avr8-gnu-toolchain/bin/../lib/gcc/avr/4.9.2/avr35\libgcc.a(_epilogue.o)
 .text          0x00000000        0x0 c:/program files (x86)/atmel/studio/7.0/toolchain/avr8/avr8-gnu-toolchain/bin/../lib/gcc/avr/4.9.2/avr35\libgcc.a(_muldi3.o)
 .data          0x00000000        0x0 c:/program files (x86)/atmel/studio/7.0/toolchain/avr8/avr8-gnu-toolchain/bin/../lib/gcc/avr/4.9.2/avr35\libgcc.a(_muldi3.o)
 .bss           0x00000000        0x0 c:/program files (x86)/atmel/studio/7.0/toolchain/avr8/avr8-gnu-toolchain/bin/../lib/gcc/avr/4.9.2/avr35\libgcc.a(_muldi3.o)
 .text.libgcc.mul
                0x00000000       0x5c c:/program files (x86)/atmel/studio/7.0/toolchain/avr8/avr8-gnu-toolchain/bin/../lib/gcc/avr/4.9.2/avr35\libgcc.a(_muldi3.o)
 .text.libgcc.div
                0x00000000        0x0 c:/program files (x86)/atmel/studio/7.0/toolchain/avr8/avr8-gnu-toolchain/bin/../lib/gcc/avr/4.9.2/avr35\libgcc.a(_muldi3.o)
 .text.libgcc   0x00000000        0x0 c:/program files (x86)/atmel/studio/7.0/toolchain/avr8/avr8-gnu-toolchain/bin/../lib/gcc/avr/4.9.2/avr35\libgcc.a(_muldi3.o)
 .text.libgcc.prologue
                0x00000000        0x0 c:/program files (x86)/atmel/studio/7.0/toolchain/avr8/avr8-gnu-toolchain/bin/../lib/gcc/avr/4.9.2/avr35\libgcc.a(_muldi3.o)
 .text.libgcc.builtins
                0x00000000        0x0 c:/program files (x86)/atmel/studio/7.0/toolchain/avr8/avr8-gnu-toolchain/bin/../lib/gcc/avr/4.9.2/avr35\libgcc.a(_muldi3.o)
 .text.libgcc.fmul
                0x00000000        0x0 c:/program files (x86)/atmel/studio/7.0/toolchain/avr8/avr8-gnu-toolchain/bin/../lib/gcc/avr/4.9.2/avr35\libgcc.a(_muldi3.o)
 .text.libgcc.fixed
                0x00000000        0x0 c:/program files (x86)/atmel/studio/7.0/toolchain/avr8/avr8-gnu-toolchain/bin/../lib/gcc/avr/4.9.2/avr35\libgcc.a(_muldi3.o)
 .text          0x00000000        0x0 c:/program files (x86)/atmel/studio/7.0/toolchain/avr8/avr8-gnu-toolchain/bin/../lib/gcc/avr/4.9.2/../../../../avr/lib/avr35\libc.a(memcpy_P.o)
 .data          0x00000000        0x0 c:/program files (x86)/atmel/studio/7.0/toolchain/avr8/avr8-gnu-toolchain/bin/../lib/gcc/avr/4.9.2/../../../../avr/lib/avr35\libc.a(memcpy_P.o)
 .bss           0x00000000        0x0 c:/program files (x86)/atmel/studio/7.0/toolchain/avr8/avr8-gnu-toolchain/bin/../lib/gcc/avr/4.9.2/../../../../avr/lib/avr35\libc.a(memcpy_P.o)
 .text.avr-libc
                0x00000000       0x12 c:/program files (x86)/atmel/studio/7.0/toolchain/avr8/avr8-gnu-toolchain/bin/../lib/gcc/avr/4.9.2/../../../../avr/lib/avr35\libc.a(memcpy_P.o)

Memory Configuration

Name             Origin             Length             Attributes
text             0x00000000         0x00010000         xr
data             0x00800060         0x0000ffa0         rw !x
eeprom           0x00810000         0x00010000         rw !x
fuse             0x00820000         0x00000003         rw !x
lock             0x00830000         0x00000400         rw !x
signature        0x00840000         0x00000400         rw !x
user_signatures  0x00850000         0x00000400         rw !x
*default*        0x00000000         0xffffffff

Linker script and memory map

Address of section .data set to 0x800100
LOAD C:/Program Files (x86)/Atmel/Studio/7.0/Packs/atmel/ATautomotive_DFP/1.1.96/gcc/dev/ata6617c/avr35/crtata6617c.o
LOAD ADC.o
LOAD analog_servo_drv.o
LOAD buttons.o
LOAD CAN.o
LOAD cmd_sts_helpers.o
LOAD eeprom_storage.o
LOAD events.o
LOAD framework.o
LOAD IOC.o
LOAD light_drv.o
LOAD light_setting_alg.o
LOAD lin_drv.o
LOAD LIN_XCVR_WD_Kicker.o
LOAD main.o
LOAD master_service.o
LOAD MS_LIN_top_layer.o
LOAD PWM.o
LOAD slave_number_setting_SM.o
LOAD slave_parameters.o
LOAD slave_service.o
LOAD SPI.o
LOAD SPI_Service.o
LOAD timer.o
LOAD __template.o
START GROUP
LOAD c:/program files (x86)/atmel/studio/7.0/toolchain/avr8/avr8-gnu-toolchain/bin/../lib/gcc/avr/4.9.2/../../../../avr/lib/avr35\libm.a
END GROUP
START GROUP
LOAD c:/program files (x86)/atmel/studio/7.0/toolchain/avr8/avr8-gnu-toolchain/bin/../lib/gcc/avr/4.9.2/avr35\libgcc.a
LOAD c:/program files (x86)/atmel/studio/7.0/toolchain/avr8/avr8-gnu-toolchain/bin/../lib/gcc/avr/4.9.2/../../../../avr/lib/avr35\libm.a
LOAD c:/program files (x86)/atmel/studio/7.0/toolchain/avr8/avr8-gnu-toolchain/bin/../lib/gcc/avr/4.9.2/../../../../avr/lib/avr35\libc.a
LOAD C:/Program Files (x86)/Atmel/Studio/7.0/Packs/atmel/ATautomotive_DFP/1.1.96/gcc/dev/ata6617c/avr35\libata6617c.a
END GROUP
                0x00010000                __TEXT_REGION_LENGTH__ = DEFINED (__TEXT_REGION_LENGTH__)?__TEXT_REGION_LENGTH__:0x10000
                0x0000ffa0                __DATA_REGION_LENGTH__ = DEFINED (__DATA_REGION_LENGTH__)?__DATA_REGION_LENGTH__:0xffa0
                0x00010000                __EEPROM_REGION_LENGTH__ = DEFINED (__EEPROM_REGION_LENGTH__)?__EEPROM_REGION_LENGTH__:0x10000
                [0x00000003]                __FUSE_REGION_LENGTH__ = DEFINED (__FUSE_REGION_LENGTH__)?__FUSE_REGION_LENGTH__:0x400
                0x00000400                __LOCK_REGION_LENGTH__ = DEFINED (__LOCK_REGION_LENGTH__)?__LOCK_REGION_LENGTH__:0x400
                0x00000400                __SIGNATURE_REGION_LENGTH__ = DEFINED (__SIGNATURE_REGION_LENGTH__)?__SIGNATURE_REGION_LENGTH__:0x400
                0x00000400                __USER_SIGNATURE_REGION_LENGTH__ = DEFINED (__USER_SIGNATURE_REGION_LENGTH__)?__USER_SIGNATURE_REGION_LENGTH__:0x400

.hash
 *(.hash)

.dynsym
 *(.dynsym)

.dynstr
 *(.dynstr)

.gnu.version
 *(.gnu.version)

.gnu.version_d
 *(.gnu.version_d)

.gnu.version_r
 *(.gnu.version_r)

.rel.init
 *(.rel.init)

.rela.init
 *(.rela.init)

.rel.text
 *(.rel.text)
 *(.rel.text.*)
 *(.rel.gnu.linkonce.t*)

.rela.text
 *(.rela.text)
 *(.rela.text.*)
 *(.rela.gnu.linkonce.t*)

.rel.fini
 *(.rel.fini)

.rela.fini
 *(.rela.fini)

.rel.rodata
 *(.rel.rodata)
 *(.rel.rodata.*)
 *(.rel.gnu.linkonce.r*)

.rela.rodata
 *(.rela.rodata)
 *(.rela.rodata.*)
 *(.rela.gnu.linkonce.r*)

.rel.data
 *(.rel.data)
 *(.rel.data.*)
 *(.rel.gnu.linkonce.d*)

.rela.data
 *(.rela.data)
 *(.rela.data.*)
 *(.rela.gnu.linkonce.d*)

.rel.ctors
 *(.rel.ctors)

.rela.ctors
 *(.rela.ctors)

.rel.dtors
 *(.rel.dtors)

.rela.dtors
 *(.rela.dtors)

.rel.got
 *(.rel.got)

.rela.got
 *(.rela.got)

.rel.bss
 *(.rel.bss)

.rela.bss
 *(.rela.bss)

.rel.plt
 *(.rel.plt)

.rela.plt
 *(.rela.plt)

.text           0x00000000     0x153a
 *(.vectors)
 .vectors       0x00000000       0x50 C:/Program Files (x86)/Atmel/Studio/7.0/Packs/atmel/ATautomotive_DFP/1.1.96/gcc/dev/ata6617c/avr35/crtata6617c.o
                0x00000000                __vector_default
                0x00000000                __vectors
 *(.vectors)
 *(.progmem.gcc*)
                0x00000050                . = ALIGN (0x2)
                0x00000050                __trampolines_start = .
 *(.trampolines)
 .trampolines   0x00000050        0x0 linker stubs
 *(.trampolines*)
                0x00000050                __trampolines_end = .
 *libprintf_flt.a:*(.progmem.data)
 *libc.a:*(.progmem.data)
 *(.progmem*)
                0x00000050                . = ALIGN (0x2)
 *(.jumptables)
 *(.jumptables*)
 *(.lowtext)
 *(.lowtext*)
                0x00000050                __ctors_start = .
 *(.ctors)
                0x00000050                __ctors_end = .
                0x00000050                __dtors_start = .
 *(.dtors)
                0x00000050                __dtors_end = .
 SORT(*)(.ctors)
 SORT(*)(.dtors)
 *(.init0)
 .init0         0x00000050        0x0 C:/Program Files (x86)/Atmel/Studio/7.0/Packs/atmel/ATautomotive_DFP/1.1.96/gcc/dev/ata6617c/avr35/crtata6617c.o
                0x00000050                __init
 *(.init0)
 *(.init1)
 *(.init1)
 *(.init2)
 .init2         0x00000050        0xc C:/Program Files (x86)/Atmel/Studio/7.0/Packs/atmel/ATautomotive_DFP/1.1.96/gcc/dev/ata6617c/avr35/crtata6617c.o
 *(.init2)
 *(.init3)
 *(.init3)
 *(.init4)
 .init4         0x0000005c       0x16 c:/program files (x86)/atmel/studio/7.0/toolchain/avr8/avr8-gnu-toolchain/bin/../lib/gcc/avr/4.9.2/avr35\libgcc.a(_copy_data.o)
                0x0000005c                __do_copy_data
 .init4         0x00000072       0x10 c:/program files (x86)/atmel/studio/7.0/toolchain/avr8/avr8-gnu-toolchain/bin/../lib/gcc/avr/4.9.2/avr35\libgcc.a(_clear_bss.o)
                0x00000072                __do_clear_bss
 *(.init4)
 *(.init5)
 *(.init5)
 *(.init6)
 *(.init6)
 *(.init7)
 *(.init7)
 *(.init8)
 *(.init8)
 *(.init9)
 .init9         0x00000082        0x8 C:/Program Files (x86)/Atmel/Studio/7.0/Packs/atmel/ATautomotive_DFP/1.1.96/gcc/dev/ata6617c/avr35/crtata6617c.o
 *(.init9)
 *(.text)
 .text          0x0000008a        0x4 C:/Program Files (x86)/Atmel/Studio/7.0/Packs/atmel/ATautomotive_DFP/1.1.96/gcc/dev/ata6617c/avr35/crtata6617c.o
                0x0000008a                __bad_interrupt
                0x0000008a                __vector_6
                0x0000008a                __vector_11
                0x0000008a                __vector_17
                0x0000008a                __vector_19
                0x0000008a                __vector_7
                0x0000008a                __vector_5
                0x0000008a                __vector_2
                0x0000008a                __vector_8
                0x0000008a                __vector_18
                0x0000008e                . = ALIGN (0x2)
 *(.text.*)
 .text.Init_ADC_Module
                0x0000008e       0x32 ADC.o
                0x0000008e                Init_ADC_Module
 .text.__vector_15
                0x000000c0       0x3e ADC.o
                0x000000c0                __vector_15
 .text.stop_signal
                0x000000fe        0xa analog_servo_drv.o
 .text.Init_Analog_Servo_Driver
                0x00000108       0x32 analog_servo_drv.o
                0x00000108                Init_Analog_Servo_Driver
 .text.__vector_9
                0x0000013a       0x52 analog_servo_drv.o
                0x0000013a                __vector_9
 .text.Init_Buttons
                0x0000018c       0x2c buttons.o
                0x0000018c                Init_Buttons
 .text.Run_Buttons
                0x000001b8       0x2a buttons.o
                0x000001b8                Run_Buttons
 .text.__vector_3
                0x000001e2       0x5e buttons.o
                0x000001e2                __vector_3
 .text.__vector_4
                0x00000240       0x5e buttons.o
                0x00000240                __vector_4
 .text.CAN_Reset
                0x0000029e       0x28 CAN.o
                0x0000029e                CAN_Reset
 .text.CAN_Read
                0x000002c6       0x2a CAN.o
                0x000002c6                CAN_Read
 .text.CAN_Write
                0x000002f0       0x36 CAN.o
                0x000002f0                CAN_Write
 .text.CAN_Bit_Modify
                0x00000326       0x3a CAN.o
                0x00000326                CAN_Bit_Modify
 .text.CAN_Initialize_1
                0x00000360       0x92 CAN.o
                0x00000360                CAN_Initialize_1
 .text.CAN_Initialize_2
                0x000003f2       0x9a CAN.o
                0x000003f2                CAN_Initialize_2
 .text.CAN_Send_Message
                0x0000048c       0x66 CAN.o
                0x0000048c                CAN_Send_Message
 .text.CAN_Read_Message
                0x000004f2       0x3e CAN.o
                0x000004f2                CAN_Read_Message
 .text.Write_Intensity_Data
                0x00000530        0x6 cmd_sts_helpers.o
                0x00000530                Write_Intensity_Data
 .text.Write_Position_Data
                0x00000536        0x8 cmd_sts_helpers.o
                0x00000536                Write_Position_Data
 .text.Get_Pointer_To_Slave_Data
                0x0000053e       0x16 cmd_sts_helpers.o
                0x0000053e                Get_Pointer_To_Slave_Data
 .text.start_eeprom_write_byte
                0x00000554       0x1e eeprom_storage.o
                0x00000554                start_eeprom_write_byte
 .text.__vector_16
                0x00000572       0x82 eeprom_storage.o
                0x00000572                __vector_16
 .text.process_event_if_pending
                0x000005f4       0x68 events.o
 .text.Post_Event
                0x0000065c       0x36 events.o
                0x0000065c                Post_Event
 .text.Run_Events
                0x00000692       0xda events.o
                0x00000692                Run_Events
 .text.Initialize_Framework
                0x0000076c       0x26 framework.o
                0x0000076c                Initialize_Framework
 .text.Run_Services
                0x00000792       0x2a framework.o
                0x00000792                Run_Services
 .text.Init_IOC_Module
                0x000007bc       0x18 IOC.o
                0x000007bc                Init_IOC_Module
 .text.query_counter
                0x000007d4       0x12 IOC.o
                0x000007d4                query_counter
 .text.__vector_1
                0x000007e6      0x102 IOC.o
                0x000007e6                __vector_1
 .text.lin_init
                0x000008e8       0x54 lin_drv.o
                0x000008e8                lin_init
 .text.lin_tx_header
                0x0000093c       0x6c lin_drv.o
                0x0000093c                lin_tx_header
 .text.lin_rx_response
                0x000009a8       0x3a lin_drv.o
                0x000009a8                lin_rx_response
 .text.lin_tx_response
                0x000009e2       0x62 lin_drv.o
                0x000009e2                lin_tx_response
 .text.lin_get_response
                0x00000a44       0x2c lin_drv.o
                0x00000a44                lin_get_response
 .text.kick_LIN_XCVR_WD
                0x00000a70       0x38 LIN_XCVR_WD_Kicker.o
 .text.Init_LIN_XCVR_WD_Kicker
                0x00000aa8       0x22 LIN_XCVR_WD_Kicker.o
                0x00000aa8                Init_LIN_XCVR_WD_Kicker
 .text.main     0x00000aca       0x1a main.o
                0x00000aca                main
 .text.ID_schedule_handler
                0x00000ae4       0x30 master_service.o
 .text.Init_Master_Service
                0x00000b14       0xa0 master_service.o
                0x00000b14                Init_Master_Service
 .text.Run_Master_Service
                0x00000bb4       0x74 master_service.o
                0x00000bb4                Run_Master_Service
 .text.MS_LIN_Initialize
                0x00000c28       0x4a MS_LIN_top_layer.o
                0x00000c28                MS_LIN_Initialize
 .text.Master_LIN_Broadcast_ID
                0x00000c72        0xc MS_LIN_top_layer.o
                0x00000c72                Master_LIN_Broadcast_ID
 .text.__vector_12
                0x00000c7e      0x126 MS_LIN_top_layer.o
                0x00000c7e                __vector_12
 .text.__vector_13
                0x00000da4       0x2c MS_LIN_top_layer.o
                0x00000da4                __vector_13
 .text.Init_PWM_Module
                0x00000dd0       0x50 PWM.o
                0x00000dd0                Init_PWM_Module
 .text.Set_PWM_Duty_Cycle
                0x00000e20       0xaa PWM.o
                0x00000e20                Set_PWM_Duty_Cycle
 .text.SPI_Initialize
                0x00000eca       0x58 SPI.o
                0x00000eca                SPI_Initialize
 .text.SPI_Start_Command
                0x00000f22       0x64 SPI.o
                0x00000f22                SPI_Start_Command
 .text.SPI_End_Command
                0x00000f86        0x4 SPI.o
                0x00000f86                SPI_End_Command
 .text.SPI_Transmit
                0x00000f8a       0x46 SPI.o
                0x00000f8a                SPI_Transmit
 .text.Write_SPI
                0x00000fd0      0x114 SPI.o
                0x00000fd0                Write_SPI
 .text.__vector_14
                0x000010e4      0x15a SPI.o
                0x000010e4                __vector_14
 .text.Init_SPI_Service
                0x0000123e        0xa SPI_Service.o
                0x0000123e                Init_SPI_Service
 .text.Run_SPI_Service
                0x00001248       0x96 SPI_Service.o
                0x00001248                Run_SPI_Service
 .text.Query_SPI_State
                0x000012de        0x6 SPI_Service.o
                0x000012de                Query_SPI_State
 .text.Init_Timer_Module
                0x000012e4       0x4c timer.o
                0x000012e4                Init_Timer_Module
 .text.Register_Timer
                0x00001330       0x9a timer.o
                0x00001330                Register_Timer
 .text.Start_Timer
                0x000013ca       0x82 timer.o
                0x000013ca                Start_Timer
 .text.__vector_10
                0x0000144c       0xea timer.o
                0x0000144c                __vector_10
                0x00001536                . = ALIGN (0x2)
 *(.fini9)
 .fini9         0x00001536        0x0 c:/program files (x86)/atmel/studio/7.0/toolchain/avr8/avr8-gnu-toolchain/bin/../lib/gcc/avr/4.9.2/avr35\libgcc.a(_exit.o)
                0x00001536                _exit
                0x00001536                exit
 *(.fini9)
 *(.fini8)
 *(.fini8)
 *(.fini7)
 *(.fini7)
 *(.fini6)
 *(.fini6)
 *(.fini5)
 *(.fini5)
 *(.fini4)
 *(.fini4)
 *(.fini3)
 *(.fini3)
 *(.fini2)
 *(.fini2)
 *(.fini1)
 *(.fini1)
 *(.fini0)
 .fini0         0x00001536        0x4 c:/program files (x86)/atmel/studio/7.0/toolchain/avr8/avr8-gnu-toolchain/bin/../lib/gcc/avr/4.9.2/avr35\libgcc.a(_exit.o)
 *(.fini0)
                0x0000153a                _etext = .

.data           0x00800100       0x10 load address 0x0000153a
                0x00800100                PROVIDE (__data_start, .)
 *(.data)
 *(.data*)
 .data.Last_ADC_Value
                0x00800100        0x2 ADC.o
 .data.Debounce_Timer
                0x00800102        0x4 buttons.o
 .data.Testing_Timer
                0x00800106        0x4 master_service.o
 .data.CAN_Init_1_Timer
                0x0080010a        0x4 master_service.o
 .data.Curr_Schedule_ID
                0x0080010e        0x1 master_service.o
 *(.rodata)
 *(.rodata*)
 *(.gnu.linkonce.d*)
                0x00800110                . = ALIGN (0x2)
 *fill*         0x0080010f        0x1 
                0x00800110                _edata = .
                0x00800110                PROVIDE (__data_end, .)

.bss            0x00800110      0x151
                0x00800110                PROVIDE (__bss_start, .)
 *(.bss)
 *(.bss*)
 .bss.Step      0x00800110        0x1 analog_servo_drv.o
 .bss.Move_Timer
                0x00800111        0x4 analog_servo_drv.o
 .bss.Current_Port_B_State
                0x00800115        0x1 buttons.o
 .bss.Current_Port_A_State
                0x00800116        0x1 buttons.o
 .bss.Last_Port_B_State
                0x00800117        0x1 buttons.o
 .bss.Last_Port_A_State
                0x00800118        0x1 buttons.o
 .bss.Recv_Byte
                0x00800119        0x1 CAN.o
 .bss.RX_Data   0x0080011a        0x2 CAN.o
 .bss.TX_Data   0x0080011c        0x1 CAN.o
 .bss.p_Caller_Values
                0x0080011d        0x2 eeprom_storage.o
 .bss.p_Target_EEPROM_Address
                0x0080011f        0x2 eeprom_storage.o
 .bss.Num_Bytes_Requested
                0x00800121        0x1 eeprom_storage.o
 .bss.Num_Bytes_Executed
                0x00800122        0x1 eeprom_storage.o
 .bss.IsBusy    0x00800123        0x1 eeprom_storage.o
 .bss.Pending_Events
                0x00800124        0x4 events.o
 .bss.counter   0x00800128        0x4 IOC.o
 .bss.Parity    0x0080012c        0x1 LIN_XCVR_WD_Kicker.o
 .bss.LIN_XCVR_Kick_Timer
                0x0080012d        0x4 LIN_XCVR_WD_Kicker.o
 .bss.parity    0x00800131        0x1 master_service.o
 .bss.Scheduling_Timer
                0x00800132        0x4 master_service.o
 .bss.My_Status_Data
                0x00800136       0x1b master_service.o
 .bss.My_Command_Data
                0x00800151       0x1b master_service.o
 .bss.My_Node_ID
                0x0080016c        0x1 master_service.o
 .bss.My_LIN_Error_Count
                0x0080016d        0x1 MS_LIN_top_layer.o
 .bss.p_My_Status_Data
                0x0080016e        0x2 MS_LIN_top_layer.o
 .bss.p_My_Command_Data
                0x00800170        0x2 MS_LIN_top_layer.o
 .bss.p_My_Node_ID
                0x00800172        0x2 MS_LIN_top_layer.o
 .bss.counter_value
                0x00800174        0x4 SPI.o
 .bss.In_Tx     0x00800178        0x1 SPI.o
 .bss.Expected_RX_Length
                0x00800179        0x1 SPI.o
 .bss.Expected_TX_Length
                0x0080017a        0x1 SPI.o
 .bss.TX_Index  0x0080017b        0x1 SPI.o
 .bss.RX_Index  0x0080017c        0x1 SPI.o
 .bss.Next_Available_Row
                0x0080017d        0x1 SPI.o
 .bss.Buffer_Index
                0x0080017e        0x1 SPI.o
 .bss.Receive_List
                0x0080017f       0x1e SPI.o
 .bss.Command_Buffer
                0x0080019d       0x5a SPI.o
 .bss.Master_Slave_Identifier
                0x008001f7        0x1 SPI.o
 .bss.Current_State
                0x008001f8        0x1 SPI_Service.o
 .bss.Timers    0x008001f9       0x68 timer.o
 *(COMMON)
                0x00800261                PROVIDE (__bss_end, .)
                0x0000153a                __data_load_start = LOADADDR (.data)
                0x0000154a                __data_load_end = (__data_load_start + SIZEOF (.data))

.noinit         0x00800261        0x0
                [!provide]                PROVIDE (__noinit_start, .)
 *(.noinit*)
                [!provide]                PROVIDE (__noinit_end, .)
                0x00800261                _end = .
                [!provide]                PROVIDE (__heap_start, .)

.eeprom         0x00810000        0x0
 *(.eeprom*)
                0x00810000                __eeprom_end = .

.fuse
 *(.fuse)
 *(.lfuse)
 *(.hfuse)
 *(.efuse)

.lock
 *(.lock*)

.signature
 *(.signature*)

.user_signatures
 *(.user_signatures*)

.stab
 *(.stab)

.stabstr
 *(.stabstr)

.stab.excl
 *(.stab.excl)

.stab.exclstr
 *(.stab.exclstr)

.stab.index
 *(.stab.index)

.stab.indexstr
 *(.stab.indexstr)

.comment        0x00000000       0x30
 *(.comment)
 .comment       0x00000000       0x30 ADC.o
                                 0x31 (size before relaxing)
 .comment       0x00000030       0x31 analog_servo_drv.o
 .comment       0x00000030       0x31 buttons.o
 .comment       0x00000030       0x31 CAN.o
 .comment       0x00000030       0x31 cmd_sts_helpers.o
 .comment       0x00000030       0x31 eeprom_storage.o
 .comment       0x00000030       0x31 events.o
 .comment       0x00000030       0x31 framework.o
 .comment       0x00000030       0x31 IOC.o
 .comment       0x00000030       0x31 lin_drv.o
 .comment       0x00000030       0x31 LIN_XCVR_WD_Kicker.o
 .comment       0x00000030       0x31 main.o
 .comment       0x00000030       0x31 master_service.o
 .comment       0x00000030       0x31 MS_LIN_top_layer.o
 .comment       0x00000030       0x31 PWM.o
 .comment       0x00000030       0x31 SPI.o
 .comment       0x00000030       0x31 SPI_Service.o
 .comment       0x00000030       0x31 timer.o

.note.gnu.avr.deviceinfo
                0x00000000       0x3c
 .note.gnu.avr.deviceinfo
                0x00000000       0x3c C:/Program Files (x86)/Atmel/Studio/7.0/Packs/atmel/ATautomotive_DFP/1.1.96/gcc/dev/ata6617c/avr35/crtata6617c.o

.note.gnu.build-id
 *(.note.gnu.build-id)

.debug
 *(.debug)

.line
 *(.line)

.debug_srcinfo
 *(.debug_srcinfo)

.debug_sfnames
 *(.debug_sfnames)

.debug_aranges  0x00000000      0x420
 *(.debug_aranges)
 .debug_aranges
                0x00000000       0x38 ADC.o
 .debug_aranges
                0x00000038       0x50 analog_servo_drv.o
 .debug_aranges
                0x00000088       0x38 buttons.o
 .debug_aranges
                0x000000c0       0x80 CAN.o
 .debug_aranges
                0x00000140       0x40 cmd_sts_helpers.o
 .debug_aranges
                0x00000180       0x38 eeprom_storage.o
 .debug_aranges
                0x000001b8       0x30 events.o
 .debug_aranges
                0x000001e8       0x28 framework.o
 .debug_aranges
                0x00000210       0x30 IOC.o
 .debug_aranges
                0x00000240       0x40 lin_drv.o
 .debug_aranges
                0x00000280       0x28 LIN_XCVR_WD_Kicker.o
 .debug_aranges
                0x000002a8       0x20 main.o
 .debug_aranges
                0x000002c8       0x30 master_service.o
 .debug_aranges
                0x000002f8       0x38 MS_LIN_top_layer.o
 .debug_aranges
                0x00000330       0x28 PWM.o
 .debug_aranges
                0x00000358       0x48 SPI.o
 .debug_aranges
                0x000003a0       0x30 SPI_Service.o
 .debug_aranges
                0x000003d0       0x50 timer.o

.debug_pubnames
 *(.debug_pubnames)

.debug_info     0x00000000     0x3cbe
 *(.debug_info .gnu.linkonce.wi.*)
 .debug_info    0x00000000      0x5f4 C:/Program Files (x86)/Atmel/Studio/7.0/Packs/atmel/ATautomotive_DFP/1.1.96/gcc/dev/ata6617c/avr35/crtata6617c.o
 .debug_info    0x000005f4       0xec ADC.o
 .debug_info    0x000006e0      0x451 analog_servo_drv.o
 .debug_info    0x00000b31      0x213 buttons.o
 .debug_info    0x00000d44      0x8d4 CAN.o
 .debug_info    0x00001618      0x1e6 cmd_sts_helpers.o
 .debug_info    0x000017fe      0x2d9 eeprom_storage.o
 .debug_info    0x00001ad7      0x391 events.o
 .debug_info    0x00001e68      0x1f5 framework.o
 .debug_info    0x0000205d      0x2ae IOC.o
 .debug_info    0x0000230b      0x1e4 lin_drv.o
 .debug_info    0x000024ef      0x1de LIN_XCVR_WD_Kicker.o
 .debug_info    0x000026cd       0xb9 main.o
 .debug_info    0x00002786      0x64c master_service.o
 .debug_info    0x00002dd2      0x3a0 MS_LIN_top_layer.o
 .debug_info    0x00003172      0x1c4 PWM.o
 .debug_info    0x00003336      0x488 SPI.o
 .debug_info    0x000037be      0x1a5 SPI_Service.o
 .debug_info    0x00003963      0x35b timer.o

.debug_abbrev   0x00000000     0x1ad4
 *(.debug_abbrev)
 .debug_abbrev  0x00000000      0x5a2 C:/Program Files (x86)/Atmel/Studio/7.0/Packs/atmel/ATautomotive_DFP/1.1.96/gcc/dev/ata6617c/avr35/crtata6617c.o
 .debug_abbrev  0x000005a2       0x92 ADC.o
 .debug_abbrev  0x00000634      0x1f5 analog_servo_drv.o
 .debug_abbrev  0x00000829       0xdf buttons.o
 .debug_abbrev  0x00000908      0x157 CAN.o
 .debug_abbrev  0x00000a5f       0xce cmd_sts_helpers.o
 .debug_abbrev  0x00000b2d      0x14e eeprom_storage.o
 .debug_abbrev  0x00000c7b      0x128 events.o
 .debug_abbrev  0x00000da3       0xe7 framework.o
 .debug_abbrev  0x00000e8a       0xfe IOC.o
 .debug_abbrev  0x00000f88       0xb2 lin_drv.o
 .debug_abbrev  0x0000103a       0xea LIN_XCVR_WD_Kicker.o
 .debug_abbrev  0x00001124       0x71 main.o
 .debug_abbrev  0x00001195      0x1fd master_service.o
 .debug_abbrev  0x00001392      0x19a MS_LIN_top_layer.o
 .debug_abbrev  0x0000152c      0x157 PWM.o
 .debug_abbrev  0x00001683      0x1c2 SPI.o
 .debug_abbrev  0x00001845       0xf0 SPI_Service.o
 .debug_abbrev  0x00001935      0x19f timer.o

.debug_line     0x00000000     0x216d
 *(.debug_line .debug_line.* .debug_line_end)
 .debug_line    0x00000000      0x10f C:/Program Files (x86)/Atmel/Studio/7.0/Packs/atmel/ATautomotive_DFP/1.1.96/gcc/dev/ata6617c/avr35/crtata6617c.o
 .debug_line    0x0000010f      0x110 ADC.o
 .debug_line    0x0000021f      0x1f8 analog_servo_drv.o
 .debug_line    0x00000417      0x14a buttons.o
 .debug_line    0x00000561      0x3a4 CAN.o
 .debug_line    0x00000905      0x11b cmd_sts_helpers.o
 .debug_line    0x00000a20      0x23f eeprom_storage.o
 .debug_line    0x00000c5f      0x1b1 events.o
 .debug_line    0x00000e10      0x185 framework.o
 .debug_line    0x00000f95      0x156 IOC.o
 .debug_line    0x000010eb      0x23a lin_drv.o
 .debug_line    0x00001325      0x102 LIN_XCVR_WD_Kicker.o
 .debug_line    0x00001427       0xda main.o
 .debug_line    0x00001501      0x1d0 master_service.o
 .debug_line    0x000016d1      0x1d3 MS_LIN_top_layer.o
 .debug_line    0x000018a4      0x1ca PWM.o
 .debug_line    0x00001a6e      0x2bc SPI.o
 .debug_line    0x00001d2a      0x169 SPI_Service.o
 .debug_line    0x00001e93      0x2da timer.o

.debug_frame    0x00000000      0xa98
 *(.debug_frame)
 .debug_frame   0x00000000       0x74 ADC.o
 .debug_frame   0x00000074       0xc0 analog_servo_drv.o
 .debug_frame   0x00000134       0xe4 buttons.o
 .debug_frame   0x00000218      0x1ac CAN.o
 .debug_frame   0x000003c4       0x64 cmd_sts_helpers.o
 .debug_frame   0x00000428       0xa8 eeprom_storage.o
 .debug_frame   0x000004d0       0x70 events.o
 .debug_frame   0x00000540       0x48 framework.o
 .debug_frame   0x00000588       0x9c IOC.o
 .debug_frame   0x00000624       0x64 lin_drv.o
 .debug_frame   0x00000688       0x34 LIN_XCVR_WD_Kicker.o
 .debug_frame   0x000006bc       0x24 main.o
 .debug_frame   0x000006e0       0x5c master_service.o
 .debug_frame   0x0000073c       0xcc MS_LIN_top_layer.o
 .debug_frame   0x00000808       0x34 PWM.o
 .debug_frame   0x0000083c       0xfc SPI.o
 .debug_frame   0x00000938       0x44 SPI_Service.o
 .debug_frame   0x0000097c      0x11c timer.o

.debug_str      0x00000000     0x10d1
 *(.debug_str)
 .debug_str     0x00000000      0x21d C:/Program Files (x86)/Atmel/Studio/7.0/Packs/atmel/ATautomotive_DFP/1.1.96/gcc/dev/ata6617c/avr35/crtata6617c.o
 .debug_str     0x0000021d      0x180 ADC.o
                                0x1b4 (size before relaxing)
 .debug_str     0x0000039d      0x1f5 analog_servo_drv.o
                                0x362 (size before relaxing)
 .debug_str     0x00000592       0xa1 buttons.o
                                0x220 (size before relaxing)
 .debug_str     0x00000633      0x17f CAN.o
                                0x2cf (size before relaxing)
 .debug_str     0x000007b2       0xd0 cmd_sts_helpers.o
                                0x239 (size before relaxing)
 .debug_str     0x00000882      0x141 eeprom_storage.o
                                0x29a (size before relaxing)
 .debug_str     0x000009c3       0x75 events.o
                                0x1c6 (size before relaxing)
 .debug_str     0x00000a38       0xb8 framework.o
                                0x25e (size before relaxing)
 .debug_str     0x00000af0       0x44 IOC.o
                                0x207 (size before relaxing)
 .debug_str     0x00000b34       0x77 lin_drv.o
                                0x1c7 (size before relaxing)
 .debug_str     0x00000bab       0x46 LIN_XCVR_WD_Kicker.o
                                0x1e4 (size before relaxing)
 .debug_str     0x00000bf1       0x11 main.o
                                0x181 (size before relaxing)
 .debug_str     0x00000c02      0x151 master_service.o
                                0x3fa (size before relaxing)
 .debug_str     0x00000d53       0xb2 MS_LIN_top_layer.o
                                0x2c5 (size before relaxing)
 .debug_str     0x00000e05       0x36 PWM.o
                                0x210 (size before relaxing)
 .debug_str     0x00000e3b      0x184 SPI.o
                                0x32a (size before relaxing)
 .debug_str     0x00000fbf       0x21 SPI_Service.o
                                0x22e (size before relaxing)
 .debug_str     0x00000fe0       0xf1 timer.o
                                0x2a4 (size before relaxing)

.debug_loc      0x00000000     0x2290
 *(.debug_loc)
 .debug_loc     0x00000000       0x63 ADC.o
 .debug_loc     0x00000063      0x1bc analog_servo_drv.o
 .debug_loc     0x0000021f      0x196 buttons.o
 .debug_loc     0x000003b5      0x74b CAN.o
 .debug_loc     0x00000b00       0xda cmd_sts_helpers.o
 .debug_loc     0x00000bda      0x28f eeprom_storage.o
 .debug_loc     0x00000e69      0x106 events.o
 .debug_loc     0x00000f6f       0x8b framework.o
 .debug_loc     0x00000ffa       0xfd IOC.o
 .debug_loc     0x000010f7      0x362 lin_drv.o
 .debug_loc     0x00001459       0x50 LIN_XCVR_WD_Kicker.o
 .debug_loc     0x000014a9       0xfa master_service.o
 .debug_loc     0x000015a3      0x2af MS_LIN_top_layer.o
 .debug_loc     0x00001852      0x16c PWM.o
 .debug_loc     0x000019be      0x40d SPI.o
 .debug_loc     0x00001dcb       0xe0 SPI_Service.o
 .debug_loc     0x00001eab      0x3e5 timer.o

.debug_macinfo
 *(.debug_macinfo)

.debug_weaknames
 *(.debug_weaknames)

.debug_funcnames
 *(.debug_funcnames)

.debug_typenames
 *(.debug_typenames)

.debug_varnames
 *(.debug_varnames)

.debug_pubtypes
 *(.debug_pubtypes)

.debug_ranges   0x00000000      0x300
 *(.debug_ranges)
 .debug_ranges  0x00000000       0x28 ADC.o
 .debug_ranges  0x00000028       0x40 analog_servo_drv.o
 .debug_ranges  0x00000068       0x28 buttons.o
 .debug_ranges  0x00000090       0x70 CAN.o
 .debug_ranges  0x00000100       0x30 cmd_sts_helpers.o
 .debug_ranges  0x00000130       0x28 eeprom_storage.o
 .debug_ranges  0x00000158       0x20 events.o
 .debug_ranges  0x00000178       0x18 framework.o
 .debug_ranges  0x00000190       0x20 IOC.o
 .debug_ranges  0x000001b0       0x30 lin_drv.o
 .debug_ranges  0x000001e0       0x18 LIN_XCVR_WD_Kicker.o
 .debug_ranges  0x000001f8       0x10 main.o
 .debug_ranges  0x00000208       0x20 master_service.o
 .debug_ranges  0x00000228       0x28 MS_LIN_top_layer.o
 .debug_ranges  0x00000250       0x18 PWM.o
 .debug_ranges  0x00000268       0x38 SPI.o
 .debug_ranges  0x000002a0       0x20 SPI_Service.o
 .debug_ranges  0x000002c0       0x40 timer.o

.debug_macro
 *(.debug_macro)
OUTPUT(Ford_360_Lighting_Project.elf elf32-avr)
LOAD linker stubs
