Archive member included to satisfy reference by file (symbol)

c:/program files (x86)/atmel/studio/7.0/toolchain/avr8/avr8-gnu-toolchain/bin/../lib/gcc/avr/4.9.2/../../../../avr/lib/avr35\libm.a(addsf3.o)
                              light_setting_alg.o (__subsf3)
c:/program files (x86)/atmel/studio/7.0/toolchain/avr8/avr8-gnu-toolchain/bin/../lib/gcc/avr/4.9.2/../../../../avr/lib/avr35\libm.a(addsf3x.o)
                              c:/program files (x86)/atmel/studio/7.0/toolchain/avr8/avr8-gnu-toolchain/bin/../lib/gcc/avr/4.9.2/../../../../avr/lib/avr35\libm.a(addsf3.o) (__addsf3x)
c:/program files (x86)/atmel/studio/7.0/toolchain/avr8/avr8-gnu-toolchain/bin/../lib/gcc/avr/4.9.2/../../../../avr/lib/avr35\libm.a(cmpsf2.o)
                              light_setting_alg.o (__ltsf2)
c:/program files (x86)/atmel/studio/7.0/toolchain/avr8/avr8-gnu-toolchain/bin/../lib/gcc/avr/4.9.2/../../../../avr/lib/avr35\libm.a(fixunssfsi.o)
                              light_setting_alg.o (__fixunssfsi)
c:/program files (x86)/atmel/studio/7.0/toolchain/avr8/avr8-gnu-toolchain/bin/../lib/gcc/avr/4.9.2/../../../../avr/lib/avr35\libm.a(floatsisf.o)
                              light_setting_alg.o (__floatunsisf)
c:/program files (x86)/atmel/studio/7.0/toolchain/avr8/avr8-gnu-toolchain/bin/../lib/gcc/avr/4.9.2/../../../../avr/lib/avr35\libm.a(fp_cmp.o)
                              c:/program files (x86)/atmel/studio/7.0/toolchain/avr8/avr8-gnu-toolchain/bin/../lib/gcc/avr/4.9.2/../../../../avr/lib/avr35\libm.a(cmpsf2.o) (__fp_cmp)
c:/program files (x86)/atmel/studio/7.0/toolchain/avr8/avr8-gnu-toolchain/bin/../lib/gcc/avr/4.9.2/../../../../avr/lib/avr35\libm.a(fp_inf.o)
                              c:/program files (x86)/atmel/studio/7.0/toolchain/avr8/avr8-gnu-toolchain/bin/../lib/gcc/avr/4.9.2/../../../../avr/lib/avr35\libm.a(addsf3x.o) (__fp_inf)
c:/program files (x86)/atmel/studio/7.0/toolchain/avr8/avr8-gnu-toolchain/bin/../lib/gcc/avr/4.9.2/../../../../avr/lib/avr35\libm.a(fp_nan.o)
                              c:/program files (x86)/atmel/studio/7.0/toolchain/avr8/avr8-gnu-toolchain/bin/../lib/gcc/avr/4.9.2/../../../../avr/lib/avr35\libm.a(addsf3x.o) (__fp_nan)
c:/program files (x86)/atmel/studio/7.0/toolchain/avr8/avr8-gnu-toolchain/bin/../lib/gcc/avr/4.9.2/../../../../avr/lib/avr35\libm.a(fp_pscA.o)
                              c:/program files (x86)/atmel/studio/7.0/toolchain/avr8/avr8-gnu-toolchain/bin/../lib/gcc/avr/4.9.2/../../../../avr/lib/avr35\libm.a(addsf3x.o) (__fp_pscA)
c:/program files (x86)/atmel/studio/7.0/toolchain/avr8/avr8-gnu-toolchain/bin/../lib/gcc/avr/4.9.2/../../../../avr/lib/avr35\libm.a(fp_pscB.o)
                              c:/program files (x86)/atmel/studio/7.0/toolchain/avr8/avr8-gnu-toolchain/bin/../lib/gcc/avr/4.9.2/../../../../avr/lib/avr35\libm.a(addsf3x.o) (__fp_pscB)
c:/program files (x86)/atmel/studio/7.0/toolchain/avr8/avr8-gnu-toolchain/bin/../lib/gcc/avr/4.9.2/../../../../avr/lib/avr35\libm.a(fp_round.o)
                              c:/program files (x86)/atmel/studio/7.0/toolchain/avr8/avr8-gnu-toolchain/bin/../lib/gcc/avr/4.9.2/../../../../avr/lib/avr35\libm.a(addsf3.o) (__fp_round)
c:/program files (x86)/atmel/studio/7.0/toolchain/avr8/avr8-gnu-toolchain/bin/../lib/gcc/avr/4.9.2/../../../../avr/lib/avr35\libm.a(fp_split3.o)
                              c:/program files (x86)/atmel/studio/7.0/toolchain/avr8/avr8-gnu-toolchain/bin/../lib/gcc/avr/4.9.2/../../../../avr/lib/avr35\libm.a(addsf3x.o) (__fp_split3)
c:/program files (x86)/atmel/studio/7.0/toolchain/avr8/avr8-gnu-toolchain/bin/../lib/gcc/avr/4.9.2/../../../../avr/lib/avr35\libm.a(fp_zero.o)
                              c:/program files (x86)/atmel/studio/7.0/toolchain/avr8/avr8-gnu-toolchain/bin/../lib/gcc/avr/4.9.2/../../../../avr/lib/avr35\libm.a(addsf3x.o) (__fp_zero)
c:/program files (x86)/atmel/studio/7.0/toolchain/avr8/avr8-gnu-toolchain/bin/../lib/gcc/avr/4.9.2/../../../../avr/lib/avr35\libm.a(gesf2.o)
                              light_setting_alg.o (__gtsf2)
c:/program files (x86)/atmel/studio/7.0/toolchain/avr8/avr8-gnu-toolchain/bin/../lib/gcc/avr/4.9.2/../../../../avr/lib/avr35\libm.a(mulsf3.o)
                              light_setting_alg.o (__mulsf3)
c:/program files (x86)/atmel/studio/7.0/toolchain/avr8/avr8-gnu-toolchain/bin/../lib/gcc/avr/4.9.2/../../../../avr/lib/avr35\libm.a(mulsf3x.o)
                              c:/program files (x86)/atmel/studio/7.0/toolchain/avr8/avr8-gnu-toolchain/bin/../lib/gcc/avr/4.9.2/../../../../avr/lib/avr35\libm.a(mulsf3.o) (__mulsf3x)
c:/program files (x86)/atmel/studio/7.0/toolchain/avr8/avr8-gnu-toolchain/bin/../lib/gcc/avr/4.9.2/avr35\libgcc.a(_mulhi3.o)
                              light_setting_alg.o (__mulhi3)
c:/program files (x86)/atmel/studio/7.0/toolchain/avr8/avr8-gnu-toolchain/bin/../lib/gcc/avr/4.9.2/avr35\libgcc.a(_udivmodhi4.o)
                              light_setting_alg.o (__udivmodhi4)
c:/program files (x86)/atmel/studio/7.0/toolchain/avr8/avr8-gnu-toolchain/bin/../lib/gcc/avr/4.9.2/avr35\libgcc.a(_udivmodsi4.o)
                              analog_servo_drv.o (__udivmodsi4)
c:/program files (x86)/atmel/studio/7.0/toolchain/avr8/avr8-gnu-toolchain/bin/../lib/gcc/avr/4.9.2/avr35\libgcc.a(_exit.o)
                              C:/Program Files (x86)/Atmel/Studio/7.0/Packs/atmel/ATautomotive_DFP/1.1.96/gcc/dev/ata6617c/avr35/crtata6617c.o (exit)
c:/program files (x86)/atmel/studio/7.0/toolchain/avr8/avr8-gnu-toolchain/bin/../lib/gcc/avr/4.9.2/avr35\libgcc.a(_copy_data.o)
                              ADC.o (__do_copy_data)
c:/program files (x86)/atmel/studio/7.0/toolchain/avr8/avr8-gnu-toolchain/bin/../lib/gcc/avr/4.9.2/avr35\libgcc.a(_clear_bss.o)
                              analog_servo_drv.o (__do_clear_bss)
c:/program files (x86)/atmel/studio/7.0/toolchain/avr8/avr8-gnu-toolchain/bin/../lib/gcc/avr/4.9.2/avr35\libgcc.a(_mulsidi3.o)
                              light_setting_alg.o (__umulsidi3)
c:/program files (x86)/atmel/studio/7.0/toolchain/avr8/avr8-gnu-toolchain/bin/../lib/gcc/avr/4.9.2/avr35\libgcc.a(_prologue.o)
                              c:/program files (x86)/atmel/studio/7.0/toolchain/avr8/avr8-gnu-toolchain/bin/../lib/gcc/avr/4.9.2/avr35\libgcc.a(_mulsidi3.o) (__prologue_saves__)
c:/program files (x86)/atmel/studio/7.0/toolchain/avr8/avr8-gnu-toolchain/bin/../lib/gcc/avr/4.9.2/avr35\libgcc.a(_epilogue.o)
                              c:/program files (x86)/atmel/studio/7.0/toolchain/avr8/avr8-gnu-toolchain/bin/../lib/gcc/avr/4.9.2/avr35\libgcc.a(_mulsidi3.o) (__epilogue_restores__)
c:/program files (x86)/atmel/studio/7.0/toolchain/avr8/avr8-gnu-toolchain/bin/../lib/gcc/avr/4.9.2/avr35\libgcc.a(_muldi3.o)
                              c:/program files (x86)/atmel/studio/7.0/toolchain/avr8/avr8-gnu-toolchain/bin/../lib/gcc/avr/4.9.2/avr35\libgcc.a(_mulsidi3.o) (__muldi3)
c:/program files (x86)/atmel/studio/7.0/toolchain/avr8/avr8-gnu-toolchain/bin/../lib/gcc/avr/4.9.2/../../../../avr/lib/avr35\libc.a(memcpy_P.o)
                              light_setting_alg.o (memcpy_P)
c:/program files (x86)/atmel/studio/7.0/toolchain/avr8/avr8-gnu-toolchain/bin/../lib/gcc/avr/4.9.2/../../../../avr/lib/avr35\libc.a(memcmp.o)
                              master_service.o (memcmp)

Discarded input sections

 .data          0x00000000        0x0 C:/Program Files (x86)/Atmel/Studio/7.0/Packs/atmel/ATautomotive_DFP/1.1.96/gcc/dev/ata6617c/avr35/crtata6617c.o
 .bss           0x00000000        0x0 C:/Program Files (x86)/Atmel/Studio/7.0/Packs/atmel/ATautomotive_DFP/1.1.96/gcc/dev/ata6617c/avr35/crtata6617c.o
 .text          0x00000000        0x0 ADC.o
 .data          0x00000000        0x0 ADC.o
 .bss           0x00000000        0x0 ADC.o
 .text.Init_ADC_Module
                0x00000000       0x32 ADC.o
 .text.Get_ADC_Result
                0x00000000        0xa ADC.o
 .text.Start_ADC_Measurement
                0x00000000        0xc ADC.o
 .text          0x00000000        0x0 analog_servo_drv.o
 .data          0x00000000        0x0 analog_servo_drv.o
 .bss           0x00000000        0x0 analog_servo_drv.o
 .text.stop_signal
                0x00000000        0xa analog_servo_drv.o
 .text.Init_Analog_Servo_Driver
                0x00000000       0x32 analog_servo_drv.o
 .text.Move_Analog_Servo_To_Position
                0x00000000       0xe0 analog_servo_drv.o
 .text.Hold_Analog_Servo_Position
                0x00000000       0xe4 analog_servo_drv.o
 .text.Release_Analog_Servo
                0x00000000        0xc analog_servo_drv.o
 .text.Is_Servo_Position_Valid
                0x00000000       0x40 analog_servo_drv.o
 .bss.Move_Timer
                0x00000000        0x4 analog_servo_drv.o
 .text          0x00000000        0x0 buttons.o
 .data          0x00000000        0x0 buttons.o
 .bss           0x00000000        0x0 buttons.o
 .text.Init_Buttons
                0x00000000       0x2c buttons.o
 .text.Run_Buttons
                0x00000000       0x2a buttons.o
 .bss.Current_Port_B_State
                0x00000000        0x1 buttons.o
 .bss.Current_Port_A_State
                0x00000000        0x1 buttons.o
 .bss.Last_Port_B_State
                0x00000000        0x1 buttons.o
 .bss.Last_Port_A_State
                0x00000000        0x1 buttons.o
 .text          0x00000000        0x0 CAN.o
 .data          0x00000000        0x0 CAN.o
 .bss           0x00000000        0x0 CAN.o
 .text.CAN_Read_RX_Buffer
                0x00000000       0x30 CAN.o
 .text.CAN_Load_TX_Buffer
                0x00000000       0x44 CAN.o
 .text.CAN_RTS  0x00000000       0x3c CAN.o
 .text.CAN_Read_Status
                0x00000000       0x26 CAN.o
 .text.CAN_RX_Status
                0x00000000       0x26 CAN.o
 .text          0x00000000        0x0 cmd_sts_helpers.o
 .data          0x00000000        0x0 cmd_sts_helpers.o
 .bss           0x00000000        0x0 cmd_sts_helpers.o
 .text.Get_Intensity_Data
                0x00000000        0x6 cmd_sts_helpers.o
 .text.Get_Position_Data
                0x00000000        0x8 cmd_sts_helpers.o
 .text.Write_Intensity_Data
                0x00000000        0x6 cmd_sts_helpers.o
 .text.Write_Position_Data
                0x00000000        0x8 cmd_sts_helpers.o
 .text.Get_Pointer_To_Slave_Data
                0x00000000       0x16 cmd_sts_helpers.o
 .debug_info    0x00000000      0x1e6 cmd_sts_helpers.o
 .debug_abbrev  0x00000000       0xce cmd_sts_helpers.o
 .debug_loc     0x00000000       0xda cmd_sts_helpers.o
 .debug_aranges
                0x00000000       0x40 cmd_sts_helpers.o
 .debug_ranges  0x00000000       0x30 cmd_sts_helpers.o
 .debug_line    0x00000000      0x11b cmd_sts_helpers.o
 .debug_str     0x00000000      0x242 cmd_sts_helpers.o
 .comment       0x00000000       0x31 cmd_sts_helpers.o
 .debug_frame   0x00000000       0x64 cmd_sts_helpers.o
 .text          0x00000000        0x0 eeprom_storage.o
 .data          0x00000000        0x0 eeprom_storage.o
 .bss           0x00000000        0x0 eeprom_storage.o
 .text.Read_Data_From_EEPROM
                0x00000000       0x3c eeprom_storage.o
 .text.Write_Data_To_EEPROM
                0x00000000       0x30 eeprom_storage.o
 .text          0x00000000        0x0 events.o
 .data          0x00000000        0x0 events.o
 .bss           0x00000000        0x0 events.o
 .text          0x00000000        0x0 framework.o
 .data          0x00000000        0x0 framework.o
 .bss           0x00000000        0x0 framework.o
 .text          0x00000000        0x0 IOC.o
 .data          0x00000000        0x0 IOC.o
 .bss           0x00000000        0x0 IOC.o
 .text          0x00000000        0x0 light_drv.o
 .data          0x00000000        0x0 light_drv.o
 .bss           0x00000000        0x0 light_drv.o
 .text.Set_Light_Intensity
                0x00000000       0x24 light_drv.o
 .debug_info    0x00000000      0x11c light_drv.o
 .debug_abbrev  0x00000000       0xb4 light_drv.o
 .debug_loc     0x00000000       0x5e light_drv.o
 .debug_aranges
                0x00000000       0x20 light_drv.o
 .debug_ranges  0x00000000       0x10 light_drv.o
 .debug_line    0x00000000       0xc8 light_drv.o
 .debug_str     0x00000000      0x1cf light_drv.o
 .comment       0x00000000       0x31 light_drv.o
 .debug_frame   0x00000000       0x24 light_drv.o
 .text          0x00000000        0x0 light_setting_alg.o
 .data          0x00000000        0x0 light_setting_alg.o
 .bss           0x00000000        0x0 light_setting_alg.o
 .text.compute_cw_angular_distance
                0x00000000       0x28 light_setting_alg.o
 .text.Compute_Individual_Light_Settings
                0x00000000      0x472 light_setting_alg.o
 .bss.Result_Settings
                0x00000000        0x3 light_setting_alg.o
 .bss.Vect_Desired_Relative
                0x00000000        0x4 light_setting_alg.o
 .bss.Norm2_Desired_Relative
                0x00000000        0x2 light_setting_alg.o
 .bss.Theta_Light_Max
                0x00000000        0x2 light_setting_alg.o
 .bss.Theta_Light_Min
                0x00000000        0x2 light_setting_alg.o
 .bss.Light_Range
                0x00000000        0x2 light_setting_alg.o
 .bss.Desired_Theta
                0x00000000        0x2 light_setting_alg.o
 .bss.Slave_Parameters
                0x00000000        0xf light_setting_alg.o
 .debug_info    0x00000000      0x67f light_setting_alg.o
 .debug_abbrev  0x00000000      0x223 light_setting_alg.o
 .debug_loc     0x00000000      0x502 light_setting_alg.o
 .debug_aranges
                0x00000000       0x28 light_setting_alg.o
 .debug_ranges  0x00000000       0x48 light_setting_alg.o
 .debug_line    0x00000000      0x369 light_setting_alg.o
 .debug_str     0x00000000      0x453 light_setting_alg.o
 .comment       0x00000000       0x31 light_setting_alg.o
 .debug_frame   0x00000000       0x84 light_setting_alg.o
 .text          0x00000000        0x0 lin_drv.o
 .data          0x00000000        0x0 lin_drv.o
 .bss           0x00000000        0x0 lin_drv.o
 .text.lin_init
                0x00000000       0x54 lin_drv.o
 .text.lin_tx_header
                0x00000000       0x6c lin_drv.o
 .text.lin_rx_response
                0x00000000       0x3a lin_drv.o
 .text.lin_tx_response
                0x00000000       0x62 lin_drv.o
 .text.lin_get_response
                0x00000000       0x2c lin_drv.o
 .debug_info    0x00000000      0x1e4 lin_drv.o
 .debug_abbrev  0x00000000       0xb2 lin_drv.o
 .debug_loc     0x00000000      0x362 lin_drv.o
 .debug_aranges
                0x00000000       0x40 lin_drv.o
 .debug_ranges  0x00000000       0x30 lin_drv.o
 .debug_line    0x00000000      0x23a lin_drv.o
 .debug_str     0x00000000      0x1c7 lin_drv.o
 .comment       0x00000000       0x31 lin_drv.o
 .debug_frame   0x00000000       0x64 lin_drv.o
 .text          0x00000000        0x0 LIN_XCVR_WD_Kicker.o
 .data          0x00000000        0x0 LIN_XCVR_WD_Kicker.o
 .bss           0x00000000        0x0 LIN_XCVR_WD_Kicker.o
 .text          0x00000000        0x0 main.o
 .data          0x00000000        0x0 main.o
 .bss           0x00000000        0x0 main.o
 .text          0x00000000        0x0 master_service.o
 .data          0x00000000        0x0 master_service.o
 .bss           0x00000000        0x0 master_service.o
 .text.ID_schedule_handler
                0x00000000       0x30 master_service.o
 .text.Init_Master_Service
                0x00000000       0xa4 master_service.o
 .text.Run_Master_Service
                0x00000000      0x194 master_service.o
 .bss.parity    0x00000000        0x1 master_service.o
 .data.position_counter
                0x00000000        0x2 master_service.o
 .data.Testing_Timer
                0x00000000        0x4 master_service.o
 .bss.CAN_Last_Processed_Msg
                0x00000000        0x5 master_service.o
 .data.a_p_CAN_Volatile_Msg
                0x00000000        0xa master_service.o
 .bss.CAN_Volatile_Msg
                0x00000000        0x5 master_service.o
 .data.CAN_Timer
                0x00000000        0x4 master_service.o
 .data.Curr_Schedule_ID
                0x00000000        0x1 master_service.o
 .bss.Scheduling_Timer
                0x00000000        0x4 master_service.o
 .bss.My_Status_Data
                0x00000000       0x1b master_service.o
 .bss.My_Command_Data
                0x00000000       0x1b master_service.o
 .bss.My_Node_ID
                0x00000000        0x1 master_service.o
 .debug_info    0x00000000      0xa76 master_service.o
 .debug_abbrev  0x00000000      0x28a master_service.o
 .debug_loc     0x00000000      0x229 master_service.o
 .debug_aranges
                0x00000000       0x30 master_service.o
 .debug_ranges  0x00000000       0x38 master_service.o
 .debug_line    0x00000000      0x37b master_service.o
 .debug_str     0x00000000      0x590 master_service.o
 .comment       0x00000000       0x31 master_service.o
 .debug_frame   0x00000000       0x74 master_service.o
 .text          0x00000000        0x0 ModemService.o
 .data          0x00000000        0x0 ModemService.o
 .bss           0x00000000        0x0 ModemService.o
 .text          0x00000000        0x0 PWM.o
 .data          0x00000000        0x0 PWM.o
 .bss           0x00000000        0x0 PWM.o
 .text.Init_PWM_Module
                0x00000000       0x50 PWM.o
 .text.Set_PWM_Duty_Cycle
                0x00000000       0xaa PWM.o
 .debug_info    0x00000000      0x1c4 PWM.o
 .debug_abbrev  0x00000000      0x157 PWM.o
 .debug_loc     0x00000000      0x16c PWM.o
 .debug_aranges
                0x00000000       0x28 PWM.o
 .debug_ranges  0x00000000       0x18 PWM.o
 .debug_line    0x00000000      0x1ca PWM.o
 .debug_str     0x00000000      0x219 PWM.o
 .comment       0x00000000       0x31 PWM.o
 .debug_frame   0x00000000       0x34 PWM.o
 .text          0x00000000        0x0 slave_parameters.o
 .data          0x00000000        0x0 slave_parameters.o
 .bss           0x00000000        0x0 slave_parameters.o
 .text.Get_Pointer_To_Slave_Parameters
                0x00000000       0x2a slave_parameters.o
 .progmem.data.Slave_Parameters
                0x00000000       0x87 slave_parameters.o
 .debug_info    0x00000000      0x19f slave_parameters.o
 .debug_abbrev  0x00000000       0xc0 slave_parameters.o
 .debug_loc     0x00000000       0x37 slave_parameters.o
 .debug_aranges
                0x00000000       0x20 slave_parameters.o
 .debug_ranges  0x00000000       0x10 slave_parameters.o
 .debug_line    0x00000000       0xd2 slave_parameters.o
 .debug_str     0x00000000      0x23f slave_parameters.o
 .comment       0x00000000       0x31 slave_parameters.o
 .debug_frame   0x00000000       0x24 slave_parameters.o
 .text          0x00000000        0x0 SPI.o
 .data          0x00000000        0x0 SPI.o
 .bss           0x00000000        0x0 SPI.o
 .text          0x00000000        0x0 SPI_Service.o
 .data          0x00000000        0x0 SPI_Service.o
 .bss           0x00000000        0x0 SPI_Service.o
 .text          0x00000000        0x0 timer.o
 .data          0x00000000        0x0 timer.o
 .bss           0x00000000        0x0 timer.o
 .text.Get_Time_Timer
                0x00000000       0x48 timer.o
 .text.Stop_Timer
                0x00000000       0x5a timer.o
 .text.Start_Short_Timer
                0x00000000       0x6c timer.o
 .text          0x00000000        0x0 UART.o
 .data          0x00000000        0x0 UART.o
 .bss           0x00000000        0x0 UART.o
 .text          0x00000000        0x0 UART_Service.o
 .data          0x00000000        0x0 UART_Service.o
 .bss           0x00000000        0x0 UART_Service.o
 .text          0x00000000        0x0 __template.o
 .data          0x00000000        0x0 __template.o
 .bss           0x00000000        0x0 __template.o
 .text.Template_Public_Function
                0x00000000        0x6 __template.o
 .bss.template_var
                0x00000000        0x1 __template.o
 .debug_info    0x00000000       0xb8 __template.o
 .debug_abbrev  0x00000000       0x80 __template.o
 .debug_aranges
                0x00000000       0x20 __template.o
 .debug_ranges  0x00000000       0x10 __template.o
 .debug_line    0x00000000       0xa8 __template.o
 .debug_str     0x00000000      0x1ab __template.o
 .comment       0x00000000       0x31 __template.o
 .debug_frame   0x00000000       0x24 __template.o
 .text          0x00000000        0x0 c:/program files (x86)/atmel/studio/7.0/toolchain/avr8/avr8-gnu-toolchain/bin/../lib/gcc/avr/4.9.2/../../../../avr/lib/avr35\libm.a(addsf3.o)
 .data          0x00000000        0x0 c:/program files (x86)/atmel/studio/7.0/toolchain/avr8/avr8-gnu-toolchain/bin/../lib/gcc/avr/4.9.2/../../../../avr/lib/avr35\libm.a(addsf3.o)
 .bss           0x00000000        0x0 c:/program files (x86)/atmel/studio/7.0/toolchain/avr8/avr8-gnu-toolchain/bin/../lib/gcc/avr/4.9.2/../../../../avr/lib/avr35\libm.a(addsf3.o)
 .text.avr-libc.fplib
                0x00000000        0xe c:/program files (x86)/atmel/studio/7.0/toolchain/avr8/avr8-gnu-toolchain/bin/../lib/gcc/avr/4.9.2/../../../../avr/lib/avr35\libm.a(addsf3.o)
 .text          0x00000000        0x0 c:/program files (x86)/atmel/studio/7.0/toolchain/avr8/avr8-gnu-toolchain/bin/../lib/gcc/avr/4.9.2/../../../../avr/lib/avr35\libm.a(addsf3x.o)
 .data          0x00000000        0x0 c:/program files (x86)/atmel/studio/7.0/toolchain/avr8/avr8-gnu-toolchain/bin/../lib/gcc/avr/4.9.2/../../../../avr/lib/avr35\libm.a(addsf3x.o)
 .bss           0x00000000        0x0 c:/program files (x86)/atmel/studio/7.0/toolchain/avr8/avr8-gnu-toolchain/bin/../lib/gcc/avr/4.9.2/../../../../avr/lib/avr35\libm.a(addsf3x.o)
 .text.avr-libc.fplib
                0x00000000       0xcc c:/program files (x86)/atmel/studio/7.0/toolchain/avr8/avr8-gnu-toolchain/bin/../lib/gcc/avr/4.9.2/../../../../avr/lib/avr35\libm.a(addsf3x.o)
 .text          0x00000000        0x0 c:/program files (x86)/atmel/studio/7.0/toolchain/avr8/avr8-gnu-toolchain/bin/../lib/gcc/avr/4.9.2/../../../../avr/lib/avr35\libm.a(cmpsf2.o)
 .data          0x00000000        0x0 c:/program files (x86)/atmel/studio/7.0/toolchain/avr8/avr8-gnu-toolchain/bin/../lib/gcc/avr/4.9.2/../../../../avr/lib/avr35\libm.a(cmpsf2.o)
 .bss           0x00000000        0x0 c:/program files (x86)/atmel/studio/7.0/toolchain/avr8/avr8-gnu-toolchain/bin/../lib/gcc/avr/4.9.2/../../../../avr/lib/avr35\libm.a(cmpsf2.o)
 .text.avr-libc.fplib
                0x00000000        0xa c:/program files (x86)/atmel/studio/7.0/toolchain/avr8/avr8-gnu-toolchain/bin/../lib/gcc/avr/4.9.2/../../../../avr/lib/avr35\libm.a(cmpsf2.o)
 .text          0x00000000        0x0 c:/program files (x86)/atmel/studio/7.0/toolchain/avr8/avr8-gnu-toolchain/bin/../lib/gcc/avr/4.9.2/../../../../avr/lib/avr35\libm.a(fixunssfsi.o)
 .data          0x00000000        0x0 c:/program files (x86)/atmel/studio/7.0/toolchain/avr8/avr8-gnu-toolchain/bin/../lib/gcc/avr/4.9.2/../../../../avr/lib/avr35\libm.a(fixunssfsi.o)
 .bss           0x00000000        0x0 c:/program files (x86)/atmel/studio/7.0/toolchain/avr8/avr8-gnu-toolchain/bin/../lib/gcc/avr/4.9.2/../../../../avr/lib/avr35\libm.a(fixunssfsi.o)
 .text.avr-libc.fplib
                0x00000000       0x5e c:/program files (x86)/atmel/studio/7.0/toolchain/avr8/avr8-gnu-toolchain/bin/../lib/gcc/avr/4.9.2/../../../../avr/lib/avr35\libm.a(fixunssfsi.o)
 .text          0x00000000        0x0 c:/program files (x86)/atmel/studio/7.0/toolchain/avr8/avr8-gnu-toolchain/bin/../lib/gcc/avr/4.9.2/../../../../avr/lib/avr35\libm.a(floatsisf.o)
 .data          0x00000000        0x0 c:/program files (x86)/atmel/studio/7.0/toolchain/avr8/avr8-gnu-toolchain/bin/../lib/gcc/avr/4.9.2/../../../../avr/lib/avr35\libm.a(floatsisf.o)
 .bss           0x00000000        0x0 c:/program files (x86)/atmel/studio/7.0/toolchain/avr8/avr8-gnu-toolchain/bin/../lib/gcc/avr/4.9.2/../../../../avr/lib/avr35\libm.a(floatsisf.o)
 .text.avr-libc.fplib
                0x00000000       0x7a c:/program files (x86)/atmel/studio/7.0/toolchain/avr8/avr8-gnu-toolchain/bin/../lib/gcc/avr/4.9.2/../../../../avr/lib/avr35\libm.a(floatsisf.o)
 .text          0x00000000        0x0 c:/program files (x86)/atmel/studio/7.0/toolchain/avr8/avr8-gnu-toolchain/bin/../lib/gcc/avr/4.9.2/../../../../avr/lib/avr35\libm.a(fp_cmp.o)
 .data          0x00000000        0x0 c:/program files (x86)/atmel/studio/7.0/toolchain/avr8/avr8-gnu-toolchain/bin/../lib/gcc/avr/4.9.2/../../../../avr/lib/avr35\libm.a(fp_cmp.o)
 .bss           0x00000000        0x0 c:/program files (x86)/atmel/studio/7.0/toolchain/avr8/avr8-gnu-toolchain/bin/../lib/gcc/avr/4.9.2/../../../../avr/lib/avr35\libm.a(fp_cmp.o)
 .text.avr-libc.fplib
                0x00000000       0x48 c:/program files (x86)/atmel/studio/7.0/toolchain/avr8/avr8-gnu-toolchain/bin/../lib/gcc/avr/4.9.2/../../../../avr/lib/avr35\libm.a(fp_cmp.o)
 .text          0x00000000        0x0 c:/program files (x86)/atmel/studio/7.0/toolchain/avr8/avr8-gnu-toolchain/bin/../lib/gcc/avr/4.9.2/../../../../avr/lib/avr35\libm.a(fp_inf.o)
 .data          0x00000000        0x0 c:/program files (x86)/atmel/studio/7.0/toolchain/avr8/avr8-gnu-toolchain/bin/../lib/gcc/avr/4.9.2/../../../../avr/lib/avr35\libm.a(fp_inf.o)
 .bss           0x00000000        0x0 c:/program files (x86)/atmel/studio/7.0/toolchain/avr8/avr8-gnu-toolchain/bin/../lib/gcc/avr/4.9.2/../../../../avr/lib/avr35\libm.a(fp_inf.o)
 .text.avr-libc.fplib
                0x00000000        0xc c:/program files (x86)/atmel/studio/7.0/toolchain/avr8/avr8-gnu-toolchain/bin/../lib/gcc/avr/4.9.2/../../../../avr/lib/avr35\libm.a(fp_inf.o)
 .text          0x00000000        0x0 c:/program files (x86)/atmel/studio/7.0/toolchain/avr8/avr8-gnu-toolchain/bin/../lib/gcc/avr/4.9.2/../../../../avr/lib/avr35\libm.a(fp_nan.o)
 .data          0x00000000        0x0 c:/program files (x86)/atmel/studio/7.0/toolchain/avr8/avr8-gnu-toolchain/bin/../lib/gcc/avr/4.9.2/../../../../avr/lib/avr35\libm.a(fp_nan.o)
 .bss           0x00000000        0x0 c:/program files (x86)/atmel/studio/7.0/toolchain/avr8/avr8-gnu-toolchain/bin/../lib/gcc/avr/4.9.2/../../../../avr/lib/avr35\libm.a(fp_nan.o)
 .text.avr-libc.fplib
                0x00000000        0x6 c:/program files (x86)/atmel/studio/7.0/toolchain/avr8/avr8-gnu-toolchain/bin/../lib/gcc/avr/4.9.2/../../../../avr/lib/avr35\libm.a(fp_nan.o)
 .text          0x00000000        0x0 c:/program files (x86)/atmel/studio/7.0/toolchain/avr8/avr8-gnu-toolchain/bin/../lib/gcc/avr/4.9.2/../../../../avr/lib/avr35\libm.a(fp_pscA.o)
 .data          0x00000000        0x0 c:/program files (x86)/atmel/studio/7.0/toolchain/avr8/avr8-gnu-toolchain/bin/../lib/gcc/avr/4.9.2/../../../../avr/lib/avr35\libm.a(fp_pscA.o)
 .bss           0x00000000        0x0 c:/program files (x86)/atmel/studio/7.0/toolchain/avr8/avr8-gnu-toolchain/bin/../lib/gcc/avr/4.9.2/../../../../avr/lib/avr35\libm.a(fp_pscA.o)
 .text.avr-libc.fplib
                0x00000000        0xe c:/program files (x86)/atmel/studio/7.0/toolchain/avr8/avr8-gnu-toolchain/bin/../lib/gcc/avr/4.9.2/../../../../avr/lib/avr35\libm.a(fp_pscA.o)
 .text          0x00000000        0x0 c:/program files (x86)/atmel/studio/7.0/toolchain/avr8/avr8-gnu-toolchain/bin/../lib/gcc/avr/4.9.2/../../../../avr/lib/avr35\libm.a(fp_pscB.o)
 .data          0x00000000        0x0 c:/program files (x86)/atmel/studio/7.0/toolchain/avr8/avr8-gnu-toolchain/bin/../lib/gcc/avr/4.9.2/../../../../avr/lib/avr35\libm.a(fp_pscB.o)
 .bss           0x00000000        0x0 c:/program files (x86)/atmel/studio/7.0/toolchain/avr8/avr8-gnu-toolchain/bin/../lib/gcc/avr/4.9.2/../../../../avr/lib/avr35\libm.a(fp_pscB.o)
 .text.avr-libc.fplib
                0x00000000        0xe c:/program files (x86)/atmel/studio/7.0/toolchain/avr8/avr8-gnu-toolchain/bin/../lib/gcc/avr/4.9.2/../../../../avr/lib/avr35\libm.a(fp_pscB.o)
 .text          0x00000000        0x0 c:/program files (x86)/atmel/studio/7.0/toolchain/avr8/avr8-gnu-toolchain/bin/../lib/gcc/avr/4.9.2/../../../../avr/lib/avr35\libm.a(fp_round.o)
 .data          0x00000000        0x0 c:/program files (x86)/atmel/studio/7.0/toolchain/avr8/avr8-gnu-toolchain/bin/../lib/gcc/avr/4.9.2/../../../../avr/lib/avr35\libm.a(fp_round.o)
 .bss           0x00000000        0x0 c:/program files (x86)/atmel/studio/7.0/toolchain/avr8/avr8-gnu-toolchain/bin/../lib/gcc/avr/4.9.2/../../../../avr/lib/avr35\libm.a(fp_round.o)
 .text.avr-libc.fplib
                0x00000000       0x22 c:/program files (x86)/atmel/studio/7.0/toolchain/avr8/avr8-gnu-toolchain/bin/../lib/gcc/avr/4.9.2/../../../../avr/lib/avr35\libm.a(fp_round.o)
 .text          0x00000000        0x0 c:/program files (x86)/atmel/studio/7.0/toolchain/avr8/avr8-gnu-toolchain/bin/../lib/gcc/avr/4.9.2/../../../../avr/lib/avr35\libm.a(fp_split3.o)
 .data          0x00000000        0x0 c:/program files (x86)/atmel/studio/7.0/toolchain/avr8/avr8-gnu-toolchain/bin/../lib/gcc/avr/4.9.2/../../../../avr/lib/avr35\libm.a(fp_split3.o)
 .bss           0x00000000        0x0 c:/program files (x86)/atmel/studio/7.0/toolchain/avr8/avr8-gnu-toolchain/bin/../lib/gcc/avr/4.9.2/../../../../avr/lib/avr35\libm.a(fp_split3.o)
 .text.avr-libc.fplib
                0x00000000       0x44 c:/program files (x86)/atmel/studio/7.0/toolchain/avr8/avr8-gnu-toolchain/bin/../lib/gcc/avr/4.9.2/../../../../avr/lib/avr35\libm.a(fp_split3.o)
 .text          0x00000000        0x0 c:/program files (x86)/atmel/studio/7.0/toolchain/avr8/avr8-gnu-toolchain/bin/../lib/gcc/avr/4.9.2/../../../../avr/lib/avr35\libm.a(fp_zero.o)
 .data          0x00000000        0x0 c:/program files (x86)/atmel/studio/7.0/toolchain/avr8/avr8-gnu-toolchain/bin/../lib/gcc/avr/4.9.2/../../../../avr/lib/avr35\libm.a(fp_zero.o)
 .bss           0x00000000        0x0 c:/program files (x86)/atmel/studio/7.0/toolchain/avr8/avr8-gnu-toolchain/bin/../lib/gcc/avr/4.9.2/../../../../avr/lib/avr35\libm.a(fp_zero.o)
 .text.avr-libc.fplib
                0x00000000        0xe c:/program files (x86)/atmel/studio/7.0/toolchain/avr8/avr8-gnu-toolchain/bin/../lib/gcc/avr/4.9.2/../../../../avr/lib/avr35\libm.a(fp_zero.o)
 .text          0x00000000        0x0 c:/program files (x86)/atmel/studio/7.0/toolchain/avr8/avr8-gnu-toolchain/bin/../lib/gcc/avr/4.9.2/../../../../avr/lib/avr35\libm.a(gesf2.o)
 .data          0x00000000        0x0 c:/program files (x86)/atmel/studio/7.0/toolchain/avr8/avr8-gnu-toolchain/bin/../lib/gcc/avr/4.9.2/../../../../avr/lib/avr35\libm.a(gesf2.o)
 .bss           0x00000000        0x0 c:/program files (x86)/atmel/studio/7.0/toolchain/avr8/avr8-gnu-toolchain/bin/../lib/gcc/avr/4.9.2/../../../../avr/lib/avr35\libm.a(gesf2.o)
 .text.avr-libc.fplib
                0x00000000        0xa c:/program files (x86)/atmel/studio/7.0/toolchain/avr8/avr8-gnu-toolchain/bin/../lib/gcc/avr/4.9.2/../../../../avr/lib/avr35\libm.a(gesf2.o)
 .text          0x00000000        0x0 c:/program files (x86)/atmel/studio/7.0/toolchain/avr8/avr8-gnu-toolchain/bin/../lib/gcc/avr/4.9.2/../../../../avr/lib/avr35\libm.a(mulsf3.o)
 .data          0x00000000        0x0 c:/program files (x86)/atmel/studio/7.0/toolchain/avr8/avr8-gnu-toolchain/bin/../lib/gcc/avr/4.9.2/../../../../avr/lib/avr35\libm.a(mulsf3.o)
 .bss           0x00000000        0x0 c:/program files (x86)/atmel/studio/7.0/toolchain/avr8/avr8-gnu-toolchain/bin/../lib/gcc/avr/4.9.2/../../../../avr/lib/avr35\libm.a(mulsf3.o)
 .text.avr-libc.fplib
                0x00000000        0x8 c:/program files (x86)/atmel/studio/7.0/toolchain/avr8/avr8-gnu-toolchain/bin/../lib/gcc/avr/4.9.2/../../../../avr/lib/avr35\libm.a(mulsf3.o)
 .text          0x00000000        0x0 c:/program files (x86)/atmel/studio/7.0/toolchain/avr8/avr8-gnu-toolchain/bin/../lib/gcc/avr/4.9.2/../../../../avr/lib/avr35\libm.a(mulsf3x.o)
 .data          0x00000000        0x0 c:/program files (x86)/atmel/studio/7.0/toolchain/avr8/avr8-gnu-toolchain/bin/../lib/gcc/avr/4.9.2/../../../../avr/lib/avr35\libm.a(mulsf3x.o)
 .bss           0x00000000        0x0 c:/program files (x86)/atmel/studio/7.0/toolchain/avr8/avr8-gnu-toolchain/bin/../lib/gcc/avr/4.9.2/../../../../avr/lib/avr35\libm.a(mulsf3x.o)
 .text.avr-libc.fplib
                0x00000000       0xe2 c:/program files (x86)/atmel/studio/7.0/toolchain/avr8/avr8-gnu-toolchain/bin/../lib/gcc/avr/4.9.2/../../../../avr/lib/avr35\libm.a(mulsf3x.o)
 .text          0x00000000        0x0 c:/program files (x86)/atmel/studio/7.0/toolchain/avr8/avr8-gnu-toolchain/bin/../lib/gcc/avr/4.9.2/avr35\libgcc.a(_mulhi3.o)
 .data          0x00000000        0x0 c:/program files (x86)/atmel/studio/7.0/toolchain/avr8/avr8-gnu-toolchain/bin/../lib/gcc/avr/4.9.2/avr35\libgcc.a(_mulhi3.o)
 .bss           0x00000000        0x0 c:/program files (x86)/atmel/studio/7.0/toolchain/avr8/avr8-gnu-toolchain/bin/../lib/gcc/avr/4.9.2/avr35\libgcc.a(_mulhi3.o)
 .text.libgcc.mul
                0x00000000       0x22 c:/program files (x86)/atmel/studio/7.0/toolchain/avr8/avr8-gnu-toolchain/bin/../lib/gcc/avr/4.9.2/avr35\libgcc.a(_mulhi3.o)
 .text.libgcc.div
                0x00000000        0x0 c:/program files (x86)/atmel/studio/7.0/toolchain/avr8/avr8-gnu-toolchain/bin/../lib/gcc/avr/4.9.2/avr35\libgcc.a(_mulhi3.o)
 .text.libgcc   0x00000000        0x0 c:/program files (x86)/atmel/studio/7.0/toolchain/avr8/avr8-gnu-toolchain/bin/../lib/gcc/avr/4.9.2/avr35\libgcc.a(_mulhi3.o)
 .text.libgcc.prologue
                0x00000000        0x0 c:/program files (x86)/atmel/studio/7.0/toolchain/avr8/avr8-gnu-toolchain/bin/../lib/gcc/avr/4.9.2/avr35\libgcc.a(_mulhi3.o)
 .text.libgcc.builtins
                0x00000000        0x0 c:/program files (x86)/atmel/studio/7.0/toolchain/avr8/avr8-gnu-toolchain/bin/../lib/gcc/avr/4.9.2/avr35\libgcc.a(_mulhi3.o)
 .text.libgcc.fmul
                0x00000000        0x0 c:/program files (x86)/atmel/studio/7.0/toolchain/avr8/avr8-gnu-toolchain/bin/../lib/gcc/avr/4.9.2/avr35\libgcc.a(_mulhi3.o)
 .text.libgcc.fixed
                0x00000000        0x0 c:/program files (x86)/atmel/studio/7.0/toolchain/avr8/avr8-gnu-toolchain/bin/../lib/gcc/avr/4.9.2/avr35\libgcc.a(_mulhi3.o)
 .text          0x00000000        0x0 c:/program files (x86)/atmel/studio/7.0/toolchain/avr8/avr8-gnu-toolchain/bin/../lib/gcc/avr/4.9.2/avr35\libgcc.a(_udivmodhi4.o)
 .data          0x00000000        0x0 c:/program files (x86)/atmel/studio/7.0/toolchain/avr8/avr8-gnu-toolchain/bin/../lib/gcc/avr/4.9.2/avr35\libgcc.a(_udivmodhi4.o)
 .bss           0x00000000        0x0 c:/program files (x86)/atmel/studio/7.0/toolchain/avr8/avr8-gnu-toolchain/bin/../lib/gcc/avr/4.9.2/avr35\libgcc.a(_udivmodhi4.o)
 .text.libgcc.mul
                0x00000000        0x0 c:/program files (x86)/atmel/studio/7.0/toolchain/avr8/avr8-gnu-toolchain/bin/../lib/gcc/avr/4.9.2/avr35\libgcc.a(_udivmodhi4.o)
 .text.libgcc.div
                0x00000000       0x28 c:/program files (x86)/atmel/studio/7.0/toolchain/avr8/avr8-gnu-toolchain/bin/../lib/gcc/avr/4.9.2/avr35\libgcc.a(_udivmodhi4.o)
 .text.libgcc   0x00000000        0x0 c:/program files (x86)/atmel/studio/7.0/toolchain/avr8/avr8-gnu-toolchain/bin/../lib/gcc/avr/4.9.2/avr35\libgcc.a(_udivmodhi4.o)
 .text.libgcc.prologue
                0x00000000        0x0 c:/program files (x86)/atmel/studio/7.0/toolchain/avr8/avr8-gnu-toolchain/bin/../lib/gcc/avr/4.9.2/avr35\libgcc.a(_udivmodhi4.o)
 .text.libgcc.builtins
                0x00000000        0x0 c:/program files (x86)/atmel/studio/7.0/toolchain/avr8/avr8-gnu-toolchain/bin/../lib/gcc/avr/4.9.2/avr35\libgcc.a(_udivmodhi4.o)
 .text.libgcc.fmul
                0x00000000        0x0 c:/program files (x86)/atmel/studio/7.0/toolchain/avr8/avr8-gnu-toolchain/bin/../lib/gcc/avr/4.9.2/avr35\libgcc.a(_udivmodhi4.o)
 .text.libgcc.fixed
                0x00000000        0x0 c:/program files (x86)/atmel/studio/7.0/toolchain/avr8/avr8-gnu-toolchain/bin/../lib/gcc/avr/4.9.2/avr35\libgcc.a(_udivmodhi4.o)
 .text          0x00000000        0x0 c:/program files (x86)/atmel/studio/7.0/toolchain/avr8/avr8-gnu-toolchain/bin/../lib/gcc/avr/4.9.2/avr35\libgcc.a(_udivmodsi4.o)
 .data          0x00000000        0x0 c:/program files (x86)/atmel/studio/7.0/toolchain/avr8/avr8-gnu-toolchain/bin/../lib/gcc/avr/4.9.2/avr35\libgcc.a(_udivmodsi4.o)
 .bss           0x00000000        0x0 c:/program files (x86)/atmel/studio/7.0/toolchain/avr8/avr8-gnu-toolchain/bin/../lib/gcc/avr/4.9.2/avr35\libgcc.a(_udivmodsi4.o)
 .text.libgcc.mul
                0x00000000        0x0 c:/program files (x86)/atmel/studio/7.0/toolchain/avr8/avr8-gnu-toolchain/bin/../lib/gcc/avr/4.9.2/avr35\libgcc.a(_udivmodsi4.o)
 .text.libgcc.div
                0x00000000       0x44 c:/program files (x86)/atmel/studio/7.0/toolchain/avr8/avr8-gnu-toolchain/bin/../lib/gcc/avr/4.9.2/avr35\libgcc.a(_udivmodsi4.o)
 .text.libgcc   0x00000000        0x0 c:/program files (x86)/atmel/studio/7.0/toolchain/avr8/avr8-gnu-toolchain/bin/../lib/gcc/avr/4.9.2/avr35\libgcc.a(_udivmodsi4.o)
 .text.libgcc.prologue
                0x00000000        0x0 c:/program files (x86)/atmel/studio/7.0/toolchain/avr8/avr8-gnu-toolchain/bin/../lib/gcc/avr/4.9.2/avr35\libgcc.a(_udivmodsi4.o)
 .text.libgcc.builtins
                0x00000000        0x0 c:/program files (x86)/atmel/studio/7.0/toolchain/avr8/avr8-gnu-toolchain/bin/../lib/gcc/avr/4.9.2/avr35\libgcc.a(_udivmodsi4.o)
 .text.libgcc.fmul
                0x00000000        0x0 c:/program files (x86)/atmel/studio/7.0/toolchain/avr8/avr8-gnu-toolchain/bin/../lib/gcc/avr/4.9.2/avr35\libgcc.a(_udivmodsi4.o)
 .text.libgcc.fixed
                0x00000000        0x0 c:/program files (x86)/atmel/studio/7.0/toolchain/avr8/avr8-gnu-toolchain/bin/../lib/gcc/avr/4.9.2/avr35\libgcc.a(_udivmodsi4.o)
 .text          0x00000000        0x0 c:/program files (x86)/atmel/studio/7.0/toolchain/avr8/avr8-gnu-toolchain/bin/../lib/gcc/avr/4.9.2/avr35\libgcc.a(_exit.o)
 .data          0x00000000        0x0 c:/program files (x86)/atmel/studio/7.0/toolchain/avr8/avr8-gnu-toolchain/bin/../lib/gcc/avr/4.9.2/avr35\libgcc.a(_exit.o)
 .bss           0x00000000        0x0 c:/program files (x86)/atmel/studio/7.0/toolchain/avr8/avr8-gnu-toolchain/bin/../lib/gcc/avr/4.9.2/avr35\libgcc.a(_exit.o)
 .text.libgcc.mul
                0x00000000        0x0 c:/program files (x86)/atmel/studio/7.0/toolchain/avr8/avr8-gnu-toolchain/bin/../lib/gcc/avr/4.9.2/avr35\libgcc.a(_exit.o)
 .text.libgcc.div
                0x00000000        0x0 c:/program files (x86)/atmel/studio/7.0/toolchain/avr8/avr8-gnu-toolchain/bin/../lib/gcc/avr/4.9.2/avr35\libgcc.a(_exit.o)
 .text.libgcc   0x00000000        0x0 c:/program files (x86)/atmel/studio/7.0/toolchain/avr8/avr8-gnu-toolchain/bin/../lib/gcc/avr/4.9.2/avr35\libgcc.a(_exit.o)
 .text.libgcc.prologue
                0x00000000        0x0 c:/program files (x86)/atmel/studio/7.0/toolchain/avr8/avr8-gnu-toolchain/bin/../lib/gcc/avr/4.9.2/avr35\libgcc.a(_exit.o)
 .text.libgcc.builtins
                0x00000000        0x0 c:/program files (x86)/atmel/studio/7.0/toolchain/avr8/avr8-gnu-toolchain/bin/../lib/gcc/avr/4.9.2/avr35\libgcc.a(_exit.o)
 .text.libgcc.fmul
                0x00000000        0x0 c:/program files (x86)/atmel/studio/7.0/toolchain/avr8/avr8-gnu-toolchain/bin/../lib/gcc/avr/4.9.2/avr35\libgcc.a(_exit.o)
 .text.libgcc.fixed
                0x00000000        0x0 c:/program files (x86)/atmel/studio/7.0/toolchain/avr8/avr8-gnu-toolchain/bin/../lib/gcc/avr/4.9.2/avr35\libgcc.a(_exit.o)
 .text          0x00000000        0x0 c:/program files (x86)/atmel/studio/7.0/toolchain/avr8/avr8-gnu-toolchain/bin/../lib/gcc/avr/4.9.2/avr35\libgcc.a(_copy_data.o)
 .data          0x00000000        0x0 c:/program files (x86)/atmel/studio/7.0/toolchain/avr8/avr8-gnu-toolchain/bin/../lib/gcc/avr/4.9.2/avr35\libgcc.a(_copy_data.o)
 .bss           0x00000000        0x0 c:/program files (x86)/atmel/studio/7.0/toolchain/avr8/avr8-gnu-toolchain/bin/../lib/gcc/avr/4.9.2/avr35\libgcc.a(_copy_data.o)
 .text.libgcc.mul
                0x00000000        0x0 c:/program files (x86)/atmel/studio/7.0/toolchain/avr8/avr8-gnu-toolchain/bin/../lib/gcc/avr/4.9.2/avr35\libgcc.a(_copy_data.o)
 .text.libgcc.div
                0x00000000        0x0 c:/program files (x86)/atmel/studio/7.0/toolchain/avr8/avr8-gnu-toolchain/bin/../lib/gcc/avr/4.9.2/avr35\libgcc.a(_copy_data.o)
 .text.libgcc   0x00000000        0x0 c:/program files (x86)/atmel/studio/7.0/toolchain/avr8/avr8-gnu-toolchain/bin/../lib/gcc/avr/4.9.2/avr35\libgcc.a(_copy_data.o)
 .text.libgcc.prologue
                0x00000000        0x0 c:/program files (x86)/atmel/studio/7.0/toolchain/avr8/avr8-gnu-toolchain/bin/../lib/gcc/avr/4.9.2/avr35\libgcc.a(_copy_data.o)
 .text.libgcc.builtins
                0x00000000        0x0 c:/program files (x86)/atmel/studio/7.0/toolchain/avr8/avr8-gnu-toolchain/bin/../lib/gcc/avr/4.9.2/avr35\libgcc.a(_copy_data.o)
 .text.libgcc.fmul
                0x00000000        0x0 c:/program files (x86)/atmel/studio/7.0/toolchain/avr8/avr8-gnu-toolchain/bin/../lib/gcc/avr/4.9.2/avr35\libgcc.a(_copy_data.o)
 .text.libgcc.fixed
                0x00000000        0x0 c:/program files (x86)/atmel/studio/7.0/toolchain/avr8/avr8-gnu-toolchain/bin/../lib/gcc/avr/4.9.2/avr35\libgcc.a(_copy_data.o)
 .text          0x00000000        0x0 c:/program files (x86)/atmel/studio/7.0/toolchain/avr8/avr8-gnu-toolchain/bin/../lib/gcc/avr/4.9.2/avr35\libgcc.a(_clear_bss.o)
 .data          0x00000000        0x0 c:/program files (x86)/atmel/studio/7.0/toolchain/avr8/avr8-gnu-toolchain/bin/../lib/gcc/avr/4.9.2/avr35\libgcc.a(_clear_bss.o)
 .bss           0x00000000        0x0 c:/program files (x86)/atmel/studio/7.0/toolchain/avr8/avr8-gnu-toolchain/bin/../lib/gcc/avr/4.9.2/avr35\libgcc.a(_clear_bss.o)
 .text.libgcc.mul
                0x00000000        0x0 c:/program files (x86)/atmel/studio/7.0/toolchain/avr8/avr8-gnu-toolchain/bin/../lib/gcc/avr/4.9.2/avr35\libgcc.a(_clear_bss.o)
 .text.libgcc.div
                0x00000000        0x0 c:/program files (x86)/atmel/studio/7.0/toolchain/avr8/avr8-gnu-toolchain/bin/../lib/gcc/avr/4.9.2/avr35\libgcc.a(_clear_bss.o)
 .text.libgcc   0x00000000        0x0 c:/program files (x86)/atmel/studio/7.0/toolchain/avr8/avr8-gnu-toolchain/bin/../lib/gcc/avr/4.9.2/avr35\libgcc.a(_clear_bss.o)
 .text.libgcc.prologue
                0x00000000        0x0 c:/program files (x86)/atmel/studio/7.0/toolchain/avr8/avr8-gnu-toolchain/bin/../lib/gcc/avr/4.9.2/avr35\libgcc.a(_clear_bss.o)
 .text.libgcc.builtins
                0x00000000        0x0 c:/program files (x86)/atmel/studio/7.0/toolchain/avr8/avr8-gnu-toolchain/bin/../lib/gcc/avr/4.9.2/avr35\libgcc.a(_clear_bss.o)
 .text.libgcc.fmul
                0x00000000        0x0 c:/program files (x86)/atmel/studio/7.0/toolchain/avr8/avr8-gnu-toolchain/bin/../lib/gcc/avr/4.9.2/avr35\libgcc.a(_clear_bss.o)
 .text.libgcc.fixed
                0x00000000        0x0 c:/program files (x86)/atmel/studio/7.0/toolchain/avr8/avr8-gnu-toolchain/bin/../lib/gcc/avr/4.9.2/avr35\libgcc.a(_clear_bss.o)
 .text          0x00000000        0x0 c:/program files (x86)/atmel/studio/7.0/toolchain/avr8/avr8-gnu-toolchain/bin/../lib/gcc/avr/4.9.2/avr35\libgcc.a(_mulsidi3.o)
 .data          0x00000000        0x0 c:/program files (x86)/atmel/studio/7.0/toolchain/avr8/avr8-gnu-toolchain/bin/../lib/gcc/avr/4.9.2/avr35\libgcc.a(_mulsidi3.o)
 .bss           0x00000000        0x0 c:/program files (x86)/atmel/studio/7.0/toolchain/avr8/avr8-gnu-toolchain/bin/../lib/gcc/avr/4.9.2/avr35\libgcc.a(_mulsidi3.o)
 .text.libgcc.mul
                0x00000000       0x40 c:/program files (x86)/atmel/studio/7.0/toolchain/avr8/avr8-gnu-toolchain/bin/../lib/gcc/avr/4.9.2/avr35\libgcc.a(_mulsidi3.o)
 .text.libgcc.div
                0x00000000        0x0 c:/program files (x86)/atmel/studio/7.0/toolchain/avr8/avr8-gnu-toolchain/bin/../lib/gcc/avr/4.9.2/avr35\libgcc.a(_mulsidi3.o)
 .text.libgcc   0x00000000        0x0 c:/program files (x86)/atmel/studio/7.0/toolchain/avr8/avr8-gnu-toolchain/bin/../lib/gcc/avr/4.9.2/avr35\libgcc.a(_mulsidi3.o)
 .text.libgcc.prologue
                0x00000000        0x0 c:/program files (x86)/atmel/studio/7.0/toolchain/avr8/avr8-gnu-toolchain/bin/../lib/gcc/avr/4.9.2/avr35\libgcc.a(_mulsidi3.o)
 .text.libgcc.builtins
                0x00000000        0x0 c:/program files (x86)/atmel/studio/7.0/toolchain/avr8/avr8-gnu-toolchain/bin/../lib/gcc/avr/4.9.2/avr35\libgcc.a(_mulsidi3.o)
 .text.libgcc.fmul
                0x00000000        0x0 c:/program files (x86)/atmel/studio/7.0/toolchain/avr8/avr8-gnu-toolchain/bin/../lib/gcc/avr/4.9.2/avr35\libgcc.a(_mulsidi3.o)
 .text.libgcc.fixed
                0x00000000        0x0 c:/program files (x86)/atmel/studio/7.0/toolchain/avr8/avr8-gnu-toolchain/bin/../lib/gcc/avr/4.9.2/avr35\libgcc.a(_mulsidi3.o)
 .text          0x00000000        0x0 c:/program files (x86)/atmel/studio/7.0/toolchain/avr8/avr8-gnu-toolchain/bin/../lib/gcc/avr/4.9.2/avr35\libgcc.a(_prologue.o)
 .data          0x00000000        0x0 c:/program files (x86)/atmel/studio/7.0/toolchain/avr8/avr8-gnu-toolchain/bin/../lib/gcc/avr/4.9.2/avr35\libgcc.a(_prologue.o)
 .bss           0x00000000        0x0 c:/program files (x86)/atmel/studio/7.0/toolchain/avr8/avr8-gnu-toolchain/bin/../lib/gcc/avr/4.9.2/avr35\libgcc.a(_prologue.o)
 .text.libgcc.mul
                0x00000000        0x0 c:/program files (x86)/atmel/studio/7.0/toolchain/avr8/avr8-gnu-toolchain/bin/../lib/gcc/avr/4.9.2/avr35\libgcc.a(_prologue.o)
 .text.libgcc.div
                0x00000000        0x0 c:/program files (x86)/atmel/studio/7.0/toolchain/avr8/avr8-gnu-toolchain/bin/../lib/gcc/avr/4.9.2/avr35\libgcc.a(_prologue.o)
 .text.libgcc   0x00000000        0x0 c:/program files (x86)/atmel/studio/7.0/toolchain/avr8/avr8-gnu-toolchain/bin/../lib/gcc/avr/4.9.2/avr35\libgcc.a(_prologue.o)
 .text.libgcc.prologue
                0x00000000       0x38 c:/program files (x86)/atmel/studio/7.0/toolchain/avr8/avr8-gnu-toolchain/bin/../lib/gcc/avr/4.9.2/avr35\libgcc.a(_prologue.o)
 .text.libgcc.builtins
                0x00000000        0x0 c:/program files (x86)/atmel/studio/7.0/toolchain/avr8/avr8-gnu-toolchain/bin/../lib/gcc/avr/4.9.2/avr35\libgcc.a(_prologue.o)
 .text.libgcc.fmul
                0x00000000        0x0 c:/program files (x86)/atmel/studio/7.0/toolchain/avr8/avr8-gnu-toolchain/bin/../lib/gcc/avr/4.9.2/avr35\libgcc.a(_prologue.o)
 .text.libgcc.fixed
                0x00000000        0x0 c:/program files (x86)/atmel/studio/7.0/toolchain/avr8/avr8-gnu-toolchain/bin/../lib/gcc/avr/4.9.2/avr35\libgcc.a(_prologue.o)
 .text          0x00000000        0x0 c:/program files (x86)/atmel/studio/7.0/toolchain/avr8/avr8-gnu-toolchain/bin/../lib/gcc/avr/4.9.2/avr35\libgcc.a(_epilogue.o)
 .data          0x00000000        0x0 c:/program files (x86)/atmel/studio/7.0/toolchain/avr8/avr8-gnu-toolchain/bin/../lib/gcc/avr/4.9.2/avr35\libgcc.a(_epilogue.o)
 .bss           0x00000000        0x0 c:/program files (x86)/atmel/studio/7.0/toolchain/avr8/avr8-gnu-toolchain/bin/../lib/gcc/avr/4.9.2/avr35\libgcc.a(_epilogue.o)
 .text.libgcc.mul
                0x00000000        0x0 c:/program files (x86)/atmel/studio/7.0/toolchain/avr8/avr8-gnu-toolchain/bin/../lib/gcc/avr/4.9.2/avr35\libgcc.a(_epilogue.o)
 .text.libgcc.div
                0x00000000        0x0 c:/program files (x86)/atmel/studio/7.0/toolchain/avr8/avr8-gnu-toolchain/bin/../lib/gcc/avr/4.9.2/avr35\libgcc.a(_epilogue.o)
 .text.libgcc   0x00000000        0x0 c:/program files (x86)/atmel/studio/7.0/toolchain/avr8/avr8-gnu-toolchain/bin/../lib/gcc/avr/4.9.2/avr35\libgcc.a(_epilogue.o)
 .text.libgcc.prologue
                0x00000000       0x36 c:/program files (x86)/atmel/studio/7.0/toolchain/avr8/avr8-gnu-toolchain/bin/../lib/gcc/avr/4.9.2/avr35\libgcc.a(_epilogue.o)
 .text.libgcc.builtins
                0x00000000        0x0 c:/program files (x86)/atmel/studio/7.0/toolchain/avr8/avr8-gnu-toolchain/bin/../lib/gcc/avr/4.9.2/avr35\libgcc.a(_epilogue.o)
 .text.libgcc.fmul
                0x00000000        0x0 c:/program files (x86)/atmel/studio/7.0/toolchain/avr8/avr8-gnu-toolchain/bin/../lib/gcc/avr/4.9.2/avr35\libgcc.a(_epilogue.o)
 .text.libgcc.fixed
                0x00000000        0x0 c:/program files (x86)/atmel/studio/7.0/toolchain/avr8/avr8-gnu-toolchain/bin/../lib/gcc/avr/4.9.2/avr35\libgcc.a(_epilogue.o)
 .text          0x00000000        0x0 c:/program files (x86)/atmel/studio/7.0/toolchain/avr8/avr8-gnu-toolchain/bin/../lib/gcc/avr/4.9.2/avr35\libgcc.a(_muldi3.o)
 .data          0x00000000        0x0 c:/program files (x86)/atmel/studio/7.0/toolchain/avr8/avr8-gnu-toolchain/bin/../lib/gcc/avr/4.9.2/avr35\libgcc.a(_muldi3.o)
 .bss           0x00000000        0x0 c:/program files (x86)/atmel/studio/7.0/toolchain/avr8/avr8-gnu-toolchain/bin/../lib/gcc/avr/4.9.2/avr35\libgcc.a(_muldi3.o)
 .text.libgcc.mul
                0x00000000       0x5c c:/program files (x86)/atmel/studio/7.0/toolchain/avr8/avr8-gnu-toolchain/bin/../lib/gcc/avr/4.9.2/avr35\libgcc.a(_muldi3.o)
 .text.libgcc.div
                0x00000000        0x0 c:/program files (x86)/atmel/studio/7.0/toolchain/avr8/avr8-gnu-toolchain/bin/../lib/gcc/avr/4.9.2/avr35\libgcc.a(_muldi3.o)
 .text.libgcc   0x00000000        0x0 c:/program files (x86)/atmel/studio/7.0/toolchain/avr8/avr8-gnu-toolchain/bin/../lib/gcc/avr/4.9.2/avr35\libgcc.a(_muldi3.o)
 .text.libgcc.prologue
                0x00000000        0x0 c:/program files (x86)/atmel/studio/7.0/toolchain/avr8/avr8-gnu-toolchain/bin/../lib/gcc/avr/4.9.2/avr35\libgcc.a(_muldi3.o)
 .text.libgcc.builtins
                0x00000000        0x0 c:/program files (x86)/atmel/studio/7.0/toolchain/avr8/avr8-gnu-toolchain/bin/../lib/gcc/avr/4.9.2/avr35\libgcc.a(_muldi3.o)
 .text.libgcc.fmul
                0x00000000        0x0 c:/program files (x86)/atmel/studio/7.0/toolchain/avr8/avr8-gnu-toolchain/bin/../lib/gcc/avr/4.9.2/avr35\libgcc.a(_muldi3.o)
 .text.libgcc.fixed
                0x00000000        0x0 c:/program files (x86)/atmel/studio/7.0/toolchain/avr8/avr8-gnu-toolchain/bin/../lib/gcc/avr/4.9.2/avr35\libgcc.a(_muldi3.o)
 .text          0x00000000        0x0 c:/program files (x86)/atmel/studio/7.0/toolchain/avr8/avr8-gnu-toolchain/bin/../lib/gcc/avr/4.9.2/../../../../avr/lib/avr35\libc.a(memcpy_P.o)
 .data          0x00000000        0x0 c:/program files (x86)/atmel/studio/7.0/toolchain/avr8/avr8-gnu-toolchain/bin/../lib/gcc/avr/4.9.2/../../../../avr/lib/avr35\libc.a(memcpy_P.o)
 .bss           0x00000000        0x0 c:/program files (x86)/atmel/studio/7.0/toolchain/avr8/avr8-gnu-toolchain/bin/../lib/gcc/avr/4.9.2/../../../../avr/lib/avr35\libc.a(memcpy_P.o)
 .text.avr-libc
                0x00000000       0x12 c:/program files (x86)/atmel/studio/7.0/toolchain/avr8/avr8-gnu-toolchain/bin/../lib/gcc/avr/4.9.2/../../../../avr/lib/avr35\libc.a(memcpy_P.o)
 .text          0x00000000        0x0 c:/program files (x86)/atmel/studio/7.0/toolchain/avr8/avr8-gnu-toolchain/bin/../lib/gcc/avr/4.9.2/../../../../avr/lib/avr35\libc.a(memcmp.o)
 .data          0x00000000        0x0 c:/program files (x86)/atmel/studio/7.0/toolchain/avr8/avr8-gnu-toolchain/bin/../lib/gcc/avr/4.9.2/../../../../avr/lib/avr35\libc.a(memcmp.o)
 .bss           0x00000000        0x0 c:/program files (x86)/atmel/studio/7.0/toolchain/avr8/avr8-gnu-toolchain/bin/../lib/gcc/avr/4.9.2/../../../../avr/lib/avr35\libc.a(memcmp.o)
 .text.avr-libc
                0x00000000       0x1a c:/program files (x86)/atmel/studio/7.0/toolchain/avr8/avr8-gnu-toolchain/bin/../lib/gcc/avr/4.9.2/../../../../avr/lib/avr35\libc.a(memcmp.o)

Memory Configuration

Name             Origin             Length             Attributes
text             0x00000000         0x00010000         xr
data             0x00800060         0x0000ffa0         rw !x
eeprom           0x00810000         0x00010000         rw !x
fuse             0x00820000         0x00000003         rw !x
lock             0x00830000         0x00000400         rw !x
signature        0x00840000         0x00000400         rw !x
user_signatures  0x00850000         0x00000400         rw !x
*default*        0x00000000         0xffffffff

Linker script and memory map

Address of section .data set to 0x800100
LOAD C:/Program Files (x86)/Atmel/Studio/7.0/Packs/atmel/ATautomotive_DFP/1.1.96/gcc/dev/ata6617c/avr35/crtata6617c.o
LOAD ADC.o
LOAD analog_servo_drv.o
LOAD buttons.o
LOAD CAN.o
LOAD cmd_sts_helpers.o
LOAD eeprom_storage.o
LOAD events.o
LOAD framework.o
LOAD IOC.o
LOAD light_drv.o
LOAD light_setting_alg.o
LOAD lin_drv.o
LOAD LIN_XCVR_WD_Kicker.o
LOAD main.o
LOAD master_service.o
LOAD ModemService.o
LOAD PWM.o
LOAD slave_parameters.o
LOAD SPI.o
LOAD SPI_Service.o
LOAD timer.o
LOAD UART.o
LOAD UART_Service.o
LOAD __template.o
START GROUP
LOAD c:/program files (x86)/atmel/studio/7.0/toolchain/avr8/avr8-gnu-toolchain/bin/../lib/gcc/avr/4.9.2/../../../../avr/lib/avr35\libm.a
END GROUP
START GROUP
LOAD c:/program files (x86)/atmel/studio/7.0/toolchain/avr8/avr8-gnu-toolchain/bin/../lib/gcc/avr/4.9.2/avr35\libgcc.a
LOAD c:/program files (x86)/atmel/studio/7.0/toolchain/avr8/avr8-gnu-toolchain/bin/../lib/gcc/avr/4.9.2/../../../../avr/lib/avr35\libm.a
LOAD c:/program files (x86)/atmel/studio/7.0/toolchain/avr8/avr8-gnu-toolchain/bin/../lib/gcc/avr/4.9.2/../../../../avr/lib/avr35\libc.a
LOAD C:/Program Files (x86)/Atmel/Studio/7.0/Packs/atmel/ATautomotive_DFP/1.1.96/gcc/dev/ata6617c/avr35\libata6617c.a
END GROUP
                0x00010000                __TEXT_REGION_LENGTH__ = DEFINED (__TEXT_REGION_LENGTH__)?__TEXT_REGION_LENGTH__:0x10000
                0x0000ffa0                __DATA_REGION_LENGTH__ = DEFINED (__DATA_REGION_LENGTH__)?__DATA_REGION_LENGTH__:0xffa0
                0x00010000                __EEPROM_REGION_LENGTH__ = DEFINED (__EEPROM_REGION_LENGTH__)?__EEPROM_REGION_LENGTH__:0x10000
                [0x00000003]                __FUSE_REGION_LENGTH__ = DEFINED (__FUSE_REGION_LENGTH__)?__FUSE_REGION_LENGTH__:0x400
                0x00000400                __LOCK_REGION_LENGTH__ = DEFINED (__LOCK_REGION_LENGTH__)?__LOCK_REGION_LENGTH__:0x400
                0x00000400                __SIGNATURE_REGION_LENGTH__ = DEFINED (__SIGNATURE_REGION_LENGTH__)?__SIGNATURE_REGION_LENGTH__:0x400
                0x00000400                __USER_SIGNATURE_REGION_LENGTH__ = DEFINED (__USER_SIGNATURE_REGION_LENGTH__)?__USER_SIGNATURE_REGION_LENGTH__:0x400

.hash
 *(.hash)

.dynsym
 *(.dynsym)

.dynstr
 *(.dynstr)

.gnu.version
 *(.gnu.version)

.gnu.version_d
 *(.gnu.version_d)

.gnu.version_r
 *(.gnu.version_r)

.rel.init
 *(.rel.init)

.rela.init
 *(.rela.init)

.rel.text
 *(.rel.text)
 *(.rel.text.*)
 *(.rel.gnu.linkonce.t*)

.rela.text
 *(.rela.text)
 *(.rela.text.*)
 *(.rela.gnu.linkonce.t*)

.rel.fini
 *(.rel.fini)

.rela.fini
 *(.rela.fini)

.rel.rodata
 *(.rel.rodata)
 *(.rel.rodata.*)
 *(.rel.gnu.linkonce.r*)

.rela.rodata
 *(.rela.rodata)
 *(.rela.rodata.*)
 *(.rela.gnu.linkonce.r*)

.rel.data
 *(.rel.data)
 *(.rel.data.*)
 *(.rel.gnu.linkonce.d*)

.rela.data
 *(.rela.data)
 *(.rela.data.*)
 *(.rela.gnu.linkonce.d*)

.rel.ctors
 *(.rel.ctors)

.rela.ctors
 *(.rela.ctors)

.rel.dtors
 *(.rel.dtors)

.rela.dtors
 *(.rela.dtors)

.rel.got
 *(.rel.got)

.rela.got
 *(.rela.got)

.rel.bss
 *(.rel.bss)

.rela.bss
 *(.rela.bss)

.rel.plt
 *(.rel.plt)

.rela.plt
 *(.rela.plt)

.text           0x00000000     0x14a8
 *(.vectors)
 .vectors       0x00000000       0x50 C:/Program Files (x86)/Atmel/Studio/7.0/Packs/atmel/ATautomotive_DFP/1.1.96/gcc/dev/ata6617c/avr35/crtata6617c.o
                0x00000000                __vector_default
                0x00000000                __vectors
 *(.vectors)
 *(.progmem.gcc*)
                0x00000050                . = ALIGN (0x2)
                0x00000050                __trampolines_start = .
 *(.trampolines)
 .trampolines   0x00000050        0x0 linker stubs
 *(.trampolines*)
                0x00000050                __trampolines_end = .
 *libprintf_flt.a:*(.progmem.data)
 *libc.a:*(.progmem.data)
 *(.progmem*)
 .progmem.data.Init_Text
                0x00000050        0xa UART.o
                0x0000005a                . = ALIGN (0x2)
 *(.jumptables)
 *(.jumptables*)
 *(.lowtext)
 *(.lowtext*)
                0x0000005a                __ctors_start = .
 *(.ctors)
                0x0000005a                __ctors_end = .
                0x0000005a                __dtors_start = .
 *(.dtors)
                0x0000005a                __dtors_end = .
 SORT(*)(.ctors)
 SORT(*)(.dtors)
 *(.init0)
 .init0         0x0000005a        0x0 C:/Program Files (x86)/Atmel/Studio/7.0/Packs/atmel/ATautomotive_DFP/1.1.96/gcc/dev/ata6617c/avr35/crtata6617c.o
                0x0000005a                __init
 *(.init0)
 *(.init1)
 *(.init1)
 *(.init2)
 .init2         0x0000005a        0xc C:/Program Files (x86)/Atmel/Studio/7.0/Packs/atmel/ATautomotive_DFP/1.1.96/gcc/dev/ata6617c/avr35/crtata6617c.o
 *(.init2)
 *(.init3)
 *(.init3)
 *(.init4)
 .init4         0x00000066       0x16 c:/program files (x86)/atmel/studio/7.0/toolchain/avr8/avr8-gnu-toolchain/bin/../lib/gcc/avr/4.9.2/avr35\libgcc.a(_copy_data.o)
                0x00000066                __do_copy_data
 .init4         0x0000007c       0x10 c:/program files (x86)/atmel/studio/7.0/toolchain/avr8/avr8-gnu-toolchain/bin/../lib/gcc/avr/4.9.2/avr35\libgcc.a(_clear_bss.o)
                0x0000007c                __do_clear_bss
 *(.init4)
 *(.init5)
 *(.init5)
 *(.init6)
 *(.init6)
 *(.init7)
 *(.init7)
 *(.init8)
 *(.init8)
 *(.init9)
 .init9         0x0000008c        0x8 C:/Program Files (x86)/Atmel/Studio/7.0/Packs/atmel/ATautomotive_DFP/1.1.96/gcc/dev/ata6617c/avr35/crtata6617c.o
 *(.init9)
 *(.text)
 .text          0x00000094        0x4 C:/Program Files (x86)/Atmel/Studio/7.0/Packs/atmel/ATautomotive_DFP/1.1.96/gcc/dev/ata6617c/avr35/crtata6617c.o
                0x00000094                __bad_interrupt
                0x00000094                __vector_6
                0x00000094                __vector_11
                0x00000094                __vector_17
                0x00000094                __vector_19
                0x00000094                __vector_7
                0x00000094                __vector_5
                0x00000094                __vector_2
                0x00000094                __vector_8
                0x00000094                __vector_18
                0x00000098                . = ALIGN (0x2)
 *(.text.*)
 .text.__vector_15
                0x00000098       0x3e ADC.o
                0x00000098                __vector_15
 .text.__vector_9
                0x000000d6       0x52 analog_servo_drv.o
                0x000000d6                __vector_9
 .text.__vector_3
                0x00000128       0x5e buttons.o
                0x00000128                __vector_3
 .text.__vector_4
                0x00000186       0x5e buttons.o
                0x00000186                __vector_4
 .text.CAN_Reset
                0x000001e4       0x28 CAN.o
                0x000001e4                CAN_Reset
 .text.CAN_Read
                0x0000020c       0x2a CAN.o
                0x0000020c                CAN_Read
 .text.CAN_Write
                0x00000236       0x36 CAN.o
                0x00000236                CAN_Write
 .text.CAN_Bit_Modify
                0x0000026c       0x3a CAN.o
                0x0000026c                CAN_Bit_Modify
 .text.CAN_Initialize_1
                0x000002a6       0x9a CAN.o
                0x000002a6                CAN_Initialize_1
 .text.CAN_Initialize_2
                0x00000340       0x9a CAN.o
                0x00000340                CAN_Initialize_2
 .text.CAN_Send_Message
                0x000003da       0x66 CAN.o
                0x000003da                CAN_Send_Message
 .text.CAN_Read_Message
                0x00000440       0x30 CAN.o
                0x00000440                CAN_Read_Message
 .text.start_eeprom_write_byte
                0x00000470       0x1e eeprom_storage.o
                0x00000470                start_eeprom_write_byte
 .text.__vector_16
                0x0000048e       0x82 eeprom_storage.o
                0x0000048e                __vector_16
 .text.process_event_if_pending
                0x00000510       0x6c events.o
 .text.Post_Event
                0x0000057c       0x44 events.o
                0x0000057c                Post_Event
 .text.Run_Events
                0x000005c0       0xe6 events.o
                0x000005c0                Run_Events
 .text.Initialize_Framework
                0x000006a6       0x1a framework.o
                0x000006a6                Initialize_Framework
 .text.Run_Services
                0x000006c0       0x2a framework.o
                0x000006c0                Run_Services
 .text.Init_IOC_Module
                0x000006ea       0x18 IOC.o
                0x000006ea                Init_IOC_Module
 .text.query_counter
                0x00000702       0x12 IOC.o
                0x00000702                query_counter
 .text.__vector_1
                0x00000714       0x9c IOC.o
                0x00000714                __vector_1
 .text.kick_LIN_XCVR_WD
                0x000007b0       0x38 LIN_XCVR_WD_Kicker.o
 .text.Init_LIN_XCVR_WD_Kicker
                0x000007e8       0x22 LIN_XCVR_WD_Kicker.o
                0x000007e8                Init_LIN_XCVR_WD_Kicker
 .text.main     0x0000080a       0x1c main.o
                0x0000080a                main
 .text.Init_Modem_Service
                0x00000826       0x3e ModemService.o
                0x00000826                Init_Modem_Service
 .text.Run_Modem_Service
                0x00000864       0x94 ModemService.o
                0x00000864                Run_Modem_Service
 .text.SPI_Initialize
                0x000008f8       0x58 SPI.o
                0x000008f8                SPI_Initialize
 .text.SPI_Start_Command
                0x00000950       0x7a SPI.o
                0x00000950                SPI_Start_Command
 .text.SPI_End_Command
                0x000009ca        0x4 SPI.o
                0x000009ca                SPI_End_Command
 .text.SPI_Transmit
                0x000009ce       0x46 SPI.o
                0x000009ce                SPI_Transmit
 .text.Write_SPI
                0x00000a14      0x114 SPI.o
                0x00000a14                Write_SPI
 .text.__vector_14
                0x00000b28      0x162 SPI.o
                0x00000b28                __vector_14
 .text.Init_SPI_Service
                0x00000c8a        0xa SPI_Service.o
                0x00000c8a                Init_SPI_Service
 .text.Run_SPI_Service
                0x00000c94       0x96 SPI_Service.o
                0x00000c94                Run_SPI_Service
 .text.Query_SPI_State
                0x00000d2a        0x6 SPI_Service.o
                0x00000d2a                Query_SPI_State
 .text.Init_Timer_Module
                0x00000d30       0x4c timer.o
                0x00000d30                Init_Timer_Module
 .text.Register_Timer
                0x00000d7c       0xa0 timer.o
                0x00000d7c                Register_Timer
 .text.Start_Timer
                0x00000e1c       0x88 timer.o
                0x00000e1c                Start_Timer
 .text.__vector_10
                0x00000ea4       0xea timer.o
                0x00000ea4                __vector_10
 .text.UART_Initialize
                0x00000f8e       0x68 UART.o
                0x00000f8e                UART_Initialize
 .text.UART_Start_Command
                0x00000ff6       0x2e UART.o
                0x00000ff6                UART_Start_Command
 .text.UART_End_Command
                0x00001024        0x2 UART.o
                0x00001024                UART_End_Command
 .text.UART_Transmit
                0x00001026       0x74 UART.o
                0x00001026                UART_Transmit
 .text.Write_UART
                0x0000109a       0xfc UART.o
                0x0000109a                Write_UART
 .text.__vector_13
                0x00001196       0x2c UART.o
                0x00001196                __vector_13
 .text.__vector_12
                0x000011c2      0x240 UART.o
                0x000011c2                __vector_12
 .text.Init_UART_Service
                0x00001402        0x6 UART_Service.o
                0x00001402                Init_UART_Service
 .text.Run_UART_Service
                0x00001408       0x96 UART_Service.o
                0x00001408                Run_UART_Service
 .text.Query_UART_State
                0x0000149e        0x6 UART_Service.o
                0x0000149e                Query_UART_State
                0x000014a4                . = ALIGN (0x2)
 *(.fini9)
 .fini9         0x000014a4        0x0 c:/program files (x86)/atmel/studio/7.0/toolchain/avr8/avr8-gnu-toolchain/bin/../lib/gcc/avr/4.9.2/avr35\libgcc.a(_exit.o)
                0x000014a4                _exit
                0x000014a4                exit
 *(.fini9)
 *(.fini8)
 *(.fini8)
 *(.fini7)
 *(.fini7)
 *(.fini6)
 *(.fini6)
 *(.fini5)
 *(.fini5)
 *(.fini4)
 *(.fini4)
 *(.fini3)
 *(.fini3)
 *(.fini2)
 *(.fini2)
 *(.fini1)
 *(.fini1)
 *(.fini0)
 .fini0         0x000014a4        0x4 c:/program files (x86)/atmel/studio/7.0/toolchain/avr8/avr8-gnu-toolchain/bin/../lib/gcc/avr/4.9.2/avr35\libgcc.a(_exit.o)
 *(.fini0)
                0x000014a8                _etext = .

.data           0x00800100       0x20 load address 0x000014a8
                0x00800100                PROVIDE (__data_start, .)
 *(.data)
 *(.data*)
 .data.Last_ADC_Value
                0x00800100        0x2 ADC.o
 .data.Debounce_Timer
                0x00800102        0x4 buttons.o
 .data.flipper  0x00800106        0x1 ModemService.o
 .data.do_init_modem
                0x00800107        0x1 ModemService.o
 .data.TX_Data  0x00800108        0x2 ModemService.o
 .data.RX_Data  0x0080010a        0x2 ModemService.o
 .data.Testing_Timer
                0x0080010c        0x4 ModemService.o
 .data.a_p_CAN_Volatile_Msg
                0x00800110        0xa ModemService.o
 .data.CAN_Timer
                0x0080011a        0x4 ModemService.o
 .data.modem_init
                0x0080011e        0x1 UART.o
 *(.rodata)
 *(.rodata*)
 *(.gnu.linkonce.d*)
                0x00800120                . = ALIGN (0x2)
 *fill*         0x0080011f        0x1 
                0x00800120                _edata = .
                0x00800120                PROVIDE (__data_end, .)

.bss            0x00800120       0xe3
                0x00800120                PROVIDE (__bss_start, .)
 *(.bss)
 *(.bss*)
 .bss.Step      0x00800120        0x1 analog_servo_drv.o
 .bss.a_p_Recv_List
                0x00800121        0x2 CAN.o
 .bss.Recv_Byte
                0x00800123        0x1 CAN.o
 .bss.RX_Data   0x00800124        0x2 CAN.o
 .bss.TX_Data   0x00800126        0x1 CAN.o
 .bss.p_Caller_Values
                0x00800127        0x2 eeprom_storage.o
 .bss.p_Target_EEPROM_Address
                0x00800129        0x2 eeprom_storage.o
 .bss.Num_Bytes_Requested
                0x0080012b        0x1 eeprom_storage.o
 .bss.Num_Bytes_Executed
                0x0080012c        0x1 eeprom_storage.o
 .bss.IsBusy    0x0080012d        0x1 eeprom_storage.o
 .bss.Pending_Events
                0x0080012e        0x4 events.o
 .bss.counter   0x00800132        0x4 IOC.o
 .bss.Parity    0x00800136        0x1 LIN_XCVR_WD_Kicker.o
 .bss.LIN_XCVR_Kick_Timer
                0x00800137        0x4 LIN_XCVR_WD_Kicker.o
 .bss.Modem_Recv_Data
                0x0080013b        0x5 ModemService.o
 .bss.Recv_Byte
                0x00800140        0x1 ModemService.o
 .bss.CAN_Volatile_Msg
                0x00800141        0x5 ModemService.o
 .bss.counter_value
                0x00800146        0x4 SPI.o
 .bss.In_Tx     0x0080014a        0x1 SPI.o
 .bss.Expected_RX_Length
                0x0080014b        0x1 SPI.o
 .bss.Expected_TX_Length
                0x0080014c        0x1 SPI.o
 .bss.TX_Index  0x0080014d        0x1 SPI.o
 .bss.RX_Index  0x0080014e        0x1 SPI.o
 .bss.Next_Available_Row
                0x0080014f        0x1 SPI.o
 .bss.Buffer_Index
                0x00800150        0x1 SPI.o
 .bss.Receive_List
                0x00800151       0x14 SPI.o
 .bss.Command_Buffer
                0x00800165       0x3c SPI.o
 .bss.Master_Slave_Identifier
                0x008001a1        0x1 SPI.o
 .bss.Current_State
                0x008001a2        0x1 SPI_Service.o
 .bss.Timers    0x008001a3       0x41 timer.o
 .bss.Modem_Recv_Data
                0x008001e4        0x2 UART.o
 .bss.byte_space_counter
                0x008001e6        0x1 UART.o
 .bss.third_slash_r
                0x008001e7        0x1 UART.o
 .bss.second_byte_slash_n
                0x008001e8        0x1 UART.o
 .bss.first_byte_T
                0x008001e9        0x1 UART.o
 .bss.counter_value
                0x008001ea        0x4 UART.o
 .bss.In_Tx     0x008001ee        0x1 UART.o
 .bss.Text_Index
                0x008001ef        0x1 UART.o
 .bss.Expected_RX_Length
                0x008001f0        0x1 UART.o
 .bss.Expected_TX_Length
                0x008001f1        0x1 UART.o
 .bss.TX_Index  0x008001f2        0x1 UART.o
 .bss.RX_Index  0x008001f3        0x1 UART.o
 .bss.Next_Available_Row
                0x008001f4        0x1 UART.o
 .bss.Buffer_Index
                0x008001f5        0x1 UART.o
 .bss.Receive_List
                0x008001f6        0x4 UART.o
 .bss.Command_Buffer
                0x008001fa        0x8 UART.o
 .bss.Current_State
                0x00800202        0x1 UART_Service.o
 *(COMMON)
                0x00800203                PROVIDE (__bss_end, .)
                0x000014a8                __data_load_start = LOADADDR (.data)
                0x000014c8                __data_load_end = (__data_load_start + SIZEOF (.data))

.noinit         0x00800203        0x0
                [!provide]                PROVIDE (__noinit_start, .)
 *(.noinit*)
                [!provide]                PROVIDE (__noinit_end, .)
                0x00800203                _end = .
                [!provide]                PROVIDE (__heap_start, .)

.eeprom         0x00810000        0x0
 *(.eeprom*)
                0x00810000                __eeprom_end = .

.fuse
 *(.fuse)
 *(.lfuse)
 *(.hfuse)
 *(.efuse)

.lock
 *(.lock*)

.signature
 *(.signature*)

.user_signatures
 *(.user_signatures*)

.stab
 *(.stab)

.stabstr
 *(.stabstr)

.stab.excl
 *(.stab.excl)

.stab.exclstr
 *(.stab.exclstr)

.stab.index
 *(.stab.index)

.stab.indexstr
 *(.stab.indexstr)

.comment        0x00000000       0x30
 *(.comment)
 .comment       0x00000000       0x30 ADC.o
                                 0x31 (size before relaxing)
 .comment       0x00000030       0x31 analog_servo_drv.o
 .comment       0x00000030       0x31 buttons.o
 .comment       0x00000030       0x31 CAN.o
 .comment       0x00000030       0x31 eeprom_storage.o
 .comment       0x00000030       0x31 events.o
 .comment       0x00000030       0x31 framework.o
 .comment       0x00000030       0x31 IOC.o
 .comment       0x00000030       0x31 LIN_XCVR_WD_Kicker.o
 .comment       0x00000030       0x31 main.o
 .comment       0x00000030       0x31 ModemService.o
 .comment       0x00000030       0x31 SPI.o
 .comment       0x00000030       0x31 SPI_Service.o
 .comment       0x00000030       0x31 timer.o
 .comment       0x00000030       0x31 UART.o
 .comment       0x00000030       0x31 UART_Service.o

.note.gnu.avr.deviceinfo
                0x00000000       0x3c
 .note.gnu.avr.deviceinfo
                0x00000000       0x3c C:/Program Files (x86)/Atmel/Studio/7.0/Packs/atmel/ATautomotive_DFP/1.1.96/gcc/dev/ata6617c/avr35/crtata6617c.o

.note.gnu.build-id
 *(.note.gnu.build-id)

.debug
 *(.debug)

.line
 *(.line)

.debug_srcinfo
 *(.debug_srcinfo)

.debug_sfnames
 *(.debug_sfnames)

.debug_aranges  0x00000000      0x3b8
 *(.debug_aranges)
 .debug_aranges
                0x00000000       0x38 ADC.o
 .debug_aranges
                0x00000038       0x50 analog_servo_drv.o
 .debug_aranges
                0x00000088       0x38 buttons.o
 .debug_aranges
                0x000000c0       0x80 CAN.o
 .debug_aranges
                0x00000140       0x38 eeprom_storage.o
 .debug_aranges
                0x00000178       0x30 events.o
 .debug_aranges
                0x000001a8       0x28 framework.o
 .debug_aranges
                0x000001d0       0x30 IOC.o
 .debug_aranges
                0x00000200       0x28 LIN_XCVR_WD_Kicker.o
 .debug_aranges
                0x00000228       0x20 main.o
 .debug_aranges
                0x00000248       0x28 ModemService.o
 .debug_aranges
                0x00000270       0x48 SPI.o
 .debug_aranges
                0x000002b8       0x30 SPI_Service.o
 .debug_aranges
                0x000002e8       0x50 timer.o
 .debug_aranges
                0x00000338       0x50 UART.o
 .debug_aranges
                0x00000388       0x30 UART_Service.o

.debug_pubnames
 *(.debug_pubnames)

.debug_info     0x00000000     0x3a44
 *(.debug_info .gnu.linkonce.wi.*)
 .debug_info    0x00000000      0x5f4 C:/Program Files (x86)/Atmel/Studio/7.0/Packs/atmel/ATautomotive_DFP/1.1.96/gcc/dev/ata6617c/avr35/crtata6617c.o
 .debug_info    0x000005f4       0xec ADC.o
 .debug_info    0x000006e0      0x451 analog_servo_drv.o
 .debug_info    0x00000b31      0x213 buttons.o
 .debug_info    0x00000d44      0x8c9 CAN.o
 .debug_info    0x0000160d      0x2d9 eeprom_storage.o
 .debug_info    0x000018e6      0x465 events.o
 .debug_info    0x00001d4b      0x1bc framework.o
 .debug_info    0x00001f07      0x184 IOC.o
 .debug_info    0x0000208b      0x1de LIN_XCVR_WD_Kicker.o
 .debug_info    0x00002269       0xb9 main.o
 .debug_info    0x00002322      0x444 ModemService.o
 .debug_info    0x00002766      0x488 SPI.o
 .debug_info    0x00002bee      0x1a5 SPI_Service.o
 .debug_info    0x00002d93      0x4d5 timer.o
 .debug_info    0x00003268      0x634 UART.o
 .debug_info    0x0000389c      0x1a8 UART_Service.o

.debug_abbrev   0x00000000     0x1989
 *(.debug_abbrev)
 .debug_abbrev  0x00000000      0x5a2 C:/Program Files (x86)/Atmel/Studio/7.0/Packs/atmel/ATautomotive_DFP/1.1.96/gcc/dev/ata6617c/avr35/crtata6617c.o
 .debug_abbrev  0x000005a2       0x92 ADC.o
 .debug_abbrev  0x00000634      0x1f5 analog_servo_drv.o
 .debug_abbrev  0x00000829       0xdf buttons.o
 .debug_abbrev  0x00000908      0x148 CAN.o
 .debug_abbrev  0x00000a50      0x14e eeprom_storage.o
 .debug_abbrev  0x00000b9e      0x175 events.o
 .debug_abbrev  0x00000d13       0xe7 framework.o
 .debug_abbrev  0x00000dfa      0x109 IOC.o
 .debug_abbrev  0x00000f03       0xea LIN_XCVR_WD_Kicker.o
 .debug_abbrev  0x00000fed       0x71 main.o
 .debug_abbrev  0x0000105e      0x139 ModemService.o
 .debug_abbrev  0x00001197      0x1c2 SPI.o
 .debug_abbrev  0x00001359       0xf0 SPI_Service.o
 .debug_abbrev  0x00001449      0x229 timer.o
 .debug_abbrev  0x00001672      0x20f UART.o
 .debug_abbrev  0x00001881      0x108 UART_Service.o

.debug_line     0x00000000     0x20fd
 *(.debug_line .debug_line.* .debug_line_end)
 .debug_line    0x00000000      0x10f C:/Program Files (x86)/Atmel/Studio/7.0/Packs/atmel/ATautomotive_DFP/1.1.96/gcc/dev/ata6617c/avr35/crtata6617c.o
 .debug_line    0x0000010f      0x110 ADC.o
 .debug_line    0x0000021f      0x1f8 analog_servo_drv.o
 .debug_line    0x00000417      0x14a buttons.o
 .debug_line    0x00000561      0x3a0 CAN.o
 .debug_line    0x00000901      0x23f eeprom_storage.o
 .debug_line    0x00000b40      0x27e events.o
 .debug_line    0x00000dbe      0x14e framework.o
 .debug_line    0x00000f0c      0x114 IOC.o
 .debug_line    0x00001020      0x102 LIN_XCVR_WD_Kicker.o
 .debug_line    0x00001122       0xe0 main.o
 .debug_line    0x00001202      0x154 ModemService.o
 .debug_line    0x00001356      0x2ec SPI.o
 .debug_line    0x00001642      0x169 SPI_Service.o
 .debug_line    0x000017ab      0x3d1 timer.o
 .debug_line    0x00001b7c      0x40a UART.o
 .debug_line    0x00001f86      0x177 UART_Service.o

.debug_frame    0x00000000      0x9f8
 *(.debug_frame)
 .debug_frame   0x00000000       0x74 ADC.o
 .debug_frame   0x00000074       0xc0 analog_servo_drv.o
 .debug_frame   0x00000134       0xe4 buttons.o
 .debug_frame   0x00000218      0x1ac CAN.o
 .debug_frame   0x000003c4       0xa8 eeprom_storage.o
 .debug_frame   0x0000046c       0x64 events.o
 .debug_frame   0x000004d0       0x48 framework.o
 .debug_frame   0x00000518       0x9c IOC.o
 .debug_frame   0x000005b4       0x34 LIN_XCVR_WD_Kicker.o
 .debug_frame   0x000005e8       0x24 main.o
 .debug_frame   0x0000060c       0x3c ModemService.o
 .debug_frame   0x00000648       0xfc SPI.o
 .debug_frame   0x00000744       0x44 SPI_Service.o
 .debug_frame   0x00000788      0x11c timer.o
 .debug_frame   0x000008a4      0x110 UART.o
 .debug_frame   0x000009b4       0x44 UART_Service.o

.debug_str      0x00000000      0xf90
 *(.debug_str)
 .debug_str     0x00000000      0x21d C:/Program Files (x86)/Atmel/Studio/7.0/Packs/atmel/ATautomotive_DFP/1.1.96/gcc/dev/ata6617c/avr35/crtata6617c.o
 .debug_str     0x0000021d      0x189 ADC.o
                                0x1bd (size before relaxing)
 .debug_str     0x000003a6      0x1f5 analog_servo_drv.o
                                0x36b (size before relaxing)
 .debug_str     0x0000059b       0xa1 buttons.o
                                0x229 (size before relaxing)
 .debug_str     0x0000063c      0x184 CAN.o
                                0x2dd (size before relaxing)
 .debug_str     0x000007c0      0x141 eeprom_storage.o
                                0x2a3 (size before relaxing)
 .debug_str     0x00000901       0x72 events.o
                                0x1fd (size before relaxing)
 .debug_str     0x00000973       0xc9 framework.o
                                0x236 (size before relaxing)
 .debug_str     0x00000a3c       0x24 IOC.o
                                0x1d4 (size before relaxing)
 .debug_str     0x00000a60       0x46 LIN_XCVR_WD_Kicker.o
                                0x1ed (size before relaxing)
 .debug_str     0x00000aa6       0x11 main.o
                                0x18a (size before relaxing)
 .debug_str     0x00000ab7       0xa1 ModemService.o
                                0x2c0 (size before relaxing)
 .debug_str     0x00000b58      0x184 SPI.o
                                0x333 (size before relaxing)
 .debug_str     0x00000cdc       0x21 SPI_Service.o
                                0x237 (size before relaxing)
 .debug_str     0x00000cfd       0xf1 timer.o
                                0x2d6 (size before relaxing)
 .debug_str     0x00000dee      0x152 UART.o
                                0x3f4 (size before relaxing)
 .debug_str     0x00000f40       0x50 UART_Service.o
                                0x26c (size before relaxing)

.debug_loc      0x00000000     0x22b4
 *(.debug_loc)
 .debug_loc     0x00000000       0x63 ADC.o
 .debug_loc     0x00000063      0x1bc analog_servo_drv.o
 .debug_loc     0x0000021f      0x196 buttons.o
 .debug_loc     0x000003b5      0x74b CAN.o
 .debug_loc     0x00000b00      0x28f eeprom_storage.o
 .debug_loc     0x00000d8f      0x145 events.o
 .debug_loc     0x00000ed4       0x8b framework.o
 .debug_loc     0x00000f5f       0xfe IOC.o
 .debug_loc     0x0000105d       0x50 LIN_XCVR_WD_Kicker.o
 .debug_loc     0x000010ad       0x96 ModemService.o
 .debug_loc     0x00001143      0x40d SPI.o
 .debug_loc     0x00001550       0xe0 SPI_Service.o
 .debug_loc     0x00001630      0x547 timer.o
 .debug_loc     0x00001b77      0x65d UART.o
 .debug_loc     0x000021d4       0xe0 UART_Service.o

.debug_macinfo
 *(.debug_macinfo)

.debug_weaknames
 *(.debug_weaknames)

.debug_funcnames
 *(.debug_funcnames)

.debug_typenames
 *(.debug_typenames)

.debug_varnames
 *(.debug_varnames)

.debug_pubtypes
 *(.debug_pubtypes)

.debug_ranges   0x00000000      0x318
 *(.debug_ranges)
 .debug_ranges  0x00000000       0x28 ADC.o
 .debug_ranges  0x00000028       0x40 analog_servo_drv.o
 .debug_ranges  0x00000068       0x28 buttons.o
 .debug_ranges  0x00000090       0x70 CAN.o
 .debug_ranges  0x00000100       0x28 eeprom_storage.o
 .debug_ranges  0x00000128       0x38 events.o
 .debug_ranges  0x00000160       0x18 framework.o
 .debug_ranges  0x00000178       0x20 IOC.o
 .debug_ranges  0x00000198       0x18 LIN_XCVR_WD_Kicker.o
 .debug_ranges  0x000001b0       0x10 main.o
 .debug_ranges  0x000001c0       0x18 ModemService.o
 .debug_ranges  0x000001d8       0x38 SPI.o
 .debug_ranges  0x00000210       0x20 SPI_Service.o
 .debug_ranges  0x00000230       0x40 timer.o
 .debug_ranges  0x00000270       0x88 UART.o
 .debug_ranges  0x000002f8       0x20 UART_Service.o

.debug_macro
 *(.debug_macro)
OUTPUT(Ford_360_Lighting_Project.elf elf32-avr)
LOAD linker stubs
