Archive member included to satisfy reference by file (symbol)

d:/additional programs/atmel/7.0/toolchain/avr8/avr8-gnu-toolchain/bin/../lib/gcc/avr/4.9.2/../../../../avr/lib/avr35\libm.a(addsf3.o)
                              light_setting_alg.o (__subsf3)
d:/additional programs/atmel/7.0/toolchain/avr8/avr8-gnu-toolchain/bin/../lib/gcc/avr/4.9.2/../../../../avr/lib/avr35\libm.a(addsf3x.o)
                              d:/additional programs/atmel/7.0/toolchain/avr8/avr8-gnu-toolchain/bin/../lib/gcc/avr/4.9.2/../../../../avr/lib/avr35\libm.a(addsf3.o) (__addsf3x)
d:/additional programs/atmel/7.0/toolchain/avr8/avr8-gnu-toolchain/bin/../lib/gcc/avr/4.9.2/../../../../avr/lib/avr35\libm.a(cmpsf2.o)
                              light_setting_alg.o (__ltsf2)
d:/additional programs/atmel/7.0/toolchain/avr8/avr8-gnu-toolchain/bin/../lib/gcc/avr/4.9.2/../../../../avr/lib/avr35\libm.a(fixunssfsi.o)
                              light_setting_alg.o (__fixunssfsi)
d:/additional programs/atmel/7.0/toolchain/avr8/avr8-gnu-toolchain/bin/../lib/gcc/avr/4.9.2/../../../../avr/lib/avr35\libm.a(floatsisf.o)
                              light_setting_alg.o (__floatunsisf)
d:/additional programs/atmel/7.0/toolchain/avr8/avr8-gnu-toolchain/bin/../lib/gcc/avr/4.9.2/../../../../avr/lib/avr35\libm.a(fp_cmp.o)
                              d:/additional programs/atmel/7.0/toolchain/avr8/avr8-gnu-toolchain/bin/../lib/gcc/avr/4.9.2/../../../../avr/lib/avr35\libm.a(cmpsf2.o) (__fp_cmp)
d:/additional programs/atmel/7.0/toolchain/avr8/avr8-gnu-toolchain/bin/../lib/gcc/avr/4.9.2/../../../../avr/lib/avr35\libm.a(fp_inf.o)
                              d:/additional programs/atmel/7.0/toolchain/avr8/avr8-gnu-toolchain/bin/../lib/gcc/avr/4.9.2/../../../../avr/lib/avr35\libm.a(addsf3x.o) (__fp_inf)
d:/additional programs/atmel/7.0/toolchain/avr8/avr8-gnu-toolchain/bin/../lib/gcc/avr/4.9.2/../../../../avr/lib/avr35\libm.a(fp_nan.o)
                              d:/additional programs/atmel/7.0/toolchain/avr8/avr8-gnu-toolchain/bin/../lib/gcc/avr/4.9.2/../../../../avr/lib/avr35\libm.a(addsf3x.o) (__fp_nan)
d:/additional programs/atmel/7.0/toolchain/avr8/avr8-gnu-toolchain/bin/../lib/gcc/avr/4.9.2/../../../../avr/lib/avr35\libm.a(fp_pscA.o)
                              d:/additional programs/atmel/7.0/toolchain/avr8/avr8-gnu-toolchain/bin/../lib/gcc/avr/4.9.2/../../../../avr/lib/avr35\libm.a(addsf3x.o) (__fp_pscA)
d:/additional programs/atmel/7.0/toolchain/avr8/avr8-gnu-toolchain/bin/../lib/gcc/avr/4.9.2/../../../../avr/lib/avr35\libm.a(fp_pscB.o)
                              d:/additional programs/atmel/7.0/toolchain/avr8/avr8-gnu-toolchain/bin/../lib/gcc/avr/4.9.2/../../../../avr/lib/avr35\libm.a(addsf3x.o) (__fp_pscB)
d:/additional programs/atmel/7.0/toolchain/avr8/avr8-gnu-toolchain/bin/../lib/gcc/avr/4.9.2/../../../../avr/lib/avr35\libm.a(fp_round.o)
                              d:/additional programs/atmel/7.0/toolchain/avr8/avr8-gnu-toolchain/bin/../lib/gcc/avr/4.9.2/../../../../avr/lib/avr35\libm.a(addsf3.o) (__fp_round)
d:/additional programs/atmel/7.0/toolchain/avr8/avr8-gnu-toolchain/bin/../lib/gcc/avr/4.9.2/../../../../avr/lib/avr35\libm.a(fp_split3.o)
                              d:/additional programs/atmel/7.0/toolchain/avr8/avr8-gnu-toolchain/bin/../lib/gcc/avr/4.9.2/../../../../avr/lib/avr35\libm.a(addsf3x.o) (__fp_split3)
d:/additional programs/atmel/7.0/toolchain/avr8/avr8-gnu-toolchain/bin/../lib/gcc/avr/4.9.2/../../../../avr/lib/avr35\libm.a(fp_zero.o)
                              d:/additional programs/atmel/7.0/toolchain/avr8/avr8-gnu-toolchain/bin/../lib/gcc/avr/4.9.2/../../../../avr/lib/avr35\libm.a(addsf3x.o) (__fp_zero)
d:/additional programs/atmel/7.0/toolchain/avr8/avr8-gnu-toolchain/bin/../lib/gcc/avr/4.9.2/../../../../avr/lib/avr35\libm.a(gesf2.o)
                              light_setting_alg.o (__gtsf2)
d:/additional programs/atmel/7.0/toolchain/avr8/avr8-gnu-toolchain/bin/../lib/gcc/avr/4.9.2/../../../../avr/lib/avr35\libm.a(mulsf3.o)
                              light_setting_alg.o (__mulsf3)
d:/additional programs/atmel/7.0/toolchain/avr8/avr8-gnu-toolchain/bin/../lib/gcc/avr/4.9.2/../../../../avr/lib/avr35\libm.a(mulsf3x.o)
                              d:/additional programs/atmel/7.0/toolchain/avr8/avr8-gnu-toolchain/bin/../lib/gcc/avr/4.9.2/../../../../avr/lib/avr35\libm.a(mulsf3.o) (__mulsf3x)
d:/additional programs/atmel/7.0/toolchain/avr8/avr8-gnu-toolchain/bin/../lib/gcc/avr/4.9.2/avr35\libgcc.a(_mulhi3.o)
                              light_setting_alg.o (__mulhi3)
d:/additional programs/atmel/7.0/toolchain/avr8/avr8-gnu-toolchain/bin/../lib/gcc/avr/4.9.2/avr35\libgcc.a(_udivmodhi4.o)
                              light_setting_alg.o (__udivmodhi4)
d:/additional programs/atmel/7.0/toolchain/avr8/avr8-gnu-toolchain/bin/../lib/gcc/avr/4.9.2/avr35\libgcc.a(_udivmodsi4.o)
                              analog_servo_drv.o (__udivmodsi4)
d:/additional programs/atmel/7.0/toolchain/avr8/avr8-gnu-toolchain/bin/../lib/gcc/avr/4.9.2/avr35\libgcc.a(_exit.o)
                              D:/Additional Programs/Atmel/7.0/Packs/atmel/ATautomotive_DFP/1.1.96/gcc/dev/ata6617c/avr35/crtata6617c.o (exit)
d:/additional programs/atmel/7.0/toolchain/avr8/avr8-gnu-toolchain/bin/../lib/gcc/avr/4.9.2/avr35\libgcc.a(_copy_data.o)
                              ADC.o (__do_copy_data)
d:/additional programs/atmel/7.0/toolchain/avr8/avr8-gnu-toolchain/bin/../lib/gcc/avr/4.9.2/avr35\libgcc.a(_clear_bss.o)
                              analog_servo_drv.o (__do_clear_bss)
d:/additional programs/atmel/7.0/toolchain/avr8/avr8-gnu-toolchain/bin/../lib/gcc/avr/4.9.2/avr35\libgcc.a(_mulsidi3.o)
                              light_setting_alg.o (__umulsidi3)
d:/additional programs/atmel/7.0/toolchain/avr8/avr8-gnu-toolchain/bin/../lib/gcc/avr/4.9.2/avr35\libgcc.a(_prologue.o)
                              d:/additional programs/atmel/7.0/toolchain/avr8/avr8-gnu-toolchain/bin/../lib/gcc/avr/4.9.2/avr35\libgcc.a(_mulsidi3.o) (__prologue_saves__)
d:/additional programs/atmel/7.0/toolchain/avr8/avr8-gnu-toolchain/bin/../lib/gcc/avr/4.9.2/avr35\libgcc.a(_epilogue.o)
                              d:/additional programs/atmel/7.0/toolchain/avr8/avr8-gnu-toolchain/bin/../lib/gcc/avr/4.9.2/avr35\libgcc.a(_mulsidi3.o) (__epilogue_restores__)
d:/additional programs/atmel/7.0/toolchain/avr8/avr8-gnu-toolchain/bin/../lib/gcc/avr/4.9.2/avr35\libgcc.a(_muldi3.o)
                              d:/additional programs/atmel/7.0/toolchain/avr8/avr8-gnu-toolchain/bin/../lib/gcc/avr/4.9.2/avr35\libgcc.a(_mulsidi3.o) (__muldi3)

Allocating common symbols
Common symbol       size              file

RecvList            0x4               master_service.o
theta_light_min     0x2               light_setting_alg.o
desired_theta       0x2               light_setting_alg.o
light_range         0x2               light_setting_alg.o
norm2_desired_relative
                    0x2               light_setting_alg.o
theta_light_max     0x2               light_setting_alg.o
v_desired_relative  0x4               light_setting_alg.o
result_settings     0x3               light_setting_alg.o

Discarded input sections

 .data          0x00000000        0x0 D:/Additional Programs/Atmel/7.0/Packs/atmel/ATautomotive_DFP/1.1.96/gcc/dev/ata6617c/avr35/crtata6617c.o
 .bss           0x00000000        0x0 D:/Additional Programs/Atmel/7.0/Packs/atmel/ATautomotive_DFP/1.1.96/gcc/dev/ata6617c/avr35/crtata6617c.o
 .text          0x00000000        0x0 ADC.o
 .data          0x00000000        0x0 ADC.o
 .bss           0x00000000        0x0 ADC.o
 .text.Get_ADC_Result
                0x00000000        0xa ADC.o
 .text.Start_ADC_Measurement
                0x00000000        0xc ADC.o
 .text          0x00000000        0x0 analog_servo_drv.o
 .data          0x00000000        0x0 analog_servo_drv.o
 .bss           0x00000000        0x0 analog_servo_drv.o
 .text.Move_Analog_Servo_To_Position
                0x00000000       0xe0 analog_servo_drv.o
 .text.Hold_Analog_Servo_Position
                0x00000000       0xe4 analog_servo_drv.o
 .text.Release_Analog_Servo
                0x00000000        0xc analog_servo_drv.o
 .text.Is_Servo_Position_Valid
                0x00000000       0x40 analog_servo_drv.o
 .text          0x00000000        0x0 CAN.o
 .data          0x00000000        0x0 CAN.o
 .bss           0x00000000        0x0 CAN.o
 .text.CAN_Reset
                0x00000000       0x28 CAN.o
 .text.CAN_Read
                0x00000000       0x2a CAN.o
 .text.CAN_Read_RX_Buffer
                0x00000000       0x30 CAN.o
 .text.CAN_Write
                0x00000000       0x36 CAN.o
 .text.CAN_Load_TX_Buffer
                0x00000000       0x44 CAN.o
 .text.CAN_RTS  0x00000000       0x3c CAN.o
 .text.CAN_Read_Status
                0x00000000       0x26 CAN.o
 .text.CAN_RX_Status
                0x00000000       0x26 CAN.o
 .text.CAN_Bit_Modify
                0x00000000       0x5e CAN.o
 .text.MS_CAN_Initialize
                0x00000000       0xd2 CAN.o
 .bss.TX_Data   0x00000000        0x1 CAN.o
 .debug_info    0x00000000      0x6b1 CAN.o
 .debug_abbrev  0x00000000      0x134 CAN.o
 .debug_loc     0x00000000      0x626 CAN.o
 .debug_aranges
                0x00000000       0x68 CAN.o
 .debug_ranges  0x00000000       0x58 CAN.o
 .debug_line    0x00000000      0x2bc CAN.o
 .debug_str     0x00000000      0x280 CAN.o
 .comment       0x00000000       0x31 CAN.o
 .debug_frame   0x00000000      0x154 CAN.o
 .text          0x00000000        0x0 cmd_sts_helpers.o
 .data          0x00000000        0x0 cmd_sts_helpers.o
 .bss           0x00000000        0x0 cmd_sts_helpers.o
 .text.Get_Intensity_Data
                0x00000000        0x6 cmd_sts_helpers.o
 .text.Get_Position_Data
                0x00000000        0x8 cmd_sts_helpers.o
 .text          0x00000000        0x0 events.o
 .data          0x00000000        0x0 events.o
 .bss           0x00000000        0x0 events.o
 .text          0x00000000        0x0 framework.o
 .data          0x00000000        0x0 framework.o
 .bss           0x00000000        0x0 framework.o
 .text          0x00000000        0x0 IOC.o
 .data          0x00000000        0x0 IOC.o
 .bss           0x00000000        0x0 IOC.o
 .text          0x00000000        0x0 light_drv.o
 .data          0x00000000        0x0 light_drv.o
 .bss           0x00000000        0x0 light_drv.o
 .text.Set_Light_Intensity
                0x00000000       0x36 light_drv.o
 .debug_info    0x00000000      0x134 light_drv.o
 .debug_abbrev  0x00000000       0xb4 light_drv.o
 .debug_loc     0x00000000       0x77 light_drv.o
 .debug_aranges
                0x00000000       0x20 light_drv.o
 .debug_ranges  0x00000000       0x10 light_drv.o
 .debug_line    0x00000000       0xcd light_drv.o
 .debug_str     0x00000000      0x1d7 light_drv.o
 .comment       0x00000000       0x31 light_drv.o
 .debug_frame   0x00000000       0x24 light_drv.o
 .text          0x00000000        0x0 light_setting_alg.o
 .data          0x00000000        0x0 light_setting_alg.o
 .bss           0x00000000        0x0 light_setting_alg.o
 .text.compute_cw_angular_distance
                0x00000000       0x28 light_setting_alg.o
 .text.Compute_Individual_Light_Settings
                0x00000000      0x40c light_setting_alg.o
 .debug_info    0x00000000      0x61e light_setting_alg.o
 .debug_abbrev  0x00000000      0x217 light_setting_alg.o
 .debug_loc     0x00000000      0x533 light_setting_alg.o
 .debug_aranges
                0x00000000       0x28 light_setting_alg.o
 .debug_ranges  0x00000000       0x30 light_setting_alg.o
 .debug_line    0x00000000      0x278 light_setting_alg.o
 .debug_str     0x00000000      0x42b light_setting_alg.o
 .comment       0x00000000       0x31 light_setting_alg.o
 .debug_frame   0x00000000       0x84 light_setting_alg.o
 COMMON         0x00000000       0x11 light_setting_alg.o
 .text          0x00000000        0x0 lin_drv.o
 .data          0x00000000        0x0 lin_drv.o
 .bss           0x00000000        0x0 lin_drv.o
 .text          0x00000000        0x0 LIN_XCVR_WD_Kicker.o
 .data          0x00000000        0x0 LIN_XCVR_WD_Kicker.o
 .bss           0x00000000        0x0 LIN_XCVR_WD_Kicker.o
 .text          0x00000000        0x0 main.o
 .data          0x00000000        0x0 main.o
 .bss           0x00000000        0x0 main.o
 .text          0x00000000        0x0 master_service.o
 .data          0x00000000        0x0 master_service.o
 .bss           0x00000000        0x0 master_service.o
 .text          0x00000000        0x0 MS_LIN_top_layer.o
 .data          0x00000000        0x0 MS_LIN_top_layer.o
 .bss           0x00000000        0x0 MS_LIN_top_layer.o
 .text          0x00000000        0x0 PWM.o
 .data          0x00000000        0x0 PWM.o
 .bss           0x00000000        0x0 PWM.o
 .text          0x00000000        0x0 slave_parameters.o
 .data          0x00000000        0x0 slave_parameters.o
 .bss           0x00000000        0x0 slave_parameters.o
 .text.Get_Pointer_To_Slave_Parameters
                0x00000000       0x2a slave_parameters.o
 .rodata.Slave_Parameters
                0x00000000       0x1e slave_parameters.o
 .debug_info    0x00000000      0x19d slave_parameters.o
 .debug_abbrev  0x00000000       0xc0 slave_parameters.o
 .debug_loc     0x00000000       0x37 slave_parameters.o
 .debug_aranges
                0x00000000       0x20 slave_parameters.o
 .debug_ranges  0x00000000       0x10 slave_parameters.o
 .debug_line    0x00000000       0xcb slave_parameters.o
 .debug_str     0x00000000      0x247 slave_parameters.o
 .comment       0x00000000       0x31 slave_parameters.o
 .debug_frame   0x00000000       0x24 slave_parameters.o
 .text          0x00000000        0x0 slave_service.o
 .data          0x00000000        0x0 slave_service.o
 .bss           0x00000000        0x0 slave_service.o
 .text.Init_Slave_Service
                0x00000000       0x4e slave_service.o
 .text.Run_Slave_Service
                0x00000000       0xa8 slave_service.o
 .bss.My_Status_Data
                0x00000000        0x3 slave_service.o
 .bss.My_Command_Data
                0x00000000        0x3 slave_service.o
 .bss.My_Node_ID
                0x00000000        0x1 slave_service.o
 .debug_info    0x00000000      0x58a slave_service.o
 .debug_abbrev  0x00000000      0x1f6 slave_service.o
 .debug_loc     0x00000000       0xe6 slave_service.o
 .debug_aranges
                0x00000000       0x28 slave_service.o
 .debug_ranges  0x00000000       0x18 slave_service.o
 .debug_line    0x00000000      0x220 slave_service.o
 .debug_str     0x00000000      0x32a slave_service.o
 .comment       0x00000000       0x31 slave_service.o
 .debug_frame   0x00000000       0x44 slave_service.o
 .text          0x00000000        0x0 SPI.o
 .data          0x00000000        0x0 SPI.o
 .bss           0x00000000        0x0 SPI.o
 .text          0x00000000        0x0 SPI_Service.o
 .data          0x00000000        0x0 SPI_Service.o
 .bss           0x00000000        0x0 SPI_Service.o
 .text          0x00000000        0x0 timer.o
 .data          0x00000000        0x0 timer.o
 .bss           0x00000000        0x0 timer.o
 .text.Get_Time_Timer
                0x00000000       0x48 timer.o
 .text.Stop_Timer
                0x00000000       0x54 timer.o
 .text.Start_Short_Timer
                0x00000000       0x66 timer.o
 .text          0x00000000        0x0 __template.o
 .data          0x00000000        0x0 __template.o
 .bss           0x00000000        0x0 __template.o
 .text.Template_Public_Function
                0x00000000        0x6 __template.o
 .bss.template_var
                0x00000000        0x1 __template.o
 .debug_info    0x00000000       0xb8 __template.o
 .debug_abbrev  0x00000000       0x80 __template.o
 .debug_aranges
                0x00000000       0x20 __template.o
 .debug_ranges  0x00000000       0x10 __template.o
 .debug_line    0x00000000       0xa1 __template.o
 .debug_str     0x00000000      0x1b3 __template.o
 .comment       0x00000000       0x31 __template.o
 .debug_frame   0x00000000       0x24 __template.o
 .text          0x00000000        0x0 d:/additional programs/atmel/7.0/toolchain/avr8/avr8-gnu-toolchain/bin/../lib/gcc/avr/4.9.2/../../../../avr/lib/avr35\libm.a(addsf3.o)
 .data          0x00000000        0x0 d:/additional programs/atmel/7.0/toolchain/avr8/avr8-gnu-toolchain/bin/../lib/gcc/avr/4.9.2/../../../../avr/lib/avr35\libm.a(addsf3.o)
 .bss           0x00000000        0x0 d:/additional programs/atmel/7.0/toolchain/avr8/avr8-gnu-toolchain/bin/../lib/gcc/avr/4.9.2/../../../../avr/lib/avr35\libm.a(addsf3.o)
 .text.avr-libc.fplib
                0x00000000        0xe d:/additional programs/atmel/7.0/toolchain/avr8/avr8-gnu-toolchain/bin/../lib/gcc/avr/4.9.2/../../../../avr/lib/avr35\libm.a(addsf3.o)
 .text          0x00000000        0x0 d:/additional programs/atmel/7.0/toolchain/avr8/avr8-gnu-toolchain/bin/../lib/gcc/avr/4.9.2/../../../../avr/lib/avr35\libm.a(addsf3x.o)
 .data          0x00000000        0x0 d:/additional programs/atmel/7.0/toolchain/avr8/avr8-gnu-toolchain/bin/../lib/gcc/avr/4.9.2/../../../../avr/lib/avr35\libm.a(addsf3x.o)
 .bss           0x00000000        0x0 d:/additional programs/atmel/7.0/toolchain/avr8/avr8-gnu-toolchain/bin/../lib/gcc/avr/4.9.2/../../../../avr/lib/avr35\libm.a(addsf3x.o)
 .text.avr-libc.fplib
                0x00000000       0xcc d:/additional programs/atmel/7.0/toolchain/avr8/avr8-gnu-toolchain/bin/../lib/gcc/avr/4.9.2/../../../../avr/lib/avr35\libm.a(addsf3x.o)
 .text          0x00000000        0x0 d:/additional programs/atmel/7.0/toolchain/avr8/avr8-gnu-toolchain/bin/../lib/gcc/avr/4.9.2/../../../../avr/lib/avr35\libm.a(cmpsf2.o)
 .data          0x00000000        0x0 d:/additional programs/atmel/7.0/toolchain/avr8/avr8-gnu-toolchain/bin/../lib/gcc/avr/4.9.2/../../../../avr/lib/avr35\libm.a(cmpsf2.o)
 .bss           0x00000000        0x0 d:/additional programs/atmel/7.0/toolchain/avr8/avr8-gnu-toolchain/bin/../lib/gcc/avr/4.9.2/../../../../avr/lib/avr35\libm.a(cmpsf2.o)
 .text.avr-libc.fplib
                0x00000000        0xa d:/additional programs/atmel/7.0/toolchain/avr8/avr8-gnu-toolchain/bin/../lib/gcc/avr/4.9.2/../../../../avr/lib/avr35\libm.a(cmpsf2.o)
 .text          0x00000000        0x0 d:/additional programs/atmel/7.0/toolchain/avr8/avr8-gnu-toolchain/bin/../lib/gcc/avr/4.9.2/../../../../avr/lib/avr35\libm.a(fixunssfsi.o)
 .data          0x00000000        0x0 d:/additional programs/atmel/7.0/toolchain/avr8/avr8-gnu-toolchain/bin/../lib/gcc/avr/4.9.2/../../../../avr/lib/avr35\libm.a(fixunssfsi.o)
 .bss           0x00000000        0x0 d:/additional programs/atmel/7.0/toolchain/avr8/avr8-gnu-toolchain/bin/../lib/gcc/avr/4.9.2/../../../../avr/lib/avr35\libm.a(fixunssfsi.o)
 .text.avr-libc.fplib
                0x00000000       0x5e d:/additional programs/atmel/7.0/toolchain/avr8/avr8-gnu-toolchain/bin/../lib/gcc/avr/4.9.2/../../../../avr/lib/avr35\libm.a(fixunssfsi.o)
 .text          0x00000000        0x0 d:/additional programs/atmel/7.0/toolchain/avr8/avr8-gnu-toolchain/bin/../lib/gcc/avr/4.9.2/../../../../avr/lib/avr35\libm.a(floatsisf.o)
 .data          0x00000000        0x0 d:/additional programs/atmel/7.0/toolchain/avr8/avr8-gnu-toolchain/bin/../lib/gcc/avr/4.9.2/../../../../avr/lib/avr35\libm.a(floatsisf.o)
 .bss           0x00000000        0x0 d:/additional programs/atmel/7.0/toolchain/avr8/avr8-gnu-toolchain/bin/../lib/gcc/avr/4.9.2/../../../../avr/lib/avr35\libm.a(floatsisf.o)
 .text.avr-libc.fplib
                0x00000000       0x7a d:/additional programs/atmel/7.0/toolchain/avr8/avr8-gnu-toolchain/bin/../lib/gcc/avr/4.9.2/../../../../avr/lib/avr35\libm.a(floatsisf.o)
 .text          0x00000000        0x0 d:/additional programs/atmel/7.0/toolchain/avr8/avr8-gnu-toolchain/bin/../lib/gcc/avr/4.9.2/../../../../avr/lib/avr35\libm.a(fp_cmp.o)
 .data          0x00000000        0x0 d:/additional programs/atmel/7.0/toolchain/avr8/avr8-gnu-toolchain/bin/../lib/gcc/avr/4.9.2/../../../../avr/lib/avr35\libm.a(fp_cmp.o)
 .bss           0x00000000        0x0 d:/additional programs/atmel/7.0/toolchain/avr8/avr8-gnu-toolchain/bin/../lib/gcc/avr/4.9.2/../../../../avr/lib/avr35\libm.a(fp_cmp.o)
 .text.avr-libc.fplib
                0x00000000       0x48 d:/additional programs/atmel/7.0/toolchain/avr8/avr8-gnu-toolchain/bin/../lib/gcc/avr/4.9.2/../../../../avr/lib/avr35\libm.a(fp_cmp.o)
 .text          0x00000000        0x0 d:/additional programs/atmel/7.0/toolchain/avr8/avr8-gnu-toolchain/bin/../lib/gcc/avr/4.9.2/../../../../avr/lib/avr35\libm.a(fp_inf.o)
 .data          0x00000000        0x0 d:/additional programs/atmel/7.0/toolchain/avr8/avr8-gnu-toolchain/bin/../lib/gcc/avr/4.9.2/../../../../avr/lib/avr35\libm.a(fp_inf.o)
 .bss           0x00000000        0x0 d:/additional programs/atmel/7.0/toolchain/avr8/avr8-gnu-toolchain/bin/../lib/gcc/avr/4.9.2/../../../../avr/lib/avr35\libm.a(fp_inf.o)
 .text.avr-libc.fplib
                0x00000000        0xc d:/additional programs/atmel/7.0/toolchain/avr8/avr8-gnu-toolchain/bin/../lib/gcc/avr/4.9.2/../../../../avr/lib/avr35\libm.a(fp_inf.o)
 .text          0x00000000        0x0 d:/additional programs/atmel/7.0/toolchain/avr8/avr8-gnu-toolchain/bin/../lib/gcc/avr/4.9.2/../../../../avr/lib/avr35\libm.a(fp_nan.o)
 .data          0x00000000        0x0 d:/additional programs/atmel/7.0/toolchain/avr8/avr8-gnu-toolchain/bin/../lib/gcc/avr/4.9.2/../../../../avr/lib/avr35\libm.a(fp_nan.o)
 .bss           0x00000000        0x0 d:/additional programs/atmel/7.0/toolchain/avr8/avr8-gnu-toolchain/bin/../lib/gcc/avr/4.9.2/../../../../avr/lib/avr35\libm.a(fp_nan.o)
 .text.avr-libc.fplib
                0x00000000        0x6 d:/additional programs/atmel/7.0/toolchain/avr8/avr8-gnu-toolchain/bin/../lib/gcc/avr/4.9.2/../../../../avr/lib/avr35\libm.a(fp_nan.o)
 .text          0x00000000        0x0 d:/additional programs/atmel/7.0/toolchain/avr8/avr8-gnu-toolchain/bin/../lib/gcc/avr/4.9.2/../../../../avr/lib/avr35\libm.a(fp_pscA.o)
 .data          0x00000000        0x0 d:/additional programs/atmel/7.0/toolchain/avr8/avr8-gnu-toolchain/bin/../lib/gcc/avr/4.9.2/../../../../avr/lib/avr35\libm.a(fp_pscA.o)
 .bss           0x00000000        0x0 d:/additional programs/atmel/7.0/toolchain/avr8/avr8-gnu-toolchain/bin/../lib/gcc/avr/4.9.2/../../../../avr/lib/avr35\libm.a(fp_pscA.o)
 .text.avr-libc.fplib
                0x00000000        0xe d:/additional programs/atmel/7.0/toolchain/avr8/avr8-gnu-toolchain/bin/../lib/gcc/avr/4.9.2/../../../../avr/lib/avr35\libm.a(fp_pscA.o)
 .text          0x00000000        0x0 d:/additional programs/atmel/7.0/toolchain/avr8/avr8-gnu-toolchain/bin/../lib/gcc/avr/4.9.2/../../../../avr/lib/avr35\libm.a(fp_pscB.o)
 .data          0x00000000        0x0 d:/additional programs/atmel/7.0/toolchain/avr8/avr8-gnu-toolchain/bin/../lib/gcc/avr/4.9.2/../../../../avr/lib/avr35\libm.a(fp_pscB.o)
 .bss           0x00000000        0x0 d:/additional programs/atmel/7.0/toolchain/avr8/avr8-gnu-toolchain/bin/../lib/gcc/avr/4.9.2/../../../../avr/lib/avr35\libm.a(fp_pscB.o)
 .text.avr-libc.fplib
                0x00000000        0xe d:/additional programs/atmel/7.0/toolchain/avr8/avr8-gnu-toolchain/bin/../lib/gcc/avr/4.9.2/../../../../avr/lib/avr35\libm.a(fp_pscB.o)
 .text          0x00000000        0x0 d:/additional programs/atmel/7.0/toolchain/avr8/avr8-gnu-toolchain/bin/../lib/gcc/avr/4.9.2/../../../../avr/lib/avr35\libm.a(fp_round.o)
 .data          0x00000000        0x0 d:/additional programs/atmel/7.0/toolchain/avr8/avr8-gnu-toolchain/bin/../lib/gcc/avr/4.9.2/../../../../avr/lib/avr35\libm.a(fp_round.o)
 .bss           0x00000000        0x0 d:/additional programs/atmel/7.0/toolchain/avr8/avr8-gnu-toolchain/bin/../lib/gcc/avr/4.9.2/../../../../avr/lib/avr35\libm.a(fp_round.o)
 .text.avr-libc.fplib
                0x00000000       0x22 d:/additional programs/atmel/7.0/toolchain/avr8/avr8-gnu-toolchain/bin/../lib/gcc/avr/4.9.2/../../../../avr/lib/avr35\libm.a(fp_round.o)
 .text          0x00000000        0x0 d:/additional programs/atmel/7.0/toolchain/avr8/avr8-gnu-toolchain/bin/../lib/gcc/avr/4.9.2/../../../../avr/lib/avr35\libm.a(fp_split3.o)
 .data          0x00000000        0x0 d:/additional programs/atmel/7.0/toolchain/avr8/avr8-gnu-toolchain/bin/../lib/gcc/avr/4.9.2/../../../../avr/lib/avr35\libm.a(fp_split3.o)
 .bss           0x00000000        0x0 d:/additional programs/atmel/7.0/toolchain/avr8/avr8-gnu-toolchain/bin/../lib/gcc/avr/4.9.2/../../../../avr/lib/avr35\libm.a(fp_split3.o)
 .text.avr-libc.fplib
                0x00000000       0x44 d:/additional programs/atmel/7.0/toolchain/avr8/avr8-gnu-toolchain/bin/../lib/gcc/avr/4.9.2/../../../../avr/lib/avr35\libm.a(fp_split3.o)
 .text          0x00000000        0x0 d:/additional programs/atmel/7.0/toolchain/avr8/avr8-gnu-toolchain/bin/../lib/gcc/avr/4.9.2/../../../../avr/lib/avr35\libm.a(fp_zero.o)
 .data          0x00000000        0x0 d:/additional programs/atmel/7.0/toolchain/avr8/avr8-gnu-toolchain/bin/../lib/gcc/avr/4.9.2/../../../../avr/lib/avr35\libm.a(fp_zero.o)
 .bss           0x00000000        0x0 d:/additional programs/atmel/7.0/toolchain/avr8/avr8-gnu-toolchain/bin/../lib/gcc/avr/4.9.2/../../../../avr/lib/avr35\libm.a(fp_zero.o)
 .text.avr-libc.fplib
                0x00000000        0xe d:/additional programs/atmel/7.0/toolchain/avr8/avr8-gnu-toolchain/bin/../lib/gcc/avr/4.9.2/../../../../avr/lib/avr35\libm.a(fp_zero.o)
 .text          0x00000000        0x0 d:/additional programs/atmel/7.0/toolchain/avr8/avr8-gnu-toolchain/bin/../lib/gcc/avr/4.9.2/../../../../avr/lib/avr35\libm.a(gesf2.o)
 .data          0x00000000        0x0 d:/additional programs/atmel/7.0/toolchain/avr8/avr8-gnu-toolchain/bin/../lib/gcc/avr/4.9.2/../../../../avr/lib/avr35\libm.a(gesf2.o)
 .bss           0x00000000        0x0 d:/additional programs/atmel/7.0/toolchain/avr8/avr8-gnu-toolchain/bin/../lib/gcc/avr/4.9.2/../../../../avr/lib/avr35\libm.a(gesf2.o)
 .text.avr-libc.fplib
                0x00000000        0xa d:/additional programs/atmel/7.0/toolchain/avr8/avr8-gnu-toolchain/bin/../lib/gcc/avr/4.9.2/../../../../avr/lib/avr35\libm.a(gesf2.o)
 .text          0x00000000        0x0 d:/additional programs/atmel/7.0/toolchain/avr8/avr8-gnu-toolchain/bin/../lib/gcc/avr/4.9.2/../../../../avr/lib/avr35\libm.a(mulsf3.o)
 .data          0x00000000        0x0 d:/additional programs/atmel/7.0/toolchain/avr8/avr8-gnu-toolchain/bin/../lib/gcc/avr/4.9.2/../../../../avr/lib/avr35\libm.a(mulsf3.o)
 .bss           0x00000000        0x0 d:/additional programs/atmel/7.0/toolchain/avr8/avr8-gnu-toolchain/bin/../lib/gcc/avr/4.9.2/../../../../avr/lib/avr35\libm.a(mulsf3.o)
 .text.avr-libc.fplib
                0x00000000        0x8 d:/additional programs/atmel/7.0/toolchain/avr8/avr8-gnu-toolchain/bin/../lib/gcc/avr/4.9.2/../../../../avr/lib/avr35\libm.a(mulsf3.o)
 .text          0x00000000        0x0 d:/additional programs/atmel/7.0/toolchain/avr8/avr8-gnu-toolchain/bin/../lib/gcc/avr/4.9.2/../../../../avr/lib/avr35\libm.a(mulsf3x.o)
 .data          0x00000000        0x0 d:/additional programs/atmel/7.0/toolchain/avr8/avr8-gnu-toolchain/bin/../lib/gcc/avr/4.9.2/../../../../avr/lib/avr35\libm.a(mulsf3x.o)
 .bss           0x00000000        0x0 d:/additional programs/atmel/7.0/toolchain/avr8/avr8-gnu-toolchain/bin/../lib/gcc/avr/4.9.2/../../../../avr/lib/avr35\libm.a(mulsf3x.o)
 .text.avr-libc.fplib
                0x00000000       0xe2 d:/additional programs/atmel/7.0/toolchain/avr8/avr8-gnu-toolchain/bin/../lib/gcc/avr/4.9.2/../../../../avr/lib/avr35\libm.a(mulsf3x.o)
 .text          0x00000000        0x0 d:/additional programs/atmel/7.0/toolchain/avr8/avr8-gnu-toolchain/bin/../lib/gcc/avr/4.9.2/avr35\libgcc.a(_mulhi3.o)
 .data          0x00000000        0x0 d:/additional programs/atmel/7.0/toolchain/avr8/avr8-gnu-toolchain/bin/../lib/gcc/avr/4.9.2/avr35\libgcc.a(_mulhi3.o)
 .bss           0x00000000        0x0 d:/additional programs/atmel/7.0/toolchain/avr8/avr8-gnu-toolchain/bin/../lib/gcc/avr/4.9.2/avr35\libgcc.a(_mulhi3.o)
 .text.libgcc.mul
                0x00000000       0x22 d:/additional programs/atmel/7.0/toolchain/avr8/avr8-gnu-toolchain/bin/../lib/gcc/avr/4.9.2/avr35\libgcc.a(_mulhi3.o)
 .text.libgcc.div
                0x00000000        0x0 d:/additional programs/atmel/7.0/toolchain/avr8/avr8-gnu-toolchain/bin/../lib/gcc/avr/4.9.2/avr35\libgcc.a(_mulhi3.o)
 .text.libgcc   0x00000000        0x0 d:/additional programs/atmel/7.0/toolchain/avr8/avr8-gnu-toolchain/bin/../lib/gcc/avr/4.9.2/avr35\libgcc.a(_mulhi3.o)
 .text.libgcc.prologue
                0x00000000        0x0 d:/additional programs/atmel/7.0/toolchain/avr8/avr8-gnu-toolchain/bin/../lib/gcc/avr/4.9.2/avr35\libgcc.a(_mulhi3.o)
 .text.libgcc.builtins
                0x00000000        0x0 d:/additional programs/atmel/7.0/toolchain/avr8/avr8-gnu-toolchain/bin/../lib/gcc/avr/4.9.2/avr35\libgcc.a(_mulhi3.o)
 .text.libgcc.fmul
                0x00000000        0x0 d:/additional programs/atmel/7.0/toolchain/avr8/avr8-gnu-toolchain/bin/../lib/gcc/avr/4.9.2/avr35\libgcc.a(_mulhi3.o)
 .text.libgcc.fixed
                0x00000000        0x0 d:/additional programs/atmel/7.0/toolchain/avr8/avr8-gnu-toolchain/bin/../lib/gcc/avr/4.9.2/avr35\libgcc.a(_mulhi3.o)
 .text          0x00000000        0x0 d:/additional programs/atmel/7.0/toolchain/avr8/avr8-gnu-toolchain/bin/../lib/gcc/avr/4.9.2/avr35\libgcc.a(_udivmodhi4.o)
 .data          0x00000000        0x0 d:/additional programs/atmel/7.0/toolchain/avr8/avr8-gnu-toolchain/bin/../lib/gcc/avr/4.9.2/avr35\libgcc.a(_udivmodhi4.o)
 .bss           0x00000000        0x0 d:/additional programs/atmel/7.0/toolchain/avr8/avr8-gnu-toolchain/bin/../lib/gcc/avr/4.9.2/avr35\libgcc.a(_udivmodhi4.o)
 .text.libgcc.mul
                0x00000000        0x0 d:/additional programs/atmel/7.0/toolchain/avr8/avr8-gnu-toolchain/bin/../lib/gcc/avr/4.9.2/avr35\libgcc.a(_udivmodhi4.o)
 .text.libgcc.div
                0x00000000       0x28 d:/additional programs/atmel/7.0/toolchain/avr8/avr8-gnu-toolchain/bin/../lib/gcc/avr/4.9.2/avr35\libgcc.a(_udivmodhi4.o)
 .text.libgcc   0x00000000        0x0 d:/additional programs/atmel/7.0/toolchain/avr8/avr8-gnu-toolchain/bin/../lib/gcc/avr/4.9.2/avr35\libgcc.a(_udivmodhi4.o)
 .text.libgcc.prologue
                0x00000000        0x0 d:/additional programs/atmel/7.0/toolchain/avr8/avr8-gnu-toolchain/bin/../lib/gcc/avr/4.9.2/avr35\libgcc.a(_udivmodhi4.o)
 .text.libgcc.builtins
                0x00000000        0x0 d:/additional programs/atmel/7.0/toolchain/avr8/avr8-gnu-toolchain/bin/../lib/gcc/avr/4.9.2/avr35\libgcc.a(_udivmodhi4.o)
 .text.libgcc.fmul
                0x00000000        0x0 d:/additional programs/atmel/7.0/toolchain/avr8/avr8-gnu-toolchain/bin/../lib/gcc/avr/4.9.2/avr35\libgcc.a(_udivmodhi4.o)
 .text.libgcc.fixed
                0x00000000        0x0 d:/additional programs/atmel/7.0/toolchain/avr8/avr8-gnu-toolchain/bin/../lib/gcc/avr/4.9.2/avr35\libgcc.a(_udivmodhi4.o)
 .text          0x00000000        0x0 d:/additional programs/atmel/7.0/toolchain/avr8/avr8-gnu-toolchain/bin/../lib/gcc/avr/4.9.2/avr35\libgcc.a(_udivmodsi4.o)
 .data          0x00000000        0x0 d:/additional programs/atmel/7.0/toolchain/avr8/avr8-gnu-toolchain/bin/../lib/gcc/avr/4.9.2/avr35\libgcc.a(_udivmodsi4.o)
 .bss           0x00000000        0x0 d:/additional programs/atmel/7.0/toolchain/avr8/avr8-gnu-toolchain/bin/../lib/gcc/avr/4.9.2/avr35\libgcc.a(_udivmodsi4.o)
 .text.libgcc.mul
                0x00000000        0x0 d:/additional programs/atmel/7.0/toolchain/avr8/avr8-gnu-toolchain/bin/../lib/gcc/avr/4.9.2/avr35\libgcc.a(_udivmodsi4.o)
 .text.libgcc.div
                0x00000000       0x44 d:/additional programs/atmel/7.0/toolchain/avr8/avr8-gnu-toolchain/bin/../lib/gcc/avr/4.9.2/avr35\libgcc.a(_udivmodsi4.o)
 .text.libgcc   0x00000000        0x0 d:/additional programs/atmel/7.0/toolchain/avr8/avr8-gnu-toolchain/bin/../lib/gcc/avr/4.9.2/avr35\libgcc.a(_udivmodsi4.o)
 .text.libgcc.prologue
                0x00000000        0x0 d:/additional programs/atmel/7.0/toolchain/avr8/avr8-gnu-toolchain/bin/../lib/gcc/avr/4.9.2/avr35\libgcc.a(_udivmodsi4.o)
 .text.libgcc.builtins
                0x00000000        0x0 d:/additional programs/atmel/7.0/toolchain/avr8/avr8-gnu-toolchain/bin/../lib/gcc/avr/4.9.2/avr35\libgcc.a(_udivmodsi4.o)
 .text.libgcc.fmul
                0x00000000        0x0 d:/additional programs/atmel/7.0/toolchain/avr8/avr8-gnu-toolchain/bin/../lib/gcc/avr/4.9.2/avr35\libgcc.a(_udivmodsi4.o)
 .text.libgcc.fixed
                0x00000000        0x0 d:/additional programs/atmel/7.0/toolchain/avr8/avr8-gnu-toolchain/bin/../lib/gcc/avr/4.9.2/avr35\libgcc.a(_udivmodsi4.o)
 .text          0x00000000        0x0 d:/additional programs/atmel/7.0/toolchain/avr8/avr8-gnu-toolchain/bin/../lib/gcc/avr/4.9.2/avr35\libgcc.a(_exit.o)
 .data          0x00000000        0x0 d:/additional programs/atmel/7.0/toolchain/avr8/avr8-gnu-toolchain/bin/../lib/gcc/avr/4.9.2/avr35\libgcc.a(_exit.o)
 .bss           0x00000000        0x0 d:/additional programs/atmel/7.0/toolchain/avr8/avr8-gnu-toolchain/bin/../lib/gcc/avr/4.9.2/avr35\libgcc.a(_exit.o)
 .text.libgcc.mul
                0x00000000        0x0 d:/additional programs/atmel/7.0/toolchain/avr8/avr8-gnu-toolchain/bin/../lib/gcc/avr/4.9.2/avr35\libgcc.a(_exit.o)
 .text.libgcc.div
                0x00000000        0x0 d:/additional programs/atmel/7.0/toolchain/avr8/avr8-gnu-toolchain/bin/../lib/gcc/avr/4.9.2/avr35\libgcc.a(_exit.o)
 .text.libgcc   0x00000000        0x0 d:/additional programs/atmel/7.0/toolchain/avr8/avr8-gnu-toolchain/bin/../lib/gcc/avr/4.9.2/avr35\libgcc.a(_exit.o)
 .text.libgcc.prologue
                0x00000000        0x0 d:/additional programs/atmel/7.0/toolchain/avr8/avr8-gnu-toolchain/bin/../lib/gcc/avr/4.9.2/avr35\libgcc.a(_exit.o)
 .text.libgcc.builtins
                0x00000000        0x0 d:/additional programs/atmel/7.0/toolchain/avr8/avr8-gnu-toolchain/bin/../lib/gcc/avr/4.9.2/avr35\libgcc.a(_exit.o)
 .text.libgcc.fmul
                0x00000000        0x0 d:/additional programs/atmel/7.0/toolchain/avr8/avr8-gnu-toolchain/bin/../lib/gcc/avr/4.9.2/avr35\libgcc.a(_exit.o)
 .text.libgcc.fixed
                0x00000000        0x0 d:/additional programs/atmel/7.0/toolchain/avr8/avr8-gnu-toolchain/bin/../lib/gcc/avr/4.9.2/avr35\libgcc.a(_exit.o)
 .text          0x00000000        0x0 d:/additional programs/atmel/7.0/toolchain/avr8/avr8-gnu-toolchain/bin/../lib/gcc/avr/4.9.2/avr35\libgcc.a(_copy_data.o)
 .data          0x00000000        0x0 d:/additional programs/atmel/7.0/toolchain/avr8/avr8-gnu-toolchain/bin/../lib/gcc/avr/4.9.2/avr35\libgcc.a(_copy_data.o)
 .bss           0x00000000        0x0 d:/additional programs/atmel/7.0/toolchain/avr8/avr8-gnu-toolchain/bin/../lib/gcc/avr/4.9.2/avr35\libgcc.a(_copy_data.o)
 .text.libgcc.mul
                0x00000000        0x0 d:/additional programs/atmel/7.0/toolchain/avr8/avr8-gnu-toolchain/bin/../lib/gcc/avr/4.9.2/avr35\libgcc.a(_copy_data.o)
 .text.libgcc.div
                0x00000000        0x0 d:/additional programs/atmel/7.0/toolchain/avr8/avr8-gnu-toolchain/bin/../lib/gcc/avr/4.9.2/avr35\libgcc.a(_copy_data.o)
 .text.libgcc   0x00000000        0x0 d:/additional programs/atmel/7.0/toolchain/avr8/avr8-gnu-toolchain/bin/../lib/gcc/avr/4.9.2/avr35\libgcc.a(_copy_data.o)
 .text.libgcc.prologue
                0x00000000        0x0 d:/additional programs/atmel/7.0/toolchain/avr8/avr8-gnu-toolchain/bin/../lib/gcc/avr/4.9.2/avr35\libgcc.a(_copy_data.o)
 .text.libgcc.builtins
                0x00000000        0x0 d:/additional programs/atmel/7.0/toolchain/avr8/avr8-gnu-toolchain/bin/../lib/gcc/avr/4.9.2/avr35\libgcc.a(_copy_data.o)
 .text.libgcc.fmul
                0x00000000        0x0 d:/additional programs/atmel/7.0/toolchain/avr8/avr8-gnu-toolchain/bin/../lib/gcc/avr/4.9.2/avr35\libgcc.a(_copy_data.o)
 .text.libgcc.fixed
                0x00000000        0x0 d:/additional programs/atmel/7.0/toolchain/avr8/avr8-gnu-toolchain/bin/../lib/gcc/avr/4.9.2/avr35\libgcc.a(_copy_data.o)
 .text          0x00000000        0x0 d:/additional programs/atmel/7.0/toolchain/avr8/avr8-gnu-toolchain/bin/../lib/gcc/avr/4.9.2/avr35\libgcc.a(_clear_bss.o)
 .data          0x00000000        0x0 d:/additional programs/atmel/7.0/toolchain/avr8/avr8-gnu-toolchain/bin/../lib/gcc/avr/4.9.2/avr35\libgcc.a(_clear_bss.o)
 .bss           0x00000000        0x0 d:/additional programs/atmel/7.0/toolchain/avr8/avr8-gnu-toolchain/bin/../lib/gcc/avr/4.9.2/avr35\libgcc.a(_clear_bss.o)
 .text.libgcc.mul
                0x00000000        0x0 d:/additional programs/atmel/7.0/toolchain/avr8/avr8-gnu-toolchain/bin/../lib/gcc/avr/4.9.2/avr35\libgcc.a(_clear_bss.o)
 .text.libgcc.div
                0x00000000        0x0 d:/additional programs/atmel/7.0/toolchain/avr8/avr8-gnu-toolchain/bin/../lib/gcc/avr/4.9.2/avr35\libgcc.a(_clear_bss.o)
 .text.libgcc   0x00000000        0x0 d:/additional programs/atmel/7.0/toolchain/avr8/avr8-gnu-toolchain/bin/../lib/gcc/avr/4.9.2/avr35\libgcc.a(_clear_bss.o)
 .text.libgcc.prologue
                0x00000000        0x0 d:/additional programs/atmel/7.0/toolchain/avr8/avr8-gnu-toolchain/bin/../lib/gcc/avr/4.9.2/avr35\libgcc.a(_clear_bss.o)
 .text.libgcc.builtins
                0x00000000        0x0 d:/additional programs/atmel/7.0/toolchain/avr8/avr8-gnu-toolchain/bin/../lib/gcc/avr/4.9.2/avr35\libgcc.a(_clear_bss.o)
 .text.libgcc.fmul
                0x00000000        0x0 d:/additional programs/atmel/7.0/toolchain/avr8/avr8-gnu-toolchain/bin/../lib/gcc/avr/4.9.2/avr35\libgcc.a(_clear_bss.o)
 .text.libgcc.fixed
                0x00000000        0x0 d:/additional programs/atmel/7.0/toolchain/avr8/avr8-gnu-toolchain/bin/../lib/gcc/avr/4.9.2/avr35\libgcc.a(_clear_bss.o)
 .text          0x00000000        0x0 d:/additional programs/atmel/7.0/toolchain/avr8/avr8-gnu-toolchain/bin/../lib/gcc/avr/4.9.2/avr35\libgcc.a(_mulsidi3.o)
 .data          0x00000000        0x0 d:/additional programs/atmel/7.0/toolchain/avr8/avr8-gnu-toolchain/bin/../lib/gcc/avr/4.9.2/avr35\libgcc.a(_mulsidi3.o)
 .bss           0x00000000        0x0 d:/additional programs/atmel/7.0/toolchain/avr8/avr8-gnu-toolchain/bin/../lib/gcc/avr/4.9.2/avr35\libgcc.a(_mulsidi3.o)
 .text.libgcc.mul
                0x00000000       0x40 d:/additional programs/atmel/7.0/toolchain/avr8/avr8-gnu-toolchain/bin/../lib/gcc/avr/4.9.2/avr35\libgcc.a(_mulsidi3.o)
 .text.libgcc.div
                0x00000000        0x0 d:/additional programs/atmel/7.0/toolchain/avr8/avr8-gnu-toolchain/bin/../lib/gcc/avr/4.9.2/avr35\libgcc.a(_mulsidi3.o)
 .text.libgcc   0x00000000        0x0 d:/additional programs/atmel/7.0/toolchain/avr8/avr8-gnu-toolchain/bin/../lib/gcc/avr/4.9.2/avr35\libgcc.a(_mulsidi3.o)
 .text.libgcc.prologue
                0x00000000        0x0 d:/additional programs/atmel/7.0/toolchain/avr8/avr8-gnu-toolchain/bin/../lib/gcc/avr/4.9.2/avr35\libgcc.a(_mulsidi3.o)
 .text.libgcc.builtins
                0x00000000        0x0 d:/additional programs/atmel/7.0/toolchain/avr8/avr8-gnu-toolchain/bin/../lib/gcc/avr/4.9.2/avr35\libgcc.a(_mulsidi3.o)
 .text.libgcc.fmul
                0x00000000        0x0 d:/additional programs/atmel/7.0/toolchain/avr8/avr8-gnu-toolchain/bin/../lib/gcc/avr/4.9.2/avr35\libgcc.a(_mulsidi3.o)
 .text.libgcc.fixed
                0x00000000        0x0 d:/additional programs/atmel/7.0/toolchain/avr8/avr8-gnu-toolchain/bin/../lib/gcc/avr/4.9.2/avr35\libgcc.a(_mulsidi3.o)
 .text          0x00000000        0x0 d:/additional programs/atmel/7.0/toolchain/avr8/avr8-gnu-toolchain/bin/../lib/gcc/avr/4.9.2/avr35\libgcc.a(_prologue.o)
 .data          0x00000000        0x0 d:/additional programs/atmel/7.0/toolchain/avr8/avr8-gnu-toolchain/bin/../lib/gcc/avr/4.9.2/avr35\libgcc.a(_prologue.o)
 .bss           0x00000000        0x0 d:/additional programs/atmel/7.0/toolchain/avr8/avr8-gnu-toolchain/bin/../lib/gcc/avr/4.9.2/avr35\libgcc.a(_prologue.o)
 .text.libgcc.mul
                0x00000000        0x0 d:/additional programs/atmel/7.0/toolchain/avr8/avr8-gnu-toolchain/bin/../lib/gcc/avr/4.9.2/avr35\libgcc.a(_prologue.o)
 .text.libgcc.div
                0x00000000        0x0 d:/additional programs/atmel/7.0/toolchain/avr8/avr8-gnu-toolchain/bin/../lib/gcc/avr/4.9.2/avr35\libgcc.a(_prologue.o)
 .text.libgcc   0x00000000        0x0 d:/additional programs/atmel/7.0/toolchain/avr8/avr8-gnu-toolchain/bin/../lib/gcc/avr/4.9.2/avr35\libgcc.a(_prologue.o)
 .text.libgcc.prologue
                0x00000000       0x38 d:/additional programs/atmel/7.0/toolchain/avr8/avr8-gnu-toolchain/bin/../lib/gcc/avr/4.9.2/avr35\libgcc.a(_prologue.o)
 .text.libgcc.builtins
                0x00000000        0x0 d:/additional programs/atmel/7.0/toolchain/avr8/avr8-gnu-toolchain/bin/../lib/gcc/avr/4.9.2/avr35\libgcc.a(_prologue.o)
 .text.libgcc.fmul
                0x00000000        0x0 d:/additional programs/atmel/7.0/toolchain/avr8/avr8-gnu-toolchain/bin/../lib/gcc/avr/4.9.2/avr35\libgcc.a(_prologue.o)
 .text.libgcc.fixed
                0x00000000        0x0 d:/additional programs/atmel/7.0/toolchain/avr8/avr8-gnu-toolchain/bin/../lib/gcc/avr/4.9.2/avr35\libgcc.a(_prologue.o)
 .text          0x00000000        0x0 d:/additional programs/atmel/7.0/toolchain/avr8/avr8-gnu-toolchain/bin/../lib/gcc/avr/4.9.2/avr35\libgcc.a(_epilogue.o)
 .data          0x00000000        0x0 d:/additional programs/atmel/7.0/toolchain/avr8/avr8-gnu-toolchain/bin/../lib/gcc/avr/4.9.2/avr35\libgcc.a(_epilogue.o)
 .bss           0x00000000        0x0 d:/additional programs/atmel/7.0/toolchain/avr8/avr8-gnu-toolchain/bin/../lib/gcc/avr/4.9.2/avr35\libgcc.a(_epilogue.o)
 .text.libgcc.mul
                0x00000000        0x0 d:/additional programs/atmel/7.0/toolchain/avr8/avr8-gnu-toolchain/bin/../lib/gcc/avr/4.9.2/avr35\libgcc.a(_epilogue.o)
 .text.libgcc.div
                0x00000000        0x0 d:/additional programs/atmel/7.0/toolchain/avr8/avr8-gnu-toolchain/bin/../lib/gcc/avr/4.9.2/avr35\libgcc.a(_epilogue.o)
 .text.libgcc   0x00000000        0x0 d:/additional programs/atmel/7.0/toolchain/avr8/avr8-gnu-toolchain/bin/../lib/gcc/avr/4.9.2/avr35\libgcc.a(_epilogue.o)
 .text.libgcc.prologue
                0x00000000       0x36 d:/additional programs/atmel/7.0/toolchain/avr8/avr8-gnu-toolchain/bin/../lib/gcc/avr/4.9.2/avr35\libgcc.a(_epilogue.o)
 .text.libgcc.builtins
                0x00000000        0x0 d:/additional programs/atmel/7.0/toolchain/avr8/avr8-gnu-toolchain/bin/../lib/gcc/avr/4.9.2/avr35\libgcc.a(_epilogue.o)
 .text.libgcc.fmul
                0x00000000        0x0 d:/additional programs/atmel/7.0/toolchain/avr8/avr8-gnu-toolchain/bin/../lib/gcc/avr/4.9.2/avr35\libgcc.a(_epilogue.o)
 .text.libgcc.fixed
                0x00000000        0x0 d:/additional programs/atmel/7.0/toolchain/avr8/avr8-gnu-toolchain/bin/../lib/gcc/avr/4.9.2/avr35\libgcc.a(_epilogue.o)
 .text          0x00000000        0x0 d:/additional programs/atmel/7.0/toolchain/avr8/avr8-gnu-toolchain/bin/../lib/gcc/avr/4.9.2/avr35\libgcc.a(_muldi3.o)
 .data          0x00000000        0x0 d:/additional programs/atmel/7.0/toolchain/avr8/avr8-gnu-toolchain/bin/../lib/gcc/avr/4.9.2/avr35\libgcc.a(_muldi3.o)
 .bss           0x00000000        0x0 d:/additional programs/atmel/7.0/toolchain/avr8/avr8-gnu-toolchain/bin/../lib/gcc/avr/4.9.2/avr35\libgcc.a(_muldi3.o)
 .text.libgcc.mul
                0x00000000       0x5c d:/additional programs/atmel/7.0/toolchain/avr8/avr8-gnu-toolchain/bin/../lib/gcc/avr/4.9.2/avr35\libgcc.a(_muldi3.o)
 .text.libgcc.div
                0x00000000        0x0 d:/additional programs/atmel/7.0/toolchain/avr8/avr8-gnu-toolchain/bin/../lib/gcc/avr/4.9.2/avr35\libgcc.a(_muldi3.o)
 .text.libgcc   0x00000000        0x0 d:/additional programs/atmel/7.0/toolchain/avr8/avr8-gnu-toolchain/bin/../lib/gcc/avr/4.9.2/avr35\libgcc.a(_muldi3.o)
 .text.libgcc.prologue
                0x00000000        0x0 d:/additional programs/atmel/7.0/toolchain/avr8/avr8-gnu-toolchain/bin/../lib/gcc/avr/4.9.2/avr35\libgcc.a(_muldi3.o)
 .text.libgcc.builtins
                0x00000000        0x0 d:/additional programs/atmel/7.0/toolchain/avr8/avr8-gnu-toolchain/bin/../lib/gcc/avr/4.9.2/avr35\libgcc.a(_muldi3.o)
 .text.libgcc.fmul
                0x00000000        0x0 d:/additional programs/atmel/7.0/toolchain/avr8/avr8-gnu-toolchain/bin/../lib/gcc/avr/4.9.2/avr35\libgcc.a(_muldi3.o)
 .text.libgcc.fixed
                0x00000000        0x0 d:/additional programs/atmel/7.0/toolchain/avr8/avr8-gnu-toolchain/bin/../lib/gcc/avr/4.9.2/avr35\libgcc.a(_muldi3.o)

Memory Configuration

Name             Origin             Length             Attributes
text             0x00000000         0x00010000         xr
data             0x00800060         0x0000ffa0         rw !x
eeprom           0x00810000         0x00010000         rw !x
fuse             0x00820000         0x00000003         rw !x
lock             0x00830000         0x00000400         rw !x
signature        0x00840000         0x00000400         rw !x
user_signatures  0x00850000         0x00000400         rw !x
*default*        0x00000000         0xffffffff

Linker script and memory map

Address of section .data set to 0x800100
LOAD D:/Additional Programs/Atmel/7.0/Packs/atmel/ATautomotive_DFP/1.1.96/gcc/dev/ata6617c/avr35/crtata6617c.o
LOAD ADC.o
LOAD analog_servo_drv.o
LOAD CAN.o
LOAD cmd_sts_helpers.o
LOAD events.o
LOAD framework.o
LOAD IOC.o
LOAD light_drv.o
LOAD light_setting_alg.o
LOAD lin_drv.o
LOAD LIN_XCVR_WD_Kicker.o
LOAD main.o
LOAD master_service.o
LOAD MS_LIN_top_layer.o
LOAD PWM.o
LOAD slave_parameters.o
LOAD slave_service.o
LOAD SPI.o
LOAD SPI_Service.o
LOAD timer.o
LOAD __template.o
START GROUP
LOAD d:/additional programs/atmel/7.0/toolchain/avr8/avr8-gnu-toolchain/bin/../lib/gcc/avr/4.9.2/../../../../avr/lib/avr35\libm.a
END GROUP
START GROUP
LOAD d:/additional programs/atmel/7.0/toolchain/avr8/avr8-gnu-toolchain/bin/../lib/gcc/avr/4.9.2/avr35\libgcc.a
LOAD d:/additional programs/atmel/7.0/toolchain/avr8/avr8-gnu-toolchain/bin/../lib/gcc/avr/4.9.2/../../../../avr/lib/avr35\libm.a
LOAD d:/additional programs/atmel/7.0/toolchain/avr8/avr8-gnu-toolchain/bin/../lib/gcc/avr/4.9.2/../../../../avr/lib/avr35\libc.a
LOAD D:/Additional Programs/Atmel/7.0/Packs/atmel/ATautomotive_DFP/1.1.96/gcc/dev/ata6617c/avr35\libata6617c.a
END GROUP
                0x00010000                __TEXT_REGION_LENGTH__ = DEFINED (__TEXT_REGION_LENGTH__)?__TEXT_REGION_LENGTH__:0x10000
                0x0000ffa0                __DATA_REGION_LENGTH__ = DEFINED (__DATA_REGION_LENGTH__)?__DATA_REGION_LENGTH__:0xffa0
                0x00010000                __EEPROM_REGION_LENGTH__ = DEFINED (__EEPROM_REGION_LENGTH__)?__EEPROM_REGION_LENGTH__:0x10000
                [0x00000003]                __FUSE_REGION_LENGTH__ = DEFINED (__FUSE_REGION_LENGTH__)?__FUSE_REGION_LENGTH__:0x400
                0x00000400                __LOCK_REGION_LENGTH__ = DEFINED (__LOCK_REGION_LENGTH__)?__LOCK_REGION_LENGTH__:0x400
                0x00000400                __SIGNATURE_REGION_LENGTH__ = DEFINED (__SIGNATURE_REGION_LENGTH__)?__SIGNATURE_REGION_LENGTH__:0x400
                0x00000400                __USER_SIGNATURE_REGION_LENGTH__ = DEFINED (__USER_SIGNATURE_REGION_LENGTH__)?__USER_SIGNATURE_REGION_LENGTH__:0x400

.hash
 *(.hash)

.dynsym
 *(.dynsym)

.dynstr
 *(.dynstr)

.gnu.version
 *(.gnu.version)

.gnu.version_d
 *(.gnu.version_d)

.gnu.version_r
 *(.gnu.version_r)

.rel.init
 *(.rel.init)

.rela.init
 *(.rela.init)

.rel.text
 *(.rel.text)
 *(.rel.text.*)
 *(.rel.gnu.linkonce.t*)

.rela.text
 *(.rela.text)
 *(.rela.text.*)
 *(.rela.gnu.linkonce.t*)

.rel.fini
 *(.rel.fini)

.rela.fini
 *(.rela.fini)

.rel.rodata
 *(.rel.rodata)
 *(.rel.rodata.*)
 *(.rel.gnu.linkonce.r*)

.rela.rodata
 *(.rela.rodata)
 *(.rela.rodata.*)
 *(.rela.gnu.linkonce.r*)

.rel.data
 *(.rel.data)
 *(.rel.data.*)
 *(.rel.gnu.linkonce.d*)

.rela.data
 *(.rela.data)
 *(.rela.data.*)
 *(.rela.gnu.linkonce.d*)

.rel.ctors
 *(.rel.ctors)

.rela.ctors
 *(.rela.ctors)

.rel.dtors
 *(.rel.dtors)

.rela.dtors
 *(.rela.dtors)

.rel.got
 *(.rel.got)

.rela.got
 *(.rela.got)

.rel.bss
 *(.rel.bss)

.rela.bss
 *(.rela.bss)

.rel.plt
 *(.rel.plt)

.rela.plt
 *(.rela.plt)

.text           0x00000000      0xf5c
 *(.vectors)
 .vectors       0x00000000       0x50 D:/Additional Programs/Atmel/7.0/Packs/atmel/ATautomotive_DFP/1.1.96/gcc/dev/ata6617c/avr35/crtata6617c.o
                0x00000000                __vector_default
                0x00000000                __vectors
 *(.vectors)
 *(.progmem.gcc*)
                0x00000050                . = ALIGN (0x2)
                0x00000050                __trampolines_start = .
 *(.trampolines)
 .trampolines   0x00000050        0x0 linker stubs
 *(.trampolines*)
                0x00000050                __trampolines_end = .
 *libprintf_flt.a:*(.progmem.data)
 *libc.a:*(.progmem.data)
 *(.progmem*)
                0x00000050                . = ALIGN (0x2)
 *(.jumptables)
 *(.jumptables*)
 *(.lowtext)
 *(.lowtext*)
                0x00000050                __ctors_start = .
 *(.ctors)
                0x00000050                __ctors_end = .
                0x00000050                __dtors_start = .
 *(.dtors)
                0x00000050                __dtors_end = .
 SORT(*)(.ctors)
 SORT(*)(.dtors)
 *(.init0)
 .init0         0x00000050        0x0 D:/Additional Programs/Atmel/7.0/Packs/atmel/ATautomotive_DFP/1.1.96/gcc/dev/ata6617c/avr35/crtata6617c.o
                0x00000050                __init
 *(.init0)
 *(.init1)
 *(.init1)
 *(.init2)
 .init2         0x00000050        0xc D:/Additional Programs/Atmel/7.0/Packs/atmel/ATautomotive_DFP/1.1.96/gcc/dev/ata6617c/avr35/crtata6617c.o
 *(.init2)
 *(.init3)
 *(.init3)
 *(.init4)
 .init4         0x0000005c       0x16 d:/additional programs/atmel/7.0/toolchain/avr8/avr8-gnu-toolchain/bin/../lib/gcc/avr/4.9.2/avr35\libgcc.a(_copy_data.o)
                0x0000005c                __do_copy_data
 .init4         0x00000072       0x10 d:/additional programs/atmel/7.0/toolchain/avr8/avr8-gnu-toolchain/bin/../lib/gcc/avr/4.9.2/avr35\libgcc.a(_clear_bss.o)
                0x00000072                __do_clear_bss
 *(.init4)
 *(.init5)
 *(.init5)
 *(.init6)
 *(.init6)
 *(.init7)
 *(.init7)
 *(.init8)
 *(.init8)
 *(.init9)
 .init9         0x00000082        0x8 D:/Additional Programs/Atmel/7.0/Packs/atmel/ATautomotive_DFP/1.1.96/gcc/dev/ata6617c/avr35/crtata6617c.o
 *(.init9)
 *(.text)
 .text          0x0000008a        0x4 D:/Additional Programs/Atmel/7.0/Packs/atmel/ATautomotive_DFP/1.1.96/gcc/dev/ata6617c/avr35/crtata6617c.o
                0x0000008a                __bad_interrupt
                0x0000008a                __vector_6
                0x0000008a                __vector_3
                0x0000008a                __vector_11
                0x0000008a                __vector_17
                0x0000008a                __vector_19
                0x0000008a                __vector_7
                0x0000008a                __vector_5
                0x0000008a                __vector_4
                0x0000008a                __vector_2
                0x0000008a                __vector_8
                0x0000008a                __vector_16
                0x0000008a                __vector_18
                0x0000008e                . = ALIGN (0x2)
 *(.text.*)
 .text.Init_ADC_Module
                0x0000008e       0x32 ADC.o
                0x0000008e                Init_ADC_Module
 .text.__vector_15
                0x000000c0       0x3e ADC.o
                0x000000c0                __vector_15
 .text.stop_signal
                0x000000fe        0xa analog_servo_drv.o
 .text.Init_Analog_Servo_Driver
                0x00000108       0x32 analog_servo_drv.o
                0x00000108                Init_Analog_Servo_Driver
 .text.__vector_9
                0x0000013a       0x52 analog_servo_drv.o
                0x0000013a                __vector_9
 .text.Write_Intensity_Data
                0x0000018c        0x6 cmd_sts_helpers.o
                0x0000018c                Write_Intensity_Data
 .text.Write_Position_Data
                0x00000192        0x8 cmd_sts_helpers.o
                0x00000192                Write_Position_Data
 .text.Get_Pointer_To_Slave_Data
                0x0000019a       0x16 cmd_sts_helpers.o
                0x0000019a                Get_Pointer_To_Slave_Data
 .text.process_event_if_pending
                0x000001b0       0x68 events.o
 .text.Post_Event
                0x00000218       0x36 events.o
                0x00000218                Post_Event
 .text.Run_Events
                0x0000024e       0x86 events.o
                0x0000024e                Run_Events
 .text.Initialize_Framework
                0x000002d4       0x22 framework.o
                0x000002d4                Initialize_Framework
 .text.Run_Services
                0x000002f6       0x22 framework.o
                0x000002f6                Run_Services
 .text.Init_IOC_Module
                0x00000318       0x18 IOC.o
                0x00000318                Init_IOC_Module
 .text.__vector_1
                0x00000330       0x16 IOC.o
                0x00000330                __vector_1
 .text.lin_init
                0x00000346       0x54 lin_drv.o
                0x00000346                lin_init
 .text.lin_tx_header
                0x0000039a       0x6c lin_drv.o
                0x0000039a                lin_tx_header
 .text.lin_rx_response
                0x00000406       0x3a lin_drv.o
                0x00000406                lin_rx_response
 .text.lin_tx_response
                0x00000440       0x62 lin_drv.o
                0x00000440                lin_tx_response
 .text.lin_get_response
                0x000004a2       0x2c lin_drv.o
                0x000004a2                lin_get_response
 .text.kick_LIN_XCVR_WD
                0x000004ce       0x38 LIN_XCVR_WD_Kicker.o
 .text.Init_LIN_XCVR_WD_Kicker
                0x00000506       0x22 LIN_XCVR_WD_Kicker.o
                0x00000506                Init_LIN_XCVR_WD_Kicker
 .text.main     0x00000528       0x1c main.o
                0x00000528                main
 .text.ID_schedule_handler
                0x00000544       0x30 master_service.o
 .text.Init_Master_Service
                0x00000574       0x88 master_service.o
                0x00000574                Init_Master_Service
 .text.Run_Master_Service
                0x000005fc       0x54 master_service.o
                0x000005fc                Run_Master_Service
 .text.MS_LIN_Initialize
                0x00000650       0x4a MS_LIN_top_layer.o
                0x00000650                MS_LIN_Initialize
 .text.Master_LIN_Broadcast_ID
                0x0000069a        0xc MS_LIN_top_layer.o
                0x0000069a                Master_LIN_Broadcast_ID
 .text.__vector_12
                0x000006a6      0x126 MS_LIN_top_layer.o
                0x000006a6                __vector_12
 .text.__vector_13
                0x000007cc       0x2c MS_LIN_top_layer.o
                0x000007cc                __vector_13
 .text.Init_PWM_Module
                0x000007f8       0x50 PWM.o
                0x000007f8                Init_PWM_Module
 .text.Set_PWM_Duty_Cycle
                0x00000848       0xaa PWM.o
                0x00000848                Set_PWM_Duty_Cycle
 .text.Reset_Command_Receive_Buffer
                0x000008f2       0x58 SPI.o
 .text.MS_SPI_Initialize
                0x0000094a       0x42 SPI.o
                0x0000094a                MS_SPI_Initialize
 .text.SPI_Start_Command
                0x0000098c       0x3a SPI.o
                0x0000098c                SPI_Start_Command
 .text.SPI_End_Command
                0x000009c6        0x4 SPI.o
                0x000009c6                SPI_End_Command
 .text.SPI_Transmit
                0x000009ca       0x46 SPI.o
                0x000009ca                SPI_Transmit
 .text.Write_SPI
                0x00000a10      0x102 SPI.o
                0x00000a10                Write_SPI
 .text.__vector_14
                0x00000b12      0x152 SPI.o
                0x00000b12                __vector_14
 .text.Init_SPI_Service
                0x00000c64        0x6 SPI_Service.o
                0x00000c64                Init_SPI_Service
 .text.Run_SPI_Service
                0x00000c6a       0x96 SPI_Service.o
                0x00000c6a                Run_SPI_Service
 .text.Query_SPI_State
                0x00000d00        0x6 SPI_Service.o
                0x00000d00                Query_SPI_State
 .text.Init_Timer_Module
                0x00000d06       0x4c timer.o
                0x00000d06                Init_Timer_Module
 .text.Register_Timer
                0x00000d52       0x9a timer.o
                0x00000d52                Register_Timer
 .text.Start_Timer
                0x00000dec       0x82 timer.o
                0x00000dec                Start_Timer
 .text.__vector_10
                0x00000e6e       0xea timer.o
                0x00000e6e                __vector_10
                0x00000f58                . = ALIGN (0x2)
 *(.fini9)
 .fini9         0x00000f58        0x0 d:/additional programs/atmel/7.0/toolchain/avr8/avr8-gnu-toolchain/bin/../lib/gcc/avr/4.9.2/avr35\libgcc.a(_exit.o)
                0x00000f58                _exit
                0x00000f58                exit
 *(.fini9)
 *(.fini8)
 *(.fini8)
 *(.fini7)
 *(.fini7)
 *(.fini6)
 *(.fini6)
 *(.fini5)
 *(.fini5)
 *(.fini4)
 *(.fini4)
 *(.fini3)
 *(.fini3)
 *(.fini2)
 *(.fini2)
 *(.fini1)
 *(.fini1)
 *(.fini0)
 .fini0         0x00000f58        0x4 d:/additional programs/atmel/7.0/toolchain/avr8/avr8-gnu-toolchain/bin/../lib/gcc/avr/4.9.2/avr35\libgcc.a(_exit.o)
 *(.fini0)
                0x00000f5c                _etext = .

.data           0x00800100        0xa load address 0x00000f5c
                0x00800100                PROVIDE (__data_start, .)
 *(.data)
 *(.data*)
 .data.Last_ADC_Value
                0x00800100        0x2 ADC.o
 .data.SPI_TX   0x00800102        0x3 master_service.o
 .data.Testing_Timer
                0x00800105        0x4 master_service.o
 .data.Curr_Schedule_ID
                0x00800109        0x1 master_service.o
 *(.rodata)
 *(.rodata*)
 *(.gnu.linkonce.d*)
                0x0080010a                . = ALIGN (0x2)
                0x0080010a                _edata = .
                0x0080010a                PROVIDE (__data_end, .)

.bss            0x0080010a      0x12a
                0x0080010a                PROVIDE (__bss_start, .)
 *(.bss)
 *(.bss*)
 .bss.Step      0x0080010a        0x1 analog_servo_drv.o
 .bss.Move_Timer
                0x0080010b        0x4 analog_servo_drv.o
 .bss.Pending_Events
                0x0080010f        0x4 events.o
 .bss.Parity    0x00800113        0x1 LIN_XCVR_WD_Kicker.o
 .bss.LIN_XCVR_Kick_Timer
                0x00800114        0x4 LIN_XCVR_WD_Kicker.o
 .bss.Recv2     0x00800118        0x1 master_service.o
 .bss.Recv1     0x00800119        0x1 master_service.o
 .bss.parity    0x0080011a        0x1 master_service.o
 .bss.Scheduling_Timer
                0x0080011b        0x4 master_service.o
 .bss.My_Status_Data
                0x0080011f        0x6 master_service.o
 .bss.My_Command_Data
                0x00800125        0x6 master_service.o
 .bss.My_Node_ID
                0x0080012b        0x1 master_service.o
 .bss.My_LIN_Error_Count
                0x0080012c        0x1 MS_LIN_top_layer.o
 .bss.p_My_Status_Data
                0x0080012d        0x2 MS_LIN_top_layer.o
 .bss.p_My_Command_Data
                0x0080012f        0x2 MS_LIN_top_layer.o
 .bss.p_My_Node_ID
                0x00800131        0x2 MS_LIN_top_layer.o
 .bss.In_Tx     0x00800133        0x1 SPI.o
 .bss.Expected_RX_Length
                0x00800134        0x1 SPI.o
 .bss.Expected_TX_Length
                0x00800135        0x1 SPI.o
 .bss.TX_Index  0x00800136        0x1 SPI.o
 .bss.RX_Index  0x00800137        0x1 SPI.o
 .bss.Next_Available_Row
                0x00800138        0x1 SPI.o
 .bss.Buffer_Index
                0x00800139        0x1 SPI.o
 .bss.Receive_List
                0x0080013a       0x50 SPI.o
 .bss.Command_Buffer
                0x0080018a       0x3c SPI.o
 .bss.Master_Slave_Identifier
                0x008001c6        0x1 SPI.o
 .bss.Current_State
                0x008001c7        0x1 SPI_Service.o
 .bss.Timers    0x008001c8       0x68 timer.o
 *(COMMON)
 COMMON         0x00800230        0x4 master_service.o
                0x00800230                RecvList
                0x00800234                PROVIDE (__bss_end, .)
                0x00000f5c                __data_load_start = LOADADDR (.data)
                0x00000f66                __data_load_end = (__data_load_start + SIZEOF (.data))

.noinit         0x00800234        0x0
                [!provide]                PROVIDE (__noinit_start, .)
 *(.noinit*)
                [!provide]                PROVIDE (__noinit_end, .)
                0x00800234                _end = .
                [!provide]                PROVIDE (__heap_start, .)

.eeprom         0x00810000        0x0
 *(.eeprom*)
                0x00810000                __eeprom_end = .

.fuse
 *(.fuse)
 *(.lfuse)
 *(.hfuse)
 *(.efuse)

.lock
 *(.lock*)

.signature
 *(.signature*)

.user_signatures
 *(.user_signatures*)

.stab
 *(.stab)

.stabstr
 *(.stabstr)

.stab.excl
 *(.stab.excl)

.stab.exclstr
 *(.stab.exclstr)

.stab.index
 *(.stab.index)

.stab.indexstr
 *(.stab.indexstr)

.comment        0x00000000       0x30
 *(.comment)
 .comment       0x00000000       0x30 ADC.o
                                 0x31 (size before relaxing)
 .comment       0x00000030       0x31 analog_servo_drv.o
 .comment       0x00000030       0x31 cmd_sts_helpers.o
 .comment       0x00000030       0x31 events.o
 .comment       0x00000030       0x31 framework.o
 .comment       0x00000030       0x31 IOC.o
 .comment       0x00000030       0x31 lin_drv.o
 .comment       0x00000030       0x31 LIN_XCVR_WD_Kicker.o
 .comment       0x00000030       0x31 main.o
 .comment       0x00000030       0x31 master_service.o
 .comment       0x00000030       0x31 MS_LIN_top_layer.o
 .comment       0x00000030       0x31 PWM.o
 .comment       0x00000030       0x31 SPI.o
 .comment       0x00000030       0x31 SPI_Service.o
 .comment       0x00000030       0x31 timer.o

.note.gnu.avr.deviceinfo
                0x00000000       0x3c
 .note.gnu.avr.deviceinfo
                0x00000000       0x3c D:/Additional Programs/Atmel/7.0/Packs/atmel/ATautomotive_DFP/1.1.96/gcc/dev/ata6617c/avr35/crtata6617c.o

.note.gnu.build-id
 *(.note.gnu.build-id)

.debug
 *(.debug)

.line
 *(.line)

.debug_srcinfo
 *(.debug_srcinfo)

.debug_sfnames
 *(.debug_sfnames)

.debug_aranges  0x00000000      0x330
 *(.debug_aranges)
 .debug_aranges
                0x00000000       0x38 ADC.o
 .debug_aranges
                0x00000038       0x50 analog_servo_drv.o
 .debug_aranges
                0x00000088       0x40 cmd_sts_helpers.o
 .debug_aranges
                0x000000c8       0x30 events.o
 .debug_aranges
                0x000000f8       0x28 framework.o
 .debug_aranges
                0x00000120       0x28 IOC.o
 .debug_aranges
                0x00000148       0x40 lin_drv.o
 .debug_aranges
                0x00000188       0x28 LIN_XCVR_WD_Kicker.o
 .debug_aranges
                0x000001b0       0x20 main.o
 .debug_aranges
                0x000001d0       0x30 master_service.o
 .debug_aranges
                0x00000200       0x38 MS_LIN_top_layer.o
 .debug_aranges
                0x00000238       0x28 PWM.o
 .debug_aranges
                0x00000260       0x50 SPI.o
 .debug_aranges
                0x000002b0       0x30 SPI_Service.o
 .debug_aranges
                0x000002e0       0x50 timer.o

.debug_pubnames
 *(.debug_pubnames)

.debug_info     0x00000000     0x2b71
 *(.debug_info .gnu.linkonce.wi.*)
 .debug_info    0x00000000      0x5f4 D:/Additional Programs/Atmel/7.0/Packs/atmel/ATautomotive_DFP/1.1.96/gcc/dev/ata6617c/avr35/crtata6617c.o
 .debug_info    0x000005f4       0xec ADC.o
 .debug_info    0x000006e0      0x451 analog_servo_drv.o
 .debug_info    0x00000b31      0x1e6 cmd_sts_helpers.o
 .debug_info    0x00000d17      0x2b1 events.o
 .debug_info    0x00000fc8      0x1af framework.o
 .debug_info    0x00001177       0xa0 IOC.o
 .debug_info    0x00001217      0x1e4 lin_drv.o
 .debug_info    0x000013fb      0x1de LIN_XCVR_WD_Kicker.o
 .debug_info    0x000015d9       0xb9 main.o
 .debug_info    0x00001692      0x633 master_service.o
 .debug_info    0x00001cc5      0x39e MS_LIN_top_layer.o
 .debug_info    0x00002063      0x1c4 PWM.o
 .debug_info    0x00002227      0x462 SPI.o
 .debug_info    0x00002689      0x18d SPI_Service.o
 .debug_info    0x00002816      0x35b timer.o

.debug_abbrev   0x00000000     0x16e1
 *(.debug_abbrev)
 .debug_abbrev  0x00000000      0x5a2 D:/Additional Programs/Atmel/7.0/Packs/atmel/ATautomotive_DFP/1.1.96/gcc/dev/ata6617c/avr35/crtata6617c.o
 .debug_abbrev  0x000005a2       0x92 ADC.o
 .debug_abbrev  0x00000634      0x1f5 analog_servo_drv.o
 .debug_abbrev  0x00000829       0xce cmd_sts_helpers.o
 .debug_abbrev  0x000008f7      0x128 events.o
 .debug_abbrev  0x00000a1f       0xe7 framework.o
 .debug_abbrev  0x00000b06       0x69 IOC.o
 .debug_abbrev  0x00000b6f       0xb2 lin_drv.o
 .debug_abbrev  0x00000c21       0xea LIN_XCVR_WD_Kicker.o
 .debug_abbrev  0x00000d0b       0x71 main.o
 .debug_abbrev  0x00000d7c      0x1f7 master_service.o
 .debug_abbrev  0x00000f73      0x18b MS_LIN_top_layer.o
 .debug_abbrev  0x000010fe      0x157 PWM.o
 .debug_abbrev  0x00001255      0x1e5 SPI.o
 .debug_abbrev  0x0000143a      0x108 SPI_Service.o
 .debug_abbrev  0x00001542      0x19f timer.o

.debug_line     0x00000000     0x18fb
 *(.debug_line .debug_line.* .debug_line_end)
 .debug_line    0x00000000      0x10f D:/Additional Programs/Atmel/7.0/Packs/atmel/ATautomotive_DFP/1.1.96/gcc/dev/ata6617c/avr35/crtata6617c.o
 .debug_line    0x0000010f      0x109 ADC.o
 .debug_line    0x00000218      0x1f1 analog_servo_drv.o
 .debug_line    0x00000409      0x114 cmd_sts_helpers.o
 .debug_line    0x0000051d      0x165 events.o
 .debug_line    0x00000682      0x165 framework.o
 .debug_line    0x000007e7       0xcf IOC.o
 .debug_line    0x000008b6      0x233 lin_drv.o
 .debug_line    0x00000ae9       0xfb LIN_XCVR_WD_Kicker.o
 .debug_line    0x00000be4       0xd9 main.o
 .debug_line    0x00000cbd      0x1b0 master_service.o
 .debug_line    0x00000e6d      0x1cc MS_LIN_top_layer.o
 .debug_line    0x00001039      0x1bc PWM.o
 .debug_line    0x000011f5      0x2d7 SPI.o
 .debug_line    0x000014cc      0x15c SPI_Service.o
 .debug_line    0x00001628      0x2d3 timer.o

.debug_frame    0x00000000      0x704
 *(.debug_frame)
 .debug_frame   0x00000000       0x74 ADC.o
 .debug_frame   0x00000074       0xc0 analog_servo_drv.o
 .debug_frame   0x00000134       0x64 cmd_sts_helpers.o
 .debug_frame   0x00000198       0x70 events.o
 .debug_frame   0x00000208       0x48 framework.o
 .debug_frame   0x00000250       0x40 IOC.o
 .debug_frame   0x00000290       0x64 lin_drv.o
 .debug_frame   0x000002f4       0x34 LIN_XCVR_WD_Kicker.o
 .debug_frame   0x00000328       0x24 main.o
 .debug_frame   0x0000034c       0x4c master_service.o
 .debug_frame   0x00000398       0xcc MS_LIN_top_layer.o
 .debug_frame   0x00000464       0x34 PWM.o
 .debug_frame   0x00000498      0x10c SPI.o
 .debug_frame   0x000005a4       0x44 SPI_Service.o
 .debug_frame   0x000005e8      0x11c timer.o

.debug_str      0x00000000      0xd81
 *(.debug_str)
 .debug_str     0x00000000      0x21d D:/Additional Programs/Atmel/7.0/Packs/atmel/ATautomotive_DFP/1.1.96/gcc/dev/ata6617c/avr35/crtata6617c.o
 .debug_str     0x0000021d      0x191 ADC.o
                                0x1c5 (size before relaxing)
 .debug_str     0x000003ae      0x1f5 analog_servo_drv.o
                                0x373 (size before relaxing)
 .debug_str     0x000005a3       0xd0 cmd_sts_helpers.o
                                0x24a (size before relaxing)
 .debug_str     0x00000673       0x75 events.o
                                0x1d7 (size before relaxing)
 .debug_str     0x000006e8       0xbe framework.o
                                0x256 (size before relaxing)
 .debug_str     0x000007a6       0x16 IOC.o
                                0x187 (size before relaxing)
 .debug_str     0x000007bc       0x77 lin_drv.o
                                0x1d8 (size before relaxing)
 .debug_str     0x00000833       0x46 LIN_XCVR_WD_Kicker.o
                                0x1f5 (size before relaxing)
 .debug_str     0x00000879       0x11 main.o
                                0x192 (size before relaxing)
 .debug_str     0x0000088a      0x16d master_service.o
                                0x3eb (size before relaxing)
 .debug_str     0x000009f7       0xb2 MS_LIN_top_layer.o
                                0x2d6 (size before relaxing)
 .debug_str     0x00000aa9       0x5f PWM.o
                                0x221 (size before relaxing)
 .debug_str     0x00000b08      0x167 SPI.o
                                0x331 (size before relaxing)
 .debug_str     0x00000c6f       0x21 SPI_Service.o
                                0x230 (size before relaxing)
 .debug_str     0x00000c90       0xf1 timer.o
                                0x2b5 (size before relaxing)

.debug_loc      0x00000000     0x16d4
 *(.debug_loc)
 .debug_loc     0x00000000       0x63 ADC.o
 .debug_loc     0x00000063      0x1bc analog_servo_drv.o
 .debug_loc     0x0000021f       0xda cmd_sts_helpers.o
 .debug_loc     0x000002f9      0x106 events.o
 .debug_loc     0x000003ff       0x8b framework.o
 .debug_loc     0x0000048a       0x2f IOC.o
 .debug_loc     0x000004b9      0x362 lin_drv.o
 .debug_loc     0x0000081b       0x50 LIN_XCVR_WD_Kicker.o
 .debug_loc     0x0000086b       0x8e master_service.o
 .debug_loc     0x000008f9      0x2af MS_LIN_top_layer.o
 .debug_loc     0x00000ba8      0x16c PWM.o
 .debug_loc     0x00000d14      0x4fb SPI.o
 .debug_loc     0x0000120f       0xe0 SPI_Service.o
 .debug_loc     0x000012ef      0x3e5 timer.o

.debug_macinfo
 *(.debug_macinfo)

.debug_weaknames
 *(.debug_weaknames)

.debug_funcnames
 *(.debug_funcnames)

.debug_typenames
 *(.debug_typenames)

.debug_varnames
 *(.debug_varnames)

.debug_pubtypes
 *(.debug_pubtypes)

.debug_ranges   0x00000000      0x240
 *(.debug_ranges)
 .debug_ranges  0x00000000       0x28 ADC.o
 .debug_ranges  0x00000028       0x40 analog_servo_drv.o
 .debug_ranges  0x00000068       0x30 cmd_sts_helpers.o
 .debug_ranges  0x00000098       0x20 events.o
 .debug_ranges  0x000000b8       0x18 framework.o
 .debug_ranges  0x000000d0       0x18 IOC.o
 .debug_ranges  0x000000e8       0x30 lin_drv.o
 .debug_ranges  0x00000118       0x18 LIN_XCVR_WD_Kicker.o
 .debug_ranges  0x00000130       0x10 main.o
 .debug_ranges  0x00000140       0x20 master_service.o
 .debug_ranges  0x00000160       0x28 MS_LIN_top_layer.o
 .debug_ranges  0x00000188       0x18 PWM.o
 .debug_ranges  0x000001a0       0x40 SPI.o
 .debug_ranges  0x000001e0       0x20 SPI_Service.o
 .debug_ranges  0x00000200       0x40 timer.o

.debug_macro
 *(.debug_macro)
OUTPUT(Ford_360_Lighting_Project.elf elf32-avr)
LOAD linker stubs
