Archive member included to satisfy reference by file (symbol)

d:/additional programs/atmel/7.0/toolchain/avr8/avr8-gnu-toolchain/bin/../lib/gcc/avr/4.9.2/avr35\libgcc.a(_exit.o)
                              D:/Additional Programs/Atmel/7.0/Packs/atmel/ATautomotive_DFP/1.1.96/gcc/dev/ata6617c/avr35/crtata6617c.o (exit)
d:/additional programs/atmel/7.0/toolchain/avr8/avr8-gnu-toolchain/bin/../lib/gcc/avr/4.9.2/avr35\libgcc.a(_copy_data.o)
                              master_service.o (__do_copy_data)
d:/additional programs/atmel/7.0/toolchain/avr8/avr8-gnu-toolchain/bin/../lib/gcc/avr/4.9.2/avr35\libgcc.a(_clear_bss.o)
                              ADC.o (__do_clear_bss)

Discarded input sections

 .data          0x00000000        0x0 D:/Additional Programs/Atmel/7.0/Packs/atmel/ATautomotive_DFP/1.1.96/gcc/dev/ata6617c/avr35/crtata6617c.o
 .bss           0x00000000        0x0 D:/Additional Programs/Atmel/7.0/Packs/atmel/ATautomotive_DFP/1.1.96/gcc/dev/ata6617c/avr35/crtata6617c.o
 .text          0x00000000        0x0 ADC.o
 .data          0x00000000        0x0 ADC.o
 .bss           0x00000000        0x0 ADC.o
 .text.Get_ADC_Result
                0x00000000        0xa ADC.o
 .text.Poll_ADC
                0x00000000        0xc ADC.o
 .text          0x00000000        0x0 events.o
 .data          0x00000000        0x0 events.o
 .bss           0x00000000        0x0 events.o
 .text          0x00000000        0x0 framework.o
 .data          0x00000000        0x0 framework.o
 .bss           0x00000000        0x0 framework.o
 .text          0x00000000        0x0 IOC.o
 .data          0x00000000        0x0 IOC.o
 .bss           0x00000000        0x0 IOC.o
 .text          0x00000000        0x0 lin_drv.o
 .data          0x00000000        0x0 lin_drv.o
 .bss           0x00000000        0x0 lin_drv.o
 .text          0x00000000        0x0 LIN_XCVR_WD_Kicker.o
 .data          0x00000000        0x0 LIN_XCVR_WD_Kicker.o
 .bss           0x00000000        0x0 LIN_XCVR_WD_Kicker.o
 .text          0x00000000        0x0 main.o
 .data          0x00000000        0x0 main.o
 .bss           0x00000000        0x0 main.o
 .text          0x00000000        0x0 master_service.o
 .data          0x00000000        0x0 master_service.o
 .bss           0x00000000        0x0 master_service.o
 .text          0x00000000        0x0 MS_LIN_top_layer.o
 .data          0x00000000        0x0 MS_LIN_top_layer.o
 .bss           0x00000000        0x0 MS_LIN_top_layer.o
 .text          0x00000000        0x0 PWM.o
 .data          0x00000000        0x0 PWM.o
 .bss           0x00000000        0x0 PWM.o
 .text          0x00000000        0x0 slave_service.o
 .data          0x00000000        0x0 slave_service.o
 .bss           0x00000000        0x0 slave_service.o
 .text.Init_Slave_Service
                0x00000000       0x22 slave_service.o
 .text.Run_Slave_Service
                0x00000000       0x26 slave_service.o
 .bss.Last_Command
                0x00000000        0x1 slave_service.o
 .bss.My_Status_Data
                0x00000000        0x2 slave_service.o
 .bss.My_Command_Data
                0x00000000        0x2 slave_service.o
 .bss.My_Node_ID
                0x00000000        0x1 slave_service.o
 .debug_info    0x00000000      0x1b4 slave_service.o
 .debug_abbrev  0x00000000       0xe4 slave_service.o
 .debug_loc     0x00000000       0x2c slave_service.o
 .debug_aranges
                0x00000000       0x28 slave_service.o
 .debug_ranges  0x00000000       0x18 slave_service.o
 .debug_line    0x00000000       0xfe slave_service.o
 .debug_str     0x00000000      0x238 slave_service.o
 .comment       0x00000000       0x31 slave_service.o
 .debug_frame   0x00000000       0x34 slave_service.o
 .text          0x00000000        0x0 timer.o
 .data          0x00000000        0x0 timer.o
 .bss           0x00000000        0x0 timer.o
 .text.Get_Time_Timer
                0x00000000       0x2c timer.o
 .text.Stop_Timer
                0x00000000       0x54 timer.o
 .text          0x00000000        0x0 __template.o
 .data          0x00000000        0x0 __template.o
 .bss           0x00000000        0x0 __template.o
 .text.Template_Public_Function
                0x00000000        0x6 __template.o
 .bss.template_var
                0x00000000        0x1 __template.o
 .debug_info    0x00000000       0xb1 __template.o
 .debug_abbrev  0x00000000       0x80 __template.o
 .debug_aranges
                0x00000000       0x20 __template.o
 .debug_ranges  0x00000000       0x10 __template.o
 .debug_line    0x00000000       0xa1 __template.o
 .debug_str     0x00000000      0x1ad __template.o
 .comment       0x00000000       0x31 __template.o
 .debug_frame   0x00000000       0x24 __template.o
 .text          0x00000000        0x0 d:/additional programs/atmel/7.0/toolchain/avr8/avr8-gnu-toolchain/bin/../lib/gcc/avr/4.9.2/avr35\libgcc.a(_exit.o)
 .data          0x00000000        0x0 d:/additional programs/atmel/7.0/toolchain/avr8/avr8-gnu-toolchain/bin/../lib/gcc/avr/4.9.2/avr35\libgcc.a(_exit.o)
 .bss           0x00000000        0x0 d:/additional programs/atmel/7.0/toolchain/avr8/avr8-gnu-toolchain/bin/../lib/gcc/avr/4.9.2/avr35\libgcc.a(_exit.o)
 .text.libgcc.mul
                0x00000000        0x0 d:/additional programs/atmel/7.0/toolchain/avr8/avr8-gnu-toolchain/bin/../lib/gcc/avr/4.9.2/avr35\libgcc.a(_exit.o)
 .text.libgcc.div
                0x00000000        0x0 d:/additional programs/atmel/7.0/toolchain/avr8/avr8-gnu-toolchain/bin/../lib/gcc/avr/4.9.2/avr35\libgcc.a(_exit.o)
 .text.libgcc   0x00000000        0x0 d:/additional programs/atmel/7.0/toolchain/avr8/avr8-gnu-toolchain/bin/../lib/gcc/avr/4.9.2/avr35\libgcc.a(_exit.o)
 .text.libgcc.prologue
                0x00000000        0x0 d:/additional programs/atmel/7.0/toolchain/avr8/avr8-gnu-toolchain/bin/../lib/gcc/avr/4.9.2/avr35\libgcc.a(_exit.o)
 .text.libgcc.builtins
                0x00000000        0x0 d:/additional programs/atmel/7.0/toolchain/avr8/avr8-gnu-toolchain/bin/../lib/gcc/avr/4.9.2/avr35\libgcc.a(_exit.o)
 .text.libgcc.fmul
                0x00000000        0x0 d:/additional programs/atmel/7.0/toolchain/avr8/avr8-gnu-toolchain/bin/../lib/gcc/avr/4.9.2/avr35\libgcc.a(_exit.o)
 .text.libgcc.fixed
                0x00000000        0x0 d:/additional programs/atmel/7.0/toolchain/avr8/avr8-gnu-toolchain/bin/../lib/gcc/avr/4.9.2/avr35\libgcc.a(_exit.o)
 .text          0x00000000        0x0 d:/additional programs/atmel/7.0/toolchain/avr8/avr8-gnu-toolchain/bin/../lib/gcc/avr/4.9.2/avr35\libgcc.a(_copy_data.o)
 .data          0x00000000        0x0 d:/additional programs/atmel/7.0/toolchain/avr8/avr8-gnu-toolchain/bin/../lib/gcc/avr/4.9.2/avr35\libgcc.a(_copy_data.o)
 .bss           0x00000000        0x0 d:/additional programs/atmel/7.0/toolchain/avr8/avr8-gnu-toolchain/bin/../lib/gcc/avr/4.9.2/avr35\libgcc.a(_copy_data.o)
 .text.libgcc.mul
                0x00000000        0x0 d:/additional programs/atmel/7.0/toolchain/avr8/avr8-gnu-toolchain/bin/../lib/gcc/avr/4.9.2/avr35\libgcc.a(_copy_data.o)
 .text.libgcc.div
                0x00000000        0x0 d:/additional programs/atmel/7.0/toolchain/avr8/avr8-gnu-toolchain/bin/../lib/gcc/avr/4.9.2/avr35\libgcc.a(_copy_data.o)
 .text.libgcc   0x00000000        0x0 d:/additional programs/atmel/7.0/toolchain/avr8/avr8-gnu-toolchain/bin/../lib/gcc/avr/4.9.2/avr35\libgcc.a(_copy_data.o)
 .text.libgcc.prologue
                0x00000000        0x0 d:/additional programs/atmel/7.0/toolchain/avr8/avr8-gnu-toolchain/bin/../lib/gcc/avr/4.9.2/avr35\libgcc.a(_copy_data.o)
 .text.libgcc.builtins
                0x00000000        0x0 d:/additional programs/atmel/7.0/toolchain/avr8/avr8-gnu-toolchain/bin/../lib/gcc/avr/4.9.2/avr35\libgcc.a(_copy_data.o)
 .text.libgcc.fmul
                0x00000000        0x0 d:/additional programs/atmel/7.0/toolchain/avr8/avr8-gnu-toolchain/bin/../lib/gcc/avr/4.9.2/avr35\libgcc.a(_copy_data.o)
 .text.libgcc.fixed
                0x00000000        0x0 d:/additional programs/atmel/7.0/toolchain/avr8/avr8-gnu-toolchain/bin/../lib/gcc/avr/4.9.2/avr35\libgcc.a(_copy_data.o)
 .text          0x00000000        0x0 d:/additional programs/atmel/7.0/toolchain/avr8/avr8-gnu-toolchain/bin/../lib/gcc/avr/4.9.2/avr35\libgcc.a(_clear_bss.o)
 .data          0x00000000        0x0 d:/additional programs/atmel/7.0/toolchain/avr8/avr8-gnu-toolchain/bin/../lib/gcc/avr/4.9.2/avr35\libgcc.a(_clear_bss.o)
 .bss           0x00000000        0x0 d:/additional programs/atmel/7.0/toolchain/avr8/avr8-gnu-toolchain/bin/../lib/gcc/avr/4.9.2/avr35\libgcc.a(_clear_bss.o)
 .text.libgcc.mul
                0x00000000        0x0 d:/additional programs/atmel/7.0/toolchain/avr8/avr8-gnu-toolchain/bin/../lib/gcc/avr/4.9.2/avr35\libgcc.a(_clear_bss.o)
 .text.libgcc.div
                0x00000000        0x0 d:/additional programs/atmel/7.0/toolchain/avr8/avr8-gnu-toolchain/bin/../lib/gcc/avr/4.9.2/avr35\libgcc.a(_clear_bss.o)
 .text.libgcc   0x00000000        0x0 d:/additional programs/atmel/7.0/toolchain/avr8/avr8-gnu-toolchain/bin/../lib/gcc/avr/4.9.2/avr35\libgcc.a(_clear_bss.o)
 .text.libgcc.prologue
                0x00000000        0x0 d:/additional programs/atmel/7.0/toolchain/avr8/avr8-gnu-toolchain/bin/../lib/gcc/avr/4.9.2/avr35\libgcc.a(_clear_bss.o)
 .text.libgcc.builtins
                0x00000000        0x0 d:/additional programs/atmel/7.0/toolchain/avr8/avr8-gnu-toolchain/bin/../lib/gcc/avr/4.9.2/avr35\libgcc.a(_clear_bss.o)
 .text.libgcc.fmul
                0x00000000        0x0 d:/additional programs/atmel/7.0/toolchain/avr8/avr8-gnu-toolchain/bin/../lib/gcc/avr/4.9.2/avr35\libgcc.a(_clear_bss.o)
 .text.libgcc.fixed
                0x00000000        0x0 d:/additional programs/atmel/7.0/toolchain/avr8/avr8-gnu-toolchain/bin/../lib/gcc/avr/4.9.2/avr35\libgcc.a(_clear_bss.o)

Memory Configuration

Name             Origin             Length             Attributes
text             0x00000000         0x00010000         xr
data             0x00800060         0x0000ffa0         rw !x
eeprom           0x00810000         0x00010000         rw !x
fuse             0x00820000         0x00000003         rw !x
lock             0x00830000         0x00000400         rw !x
signature        0x00840000         0x00000400         rw !x
user_signatures  0x00850000         0x00000400         rw !x
*default*        0x00000000         0xffffffff

Linker script and memory map

Address of section .data set to 0x800100
LOAD D:/Additional Programs/Atmel/7.0/Packs/atmel/ATautomotive_DFP/1.1.96/gcc/dev/ata6617c/avr35/crtata6617c.o
LOAD ADC.o
LOAD events.o
LOAD framework.o
LOAD IOC.o
LOAD lin_drv.o
LOAD LIN_XCVR_WD_Kicker.o
LOAD main.o
LOAD master_service.o
LOAD MS_LIN_top_layer.o
LOAD PWM.o
LOAD slave_service.o
LOAD timer.o
LOAD __template.o
START GROUP
LOAD d:/additional programs/atmel/7.0/toolchain/avr8/avr8-gnu-toolchain/bin/../lib/gcc/avr/4.9.2/../../../../avr/lib/avr35\libm.a
END GROUP
START GROUP
LOAD d:/additional programs/atmel/7.0/toolchain/avr8/avr8-gnu-toolchain/bin/../lib/gcc/avr/4.9.2/avr35\libgcc.a
LOAD d:/additional programs/atmel/7.0/toolchain/avr8/avr8-gnu-toolchain/bin/../lib/gcc/avr/4.9.2/../../../../avr/lib/avr35\libm.a
LOAD d:/additional programs/atmel/7.0/toolchain/avr8/avr8-gnu-toolchain/bin/../lib/gcc/avr/4.9.2/../../../../avr/lib/avr35\libc.a
LOAD D:/Additional Programs/Atmel/7.0/Packs/atmel/ATautomotive_DFP/1.1.96/gcc/dev/ata6617c/avr35\libata6617c.a
END GROUP
                0x00010000                __TEXT_REGION_LENGTH__ = DEFINED (__TEXT_REGION_LENGTH__)?__TEXT_REGION_LENGTH__:0x10000
                0x0000ffa0                __DATA_REGION_LENGTH__ = DEFINED (__DATA_REGION_LENGTH__)?__DATA_REGION_LENGTH__:0xffa0
                0x00010000                __EEPROM_REGION_LENGTH__ = DEFINED (__EEPROM_REGION_LENGTH__)?__EEPROM_REGION_LENGTH__:0x10000
                [0x00000003]                __FUSE_REGION_LENGTH__ = DEFINED (__FUSE_REGION_LENGTH__)?__FUSE_REGION_LENGTH__:0x400
                0x00000400                __LOCK_REGION_LENGTH__ = DEFINED (__LOCK_REGION_LENGTH__)?__LOCK_REGION_LENGTH__:0x400
                0x00000400                __SIGNATURE_REGION_LENGTH__ = DEFINED (__SIGNATURE_REGION_LENGTH__)?__SIGNATURE_REGION_LENGTH__:0x400
                0x00000400                __USER_SIGNATURE_REGION_LENGTH__ = DEFINED (__USER_SIGNATURE_REGION_LENGTH__)?__USER_SIGNATURE_REGION_LENGTH__:0x400

.hash
 *(.hash)

.dynsym
 *(.dynsym)

.dynstr
 *(.dynstr)

.gnu.version
 *(.gnu.version)

.gnu.version_d
 *(.gnu.version_d)

.gnu.version_r
 *(.gnu.version_r)

.rel.init
 *(.rel.init)

.rela.init
 *(.rela.init)

.rel.text
 *(.rel.text)
 *(.rel.text.*)
 *(.rel.gnu.linkonce.t*)

.rela.text
 *(.rela.text)
 *(.rela.text.*)
 *(.rela.gnu.linkonce.t*)

.rel.fini
 *(.rel.fini)

.rela.fini
 *(.rela.fini)

.rel.rodata
 *(.rel.rodata)
 *(.rel.rodata.*)
 *(.rel.gnu.linkonce.r*)

.rela.rodata
 *(.rela.rodata)
 *(.rela.rodata.*)
 *(.rela.gnu.linkonce.r*)

.rel.data
 *(.rel.data)
 *(.rel.data.*)
 *(.rel.gnu.linkonce.d*)

.rela.data
 *(.rela.data)
 *(.rela.data.*)
 *(.rela.gnu.linkonce.d*)

.rel.ctors
 *(.rel.ctors)

.rela.ctors
 *(.rela.ctors)

.rel.dtors
 *(.rel.dtors)

.rela.dtors
 *(.rela.dtors)

.rel.got
 *(.rel.got)

.rela.got
 *(.rela.got)

.rel.bss
 *(.rel.bss)

.rela.bss
 *(.rela.bss)

.rel.plt
 *(.rel.plt)

.rela.plt
 *(.rela.plt)

.text           0x00000000      0x95e
 *(.vectors)
 .vectors       0x00000000       0x50 D:/Additional Programs/Atmel/7.0/Packs/atmel/ATautomotive_DFP/1.1.96/gcc/dev/ata6617c/avr35/crtata6617c.o
                0x00000000                __vector_default
                0x00000000                __vectors
 *(.vectors)
 *(.progmem.gcc*)
                0x00000050                . = ALIGN (0x2)
                0x00000050                __trampolines_start = .
 *(.trampolines)
 .trampolines   0x00000050        0x0 linker stubs
 *(.trampolines*)
                0x00000050                __trampolines_end = .
 *libprintf_flt.a:*(.progmem.data)
 *libc.a:*(.progmem.data)
 *(.progmem*)
                0x00000050                . = ALIGN (0x2)
 *(.jumptables)
 *(.jumptables*)
 *(.lowtext)
 *(.lowtext*)
                0x00000050                __ctors_start = .
 *(.ctors)
                0x00000050                __ctors_end = .
                0x00000050                __dtors_start = .
 *(.dtors)
                0x00000050                __dtors_end = .
 SORT(*)(.ctors)
 SORT(*)(.dtors)
 *(.init0)
 .init0         0x00000050        0x0 D:/Additional Programs/Atmel/7.0/Packs/atmel/ATautomotive_DFP/1.1.96/gcc/dev/ata6617c/avr35/crtata6617c.o
                0x00000050                __init
 *(.init0)
 *(.init1)
 *(.init1)
 *(.init2)
 .init2         0x00000050        0xc D:/Additional Programs/Atmel/7.0/Packs/atmel/ATautomotive_DFP/1.1.96/gcc/dev/ata6617c/avr35/crtata6617c.o
 *(.init2)
 *(.init3)
 *(.init3)
 *(.init4)
 .init4         0x0000005c       0x16 d:/additional programs/atmel/7.0/toolchain/avr8/avr8-gnu-toolchain/bin/../lib/gcc/avr/4.9.2/avr35\libgcc.a(_copy_data.o)
                0x0000005c                __do_copy_data
 .init4         0x00000072       0x10 d:/additional programs/atmel/7.0/toolchain/avr8/avr8-gnu-toolchain/bin/../lib/gcc/avr/4.9.2/avr35\libgcc.a(_clear_bss.o)
                0x00000072                __do_clear_bss
 *(.init4)
 *(.init5)
 *(.init5)
 *(.init6)
 *(.init6)
 *(.init7)
 *(.init7)
 *(.init8)
 *(.init8)
 *(.init9)
 .init9         0x00000082        0x8 D:/Additional Programs/Atmel/7.0/Packs/atmel/ATautomotive_DFP/1.1.96/gcc/dev/ata6617c/avr35/crtata6617c.o
 *(.init9)
 *(.text)
 .text          0x0000008a        0x4 D:/Additional Programs/Atmel/7.0/Packs/atmel/ATautomotive_DFP/1.1.96/gcc/dev/ata6617c/avr35/crtata6617c.o
                0x0000008a                __bad_interrupt
                0x0000008a                __vector_6
                0x0000008a                __vector_3
                0x0000008a                __vector_11
                0x0000008a                __vector_17
                0x0000008a                __vector_19
                0x0000008a                __vector_7
                0x0000008a                __vector_5
                0x0000008a                __vector_4
                0x0000008a                __vector_9
                0x0000008a                __vector_2
                0x0000008a                __vector_8
                0x0000008a                __vector_14
                0x0000008a                __vector_16
                0x0000008a                __vector_18
                0x0000008e                . = ALIGN (0x2)
 *(.text.*)
 .text.Init_ADC_Module
                0x0000008e       0x38 ADC.o
                0x0000008e                Init_ADC_Module
 .text.__vector_15
                0x000000c6       0x48 ADC.o
                0x000000c6                __vector_15
 .text.Post_Event
                0x0000010e       0x36 events.o
                0x0000010e                Post_Event
 .text.Run_Events
                0x00000144       0x90 events.o
                0x00000144                Run_Events
 .text.Initialize_Framework
                0x000001d4       0x12 framework.o
                0x000001d4                Initialize_Framework
 .text.Run_Services
                0x000001e6        0x6 framework.o
                0x000001e6                Run_Services
 .text.Init_IOC_Module
                0x000001ec       0x1e IOC.o
                0x000001ec                Init_IOC_Module
 .text.__vector_1
                0x0000020a       0x16 IOC.o
                0x0000020a                __vector_1
 .text.lin_init
                0x00000220       0x54 lin_drv.o
                0x00000220                lin_init
 .text.lin_tx_header
                0x00000274       0x6c lin_drv.o
                0x00000274                lin_tx_header
 .text.lin_rx_response
                0x000002e0       0x3a lin_drv.o
                0x000002e0                lin_rx_response
 .text.lin_tx_response
                0x0000031a       0x62 lin_drv.o
                0x0000031a                lin_tx_response
 .text.lin_get_response
                0x0000037c       0x2c lin_drv.o
                0x0000037c                lin_get_response
 .text.kick_LIN_XCVR_WD
                0x000003a8       0x38 LIN_XCVR_WD_Kicker.o
 .text.Init_LIN_XCVR_WD_Kicker
                0x000003e0       0x22 LIN_XCVR_WD_Kicker.o
                0x000003e0                Init_LIN_XCVR_WD_Kicker
 .text.main     0x00000402       0x24 main.o
                0x00000402                main
 .text.Init_Master_Service
                0x00000426       0x2e master_service.o
                0x00000426                Init_Master_Service
 .text.Run_Master_Service
                0x00000454       0x88 master_service.o
                0x00000454                Run_Master_Service
 .text.MS_LIN_Initialize
                0x000004dc       0x4a MS_LIN_top_layer.o
                0x000004dc                MS_LIN_Initialize
 .text.Master_LIN_Broadcast_ID
                0x00000526        0xc MS_LIN_top_layer.o
                0x00000526                Master_LIN_Broadcast_ID
 .text.__vector_12
                0x00000532      0x126 MS_LIN_top_layer.o
                0x00000532                __vector_12
 .text.__vector_13
                0x00000658       0x2c MS_LIN_top_layer.o
                0x00000658                __vector_13
 .text.Init_PWM_Module
                0x00000684       0x50 PWM.o
                0x00000684                Init_PWM_Module
 .text.Set_PWM_Duty_Cycle
                0x000006d4       0x66 PWM.o
                0x000006d4                Set_PWM_Duty_Cycle
 .text.Init_Timer_Module
                0x0000073a       0x48 timer.o
                0x0000073a                Init_Timer_Module
 .text.Register_Timer
                0x00000782       0x9a timer.o
                0x00000782                Register_Timer
 .text.Start_Timer
                0x0000081c       0x66 timer.o
                0x0000081c                Start_Timer
 .text.__vector_10
                0x00000882       0xd8 timer.o
                0x00000882                __vector_10
                0x0000095a                . = ALIGN (0x2)
 *(.fini9)
 .fini9         0x0000095a        0x0 d:/additional programs/atmel/7.0/toolchain/avr8/avr8-gnu-toolchain/bin/../lib/gcc/avr/4.9.2/avr35\libgcc.a(_exit.o)
                0x0000095a                _exit
                0x0000095a                exit
 *(.fini9)
 *(.fini8)
 *(.fini8)
 *(.fini7)
 *(.fini7)
 *(.fini6)
 *(.fini6)
 *(.fini5)
 *(.fini5)
 *(.fini4)
 *(.fini4)
 *(.fini3)
 *(.fini3)
 *(.fini2)
 *(.fini2)
 *(.fini1)
 *(.fini1)
 *(.fini0)
 .fini0         0x0000095a        0x4 d:/additional programs/atmel/7.0/toolchain/avr8/avr8-gnu-toolchain/bin/../lib/gcc/avr/4.9.2/avr35\libgcc.a(_exit.o)
 *(.fini0)
                0x0000095e                _etext = .

.data           0x00800100        0xa load address 0x0000095e
                0x00800100                PROVIDE (__data_start, .)
 *(.data)
 *(.data*)
 .data.Testing_Timer
                0x00800100        0x4 master_service.o
 .data.Curr_Schedule_ID
                0x00800104        0x1 master_service.o
 .data.Scheduling_Timer
                0x00800105        0x4 master_service.o
 *(.rodata)
 *(.rodata*)
 *(.gnu.linkonce.d*)
                0x0080010a                . = ALIGN (0x2)
 *fill*         0x00800109        0x1 
                0x0080010a                _edata = .
                0x0080010a                PROVIDE (__data_end, .)

.bss            0x0080010a       0x88
                0x0080010a                PROVIDE (__bss_start, .)
 *(.bss)
 *(.bss*)
 .bss.Last_ADC_Value
                0x0080010a        0x2 ADC.o
 .bss.Pending_Events
                0x0080010c        0x4 events.o
 .bss.Parity    0x00800110        0x1 LIN_XCVR_WD_Kicker.o
 .bss.LIN_XCVR_Kick_Timer
                0x00800111        0x4 LIN_XCVR_WD_Kicker.o
 .bss.test_counter
                0x00800115        0x1 master_service.o
 .bss.My_Status_Data
                0x00800116        0x6 master_service.o
 .bss.My_Command_Data
                0x0080011c        0x6 master_service.o
 .bss.My_Node_ID
                0x00800122        0x1 master_service.o
 .bss.My_LIN_Error_Count
                0x00800123        0x1 MS_LIN_top_layer.o
 .bss.p_My_Status_Data
                0x00800124        0x2 MS_LIN_top_layer.o
 .bss.p_My_Command_Data
                0x00800126        0x2 MS_LIN_top_layer.o
 .bss.p_My_Node_ID
                0x00800128        0x2 MS_LIN_top_layer.o
 .bss.Timers    0x0080012a       0x68 timer.o
 *(COMMON)
                0x00800192                PROVIDE (__bss_end, .)
                0x0000095e                __data_load_start = LOADADDR (.data)
                0x00000968                __data_load_end = (__data_load_start + SIZEOF (.data))

.noinit         0x00800192        0x0
                [!provide]                PROVIDE (__noinit_start, .)
 *(.noinit*)
                [!provide]                PROVIDE (__noinit_end, .)
                0x00800192                _end = .
                [!provide]                PROVIDE (__heap_start, .)

.eeprom         0x00810000        0x0
 *(.eeprom*)
                0x00810000                __eeprom_end = .

.fuse
 *(.fuse)
 *(.lfuse)
 *(.hfuse)
 *(.efuse)

.lock
 *(.lock*)

.signature
 *(.signature*)

.user_signatures
 *(.user_signatures*)

.stab
 *(.stab)

.stabstr
 *(.stabstr)

.stab.excl
 *(.stab.excl)

.stab.exclstr
 *(.stab.exclstr)

.stab.index
 *(.stab.index)

.stab.indexstr
 *(.stab.indexstr)

.comment        0x00000000       0x30
 *(.comment)
 .comment       0x00000000       0x30 ADC.o
                                 0x31 (size before relaxing)
 .comment       0x00000030       0x31 events.o
 .comment       0x00000030       0x31 framework.o
 .comment       0x00000030       0x31 IOC.o
 .comment       0x00000030       0x31 lin_drv.o
 .comment       0x00000030       0x31 LIN_XCVR_WD_Kicker.o
 .comment       0x00000030       0x31 main.o
 .comment       0x00000030       0x31 master_service.o
 .comment       0x00000030       0x31 MS_LIN_top_layer.o
 .comment       0x00000030       0x31 PWM.o
 .comment       0x00000030       0x31 timer.o

.note.gnu.avr.deviceinfo
                0x00000000       0x3c
 .note.gnu.avr.deviceinfo
                0x00000000       0x3c D:/Additional Programs/Atmel/7.0/Packs/atmel/ATautomotive_DFP/1.1.96/gcc/dev/ata6617c/avr35/crtata6617c.o

.note.gnu.build-id
 *(.note.gnu.build-id)

.debug
 *(.debug)

.line
 *(.line)

.debug_srcinfo
 *(.debug_srcinfo)

.debug_sfnames
 *(.debug_sfnames)

.debug_aranges  0x00000000      0x208
 *(.debug_aranges)
 .debug_aranges
                0x00000000       0x38 ADC.o
 .debug_aranges
                0x00000038       0x28 events.o
 .debug_aranges
                0x00000060       0x28 framework.o
 .debug_aranges
                0x00000088       0x28 IOC.o
 .debug_aranges
                0x000000b0       0x40 lin_drv.o
 .debug_aranges
                0x000000f0       0x28 LIN_XCVR_WD_Kicker.o
 .debug_aranges
                0x00000118       0x20 main.o
 .debug_aranges
                0x00000138       0x28 master_service.o
 .debug_aranges
                0x00000160       0x38 MS_LIN_top_layer.o
 .debug_aranges
                0x00000198       0x28 PWM.o
 .debug_aranges
                0x000001c0       0x48 timer.o

.debug_pubnames
 *(.debug_pubnames)

.debug_info     0x00000000     0x1af8
 *(.debug_info .gnu.linkonce.wi.*)
 .debug_info    0x00000000      0x5f4 D:/Additional Programs/Atmel/7.0/Packs/atmel/ATautomotive_DFP/1.1.96/gcc/dev/ata6617c/avr35/crtata6617c.o
 .debug_info    0x000005f4      0x16c ADC.o
 .debug_info    0x00000760      0x14d events.o
 .debug_info    0x000008ad      0x12a framework.o
 .debug_info    0x000009d7      0x120 IOC.o
 .debug_info    0x00000af7      0x1dd lin_drv.o
 .debug_info    0x00000cd4      0x1d7 LIN_XCVR_WD_Kicker.o
 .debug_info    0x00000eab       0xd8 main.o
 .debug_info    0x00000f83      0x337 master_service.o
 .debug_info    0x000012ba      0x388 MS_LIN_top_layer.o
 .debug_info    0x00001642      0x1bb PWM.o
 .debug_info    0x000017fd      0x2fb timer.o

.debug_abbrev   0x00000000     0x1136
 *(.debug_abbrev)
 .debug_abbrev  0x00000000      0x5a2 D:/Additional Programs/Atmel/7.0/Packs/atmel/ATautomotive_DFP/1.1.96/gcc/dev/ata6617c/avr35/crtata6617c.o
 .debug_abbrev  0x000005a2      0x12a ADC.o
 .debug_abbrev  0x000006cc      0x10a events.o
 .debug_abbrev  0x000007d6       0xad framework.o
 .debug_abbrev  0x00000883       0xf8 IOC.o
 .debug_abbrev  0x0000097b       0xb2 lin_drv.o
 .debug_abbrev  0x00000a2d       0xea LIN_XCVR_WD_Kicker.o
 .debug_abbrev  0x00000b17       0x71 main.o
 .debug_abbrev  0x00000b88      0x155 master_service.o
 .debug_abbrev  0x00000cdd      0x19b MS_LIN_top_layer.o
 .debug_abbrev  0x00000e78      0x157 PWM.o
 .debug_abbrev  0x00000fcf      0x167 timer.o

.debug_line     0x00000000     0x1146
 *(.debug_line .debug_line.* .debug_line_end)
 .debug_line    0x00000000      0x10f D:/Additional Programs/Atmel/7.0/Packs/atmel/ATautomotive_DFP/1.1.96/gcc/dev/ata6617c/avr35/crtata6617c.o
 .debug_line    0x0000010f      0x187 ADC.o
 .debug_line    0x00000296       0xf7 events.o
 .debug_line    0x0000038d      0x108 framework.o
 .debug_line    0x00000495      0x14d IOC.o
 .debug_line    0x000005e2      0x233 lin_drv.o
 .debug_line    0x00000815       0xfb LIN_XCVR_WD_Kicker.o
 .debug_line    0x00000910       0xf7 main.o
 .debug_line    0x00000a07      0x168 master_service.o
 .debug_line    0x00000b6f      0x1bd MS_LIN_top_layer.o
 .debug_line    0x00000d2c      0x1a4 PWM.o
 .debug_line    0x00000ed0      0x276 timer.o

.debug_frame    0x00000000      0x400
 *(.debug_frame)
 .debug_frame   0x00000000       0x78 ADC.o
 .debug_frame   0x00000078       0x40 events.o
 .debug_frame   0x000000b8       0x34 framework.o
 .debug_frame   0x000000ec       0x40 IOC.o
 .debug_frame   0x0000012c       0x64 lin_drv.o
 .debug_frame   0x00000190       0x34 LIN_XCVR_WD_Kicker.o
 .debug_frame   0x000001c4       0x24 main.o
 .debug_frame   0x000001e8       0x34 master_service.o
 .debug_frame   0x0000021c       0xcc MS_LIN_top_layer.o
 .debug_frame   0x000002e8       0x34 PWM.o
 .debug_frame   0x0000031c       0xe4 timer.o

.debug_str      0x00000000      0x8ae
 *(.debug_str)
 .debug_str     0x00000000      0x21d D:/Additional Programs/Atmel/7.0/Packs/atmel/ATautomotive_DFP/1.1.96/gcc/dev/ata6617c/avr35/crtata6617c.o
 .debug_str     0x0000021d      0x1a7 ADC.o
                                0x1db (size before relaxing)
 .debug_str     0x000003c4       0x71 events.o
                                0x1c4 (size before relaxing)
 .debug_str     0x00000435       0x87 framework.o
                                0x1f6 (size before relaxing)
 .debug_str     0x000004bc       0x26 IOC.o
                                0x1aa (size before relaxing)
 .debug_str     0x000004e2       0x77 lin_drv.o
                                0x1d2 (size before relaxing)
 .debug_str     0x00000559       0x73 LIN_XCVR_WD_Kicker.o
                                0x1ef (size before relaxing)
 .debug_str     0x000005cc       0x11 main.o
                                0x1ac (size before relaxing)
 .debug_str     0x000005dd       0xe6 master_service.o
                                0x2cc (size before relaxing)
 .debug_str     0x000006c3       0xe5 MS_LIN_top_layer.o
                                0x2c6 (size before relaxing)
 .debug_str     0x000007a8       0x36 PWM.o
                                0x21b (size before relaxing)
 .debug_str     0x000007de       0xd0 timer.o
                                0x289 (size before relaxing)

.debug_loc      0x00000000      0xca4
 *(.debug_loc)
 .debug_loc     0x00000000       0x90 ADC.o
 .debug_loc     0x00000090       0xb3 events.o
 .debug_loc     0x00000143       0x2c framework.o
 .debug_loc     0x0000016f       0x4f IOC.o
 .debug_loc     0x000001be      0x362 lin_drv.o
 .debug_loc     0x00000520       0x50 LIN_XCVR_WD_Kicker.o
 .debug_loc     0x00000570       0xb4 master_service.o
 .debug_loc     0x00000624      0x2ee MS_LIN_top_layer.o
 .debug_loc     0x00000912       0xd9 PWM.o
 .debug_loc     0x000009eb      0x2b9 timer.o

.debug_macinfo
 *(.debug_macinfo)

.debug_weaknames
 *(.debug_weaknames)

.debug_funcnames
 *(.debug_funcnames)

.debug_typenames
 *(.debug_typenames)

.debug_varnames
 *(.debug_varnames)

.debug_pubtypes
 *(.debug_pubtypes)

.debug_ranges   0x00000000      0x170
 *(.debug_ranges)
 .debug_ranges  0x00000000       0x28 ADC.o
 .debug_ranges  0x00000028       0x30 events.o
 .debug_ranges  0x00000058       0x18 framework.o
 .debug_ranges  0x00000070       0x18 IOC.o
 .debug_ranges  0x00000088       0x30 lin_drv.o
 .debug_ranges  0x000000b8       0x18 LIN_XCVR_WD_Kicker.o
 .debug_ranges  0x000000d0       0x10 main.o
 .debug_ranges  0x000000e0       0x18 master_service.o
 .debug_ranges  0x000000f8       0x28 MS_LIN_top_layer.o
 .debug_ranges  0x00000120       0x18 PWM.o
 .debug_ranges  0x00000138       0x38 timer.o

.debug_macro
 *(.debug_macro)
OUTPUT(Ford_360_Lighting_Project.elf elf32-avr)
LOAD linker stubs
