Archive member included to satisfy reference by file (symbol)

c:/program files (x86)/atmel/studio/7.0/toolchain/avr8/avr8-gnu-toolchain/bin/../lib/gcc/avr/4.9.2/../../../../avr/lib/avr35\libm.a(addsf3.o)
                              light_setting_alg.o (__subsf3)
c:/program files (x86)/atmel/studio/7.0/toolchain/avr8/avr8-gnu-toolchain/bin/../lib/gcc/avr/4.9.2/../../../../avr/lib/avr35\libm.a(addsf3x.o)
                              c:/program files (x86)/atmel/studio/7.0/toolchain/avr8/avr8-gnu-toolchain/bin/../lib/gcc/avr/4.9.2/../../../../avr/lib/avr35\libm.a(addsf3.o) (__addsf3x)
c:/program files (x86)/atmel/studio/7.0/toolchain/avr8/avr8-gnu-toolchain/bin/../lib/gcc/avr/4.9.2/../../../../avr/lib/avr35\libm.a(cmpsf2.o)
                              light_setting_alg.o (__ltsf2)
c:/program files (x86)/atmel/studio/7.0/toolchain/avr8/avr8-gnu-toolchain/bin/../lib/gcc/avr/4.9.2/../../../../avr/lib/avr35\libm.a(fixunssfsi.o)
                              light_setting_alg.o (__fixunssfsi)
c:/program files (x86)/atmel/studio/7.0/toolchain/avr8/avr8-gnu-toolchain/bin/../lib/gcc/avr/4.9.2/../../../../avr/lib/avr35\libm.a(floatsisf.o)
                              light_setting_alg.o (__floatunsisf)
c:/program files (x86)/atmel/studio/7.0/toolchain/avr8/avr8-gnu-toolchain/bin/../lib/gcc/avr/4.9.2/../../../../avr/lib/avr35\libm.a(fp_cmp.o)
                              c:/program files (x86)/atmel/studio/7.0/toolchain/avr8/avr8-gnu-toolchain/bin/../lib/gcc/avr/4.9.2/../../../../avr/lib/avr35\libm.a(cmpsf2.o) (__fp_cmp)
c:/program files (x86)/atmel/studio/7.0/toolchain/avr8/avr8-gnu-toolchain/bin/../lib/gcc/avr/4.9.2/../../../../avr/lib/avr35\libm.a(fp_inf.o)
                              c:/program files (x86)/atmel/studio/7.0/toolchain/avr8/avr8-gnu-toolchain/bin/../lib/gcc/avr/4.9.2/../../../../avr/lib/avr35\libm.a(addsf3x.o) (__fp_inf)
c:/program files (x86)/atmel/studio/7.0/toolchain/avr8/avr8-gnu-toolchain/bin/../lib/gcc/avr/4.9.2/../../../../avr/lib/avr35\libm.a(fp_nan.o)
                              c:/program files (x86)/atmel/studio/7.0/toolchain/avr8/avr8-gnu-toolchain/bin/../lib/gcc/avr/4.9.2/../../../../avr/lib/avr35\libm.a(addsf3x.o) (__fp_nan)
c:/program files (x86)/atmel/studio/7.0/toolchain/avr8/avr8-gnu-toolchain/bin/../lib/gcc/avr/4.9.2/../../../../avr/lib/avr35\libm.a(fp_pscA.o)
                              c:/program files (x86)/atmel/studio/7.0/toolchain/avr8/avr8-gnu-toolchain/bin/../lib/gcc/avr/4.9.2/../../../../avr/lib/avr35\libm.a(addsf3x.o) (__fp_pscA)
c:/program files (x86)/atmel/studio/7.0/toolchain/avr8/avr8-gnu-toolchain/bin/../lib/gcc/avr/4.9.2/../../../../avr/lib/avr35\libm.a(fp_pscB.o)
                              c:/program files (x86)/atmel/studio/7.0/toolchain/avr8/avr8-gnu-toolchain/bin/../lib/gcc/avr/4.9.2/../../../../avr/lib/avr35\libm.a(addsf3x.o) (__fp_pscB)
c:/program files (x86)/atmel/studio/7.0/toolchain/avr8/avr8-gnu-toolchain/bin/../lib/gcc/avr/4.9.2/../../../../avr/lib/avr35\libm.a(fp_round.o)
                              c:/program files (x86)/atmel/studio/7.0/toolchain/avr8/avr8-gnu-toolchain/bin/../lib/gcc/avr/4.9.2/../../../../avr/lib/avr35\libm.a(addsf3.o) (__fp_round)
c:/program files (x86)/atmel/studio/7.0/toolchain/avr8/avr8-gnu-toolchain/bin/../lib/gcc/avr/4.9.2/../../../../avr/lib/avr35\libm.a(fp_split3.o)
                              c:/program files (x86)/atmel/studio/7.0/toolchain/avr8/avr8-gnu-toolchain/bin/../lib/gcc/avr/4.9.2/../../../../avr/lib/avr35\libm.a(addsf3x.o) (__fp_split3)
c:/program files (x86)/atmel/studio/7.0/toolchain/avr8/avr8-gnu-toolchain/bin/../lib/gcc/avr/4.9.2/../../../../avr/lib/avr35\libm.a(fp_zero.o)
                              c:/program files (x86)/atmel/studio/7.0/toolchain/avr8/avr8-gnu-toolchain/bin/../lib/gcc/avr/4.9.2/../../../../avr/lib/avr35\libm.a(addsf3x.o) (__fp_zero)
c:/program files (x86)/atmel/studio/7.0/toolchain/avr8/avr8-gnu-toolchain/bin/../lib/gcc/avr/4.9.2/../../../../avr/lib/avr35\libm.a(gesf2.o)
                              light_setting_alg.o (__gtsf2)
c:/program files (x86)/atmel/studio/7.0/toolchain/avr8/avr8-gnu-toolchain/bin/../lib/gcc/avr/4.9.2/../../../../avr/lib/avr35\libm.a(mulsf3.o)
                              light_setting_alg.o (__mulsf3)
c:/program files (x86)/atmel/studio/7.0/toolchain/avr8/avr8-gnu-toolchain/bin/../lib/gcc/avr/4.9.2/../../../../avr/lib/avr35\libm.a(mulsf3x.o)
                              c:/program files (x86)/atmel/studio/7.0/toolchain/avr8/avr8-gnu-toolchain/bin/../lib/gcc/avr/4.9.2/../../../../avr/lib/avr35\libm.a(mulsf3.o) (__mulsf3x)
c:/program files (x86)/atmel/studio/7.0/toolchain/avr8/avr8-gnu-toolchain/bin/../lib/gcc/avr/4.9.2/avr35\libgcc.a(_mulhi3.o)
                              light_setting_alg.o (__mulhi3)
c:/program files (x86)/atmel/studio/7.0/toolchain/avr8/avr8-gnu-toolchain/bin/../lib/gcc/avr/4.9.2/avr35\libgcc.a(_udivmodhi4.o)
                              light_setting_alg.o (__udivmodhi4)
c:/program files (x86)/atmel/studio/7.0/toolchain/avr8/avr8-gnu-toolchain/bin/../lib/gcc/avr/4.9.2/avr35\libgcc.a(_udivmodsi4.o)
                              analog_servo_drv.o (__udivmodsi4)
c:/program files (x86)/atmel/studio/7.0/toolchain/avr8/avr8-gnu-toolchain/bin/../lib/gcc/avr/4.9.2/avr35\libgcc.a(_exit.o)
                              C:/Program Files (x86)/Atmel/Studio/7.0/Packs/atmel/ATautomotive_DFP/1.1.96/gcc/dev/ata6617c/avr35/crtata6617c.o (exit)
c:/program files (x86)/atmel/studio/7.0/toolchain/avr8/avr8-gnu-toolchain/bin/../lib/gcc/avr/4.9.2/avr35\libgcc.a(_copy_data.o)
                              ADC.o (__do_copy_data)
c:/program files (x86)/atmel/studio/7.0/toolchain/avr8/avr8-gnu-toolchain/bin/../lib/gcc/avr/4.9.2/avr35\libgcc.a(_clear_bss.o)
                              analog_servo_drv.o (__do_clear_bss)
c:/program files (x86)/atmel/studio/7.0/toolchain/avr8/avr8-gnu-toolchain/bin/../lib/gcc/avr/4.9.2/avr35\libgcc.a(_mulsidi3.o)
                              light_setting_alg.o (__umulsidi3)
c:/program files (x86)/atmel/studio/7.0/toolchain/avr8/avr8-gnu-toolchain/bin/../lib/gcc/avr/4.9.2/avr35\libgcc.a(_prologue.o)
                              c:/program files (x86)/atmel/studio/7.0/toolchain/avr8/avr8-gnu-toolchain/bin/../lib/gcc/avr/4.9.2/avr35\libgcc.a(_mulsidi3.o) (__prologue_saves__)
c:/program files (x86)/atmel/studio/7.0/toolchain/avr8/avr8-gnu-toolchain/bin/../lib/gcc/avr/4.9.2/avr35\libgcc.a(_epilogue.o)
                              c:/program files (x86)/atmel/studio/7.0/toolchain/avr8/avr8-gnu-toolchain/bin/../lib/gcc/avr/4.9.2/avr35\libgcc.a(_mulsidi3.o) (__epilogue_restores__)
c:/program files (x86)/atmel/studio/7.0/toolchain/avr8/avr8-gnu-toolchain/bin/../lib/gcc/avr/4.9.2/avr35\libgcc.a(_muldi3.o)
                              c:/program files (x86)/atmel/studio/7.0/toolchain/avr8/avr8-gnu-toolchain/bin/../lib/gcc/avr/4.9.2/avr35\libgcc.a(_mulsidi3.o) (__muldi3)
c:/program files (x86)/atmel/studio/7.0/toolchain/avr8/avr8-gnu-toolchain/bin/../lib/gcc/avr/4.9.2/../../../../avr/lib/avr35\libc.a(memcpy_P.o)
                              light_setting_alg.o (memcpy_P)

Allocating common symbols
Common symbol       size              file

Slave_Parameters    0xf               light_setting_alg.o
Vect_Desired_Relative
                    0x4               light_setting_alg.o
Norm2_Desired_Relative
                    0x2               light_setting_alg.o
Desired_Theta       0x2               light_setting_alg.o
Light_Range         0x2               light_setting_alg.o
Result_Settings     0x3               light_setting_alg.o
Theta_Light_Min     0x2               light_setting_alg.o
Theta_Light_Max     0x2               light_setting_alg.o

Discarded input sections

 .data          0x00000000        0x0 C:/Program Files (x86)/Atmel/Studio/7.0/Packs/atmel/ATautomotive_DFP/1.1.96/gcc/dev/ata6617c/avr35/crtata6617c.o
 .bss           0x00000000        0x0 C:/Program Files (x86)/Atmel/Studio/7.0/Packs/atmel/ATautomotive_DFP/1.1.96/gcc/dev/ata6617c/avr35/crtata6617c.o
 .text          0x00000000        0x0 ADC.o
 .data          0x00000000        0x0 ADC.o
 .bss           0x00000000        0x0 ADC.o
 .text.Get_ADC_Result
                0x00000000        0xa ADC.o
 .text.Start_ADC_Measurement
                0x00000000        0xc ADC.o
 .text          0x00000000        0x0 analog_servo_drv.o
 .data          0x00000000        0x0 analog_servo_drv.o
 .bss           0x00000000        0x0 analog_servo_drv.o
 .text.Move_Analog_Servo_To_Position
                0x00000000       0xe0 analog_servo_drv.o
 .text.Release_Analog_Servo
                0x00000000        0xc analog_servo_drv.o
 .text          0x00000000        0x0 buttons.o
 .data          0x00000000        0x0 buttons.o
 .bss           0x00000000        0x0 buttons.o
 .text          0x00000000        0x0 CAN.o
 .data          0x00000000        0x0 CAN.o
 .bss           0x00000000        0x0 CAN.o
 .text.CAN_Read_RX_Buffer
                0x00000000       0x30 CAN.o
 .text.CAN_Load_TX_Buffer
                0x00000000       0x44 CAN.o
 .text.CAN_RTS  0x00000000       0x3c CAN.o
 .text.CAN_Read_Status
                0x00000000       0x26 CAN.o
 .text.CAN_RX_Status
                0x00000000       0x26 CAN.o
 .text.CAN_Send_Message
                0x00000000       0x66 CAN.o
 .text          0x00000000        0x0 cmd_sts_helpers.o
 .data          0x00000000        0x0 cmd_sts_helpers.o
 .bss           0x00000000        0x0 cmd_sts_helpers.o
 .text.Get_Intensity_Data
                0x00000000        0x6 cmd_sts_helpers.o
 .text.Get_Position_Data
                0x00000000        0x8 cmd_sts_helpers.o
 .text          0x00000000        0x0 eeprom_storage.o
 .data          0x00000000        0x0 eeprom_storage.o
 .bss           0x00000000        0x0 eeprom_storage.o
 .text.Read_Data_From_EEPROM
                0x00000000       0x3c eeprom_storage.o
 .text.Write_Data_To_EEPROM
                0x00000000       0x30 eeprom_storage.o
 .text          0x00000000        0x0 events.o
 .data          0x00000000        0x0 events.o
 .bss           0x00000000        0x0 events.o
 .text          0x00000000        0x0 framework.o
 .data          0x00000000        0x0 framework.o
 .bss           0x00000000        0x0 framework.o
 .text          0x00000000        0x0 IOC.o
 .data          0x00000000        0x0 IOC.o
 .bss           0x00000000        0x0 IOC.o
 .text          0x00000000        0x0 light_drv.o
 .data          0x00000000        0x0 light_drv.o
 .bss           0x00000000        0x0 light_drv.o
 .text.Set_Light_Intensity
                0x00000000       0x24 light_drv.o
 .debug_info    0x00000000      0x11c light_drv.o
 .debug_abbrev  0x00000000       0xb4 light_drv.o
 .debug_loc     0x00000000       0x5e light_drv.o
 .debug_aranges
                0x00000000       0x20 light_drv.o
 .debug_ranges  0x00000000       0x10 light_drv.o
 .debug_line    0x00000000       0xc8 light_drv.o
 .debug_str     0x00000000      0x1c6 light_drv.o
 .comment       0x00000000       0x31 light_drv.o
 .debug_frame   0x00000000       0x24 light_drv.o
 .text          0x00000000        0x0 light_setting_alg.o
 .data          0x00000000        0x0 light_setting_alg.o
 .bss           0x00000000        0x0 light_setting_alg.o
 .text          0x00000000        0x0 lin_drv.o
 .data          0x00000000        0x0 lin_drv.o
 .bss           0x00000000        0x0 lin_drv.o
 .text          0x00000000        0x0 LIN_XCVR_WD_Kicker.o
 .data          0x00000000        0x0 LIN_XCVR_WD_Kicker.o
 .bss           0x00000000        0x0 LIN_XCVR_WD_Kicker.o
 .text          0x00000000        0x0 main.o
 .data          0x00000000        0x0 main.o
 .bss           0x00000000        0x0 main.o
 .text          0x00000000        0x0 master_service.o
 .data          0x00000000        0x0 master_service.o
 .bss           0x00000000        0x0 master_service.o
 .text          0x00000000        0x0 MS_LIN_top_layer.o
 .data          0x00000000        0x0 MS_LIN_top_layer.o
 .bss           0x00000000        0x0 MS_LIN_top_layer.o
 .text          0x00000000        0x0 PWM.o
 .data          0x00000000        0x0 PWM.o
 .bss           0x00000000        0x0 PWM.o
 .text          0x00000000        0x0 slave_number_setting_SM.o
 .data          0x00000000        0x0 slave_number_setting_SM.o
 .bss           0x00000000        0x0 slave_number_setting_SM.o
 .text.Init_Slave_Number_Setting_SM
                0x00000000       0x1a slave_number_setting_SM.o
 .text.Run_Slave_Number_Setting_SM
                0x00000000      0x124 slave_number_setting_SM.o
 .text.In_Slave_Number_Setting_Mode
                0x00000000        0xe slave_number_setting_SM.o
 .text.Get_Last_Set_Slave_Number
                0x00000000       0x10 slave_number_setting_SM.o
 .data.Auxiliary_Timer
                0x00000000        0x4 slave_number_setting_SM.o
 .data.Main_Timer
                0x00000000        0x4 slave_number_setting_SM.o
 .bss.Release_Counter
                0x00000000        0x1 slave_number_setting_SM.o
 .data.Last_Set_Slave_Number
                0x00000000        0x1 slave_number_setting_SM.o
 .bss.Current_State
                0x00000000        0x1 slave_number_setting_SM.o
 .debug_info    0x00000000      0x3ae slave_number_setting_SM.o
 .debug_abbrev  0x00000000      0x104 slave_number_setting_SM.o
 .debug_loc     0x00000000      0x104 slave_number_setting_SM.o
 .debug_aranges
                0x00000000       0x38 slave_number_setting_SM.o
 .debug_ranges  0x00000000       0x28 slave_number_setting_SM.o
 .debug_line    0x00000000      0x215 slave_number_setting_SM.o
 .debug_str     0x00000000      0x2e4 slave_number_setting_SM.o
 .comment       0x00000000       0x31 slave_number_setting_SM.o
 .debug_frame   0x00000000       0x54 slave_number_setting_SM.o
 .text          0x00000000        0x0 slave_parameters.o
 .data          0x00000000        0x0 slave_parameters.o
 .bss           0x00000000        0x0 slave_parameters.o
 .text          0x00000000        0x0 slave_service.o
 .data          0x00000000        0x0 slave_service.o
 .bss           0x00000000        0x0 slave_service.o
 .text.Init_Slave_Service
                0x00000000       0x56 slave_service.o
 .text.Run_Slave_Service
                0x00000000       0xee slave_service.o
 .bss.My_Status_Data
                0x00000000        0x3 slave_service.o
 .bss.My_Command_Data
                0x00000000        0x3 slave_service.o
 .bss.My_Node_ID
                0x00000000        0x1 slave_service.o
 .debug_info    0x00000000      0x65f slave_service.o
 .debug_abbrev  0x00000000      0x1ab slave_service.o
 .debug_loc     0x00000000      0x10a slave_service.o
 .debug_aranges
                0x00000000       0x28 slave_service.o
 .debug_ranges  0x00000000       0x18 slave_service.o
 .debug_line    0x00000000      0x282 slave_service.o
 .debug_str     0x00000000      0x37b slave_service.o
 .comment       0x00000000       0x31 slave_service.o
 .debug_frame   0x00000000       0x44 slave_service.o
 .text          0x00000000        0x0 SPI.o
 .data          0x00000000        0x0 SPI.o
 .bss           0x00000000        0x0 SPI.o
 .text.Reset_Command_Receive_Buffer
                0x00000000       0x3c SPI.o
 .text.MS_SPI_Initialize
                0x00000000       0x42 SPI.o
 .text          0x00000000        0x0 SPI_Service.o
 .data          0x00000000        0x0 SPI_Service.o
 .bss           0x00000000        0x0 SPI_Service.o
 .text          0x00000000        0x0 timer.o
 .data          0x00000000        0x0 timer.o
 .bss           0x00000000        0x0 timer.o
 .text.Get_Time_Timer
                0x00000000       0x48 timer.o
 .text.Start_Short_Timer
                0x00000000       0x66 timer.o
 .text          0x00000000        0x0 __template.o
 .data          0x00000000        0x0 __template.o
 .bss           0x00000000        0x0 __template.o
 .text.Template_Public_Function
                0x00000000        0x6 __template.o
 .bss.template_var
                0x00000000        0x1 __template.o
 .debug_info    0x00000000       0xb8 __template.o
 .debug_abbrev  0x00000000       0x80 __template.o
 .debug_aranges
                0x00000000       0x20 __template.o
 .debug_ranges  0x00000000       0x10 __template.o
 .debug_line    0x00000000       0xa8 __template.o
 .debug_str     0x00000000      0x1a2 __template.o
 .comment       0x00000000       0x31 __template.o
 .debug_frame   0x00000000       0x24 __template.o
 .text          0x00000000        0x0 c:/program files (x86)/atmel/studio/7.0/toolchain/avr8/avr8-gnu-toolchain/bin/../lib/gcc/avr/4.9.2/../../../../avr/lib/avr35\libm.a(addsf3.o)
 .data          0x00000000        0x0 c:/program files (x86)/atmel/studio/7.0/toolchain/avr8/avr8-gnu-toolchain/bin/../lib/gcc/avr/4.9.2/../../../../avr/lib/avr35\libm.a(addsf3.o)
 .bss           0x00000000        0x0 c:/program files (x86)/atmel/studio/7.0/toolchain/avr8/avr8-gnu-toolchain/bin/../lib/gcc/avr/4.9.2/../../../../avr/lib/avr35\libm.a(addsf3.o)
 .text          0x00000000        0x0 c:/program files (x86)/atmel/studio/7.0/toolchain/avr8/avr8-gnu-toolchain/bin/../lib/gcc/avr/4.9.2/../../../../avr/lib/avr35\libm.a(addsf3x.o)
 .data          0x00000000        0x0 c:/program files (x86)/atmel/studio/7.0/toolchain/avr8/avr8-gnu-toolchain/bin/../lib/gcc/avr/4.9.2/../../../../avr/lib/avr35\libm.a(addsf3x.o)
 .bss           0x00000000        0x0 c:/program files (x86)/atmel/studio/7.0/toolchain/avr8/avr8-gnu-toolchain/bin/../lib/gcc/avr/4.9.2/../../../../avr/lib/avr35\libm.a(addsf3x.o)
 .text          0x00000000        0x0 c:/program files (x86)/atmel/studio/7.0/toolchain/avr8/avr8-gnu-toolchain/bin/../lib/gcc/avr/4.9.2/../../../../avr/lib/avr35\libm.a(cmpsf2.o)
 .data          0x00000000        0x0 c:/program files (x86)/atmel/studio/7.0/toolchain/avr8/avr8-gnu-toolchain/bin/../lib/gcc/avr/4.9.2/../../../../avr/lib/avr35\libm.a(cmpsf2.o)
 .bss           0x00000000        0x0 c:/program files (x86)/atmel/studio/7.0/toolchain/avr8/avr8-gnu-toolchain/bin/../lib/gcc/avr/4.9.2/../../../../avr/lib/avr35\libm.a(cmpsf2.o)
 .text          0x00000000        0x0 c:/program files (x86)/atmel/studio/7.0/toolchain/avr8/avr8-gnu-toolchain/bin/../lib/gcc/avr/4.9.2/../../../../avr/lib/avr35\libm.a(fixunssfsi.o)
 .data          0x00000000        0x0 c:/program files (x86)/atmel/studio/7.0/toolchain/avr8/avr8-gnu-toolchain/bin/../lib/gcc/avr/4.9.2/../../../../avr/lib/avr35\libm.a(fixunssfsi.o)
 .bss           0x00000000        0x0 c:/program files (x86)/atmel/studio/7.0/toolchain/avr8/avr8-gnu-toolchain/bin/../lib/gcc/avr/4.9.2/../../../../avr/lib/avr35\libm.a(fixunssfsi.o)
 .text          0x00000000        0x0 c:/program files (x86)/atmel/studio/7.0/toolchain/avr8/avr8-gnu-toolchain/bin/../lib/gcc/avr/4.9.2/../../../../avr/lib/avr35\libm.a(floatsisf.o)
 .data          0x00000000        0x0 c:/program files (x86)/atmel/studio/7.0/toolchain/avr8/avr8-gnu-toolchain/bin/../lib/gcc/avr/4.9.2/../../../../avr/lib/avr35\libm.a(floatsisf.o)
 .bss           0x00000000        0x0 c:/program files (x86)/atmel/studio/7.0/toolchain/avr8/avr8-gnu-toolchain/bin/../lib/gcc/avr/4.9.2/../../../../avr/lib/avr35\libm.a(floatsisf.o)
 .text          0x00000000        0x0 c:/program files (x86)/atmel/studio/7.0/toolchain/avr8/avr8-gnu-toolchain/bin/../lib/gcc/avr/4.9.2/../../../../avr/lib/avr35\libm.a(fp_cmp.o)
 .data          0x00000000        0x0 c:/program files (x86)/atmel/studio/7.0/toolchain/avr8/avr8-gnu-toolchain/bin/../lib/gcc/avr/4.9.2/../../../../avr/lib/avr35\libm.a(fp_cmp.o)
 .bss           0x00000000        0x0 c:/program files (x86)/atmel/studio/7.0/toolchain/avr8/avr8-gnu-toolchain/bin/../lib/gcc/avr/4.9.2/../../../../avr/lib/avr35\libm.a(fp_cmp.o)
 .text          0x00000000        0x0 c:/program files (x86)/atmel/studio/7.0/toolchain/avr8/avr8-gnu-toolchain/bin/../lib/gcc/avr/4.9.2/../../../../avr/lib/avr35\libm.a(fp_inf.o)
 .data          0x00000000        0x0 c:/program files (x86)/atmel/studio/7.0/toolchain/avr8/avr8-gnu-toolchain/bin/../lib/gcc/avr/4.9.2/../../../../avr/lib/avr35\libm.a(fp_inf.o)
 .bss           0x00000000        0x0 c:/program files (x86)/atmel/studio/7.0/toolchain/avr8/avr8-gnu-toolchain/bin/../lib/gcc/avr/4.9.2/../../../../avr/lib/avr35\libm.a(fp_inf.o)
 .text          0x00000000        0x0 c:/program files (x86)/atmel/studio/7.0/toolchain/avr8/avr8-gnu-toolchain/bin/../lib/gcc/avr/4.9.2/../../../../avr/lib/avr35\libm.a(fp_nan.o)
 .data          0x00000000        0x0 c:/program files (x86)/atmel/studio/7.0/toolchain/avr8/avr8-gnu-toolchain/bin/../lib/gcc/avr/4.9.2/../../../../avr/lib/avr35\libm.a(fp_nan.o)
 .bss           0x00000000        0x0 c:/program files (x86)/atmel/studio/7.0/toolchain/avr8/avr8-gnu-toolchain/bin/../lib/gcc/avr/4.9.2/../../../../avr/lib/avr35\libm.a(fp_nan.o)
 .text          0x00000000        0x0 c:/program files (x86)/atmel/studio/7.0/toolchain/avr8/avr8-gnu-toolchain/bin/../lib/gcc/avr/4.9.2/../../../../avr/lib/avr35\libm.a(fp_pscA.o)
 .data          0x00000000        0x0 c:/program files (x86)/atmel/studio/7.0/toolchain/avr8/avr8-gnu-toolchain/bin/../lib/gcc/avr/4.9.2/../../../../avr/lib/avr35\libm.a(fp_pscA.o)
 .bss           0x00000000        0x0 c:/program files (x86)/atmel/studio/7.0/toolchain/avr8/avr8-gnu-toolchain/bin/../lib/gcc/avr/4.9.2/../../../../avr/lib/avr35\libm.a(fp_pscA.o)
 .text          0x00000000        0x0 c:/program files (x86)/atmel/studio/7.0/toolchain/avr8/avr8-gnu-toolchain/bin/../lib/gcc/avr/4.9.2/../../../../avr/lib/avr35\libm.a(fp_pscB.o)
 .data          0x00000000        0x0 c:/program files (x86)/atmel/studio/7.0/toolchain/avr8/avr8-gnu-toolchain/bin/../lib/gcc/avr/4.9.2/../../../../avr/lib/avr35\libm.a(fp_pscB.o)
 .bss           0x00000000        0x0 c:/program files (x86)/atmel/studio/7.0/toolchain/avr8/avr8-gnu-toolchain/bin/../lib/gcc/avr/4.9.2/../../../../avr/lib/avr35\libm.a(fp_pscB.o)
 .text          0x00000000        0x0 c:/program files (x86)/atmel/studio/7.0/toolchain/avr8/avr8-gnu-toolchain/bin/../lib/gcc/avr/4.9.2/../../../../avr/lib/avr35\libm.a(fp_round.o)
 .data          0x00000000        0x0 c:/program files (x86)/atmel/studio/7.0/toolchain/avr8/avr8-gnu-toolchain/bin/../lib/gcc/avr/4.9.2/../../../../avr/lib/avr35\libm.a(fp_round.o)
 .bss           0x00000000        0x0 c:/program files (x86)/atmel/studio/7.0/toolchain/avr8/avr8-gnu-toolchain/bin/../lib/gcc/avr/4.9.2/../../../../avr/lib/avr35\libm.a(fp_round.o)
 .text          0x00000000        0x0 c:/program files (x86)/atmel/studio/7.0/toolchain/avr8/avr8-gnu-toolchain/bin/../lib/gcc/avr/4.9.2/../../../../avr/lib/avr35\libm.a(fp_split3.o)
 .data          0x00000000        0x0 c:/program files (x86)/atmel/studio/7.0/toolchain/avr8/avr8-gnu-toolchain/bin/../lib/gcc/avr/4.9.2/../../../../avr/lib/avr35\libm.a(fp_split3.o)
 .bss           0x00000000        0x0 c:/program files (x86)/atmel/studio/7.0/toolchain/avr8/avr8-gnu-toolchain/bin/../lib/gcc/avr/4.9.2/../../../../avr/lib/avr35\libm.a(fp_split3.o)
 .text          0x00000000        0x0 c:/program files (x86)/atmel/studio/7.0/toolchain/avr8/avr8-gnu-toolchain/bin/../lib/gcc/avr/4.9.2/../../../../avr/lib/avr35\libm.a(fp_zero.o)
 .data          0x00000000        0x0 c:/program files (x86)/atmel/studio/7.0/toolchain/avr8/avr8-gnu-toolchain/bin/../lib/gcc/avr/4.9.2/../../../../avr/lib/avr35\libm.a(fp_zero.o)
 .bss           0x00000000        0x0 c:/program files (x86)/atmel/studio/7.0/toolchain/avr8/avr8-gnu-toolchain/bin/../lib/gcc/avr/4.9.2/../../../../avr/lib/avr35\libm.a(fp_zero.o)
 .text          0x00000000        0x0 c:/program files (x86)/atmel/studio/7.0/toolchain/avr8/avr8-gnu-toolchain/bin/../lib/gcc/avr/4.9.2/../../../../avr/lib/avr35\libm.a(gesf2.o)
 .data          0x00000000        0x0 c:/program files (x86)/atmel/studio/7.0/toolchain/avr8/avr8-gnu-toolchain/bin/../lib/gcc/avr/4.9.2/../../../../avr/lib/avr35\libm.a(gesf2.o)
 .bss           0x00000000        0x0 c:/program files (x86)/atmel/studio/7.0/toolchain/avr8/avr8-gnu-toolchain/bin/../lib/gcc/avr/4.9.2/../../../../avr/lib/avr35\libm.a(gesf2.o)
 .text          0x00000000        0x0 c:/program files (x86)/atmel/studio/7.0/toolchain/avr8/avr8-gnu-toolchain/bin/../lib/gcc/avr/4.9.2/../../../../avr/lib/avr35\libm.a(mulsf3.o)
 .data          0x00000000        0x0 c:/program files (x86)/atmel/studio/7.0/toolchain/avr8/avr8-gnu-toolchain/bin/../lib/gcc/avr/4.9.2/../../../../avr/lib/avr35\libm.a(mulsf3.o)
 .bss           0x00000000        0x0 c:/program files (x86)/atmel/studio/7.0/toolchain/avr8/avr8-gnu-toolchain/bin/../lib/gcc/avr/4.9.2/../../../../avr/lib/avr35\libm.a(mulsf3.o)
 .text          0x00000000        0x0 c:/program files (x86)/atmel/studio/7.0/toolchain/avr8/avr8-gnu-toolchain/bin/../lib/gcc/avr/4.9.2/../../../../avr/lib/avr35\libm.a(mulsf3x.o)
 .data          0x00000000        0x0 c:/program files (x86)/atmel/studio/7.0/toolchain/avr8/avr8-gnu-toolchain/bin/../lib/gcc/avr/4.9.2/../../../../avr/lib/avr35\libm.a(mulsf3x.o)
 .bss           0x00000000        0x0 c:/program files (x86)/atmel/studio/7.0/toolchain/avr8/avr8-gnu-toolchain/bin/../lib/gcc/avr/4.9.2/../../../../avr/lib/avr35\libm.a(mulsf3x.o)
 .text          0x00000000        0x0 c:/program files (x86)/atmel/studio/7.0/toolchain/avr8/avr8-gnu-toolchain/bin/../lib/gcc/avr/4.9.2/avr35\libgcc.a(_mulhi3.o)
 .data          0x00000000        0x0 c:/program files (x86)/atmel/studio/7.0/toolchain/avr8/avr8-gnu-toolchain/bin/../lib/gcc/avr/4.9.2/avr35\libgcc.a(_mulhi3.o)
 .bss           0x00000000        0x0 c:/program files (x86)/atmel/studio/7.0/toolchain/avr8/avr8-gnu-toolchain/bin/../lib/gcc/avr/4.9.2/avr35\libgcc.a(_mulhi3.o)
 .text.libgcc.div
                0x00000000        0x0 c:/program files (x86)/atmel/studio/7.0/toolchain/avr8/avr8-gnu-toolchain/bin/../lib/gcc/avr/4.9.2/avr35\libgcc.a(_mulhi3.o)
 .text.libgcc   0x00000000        0x0 c:/program files (x86)/atmel/studio/7.0/toolchain/avr8/avr8-gnu-toolchain/bin/../lib/gcc/avr/4.9.2/avr35\libgcc.a(_mulhi3.o)
 .text.libgcc.prologue
                0x00000000        0x0 c:/program files (x86)/atmel/studio/7.0/toolchain/avr8/avr8-gnu-toolchain/bin/../lib/gcc/avr/4.9.2/avr35\libgcc.a(_mulhi3.o)
 .text.libgcc.builtins
                0x00000000        0x0 c:/program files (x86)/atmel/studio/7.0/toolchain/avr8/avr8-gnu-toolchain/bin/../lib/gcc/avr/4.9.2/avr35\libgcc.a(_mulhi3.o)
 .text.libgcc.fmul
                0x00000000        0x0 c:/program files (x86)/atmel/studio/7.0/toolchain/avr8/avr8-gnu-toolchain/bin/../lib/gcc/avr/4.9.2/avr35\libgcc.a(_mulhi3.o)
 .text.libgcc.fixed
                0x00000000        0x0 c:/program files (x86)/atmel/studio/7.0/toolchain/avr8/avr8-gnu-toolchain/bin/../lib/gcc/avr/4.9.2/avr35\libgcc.a(_mulhi3.o)
 .text          0x00000000        0x0 c:/program files (x86)/atmel/studio/7.0/toolchain/avr8/avr8-gnu-toolchain/bin/../lib/gcc/avr/4.9.2/avr35\libgcc.a(_udivmodhi4.o)
 .data          0x00000000        0x0 c:/program files (x86)/atmel/studio/7.0/toolchain/avr8/avr8-gnu-toolchain/bin/../lib/gcc/avr/4.9.2/avr35\libgcc.a(_udivmodhi4.o)
 .bss           0x00000000        0x0 c:/program files (x86)/atmel/studio/7.0/toolchain/avr8/avr8-gnu-toolchain/bin/../lib/gcc/avr/4.9.2/avr35\libgcc.a(_udivmodhi4.o)
 .text.libgcc.mul
                0x00000000        0x0 c:/program files (x86)/atmel/studio/7.0/toolchain/avr8/avr8-gnu-toolchain/bin/../lib/gcc/avr/4.9.2/avr35\libgcc.a(_udivmodhi4.o)
 .text.libgcc   0x00000000        0x0 c:/program files (x86)/atmel/studio/7.0/toolchain/avr8/avr8-gnu-toolchain/bin/../lib/gcc/avr/4.9.2/avr35\libgcc.a(_udivmodhi4.o)
 .text.libgcc.prologue
                0x00000000        0x0 c:/program files (x86)/atmel/studio/7.0/toolchain/avr8/avr8-gnu-toolchain/bin/../lib/gcc/avr/4.9.2/avr35\libgcc.a(_udivmodhi4.o)
 .text.libgcc.builtins
                0x00000000        0x0 c:/program files (x86)/atmel/studio/7.0/toolchain/avr8/avr8-gnu-toolchain/bin/../lib/gcc/avr/4.9.2/avr35\libgcc.a(_udivmodhi4.o)
 .text.libgcc.fmul
                0x00000000        0x0 c:/program files (x86)/atmel/studio/7.0/toolchain/avr8/avr8-gnu-toolchain/bin/../lib/gcc/avr/4.9.2/avr35\libgcc.a(_udivmodhi4.o)
 .text.libgcc.fixed
                0x00000000        0x0 c:/program files (x86)/atmel/studio/7.0/toolchain/avr8/avr8-gnu-toolchain/bin/../lib/gcc/avr/4.9.2/avr35\libgcc.a(_udivmodhi4.o)
 .text          0x00000000        0x0 c:/program files (x86)/atmel/studio/7.0/toolchain/avr8/avr8-gnu-toolchain/bin/../lib/gcc/avr/4.9.2/avr35\libgcc.a(_udivmodsi4.o)
 .data          0x00000000        0x0 c:/program files (x86)/atmel/studio/7.0/toolchain/avr8/avr8-gnu-toolchain/bin/../lib/gcc/avr/4.9.2/avr35\libgcc.a(_udivmodsi4.o)
 .bss           0x00000000        0x0 c:/program files (x86)/atmel/studio/7.0/toolchain/avr8/avr8-gnu-toolchain/bin/../lib/gcc/avr/4.9.2/avr35\libgcc.a(_udivmodsi4.o)
 .text.libgcc.mul
                0x00000000        0x0 c:/program files (x86)/atmel/studio/7.0/toolchain/avr8/avr8-gnu-toolchain/bin/../lib/gcc/avr/4.9.2/avr35\libgcc.a(_udivmodsi4.o)
 .text.libgcc   0x00000000        0x0 c:/program files (x86)/atmel/studio/7.0/toolchain/avr8/avr8-gnu-toolchain/bin/../lib/gcc/avr/4.9.2/avr35\libgcc.a(_udivmodsi4.o)
 .text.libgcc.prologue
                0x00000000        0x0 c:/program files (x86)/atmel/studio/7.0/toolchain/avr8/avr8-gnu-toolchain/bin/../lib/gcc/avr/4.9.2/avr35\libgcc.a(_udivmodsi4.o)
 .text.libgcc.builtins
                0x00000000        0x0 c:/program files (x86)/atmel/studio/7.0/toolchain/avr8/avr8-gnu-toolchain/bin/../lib/gcc/avr/4.9.2/avr35\libgcc.a(_udivmodsi4.o)
 .text.libgcc.fmul
                0x00000000        0x0 c:/program files (x86)/atmel/studio/7.0/toolchain/avr8/avr8-gnu-toolchain/bin/../lib/gcc/avr/4.9.2/avr35\libgcc.a(_udivmodsi4.o)
 .text.libgcc.fixed
                0x00000000        0x0 c:/program files (x86)/atmel/studio/7.0/toolchain/avr8/avr8-gnu-toolchain/bin/../lib/gcc/avr/4.9.2/avr35\libgcc.a(_udivmodsi4.o)
 .text          0x00000000        0x0 c:/program files (x86)/atmel/studio/7.0/toolchain/avr8/avr8-gnu-toolchain/bin/../lib/gcc/avr/4.9.2/avr35\libgcc.a(_exit.o)
 .data          0x00000000        0x0 c:/program files (x86)/atmel/studio/7.0/toolchain/avr8/avr8-gnu-toolchain/bin/../lib/gcc/avr/4.9.2/avr35\libgcc.a(_exit.o)
 .bss           0x00000000        0x0 c:/program files (x86)/atmel/studio/7.0/toolchain/avr8/avr8-gnu-toolchain/bin/../lib/gcc/avr/4.9.2/avr35\libgcc.a(_exit.o)
 .text.libgcc.mul
                0x00000000        0x0 c:/program files (x86)/atmel/studio/7.0/toolchain/avr8/avr8-gnu-toolchain/bin/../lib/gcc/avr/4.9.2/avr35\libgcc.a(_exit.o)
 .text.libgcc.div
                0x00000000        0x0 c:/program files (x86)/atmel/studio/7.0/toolchain/avr8/avr8-gnu-toolchain/bin/../lib/gcc/avr/4.9.2/avr35\libgcc.a(_exit.o)
 .text.libgcc   0x00000000        0x0 c:/program files (x86)/atmel/studio/7.0/toolchain/avr8/avr8-gnu-toolchain/bin/../lib/gcc/avr/4.9.2/avr35\libgcc.a(_exit.o)
 .text.libgcc.prologue
                0x00000000        0x0 c:/program files (x86)/atmel/studio/7.0/toolchain/avr8/avr8-gnu-toolchain/bin/../lib/gcc/avr/4.9.2/avr35\libgcc.a(_exit.o)
 .text.libgcc.builtins
                0x00000000        0x0 c:/program files (x86)/atmel/studio/7.0/toolchain/avr8/avr8-gnu-toolchain/bin/../lib/gcc/avr/4.9.2/avr35\libgcc.a(_exit.o)
 .text.libgcc.fmul
                0x00000000        0x0 c:/program files (x86)/atmel/studio/7.0/toolchain/avr8/avr8-gnu-toolchain/bin/../lib/gcc/avr/4.9.2/avr35\libgcc.a(_exit.o)
 .text.libgcc.fixed
                0x00000000        0x0 c:/program files (x86)/atmel/studio/7.0/toolchain/avr8/avr8-gnu-toolchain/bin/../lib/gcc/avr/4.9.2/avr35\libgcc.a(_exit.o)
 .text          0x00000000        0x0 c:/program files (x86)/atmel/studio/7.0/toolchain/avr8/avr8-gnu-toolchain/bin/../lib/gcc/avr/4.9.2/avr35\libgcc.a(_copy_data.o)
 .data          0x00000000        0x0 c:/program files (x86)/atmel/studio/7.0/toolchain/avr8/avr8-gnu-toolchain/bin/../lib/gcc/avr/4.9.2/avr35\libgcc.a(_copy_data.o)
 .bss           0x00000000        0x0 c:/program files (x86)/atmel/studio/7.0/toolchain/avr8/avr8-gnu-toolchain/bin/../lib/gcc/avr/4.9.2/avr35\libgcc.a(_copy_data.o)
 .text.libgcc.mul
                0x00000000        0x0 c:/program files (x86)/atmel/studio/7.0/toolchain/avr8/avr8-gnu-toolchain/bin/../lib/gcc/avr/4.9.2/avr35\libgcc.a(_copy_data.o)
 .text.libgcc.div
                0x00000000        0x0 c:/program files (x86)/atmel/studio/7.0/toolchain/avr8/avr8-gnu-toolchain/bin/../lib/gcc/avr/4.9.2/avr35\libgcc.a(_copy_data.o)
 .text.libgcc   0x00000000        0x0 c:/program files (x86)/atmel/studio/7.0/toolchain/avr8/avr8-gnu-toolchain/bin/../lib/gcc/avr/4.9.2/avr35\libgcc.a(_copy_data.o)
 .text.libgcc.prologue
                0x00000000        0x0 c:/program files (x86)/atmel/studio/7.0/toolchain/avr8/avr8-gnu-toolchain/bin/../lib/gcc/avr/4.9.2/avr35\libgcc.a(_copy_data.o)
 .text.libgcc.builtins
                0x00000000        0x0 c:/program files (x86)/atmel/studio/7.0/toolchain/avr8/avr8-gnu-toolchain/bin/../lib/gcc/avr/4.9.2/avr35\libgcc.a(_copy_data.o)
 .text.libgcc.fmul
                0x00000000        0x0 c:/program files (x86)/atmel/studio/7.0/toolchain/avr8/avr8-gnu-toolchain/bin/../lib/gcc/avr/4.9.2/avr35\libgcc.a(_copy_data.o)
 .text.libgcc.fixed
                0x00000000        0x0 c:/program files (x86)/atmel/studio/7.0/toolchain/avr8/avr8-gnu-toolchain/bin/../lib/gcc/avr/4.9.2/avr35\libgcc.a(_copy_data.o)
 .text          0x00000000        0x0 c:/program files (x86)/atmel/studio/7.0/toolchain/avr8/avr8-gnu-toolchain/bin/../lib/gcc/avr/4.9.2/avr35\libgcc.a(_clear_bss.o)
 .data          0x00000000        0x0 c:/program files (x86)/atmel/studio/7.0/toolchain/avr8/avr8-gnu-toolchain/bin/../lib/gcc/avr/4.9.2/avr35\libgcc.a(_clear_bss.o)
 .bss           0x00000000        0x0 c:/program files (x86)/atmel/studio/7.0/toolchain/avr8/avr8-gnu-toolchain/bin/../lib/gcc/avr/4.9.2/avr35\libgcc.a(_clear_bss.o)
 .text.libgcc.mul
                0x00000000        0x0 c:/program files (x86)/atmel/studio/7.0/toolchain/avr8/avr8-gnu-toolchain/bin/../lib/gcc/avr/4.9.2/avr35\libgcc.a(_clear_bss.o)
 .text.libgcc.div
                0x00000000        0x0 c:/program files (x86)/atmel/studio/7.0/toolchain/avr8/avr8-gnu-toolchain/bin/../lib/gcc/avr/4.9.2/avr35\libgcc.a(_clear_bss.o)
 .text.libgcc   0x00000000        0x0 c:/program files (x86)/atmel/studio/7.0/toolchain/avr8/avr8-gnu-toolchain/bin/../lib/gcc/avr/4.9.2/avr35\libgcc.a(_clear_bss.o)
 .text.libgcc.prologue
                0x00000000        0x0 c:/program files (x86)/atmel/studio/7.0/toolchain/avr8/avr8-gnu-toolchain/bin/../lib/gcc/avr/4.9.2/avr35\libgcc.a(_clear_bss.o)
 .text.libgcc.builtins
                0x00000000        0x0 c:/program files (x86)/atmel/studio/7.0/toolchain/avr8/avr8-gnu-toolchain/bin/../lib/gcc/avr/4.9.2/avr35\libgcc.a(_clear_bss.o)
 .text.libgcc.fmul
                0x00000000        0x0 c:/program files (x86)/atmel/studio/7.0/toolchain/avr8/avr8-gnu-toolchain/bin/../lib/gcc/avr/4.9.2/avr35\libgcc.a(_clear_bss.o)
 .text.libgcc.fixed
                0x00000000        0x0 c:/program files (x86)/atmel/studio/7.0/toolchain/avr8/avr8-gnu-toolchain/bin/../lib/gcc/avr/4.9.2/avr35\libgcc.a(_clear_bss.o)
 .text          0x00000000        0x0 c:/program files (x86)/atmel/studio/7.0/toolchain/avr8/avr8-gnu-toolchain/bin/../lib/gcc/avr/4.9.2/avr35\libgcc.a(_mulsidi3.o)
 .data          0x00000000        0x0 c:/program files (x86)/atmel/studio/7.0/toolchain/avr8/avr8-gnu-toolchain/bin/../lib/gcc/avr/4.9.2/avr35\libgcc.a(_mulsidi3.o)
 .bss           0x00000000        0x0 c:/program files (x86)/atmel/studio/7.0/toolchain/avr8/avr8-gnu-toolchain/bin/../lib/gcc/avr/4.9.2/avr35\libgcc.a(_mulsidi3.o)
 .text.libgcc.div
                0x00000000        0x0 c:/program files (x86)/atmel/studio/7.0/toolchain/avr8/avr8-gnu-toolchain/bin/../lib/gcc/avr/4.9.2/avr35\libgcc.a(_mulsidi3.o)
 .text.libgcc   0x00000000        0x0 c:/program files (x86)/atmel/studio/7.0/toolchain/avr8/avr8-gnu-toolchain/bin/../lib/gcc/avr/4.9.2/avr35\libgcc.a(_mulsidi3.o)
 .text.libgcc.prologue
                0x00000000        0x0 c:/program files (x86)/atmel/studio/7.0/toolchain/avr8/avr8-gnu-toolchain/bin/../lib/gcc/avr/4.9.2/avr35\libgcc.a(_mulsidi3.o)
 .text.libgcc.builtins
                0x00000000        0x0 c:/program files (x86)/atmel/studio/7.0/toolchain/avr8/avr8-gnu-toolchain/bin/../lib/gcc/avr/4.9.2/avr35\libgcc.a(_mulsidi3.o)
 .text.libgcc.fmul
                0x00000000        0x0 c:/program files (x86)/atmel/studio/7.0/toolchain/avr8/avr8-gnu-toolchain/bin/../lib/gcc/avr/4.9.2/avr35\libgcc.a(_mulsidi3.o)
 .text.libgcc.fixed
                0x00000000        0x0 c:/program files (x86)/atmel/studio/7.0/toolchain/avr8/avr8-gnu-toolchain/bin/../lib/gcc/avr/4.9.2/avr35\libgcc.a(_mulsidi3.o)
 .text          0x00000000        0x0 c:/program files (x86)/atmel/studio/7.0/toolchain/avr8/avr8-gnu-toolchain/bin/../lib/gcc/avr/4.9.2/avr35\libgcc.a(_prologue.o)
 .data          0x00000000        0x0 c:/program files (x86)/atmel/studio/7.0/toolchain/avr8/avr8-gnu-toolchain/bin/../lib/gcc/avr/4.9.2/avr35\libgcc.a(_prologue.o)
 .bss           0x00000000        0x0 c:/program files (x86)/atmel/studio/7.0/toolchain/avr8/avr8-gnu-toolchain/bin/../lib/gcc/avr/4.9.2/avr35\libgcc.a(_prologue.o)
 .text.libgcc.mul
                0x00000000        0x0 c:/program files (x86)/atmel/studio/7.0/toolchain/avr8/avr8-gnu-toolchain/bin/../lib/gcc/avr/4.9.2/avr35\libgcc.a(_prologue.o)
 .text.libgcc.div
                0x00000000        0x0 c:/program files (x86)/atmel/studio/7.0/toolchain/avr8/avr8-gnu-toolchain/bin/../lib/gcc/avr/4.9.2/avr35\libgcc.a(_prologue.o)
 .text.libgcc   0x00000000        0x0 c:/program files (x86)/atmel/studio/7.0/toolchain/avr8/avr8-gnu-toolchain/bin/../lib/gcc/avr/4.9.2/avr35\libgcc.a(_prologue.o)
 .text.libgcc.builtins
                0x00000000        0x0 c:/program files (x86)/atmel/studio/7.0/toolchain/avr8/avr8-gnu-toolchain/bin/../lib/gcc/avr/4.9.2/avr35\libgcc.a(_prologue.o)
 .text.libgcc.fmul
                0x00000000        0x0 c:/program files (x86)/atmel/studio/7.0/toolchain/avr8/avr8-gnu-toolchain/bin/../lib/gcc/avr/4.9.2/avr35\libgcc.a(_prologue.o)
 .text.libgcc.fixed
                0x00000000        0x0 c:/program files (x86)/atmel/studio/7.0/toolchain/avr8/avr8-gnu-toolchain/bin/../lib/gcc/avr/4.9.2/avr35\libgcc.a(_prologue.o)
 .text          0x00000000        0x0 c:/program files (x86)/atmel/studio/7.0/toolchain/avr8/avr8-gnu-toolchain/bin/../lib/gcc/avr/4.9.2/avr35\libgcc.a(_epilogue.o)
 .data          0x00000000        0x0 c:/program files (x86)/atmel/studio/7.0/toolchain/avr8/avr8-gnu-toolchain/bin/../lib/gcc/avr/4.9.2/avr35\libgcc.a(_epilogue.o)
 .bss           0x00000000        0x0 c:/program files (x86)/atmel/studio/7.0/toolchain/avr8/avr8-gnu-toolchain/bin/../lib/gcc/avr/4.9.2/avr35\libgcc.a(_epilogue.o)
 .text.libgcc.mul
                0x00000000        0x0 c:/program files (x86)/atmel/studio/7.0/toolchain/avr8/avr8-gnu-toolchain/bin/../lib/gcc/avr/4.9.2/avr35\libgcc.a(_epilogue.o)
 .text.libgcc.div
                0x00000000        0x0 c:/program files (x86)/atmel/studio/7.0/toolchain/avr8/avr8-gnu-toolchain/bin/../lib/gcc/avr/4.9.2/avr35\libgcc.a(_epilogue.o)
 .text.libgcc   0x00000000        0x0 c:/program files (x86)/atmel/studio/7.0/toolchain/avr8/avr8-gnu-toolchain/bin/../lib/gcc/avr/4.9.2/avr35\libgcc.a(_epilogue.o)
 .text.libgcc.builtins
                0x00000000        0x0 c:/program files (x86)/atmel/studio/7.0/toolchain/avr8/avr8-gnu-toolchain/bin/../lib/gcc/avr/4.9.2/avr35\libgcc.a(_epilogue.o)
 .text.libgcc.fmul
                0x00000000        0x0 c:/program files (x86)/atmel/studio/7.0/toolchain/avr8/avr8-gnu-toolchain/bin/../lib/gcc/avr/4.9.2/avr35\libgcc.a(_epilogue.o)
 .text.libgcc.fixed
                0x00000000        0x0 c:/program files (x86)/atmel/studio/7.0/toolchain/avr8/avr8-gnu-toolchain/bin/../lib/gcc/avr/4.9.2/avr35\libgcc.a(_epilogue.o)
 .text          0x00000000        0x0 c:/program files (x86)/atmel/studio/7.0/toolchain/avr8/avr8-gnu-toolchain/bin/../lib/gcc/avr/4.9.2/avr35\libgcc.a(_muldi3.o)
 .data          0x00000000        0x0 c:/program files (x86)/atmel/studio/7.0/toolchain/avr8/avr8-gnu-toolchain/bin/../lib/gcc/avr/4.9.2/avr35\libgcc.a(_muldi3.o)
 .bss           0x00000000        0x0 c:/program files (x86)/atmel/studio/7.0/toolchain/avr8/avr8-gnu-toolchain/bin/../lib/gcc/avr/4.9.2/avr35\libgcc.a(_muldi3.o)
 .text.libgcc.div
                0x00000000        0x0 c:/program files (x86)/atmel/studio/7.0/toolchain/avr8/avr8-gnu-toolchain/bin/../lib/gcc/avr/4.9.2/avr35\libgcc.a(_muldi3.o)
 .text.libgcc   0x00000000        0x0 c:/program files (x86)/atmel/studio/7.0/toolchain/avr8/avr8-gnu-toolchain/bin/../lib/gcc/avr/4.9.2/avr35\libgcc.a(_muldi3.o)
 .text.libgcc.prologue
                0x00000000        0x0 c:/program files (x86)/atmel/studio/7.0/toolchain/avr8/avr8-gnu-toolchain/bin/../lib/gcc/avr/4.9.2/avr35\libgcc.a(_muldi3.o)
 .text.libgcc.builtins
                0x00000000        0x0 c:/program files (x86)/atmel/studio/7.0/toolchain/avr8/avr8-gnu-toolchain/bin/../lib/gcc/avr/4.9.2/avr35\libgcc.a(_muldi3.o)
 .text.libgcc.fmul
                0x00000000        0x0 c:/program files (x86)/atmel/studio/7.0/toolchain/avr8/avr8-gnu-toolchain/bin/../lib/gcc/avr/4.9.2/avr35\libgcc.a(_muldi3.o)
 .text.libgcc.fixed
                0x00000000        0x0 c:/program files (x86)/atmel/studio/7.0/toolchain/avr8/avr8-gnu-toolchain/bin/../lib/gcc/avr/4.9.2/avr35\libgcc.a(_muldi3.o)
 .text          0x00000000        0x0 c:/program files (x86)/atmel/studio/7.0/toolchain/avr8/avr8-gnu-toolchain/bin/../lib/gcc/avr/4.9.2/../../../../avr/lib/avr35\libc.a(memcpy_P.o)
 .data          0x00000000        0x0 c:/program files (x86)/atmel/studio/7.0/toolchain/avr8/avr8-gnu-toolchain/bin/../lib/gcc/avr/4.9.2/../../../../avr/lib/avr35\libc.a(memcpy_P.o)
 .bss           0x00000000        0x0 c:/program files (x86)/atmel/studio/7.0/toolchain/avr8/avr8-gnu-toolchain/bin/../lib/gcc/avr/4.9.2/../../../../avr/lib/avr35\libc.a(memcpy_P.o)

Memory Configuration

Name             Origin             Length             Attributes
text             0x00000000         0x00010000         xr
data             0x00800060         0x0000ffa0         rw !x
eeprom           0x00810000         0x00010000         rw !x
fuse             0x00820000         0x00000003         rw !x
lock             0x00830000         0x00000400         rw !x
signature        0x00840000         0x00000400         rw !x
user_signatures  0x00850000         0x00000400         rw !x
*default*        0x00000000         0xffffffff

Linker script and memory map

Address of section .data set to 0x800100
LOAD C:/Program Files (x86)/Atmel/Studio/7.0/Packs/atmel/ATautomotive_DFP/1.1.96/gcc/dev/ata6617c/avr35/crtata6617c.o
LOAD ADC.o
LOAD analog_servo_drv.o
LOAD buttons.o
LOAD CAN.o
LOAD cmd_sts_helpers.o
LOAD eeprom_storage.o
LOAD events.o
LOAD framework.o
LOAD IOC.o
LOAD light_drv.o
LOAD light_setting_alg.o
LOAD lin_drv.o
LOAD LIN_XCVR_WD_Kicker.o
LOAD main.o
LOAD master_service.o
LOAD MS_LIN_top_layer.o
LOAD PWM.o
LOAD slave_number_setting_SM.o
LOAD slave_parameters.o
LOAD slave_service.o
LOAD SPI.o
LOAD SPI_Service.o
LOAD timer.o
LOAD __template.o
START GROUP
LOAD c:/program files (x86)/atmel/studio/7.0/toolchain/avr8/avr8-gnu-toolchain/bin/../lib/gcc/avr/4.9.2/../../../../avr/lib/avr35\libm.a
END GROUP
START GROUP
LOAD c:/program files (x86)/atmel/studio/7.0/toolchain/avr8/avr8-gnu-toolchain/bin/../lib/gcc/avr/4.9.2/avr35\libgcc.a
LOAD c:/program files (x86)/atmel/studio/7.0/toolchain/avr8/avr8-gnu-toolchain/bin/../lib/gcc/avr/4.9.2/../../../../avr/lib/avr35\libm.a
LOAD c:/program files (x86)/atmel/studio/7.0/toolchain/avr8/avr8-gnu-toolchain/bin/../lib/gcc/avr/4.9.2/../../../../avr/lib/avr35\libc.a
LOAD C:/Program Files (x86)/Atmel/Studio/7.0/Packs/atmel/ATautomotive_DFP/1.1.96/gcc/dev/ata6617c/avr35\libata6617c.a
END GROUP
                0x00010000                __TEXT_REGION_LENGTH__ = DEFINED (__TEXT_REGION_LENGTH__)?__TEXT_REGION_LENGTH__:0x10000
                0x0000ffa0                __DATA_REGION_LENGTH__ = DEFINED (__DATA_REGION_LENGTH__)?__DATA_REGION_LENGTH__:0xffa0
                0x00010000                __EEPROM_REGION_LENGTH__ = DEFINED (__EEPROM_REGION_LENGTH__)?__EEPROM_REGION_LENGTH__:0x10000
                [0x00000003]                __FUSE_REGION_LENGTH__ = DEFINED (__FUSE_REGION_LENGTH__)?__FUSE_REGION_LENGTH__:0x400
                0x00000400                __LOCK_REGION_LENGTH__ = DEFINED (__LOCK_REGION_LENGTH__)?__LOCK_REGION_LENGTH__:0x400
                0x00000400                __SIGNATURE_REGION_LENGTH__ = DEFINED (__SIGNATURE_REGION_LENGTH__)?__SIGNATURE_REGION_LENGTH__:0x400
                0x00000400                __USER_SIGNATURE_REGION_LENGTH__ = DEFINED (__USER_SIGNATURE_REGION_LENGTH__)?__USER_SIGNATURE_REGION_LENGTH__:0x400

.hash
 *(.hash)

.dynsym
 *(.dynsym)

.dynstr
 *(.dynstr)

.gnu.version
 *(.gnu.version)

.gnu.version_d
 *(.gnu.version_d)

.gnu.version_r
 *(.gnu.version_r)

.rel.init
 *(.rel.init)

.rela.init
 *(.rela.init)

.rel.text
 *(.rel.text)
 *(.rel.text.*)
 *(.rel.gnu.linkonce.t*)

.rela.text
 *(.rela.text)
 *(.rela.text.*)
 *(.rela.gnu.linkonce.t*)

.rel.fini
 *(.rel.fini)

.rela.fini
 *(.rela.fini)

.rel.rodata
 *(.rel.rodata)
 *(.rel.rodata.*)
 *(.rel.gnu.linkonce.r*)

.rela.rodata
 *(.rela.rodata)
 *(.rela.rodata.*)
 *(.rela.gnu.linkonce.r*)

.rel.data
 *(.rel.data)
 *(.rel.data.*)
 *(.rel.gnu.linkonce.d*)

.rela.data
 *(.rela.data)
 *(.rela.data.*)
 *(.rela.gnu.linkonce.d*)

.rel.ctors
 *(.rel.ctors)

.rela.ctors
 *(.rela.ctors)

.rel.dtors
 *(.rel.dtors)

.rela.dtors
 *(.rela.dtors)

.rel.got
 *(.rel.got)

.rela.got
 *(.rela.got)

.rel.bss
 *(.rel.bss)

.rela.bss
 *(.rela.bss)

.rel.plt
 *(.rel.plt)

.rela.plt
 *(.rela.plt)

.text           0x00000000     0x2050
 *(.vectors)
 .vectors       0x00000000       0x50 C:/Program Files (x86)/Atmel/Studio/7.0/Packs/atmel/ATautomotive_DFP/1.1.96/gcc/dev/ata6617c/avr35/crtata6617c.o
                0x00000000                __vector_default
                0x00000000                __vectors
 *(.vectors)
 *(.progmem.gcc*)
                0x00000050                . = ALIGN (0x2)
                0x00000050                __trampolines_start = .
 *(.trampolines)
 .trampolines   0x00000050        0x0 linker stubs
 *(.trampolines*)
                0x00000050                __trampolines_end = .
 *libprintf_flt.a:*(.progmem.data)
 *libc.a:*(.progmem.data)
 *(.progmem*)
 .progmem.data.Slave_Parameters
                0x00000050       0x87 slave_parameters.o
                0x000000d8                . = ALIGN (0x2)
 *fill*         0x000000d7        0x1 
 *(.jumptables)
 *(.jumptables*)
 *(.lowtext)
 *(.lowtext*)
                0x000000d8                __ctors_start = .
 *(.ctors)
                0x000000d8                __ctors_end = .
                0x000000d8                __dtors_start = .
 *(.dtors)
                0x000000d8                __dtors_end = .
 SORT(*)(.ctors)
 SORT(*)(.dtors)
 *(.init0)
 .init0         0x000000d8        0x0 C:/Program Files (x86)/Atmel/Studio/7.0/Packs/atmel/ATautomotive_DFP/1.1.96/gcc/dev/ata6617c/avr35/crtata6617c.o
                0x000000d8                __init
 *(.init0)
 *(.init1)
 *(.init1)
 *(.init2)
 .init2         0x000000d8        0xc C:/Program Files (x86)/Atmel/Studio/7.0/Packs/atmel/ATautomotive_DFP/1.1.96/gcc/dev/ata6617c/avr35/crtata6617c.o
 *(.init2)
 *(.init3)
 *(.init3)
 *(.init4)
 .init4         0x000000e4       0x16 c:/program files (x86)/atmel/studio/7.0/toolchain/avr8/avr8-gnu-toolchain/bin/../lib/gcc/avr/4.9.2/avr35\libgcc.a(_copy_data.o)
                0x000000e4                __do_copy_data
 .init4         0x000000fa       0x10 c:/program files (x86)/atmel/studio/7.0/toolchain/avr8/avr8-gnu-toolchain/bin/../lib/gcc/avr/4.9.2/avr35\libgcc.a(_clear_bss.o)
                0x000000fa                __do_clear_bss
 *(.init4)
 *(.init5)
 *(.init5)
 *(.init6)
 *(.init6)
 *(.init7)
 *(.init7)
 *(.init8)
 *(.init8)
 *(.init9)
 .init9         0x0000010a        0x8 C:/Program Files (x86)/Atmel/Studio/7.0/Packs/atmel/ATautomotive_DFP/1.1.96/gcc/dev/ata6617c/avr35/crtata6617c.o
 *(.init9)
 *(.text)
 .text          0x00000112        0x4 C:/Program Files (x86)/Atmel/Studio/7.0/Packs/atmel/ATautomotive_DFP/1.1.96/gcc/dev/ata6617c/avr35/crtata6617c.o
                0x00000112                __bad_interrupt
                0x00000112                __vector_6
                0x00000112                __vector_11
                0x00000112                __vector_17
                0x00000112                __vector_19
                0x00000112                __vector_7
                0x00000112                __vector_5
                0x00000112                __vector_2
                0x00000112                __vector_8
                0x00000112                __vector_18
                0x00000116                . = ALIGN (0x2)
 *(.text.*)
 .text.Init_ADC_Module
                0x00000116       0x32 ADC.o
                0x00000116                Init_ADC_Module
 .text.__vector_15
                0x00000148       0x3e ADC.o
                0x00000148                __vector_15
 .text.stop_signal
                0x00000186        0xa analog_servo_drv.o
 .text.Init_Analog_Servo_Driver
                0x00000190       0x32 analog_servo_drv.o
                0x00000190                Init_Analog_Servo_Driver
 .text.Hold_Analog_Servo_Position
                0x000001c2       0xe4 analog_servo_drv.o
                0x000001c2                Hold_Analog_Servo_Position
 .text.Is_Servo_Position_Valid
                0x000002a6       0x40 analog_servo_drv.o
                0x000002a6                Is_Servo_Position_Valid
 .text.__vector_9
                0x000002e6       0x52 analog_servo_drv.o
                0x000002e6                __vector_9
 .text.Init_Buttons
                0x00000338       0x2c buttons.o
                0x00000338                Init_Buttons
 .text.Run_Buttons
                0x00000364       0x2a buttons.o
                0x00000364                Run_Buttons
 .text.__vector_3
                0x0000038e       0x5e buttons.o
                0x0000038e                __vector_3
 .text.__vector_4
                0x000003ec       0x5e buttons.o
                0x000003ec                __vector_4
 .text.CAN_Reset
                0x0000044a       0x28 CAN.o
                0x0000044a                CAN_Reset
 .text.CAN_Read
                0x00000472       0x2a CAN.o
                0x00000472                CAN_Read
 .text.CAN_Write
                0x0000049c       0x36 CAN.o
                0x0000049c                CAN_Write
 .text.CAN_Bit_Modify
                0x000004d2       0x3a CAN.o
                0x000004d2                CAN_Bit_Modify
 .text.CAN_Initialize_1
                0x0000050c       0x92 CAN.o
                0x0000050c                CAN_Initialize_1
 .text.CAN_Initialize_2
                0x0000059e       0x9a CAN.o
                0x0000059e                CAN_Initialize_2
 .text.CAN_Read_Message
                0x00000638       0x6c CAN.o
                0x00000638                CAN_Read_Message
 .text.Write_Intensity_Data
                0x000006a4        0x6 cmd_sts_helpers.o
                0x000006a4                Write_Intensity_Data
 .text.Write_Position_Data
                0x000006aa        0x8 cmd_sts_helpers.o
                0x000006aa                Write_Position_Data
 .text.Get_Pointer_To_Slave_Data
                0x000006b2       0x16 cmd_sts_helpers.o
                0x000006b2                Get_Pointer_To_Slave_Data
 .text.start_eeprom_write_byte
                0x000006c8       0x1e eeprom_storage.o
                0x000006c8                start_eeprom_write_byte
 .text.__vector_16
                0x000006e6       0x82 eeprom_storage.o
                0x000006e6                __vector_16
 .text.process_event_if_pending
                0x00000768       0x68 events.o
 .text.Post_Event
                0x000007d0       0x36 events.o
                0x000007d0                Post_Event
 .text.Run_Events
                0x00000806       0xda events.o
                0x00000806                Run_Events
 .text.Initialize_Framework
                0x000008e0       0x26 framework.o
                0x000008e0                Initialize_Framework
 .text.Run_Services
                0x00000906       0x2a framework.o
                0x00000906                Run_Services
 .text.Init_IOC_Module
                0x00000930       0x18 IOC.o
                0x00000930                Init_IOC_Module
 .text.query_counter
                0x00000948       0x12 IOC.o
                0x00000948                query_counter
 .text.__vector_1
                0x0000095a       0xc2 IOC.o
                0x0000095a                __vector_1
 .text.compute_cw_angular_distance
                0x00000a1c       0x28 light_setting_alg.o
 .text.Compute_Individual_Light_Settings
                0x00000a44      0x412 light_setting_alg.o
                0x00000a44                Compute_Individual_Light_Settings
 .text.lin_init
                0x00000e56       0x54 lin_drv.o
                0x00000e56                lin_init
 .text.lin_tx_header
                0x00000eaa       0x6c lin_drv.o
                0x00000eaa                lin_tx_header
 .text.lin_rx_response
                0x00000f16       0x3a lin_drv.o
                0x00000f16                lin_rx_response
 .text.lin_tx_response
                0x00000f50       0x62 lin_drv.o
                0x00000f50                lin_tx_response
 .text.lin_get_response
                0x00000fb2       0x2c lin_drv.o
                0x00000fb2                lin_get_response
 .text.kick_LIN_XCVR_WD
                0x00000fde       0x38 LIN_XCVR_WD_Kicker.o
 .text.Init_LIN_XCVR_WD_Kicker
                0x00001016       0x22 LIN_XCVR_WD_Kicker.o
                0x00001016                Init_LIN_XCVR_WD_Kicker
 .text.main     0x00001038       0x1a main.o
                0x00001038                main
 .text.ID_schedule_handler
                0x00001052       0x30 master_service.o
 .text.Init_Master_Service
                0x00001082       0x9c master_service.o
                0x00001082                Init_Master_Service
 .text.Run_Master_Service
                0x0000111e      0x104 master_service.o
                0x0000111e                Run_Master_Service
 .text.MS_LIN_Initialize
                0x00001222       0x4a MS_LIN_top_layer.o
                0x00001222                MS_LIN_Initialize
 .text.Master_LIN_Broadcast_ID
                0x0000126c        0xc MS_LIN_top_layer.o
                0x0000126c                Master_LIN_Broadcast_ID
 .text.__vector_12
                0x00001278      0x126 MS_LIN_top_layer.o
                0x00001278                __vector_12
 .text.__vector_13
                0x0000139e       0x2c MS_LIN_top_layer.o
                0x0000139e                __vector_13
 .text.Init_PWM_Module
                0x000013ca       0x50 PWM.o
                0x000013ca                Init_PWM_Module
 .text.Set_PWM_Duty_Cycle
                0x0000141a       0xaa PWM.o
                0x0000141a                Set_PWM_Duty_Cycle
 .text.Get_Pointer_To_Slave_Parameters
                0x000014c4       0x2a slave_parameters.o
                0x000014c4                Get_Pointer_To_Slave_Parameters
 .text.SPI_Start_Command
                0x000014ee       0x3a SPI.o
                0x000014ee                SPI_Start_Command
 .text.SPI_End_Command
                0x00001528        0x4 SPI.o
                0x00001528                SPI_End_Command
 .text.SPI_Transmit
                0x0000152c       0x46 SPI.o
                0x0000152c                SPI_Transmit
 .text.Write_SPI
                0x00001572       0xf4 SPI.o
                0x00001572                Write_SPI
 .text.__vector_14
                0x00001666      0x15a SPI.o
                0x00001666                __vector_14
 .text.Init_SPI_Service
                0x000017c0        0x6 SPI_Service.o
                0x000017c0                Init_SPI_Service
 .text.Run_SPI_Service
                0x000017c6       0x96 SPI_Service.o
                0x000017c6                Run_SPI_Service
 .text.Query_SPI_State
                0x0000185c        0x6 SPI_Service.o
                0x0000185c                Query_SPI_State
 .text.Init_Timer_Module
                0x00001862       0x4c timer.o
                0x00001862                Init_Timer_Module
 .text.Register_Timer
                0x000018ae       0x9a timer.o
                0x000018ae                Register_Timer
 .text.Start_Timer
                0x00001948       0x82 timer.o
                0x00001948                Start_Timer
 .text.Stop_Timer
                0x000019ca       0x54 timer.o
                0x000019ca                Stop_Timer
 .text.__vector_10
                0x00001a1e       0xea timer.o
                0x00001a1e                __vector_10
 .text.avr-libc.fplib
                0x00001b08        0xe c:/program files (x86)/atmel/studio/7.0/toolchain/avr8/avr8-gnu-toolchain/bin/../lib/gcc/avr/4.9.2/../../../../avr/lib/avr35\libm.a(addsf3.o)
                0x00001b08                __subsf3
                0x00001b0a                __addsf3
 .text.avr-libc.fplib
                0x00001b16       0xcc c:/program files (x86)/atmel/studio/7.0/toolchain/avr8/avr8-gnu-toolchain/bin/../lib/gcc/avr/4.9.2/../../../../avr/lib/avr35\libm.a(addsf3x.o)
                0x00001b38                __addsf3x
 .text.avr-libc.fplib
                0x00001be2        0xa c:/program files (x86)/atmel/studio/7.0/toolchain/avr8/avr8-gnu-toolchain/bin/../lib/gcc/avr/4.9.2/../../../../avr/lib/avr35\libm.a(cmpsf2.o)
                0x00001be2                __nesf2
                0x00001be2                __eqsf2
                0x00001be2                __cmpsf2
                0x00001be2                __ltsf2
                0x00001be2                __lesf2
 .text.avr-libc.fplib
                0x00001bec       0x5e c:/program files (x86)/atmel/studio/7.0/toolchain/avr8/avr8-gnu-toolchain/bin/../lib/gcc/avr/4.9.2/../../../../avr/lib/avr35\libm.a(fixunssfsi.o)
                0x00001bec                __fixunssfsi
 .text.avr-libc.fplib
                0x00001c4a       0x7a c:/program files (x86)/atmel/studio/7.0/toolchain/avr8/avr8-gnu-toolchain/bin/../lib/gcc/avr/4.9.2/../../../../avr/lib/avr35\libm.a(floatsisf.o)
                0x00001c4a                __floatunsisf
                0x00001c4e                __floatsisf
 .text.avr-libc.fplib
                0x00001cc4       0x48 c:/program files (x86)/atmel/studio/7.0/toolchain/avr8/avr8-gnu-toolchain/bin/../lib/gcc/avr/4.9.2/../../../../avr/lib/avr35\libm.a(fp_cmp.o)
                0x00001cc4                __fp_cmp
 .text.avr-libc.fplib
                0x00001d0c        0xc c:/program files (x86)/atmel/studio/7.0/toolchain/avr8/avr8-gnu-toolchain/bin/../lib/gcc/avr/4.9.2/../../../../avr/lib/avr35\libm.a(fp_inf.o)
                0x00001d0c                __fp_inf
 .text.avr-libc.fplib
                0x00001d18        0x6 c:/program files (x86)/atmel/studio/7.0/toolchain/avr8/avr8-gnu-toolchain/bin/../lib/gcc/avr/4.9.2/../../../../avr/lib/avr35\libm.a(fp_nan.o)
                0x00001d18                __fp_nan
 .text.avr-libc.fplib
                0x00001d1e        0xe c:/program files (x86)/atmel/studio/7.0/toolchain/avr8/avr8-gnu-toolchain/bin/../lib/gcc/avr/4.9.2/../../../../avr/lib/avr35\libm.a(fp_pscA.o)
                0x00001d1e                __fp_pscA
 .text.avr-libc.fplib
                0x00001d2c        0xe c:/program files (x86)/atmel/studio/7.0/toolchain/avr8/avr8-gnu-toolchain/bin/../lib/gcc/avr/4.9.2/../../../../avr/lib/avr35\libm.a(fp_pscB.o)
                0x00001d2c                __fp_pscB
 .text.avr-libc.fplib
                0x00001d3a       0x22 c:/program files (x86)/atmel/studio/7.0/toolchain/avr8/avr8-gnu-toolchain/bin/../lib/gcc/avr/4.9.2/../../../../avr/lib/avr35\libm.a(fp_round.o)
                0x00001d3a                __fp_round
 .text.avr-libc.fplib
                0x00001d5c       0x44 c:/program files (x86)/atmel/studio/7.0/toolchain/avr8/avr8-gnu-toolchain/bin/../lib/gcc/avr/4.9.2/../../../../avr/lib/avr35\libm.a(fp_split3.o)
                0x00001d5c                __fp_split3
                0x00001d6c                __fp_splitA
 .text.avr-libc.fplib
                0x00001da0        0xe c:/program files (x86)/atmel/studio/7.0/toolchain/avr8/avr8-gnu-toolchain/bin/../lib/gcc/avr/4.9.2/../../../../avr/lib/avr35\libm.a(fp_zero.o)
                0x00001da0                __fp_zero
                0x00001da2                __fp_szero
 .text.avr-libc.fplib
                0x00001dae        0xa c:/program files (x86)/atmel/studio/7.0/toolchain/avr8/avr8-gnu-toolchain/bin/../lib/gcc/avr/4.9.2/../../../../avr/lib/avr35\libm.a(gesf2.o)
                0x00001dae                __gesf2
                0x00001dae                __gtsf2
 .text.avr-libc.fplib
                0x00001db8        0x8 c:/program files (x86)/atmel/studio/7.0/toolchain/avr8/avr8-gnu-toolchain/bin/../lib/gcc/avr/4.9.2/../../../../avr/lib/avr35\libm.a(mulsf3.o)
                0x00001db8                __mulsf3
 .text.avr-libc.fplib
                0x00001dc0       0xe2 c:/program files (x86)/atmel/studio/7.0/toolchain/avr8/avr8-gnu-toolchain/bin/../lib/gcc/avr/4.9.2/../../../../avr/lib/avr35\libm.a(mulsf3x.o)
                0x00001ddc                __mulsf3x
                0x00001de2                __mulsf3_pse
 .text.libgcc.mul
                0x00001ea2       0x22 c:/program files (x86)/atmel/studio/7.0/toolchain/avr8/avr8-gnu-toolchain/bin/../lib/gcc/avr/4.9.2/avr35\libgcc.a(_mulhi3.o)
                0x00001ea2                __mulhi3
 .text.libgcc.div
                0x00001ec4       0x28 c:/program files (x86)/atmel/studio/7.0/toolchain/avr8/avr8-gnu-toolchain/bin/../lib/gcc/avr/4.9.2/avr35\libgcc.a(_udivmodhi4.o)
                0x00001ec4                __udivmodhi4
 .text.libgcc.div
                0x00001eec       0x44 c:/program files (x86)/atmel/studio/7.0/toolchain/avr8/avr8-gnu-toolchain/bin/../lib/gcc/avr/4.9.2/avr35\libgcc.a(_udivmodsi4.o)
                0x00001eec                __udivmodsi4
 .text.libgcc.mul
                0x00001f30       0x40 c:/program files (x86)/atmel/studio/7.0/toolchain/avr8/avr8-gnu-toolchain/bin/../lib/gcc/avr/4.9.2/avr35\libgcc.a(_mulsidi3.o)
                0x00001f30                __mulsidi3
                0x00001f34                __umulsidi3
 .text.libgcc.prologue
                0x00001f70       0x38 c:/program files (x86)/atmel/studio/7.0/toolchain/avr8/avr8-gnu-toolchain/bin/../lib/gcc/avr/4.9.2/avr35\libgcc.a(_prologue.o)
                0x00001f70                __prologue_saves__
 .text.libgcc.prologue
                0x00001fa8       0x36 c:/program files (x86)/atmel/studio/7.0/toolchain/avr8/avr8-gnu-toolchain/bin/../lib/gcc/avr/4.9.2/avr35\libgcc.a(_epilogue.o)
                0x00001fa8                __epilogue_restores__
 .text.libgcc.mul
                0x00001fde       0x5c c:/program files (x86)/atmel/studio/7.0/toolchain/avr8/avr8-gnu-toolchain/bin/../lib/gcc/avr/4.9.2/avr35\libgcc.a(_muldi3.o)
                0x00001fde                __muldi3
 .text.avr-libc
                0x0000203a       0x12 c:/program files (x86)/atmel/studio/7.0/toolchain/avr8/avr8-gnu-toolchain/bin/../lib/gcc/avr/4.9.2/../../../../avr/lib/avr35\libc.a(memcpy_P.o)
                0x0000203a                memcpy_P
                0x0000204c                . = ALIGN (0x2)
 *(.fini9)
 .fini9         0x0000204c        0x0 c:/program files (x86)/atmel/studio/7.0/toolchain/avr8/avr8-gnu-toolchain/bin/../lib/gcc/avr/4.9.2/avr35\libgcc.a(_exit.o)
                0x0000204c                _exit
                0x0000204c                exit
 *(.fini9)
 *(.fini8)
 *(.fini8)
 *(.fini7)
 *(.fini7)
 *(.fini6)
 *(.fini6)
 *(.fini5)
 *(.fini5)
 *(.fini4)
 *(.fini4)
 *(.fini3)
 *(.fini3)
 *(.fini2)
 *(.fini2)
 *(.fini1)
 *(.fini1)
 *(.fini0)
 .fini0         0x0000204c        0x4 c:/program files (x86)/atmel/studio/7.0/toolchain/avr8/avr8-gnu-toolchain/bin/../lib/gcc/avr/4.9.2/avr35\libgcc.a(_exit.o)
 *(.fini0)
                0x00002050                _etext = .

.data           0x00800100       0x34 load address 0x00002050
                0x00800100                PROVIDE (__data_start, .)
 *(.data)
 *(.data*)
 .data.Last_ADC_Value
                0x00800100        0x2 ADC.o
 .data.Debounce_Timer
                0x00800102        0x4 buttons.o
 .data.p_Slave_Parameters
                0x00800106        0x2 light_setting_alg.o
                0x00800106                p_Slave_Parameters
 .data.position_counter
                0x00800108        0x2 master_service.o
 .data.up_count
                0x0080010a        0x1 master_service.o
 .data.Testing_Timer
                0x0080010b        0x4 master_service.o
 .data.CAN_Init_1_Timer
                0x0080010f        0x4 master_service.o
 .data.Curr_Schedule_ID
                0x00800113        0x1 master_service.o
 *(.rodata)
 *(.rodata*)
 .rodata.test_positions
                0x00800114       0x20 master_service.o
 *(.gnu.linkonce.d*)
                0x00800134                . = ALIGN (0x2)
                0x00800134                _edata = .
                0x00800134                PROVIDE (__data_end, .)

.bss            0x00800134      0x152
                0x00800134                PROVIDE (__bss_start, .)
 *(.bss)
 *(.bss*)
 .bss.Step      0x00800134        0x1 analog_servo_drv.o
 .bss.Move_Timer
                0x00800135        0x4 analog_servo_drv.o
 .bss.Current_Port_B_State
                0x00800139        0x1 buttons.o
 .bss.Current_Port_A_State
                0x0080013a        0x1 buttons.o
 .bss.Last_Port_B_State
                0x0080013b        0x1 buttons.o
 .bss.Last_Port_A_State
                0x0080013c        0x1 buttons.o
 .bss.Recv_Byte
                0x0080013d        0x1 CAN.o
 .bss.RX_Data   0x0080013e        0x2 CAN.o
 .bss.TX_Data   0x00800140        0x1 CAN.o
 .bss.p_Caller_Values
                0x00800141        0x2 eeprom_storage.o
 .bss.p_Target_EEPROM_Address
                0x00800143        0x2 eeprom_storage.o
 .bss.Num_Bytes_Requested
                0x00800145        0x1 eeprom_storage.o
 .bss.Num_Bytes_Executed
                0x00800146        0x1 eeprom_storage.o
 .bss.IsBusy    0x00800147        0x1 eeprom_storage.o
 .bss.Pending_Events
                0x00800148        0x4 events.o
 .bss.counter   0x0080014c        0x4 IOC.o
 .bss.Parity    0x00800150        0x1 LIN_XCVR_WD_Kicker.o
 .bss.LIN_XCVR_Kick_Timer
                0x00800151        0x4 LIN_XCVR_WD_Kicker.o
 .bss.test_counter
                0x00800155        0x2 master_service.o
 .bss.Scheduling_Timer
                0x00800157        0x4 master_service.o
 .bss.My_Status_Data
                0x0080015b       0x1b master_service.o
 .bss.My_Command_Data
                0x00800176       0x1b master_service.o
 .bss.My_Node_ID
                0x00800191        0x1 master_service.o
 .bss.My_LIN_Error_Count
                0x00800192        0x1 MS_LIN_top_layer.o
 .bss.p_My_Status_Data
                0x00800193        0x2 MS_LIN_top_layer.o
 .bss.p_My_Command_Data
                0x00800195        0x2 MS_LIN_top_layer.o
 .bss.p_My_Node_ID
                0x00800197        0x2 MS_LIN_top_layer.o
 .bss.counter_value
                0x00800199        0x4 SPI.o
 .bss.In_Tx     0x0080019d        0x1 SPI.o
 .bss.Expected_RX_Length
                0x0080019e        0x1 SPI.o
 .bss.Expected_TX_Length
                0x0080019f        0x1 SPI.o
 .bss.TX_Index  0x008001a0        0x1 SPI.o
 .bss.RX_Index  0x008001a1        0x1 SPI.o
 .bss.Next_Available_Row
                0x008001a2        0x1 SPI.o
 .bss.Buffer_Index
                0x008001a3        0x1 SPI.o
 .bss.Receive_List
                0x008001a4       0x16 SPI.o
 .bss.Command_Buffer
                0x008001ba       0x42 SPI.o
 .bss.Master_Slave_Identifier
                0x008001fc        0x1 SPI.o
 .bss.Current_State
                0x008001fd        0x1 SPI_Service.o
 .bss.Timers    0x008001fe       0x68 timer.o
 *(COMMON)
 COMMON         0x00800266       0x20 light_setting_alg.o
                0x00800266                Slave_Parameters
                0x00800275                Vect_Desired_Relative
                0x00800279                Norm2_Desired_Relative
                0x0080027b                Desired_Theta
                0x0080027d                Light_Range
                0x0080027f                Result_Settings
                0x00800282                Theta_Light_Min
                0x00800284                Theta_Light_Max
                0x00800286                PROVIDE (__bss_end, .)
                0x00002050                __data_load_start = LOADADDR (.data)
                0x00002084                __data_load_end = (__data_load_start + SIZEOF (.data))

.noinit         0x00800286        0x0
                [!provide]                PROVIDE (__noinit_start, .)
 *(.noinit*)
                [!provide]                PROVIDE (__noinit_end, .)
                0x00800286                _end = .
                [!provide]                PROVIDE (__heap_start, .)

.eeprom         0x00810000        0x0
 *(.eeprom*)
                0x00810000                __eeprom_end = .

.fuse
 *(.fuse)
 *(.lfuse)
 *(.hfuse)
 *(.efuse)

.lock
 *(.lock*)

.signature
 *(.signature*)

.user_signatures
 *(.user_signatures*)

.stab
 *(.stab)

.stabstr
 *(.stabstr)

.stab.excl
 *(.stab.excl)

.stab.exclstr
 *(.stab.exclstr)

.stab.index
 *(.stab.index)

.stab.indexstr
 *(.stab.indexstr)

.comment        0x00000000       0x30
 *(.comment)
 .comment       0x00000000       0x30 ADC.o
                                 0x31 (size before relaxing)
 .comment       0x00000030       0x31 analog_servo_drv.o
 .comment       0x00000030       0x31 buttons.o
 .comment       0x00000030       0x31 CAN.o
 .comment       0x00000030       0x31 cmd_sts_helpers.o
 .comment       0x00000030       0x31 eeprom_storage.o
 .comment       0x00000030       0x31 events.o
 .comment       0x00000030       0x31 framework.o
 .comment       0x00000030       0x31 IOC.o
 .comment       0x00000030       0x31 light_setting_alg.o
 .comment       0x00000030       0x31 lin_drv.o
 .comment       0x00000030       0x31 LIN_XCVR_WD_Kicker.o
 .comment       0x00000030       0x31 main.o
 .comment       0x00000030       0x31 master_service.o
 .comment       0x00000030       0x31 MS_LIN_top_layer.o
 .comment       0x00000030       0x31 PWM.o
 .comment       0x00000030       0x31 slave_parameters.o
 .comment       0x00000030       0x31 SPI.o
 .comment       0x00000030       0x31 SPI_Service.o
 .comment       0x00000030       0x31 timer.o

.note.gnu.avr.deviceinfo
                0x00000000       0x3c
 .note.gnu.avr.deviceinfo
                0x00000000       0x3c C:/Program Files (x86)/Atmel/Studio/7.0/Packs/atmel/ATautomotive_DFP/1.1.96/gcc/dev/ata6617c/avr35/crtata6617c.o

.note.gnu.build-id
 *(.note.gnu.build-id)

.debug
 *(.debug)

.line
 *(.line)

.debug_srcinfo
 *(.debug_srcinfo)

.debug_sfnames
 *(.debug_sfnames)

.debug_aranges  0x00000000      0x470
 *(.debug_aranges)
 .debug_aranges
                0x00000000       0x38 ADC.o
 .debug_aranges
                0x00000038       0x50 analog_servo_drv.o
 .debug_aranges
                0x00000088       0x38 buttons.o
 .debug_aranges
                0x000000c0       0x80 CAN.o
 .debug_aranges
                0x00000140       0x40 cmd_sts_helpers.o
 .debug_aranges
                0x00000180       0x38 eeprom_storage.o
 .debug_aranges
                0x000001b8       0x30 events.o
 .debug_aranges
                0x000001e8       0x28 framework.o
 .debug_aranges
                0x00000210       0x30 IOC.o
 .debug_aranges
                0x00000240       0x28 light_setting_alg.o
 .debug_aranges
                0x00000268       0x40 lin_drv.o
 .debug_aranges
                0x000002a8       0x28 LIN_XCVR_WD_Kicker.o
 .debug_aranges
                0x000002d0       0x20 main.o
 .debug_aranges
                0x000002f0       0x30 master_service.o
 .debug_aranges
                0x00000320       0x38 MS_LIN_top_layer.o
 .debug_aranges
                0x00000358       0x28 PWM.o
 .debug_aranges
                0x00000380       0x20 slave_parameters.o
 .debug_aranges
                0x000003a0       0x50 SPI.o
 .debug_aranges
                0x000003f0       0x30 SPI_Service.o
 .debug_aranges
                0x00000420       0x50 timer.o

.debug_pubnames
 *(.debug_pubnames)

.debug_info     0x00000000     0x458d
 *(.debug_info .gnu.linkonce.wi.*)
 .debug_info    0x00000000      0x5f4 C:/Program Files (x86)/Atmel/Studio/7.0/Packs/atmel/ATautomotive_DFP/1.1.96/gcc/dev/ata6617c/avr35/crtata6617c.o
 .debug_info    0x000005f4       0xec ADC.o
 .debug_info    0x000006e0      0x451 analog_servo_drv.o
 .debug_info    0x00000b31      0x213 buttons.o
 .debug_info    0x00000d44      0x8f9 CAN.o
 .debug_info    0x0000163d      0x1e6 cmd_sts_helpers.o
 .debug_info    0x00001823      0x2d9 eeprom_storage.o
 .debug_info    0x00001afc      0x391 events.o
 .debug_info    0x00001e8d      0x1f5 framework.o
 .debug_info    0x00002082      0x1cd IOC.o
 .debug_info    0x0000224f      0x68c light_setting_alg.o
 .debug_info    0x000028db      0x1e4 lin_drv.o
 .debug_info    0x00002abf      0x1de LIN_XCVR_WD_Kicker.o
 .debug_info    0x00002c9d       0xb9 main.o
 .debug_info    0x00002d56      0x7c0 master_service.o
 .debug_info    0x00003516      0x3a0 MS_LIN_top_layer.o
 .debug_info    0x000038b6      0x1c4 PWM.o
 .debug_info    0x00003a7a      0x19f slave_parameters.o
 .debug_info    0x00003c19      0x48c SPI.o
 .debug_info    0x000040a5      0x18d SPI_Service.o
 .debug_info    0x00004232      0x35b timer.o

.debug_abbrev   0x00000000     0x1e37
 *(.debug_abbrev)
 .debug_abbrev  0x00000000      0x5a2 C:/Program Files (x86)/Atmel/Studio/7.0/Packs/atmel/ATautomotive_DFP/1.1.96/gcc/dev/ata6617c/avr35/crtata6617c.o
 .debug_abbrev  0x000005a2       0x92 ADC.o
 .debug_abbrev  0x00000634      0x1f5 analog_servo_drv.o
 .debug_abbrev  0x00000829       0xdf buttons.o
 .debug_abbrev  0x00000908      0x14e CAN.o
 .debug_abbrev  0x00000a56       0xce cmd_sts_helpers.o
 .debug_abbrev  0x00000b24      0x14e eeprom_storage.o
 .debug_abbrev  0x00000c72      0x128 events.o
 .debug_abbrev  0x00000d9a       0xe7 framework.o
 .debug_abbrev  0x00000e81       0xfe IOC.o
 .debug_abbrev  0x00000f7f      0x234 light_setting_alg.o
 .debug_abbrev  0x000011b3       0xb2 lin_drv.o
 .debug_abbrev  0x00001265       0xea LIN_XCVR_WD_Kicker.o
 .debug_abbrev  0x0000134f       0x71 main.o
 .debug_abbrev  0x000013c0      0x23a master_service.o
 .debug_abbrev  0x000015fa      0x19a MS_LIN_top_layer.o
 .debug_abbrev  0x00001794      0x157 PWM.o
 .debug_abbrev  0x000018eb       0xc0 slave_parameters.o
 .debug_abbrev  0x000019ab      0x1e5 SPI.o
 .debug_abbrev  0x00001b90      0x108 SPI_Service.o
 .debug_abbrev  0x00001c98      0x19f timer.o

.debug_line     0x00000000     0x2620
 *(.debug_line .debug_line.* .debug_line_end)
 .debug_line    0x00000000      0x10f C:/Program Files (x86)/Atmel/Studio/7.0/Packs/atmel/ATautomotive_DFP/1.1.96/gcc/dev/ata6617c/avr35/crtata6617c.o
 .debug_line    0x0000010f      0x110 ADC.o
 .debug_line    0x0000021f      0x1f8 analog_servo_drv.o
 .debug_line    0x00000417      0x14a buttons.o
 .debug_line    0x00000561      0x3b6 CAN.o
 .debug_line    0x00000917      0x11b cmd_sts_helpers.o
 .debug_line    0x00000a32      0x23f eeprom_storage.o
 .debug_line    0x00000c71      0x1b1 events.o
 .debug_line    0x00000e22      0x185 framework.o
 .debug_line    0x00000fa7      0x126 IOC.o
 .debug_line    0x000010cd      0x345 light_setting_alg.o
 .debug_line    0x00001412      0x23a lin_drv.o
 .debug_line    0x0000164c      0x102 LIN_XCVR_WD_Kicker.o
 .debug_line    0x0000174e       0xda main.o
 .debug_line    0x00001828      0x255 master_service.o
 .debug_line    0x00001a7d      0x1d3 MS_LIN_top_layer.o
 .debug_line    0x00001c50      0x1ca PWM.o
 .debug_line    0x00001e1a       0xd2 slave_parameters.o
 .debug_line    0x00001eec      0x2f7 SPI.o
 .debug_line    0x000021e3      0x163 SPI_Service.o
 .debug_line    0x00002346      0x2da timer.o

.debug_frame    0x00000000      0xb7c
 *(.debug_frame)
 .debug_frame   0x00000000       0x74 ADC.o
 .debug_frame   0x00000074       0xc0 analog_servo_drv.o
 .debug_frame   0x00000134       0xe4 buttons.o
 .debug_frame   0x00000218      0x1bc CAN.o
 .debug_frame   0x000003d4       0x64 cmd_sts_helpers.o
 .debug_frame   0x00000438       0xa8 eeprom_storage.o
 .debug_frame   0x000004e0       0x70 events.o
 .debug_frame   0x00000550       0x48 framework.o
 .debug_frame   0x00000598       0xa4 IOC.o
 .debug_frame   0x0000063c       0x84 light_setting_alg.o
 .debug_frame   0x000006c0       0x64 lin_drv.o
 .debug_frame   0x00000724       0x34 LIN_XCVR_WD_Kicker.o
 .debug_frame   0x00000758       0x24 main.o
 .debug_frame   0x0000077c       0x70 master_service.o
 .debug_frame   0x000007ec       0xcc MS_LIN_top_layer.o
 .debug_frame   0x000008b8       0x34 PWM.o
 .debug_frame   0x000008ec       0x24 slave_parameters.o
 .debug_frame   0x00000910      0x10c SPI.o
 .debug_frame   0x00000a1c       0x44 SPI_Service.o
 .debug_frame   0x00000a60      0x11c timer.o

.debug_str      0x00000000     0x12f4
 *(.debug_str)
 .debug_str     0x00000000      0x21d C:/Program Files (x86)/Atmel/Studio/7.0/Packs/atmel/ATautomotive_DFP/1.1.96/gcc/dev/ata6617c/avr35/crtata6617c.o
 .debug_str     0x0000021d      0x180 ADC.o
                                0x1b4 (size before relaxing)
 .debug_str     0x0000039d      0x1f5 analog_servo_drv.o
                                0x362 (size before relaxing)
 .debug_str     0x00000592       0xa1 buttons.o
                                0x220 (size before relaxing)
 .debug_str     0x00000633      0x17f CAN.o
                                0x2cf (size before relaxing)
 .debug_str     0x000007b2       0xd0 cmd_sts_helpers.o
                                0x239 (size before relaxing)
 .debug_str     0x00000882      0x141 eeprom_storage.o
                                0x29a (size before relaxing)
 .debug_str     0x000009c3       0x75 events.o
                                0x1c6 (size before relaxing)
 .debug_str     0x00000a38       0xb8 framework.o
                                0x25e (size before relaxing)
 .debug_str     0x00000af0       0x32 IOC.o
                                0x1e4 (size before relaxing)
 .debug_str     0x00000b22      0x1e3 light_setting_alg.o
                                0x44a (size before relaxing)
 .debug_str     0x00000d05       0x77 lin_drv.o
                                0x1c7 (size before relaxing)
 .debug_str     0x00000d7c       0x46 LIN_XCVR_WD_Kicker.o
                                0x1e4 (size before relaxing)
 .debug_str     0x00000dc2       0x11 main.o
                                0x181 (size before relaxing)
 .debug_str     0x00000dd3      0x188 master_service.o
                                0x4f7 (size before relaxing)
 .debug_str     0x00000f5b       0xb2 MS_LIN_top_layer.o
                                0x2c5 (size before relaxing)
 .debug_str     0x0000100d       0x36 PWM.o
                                0x210 (size before relaxing)
 .debug_str     0x00001043       0x18 slave_parameters.o
                                0x236 (size before relaxing)
 .debug_str     0x0000105b      0x187 SPI.o
                                0x33c (size before relaxing)
 .debug_str     0x000011e2       0x21 SPI_Service.o
                                0x21f (size before relaxing)
 .debug_str     0x00001203       0xf1 timer.o
                                0x2a4 (size before relaxing)

.debug_loc      0x00000000     0x287e
 *(.debug_loc)
 .debug_loc     0x00000000       0x63 ADC.o
 .debug_loc     0x00000063      0x1bc analog_servo_drv.o
 .debug_loc     0x0000021f      0x196 buttons.o
 .debug_loc     0x000003b5      0x785 CAN.o
 .debug_loc     0x00000b3a       0xda cmd_sts_helpers.o
 .debug_loc     0x00000c14      0x28f eeprom_storage.o
 .debug_loc     0x00000ea3      0x106 events.o
 .debug_loc     0x00000fa9       0x8b framework.o
 .debug_loc     0x00001034      0x117 IOC.o
 .debug_loc     0x0000114b      0x4b5 light_setting_alg.o
 .debug_loc     0x00001600      0x362 lin_drv.o
 .debug_loc     0x00001962       0x50 LIN_XCVR_WD_Kicker.o
 .debug_loc     0x000019b2      0x154 master_service.o
 .debug_loc     0x00001b06      0x2af MS_LIN_top_layer.o
 .debug_loc     0x00001db5      0x16c PWM.o
 .debug_loc     0x00001f21       0x37 slave_parameters.o
 .debug_loc     0x00001f58      0x461 SPI.o
 .debug_loc     0x000023b9       0xe0 SPI_Service.o
 .debug_loc     0x00002499      0x3e5 timer.o

.debug_macinfo
 *(.debug_macinfo)

.debug_weaknames
 *(.debug_weaknames)

.debug_funcnames
 *(.debug_funcnames)

.debug_typenames
 *(.debug_typenames)

.debug_varnames
 *(.debug_varnames)

.debug_pubtypes
 *(.debug_pubtypes)

.debug_ranges   0x00000000      0x348
 *(.debug_ranges)
 .debug_ranges  0x00000000       0x28 ADC.o
 .debug_ranges  0x00000028       0x40 analog_servo_drv.o
 .debug_ranges  0x00000068       0x28 buttons.o
 .debug_ranges  0x00000090       0x70 CAN.o
 .debug_ranges  0x00000100       0x30 cmd_sts_helpers.o
 .debug_ranges  0x00000130       0x28 eeprom_storage.o
 .debug_ranges  0x00000158       0x20 events.o
 .debug_ranges  0x00000178       0x18 framework.o
 .debug_ranges  0x00000190       0x20 IOC.o
 .debug_ranges  0x000001b0       0x30 light_setting_alg.o
 .debug_ranges  0x000001e0       0x30 lin_drv.o
 .debug_ranges  0x00000210       0x18 LIN_XCVR_WD_Kicker.o
 .debug_ranges  0x00000228       0x10 main.o
 .debug_ranges  0x00000238       0x20 master_service.o
 .debug_ranges  0x00000258       0x28 MS_LIN_top_layer.o
 .debug_ranges  0x00000280       0x18 PWM.o
 .debug_ranges  0x00000298       0x10 slave_parameters.o
 .debug_ranges  0x000002a8       0x40 SPI.o
 .debug_ranges  0x000002e8       0x20 SPI_Service.o
 .debug_ranges  0x00000308       0x40 timer.o

.debug_macro
 *(.debug_macro)
OUTPUT(Ford_360_Lighting_Project.elf elf32-avr)
LOAD linker stubs
